This script was generated by crab (version 2.9.0).
Running ./CMSSW.sh with 2 positional parameters: 19 2
Today is Tue Sep  3 12:46:31 CEST 2013
Job submitted on host lxbsq2024.cern.ch
Linux lxbsq2024.cern.ch 2.6.18-308.16.1.el5 #1 SMP Thu Oct 4 14:02:28 CEST 2012 x86_64 x86_64 x86_64 GNU/Linux
>>> current directory (RUNTIME_AREA): /home/grid/cms667/home_cream_318884545/CREAM318884545
>>> current user: uid=52545(cms667) gid=1399(zh) groups=1399(zh),1105803217 context=system_u:system_r:initrc_t
>>> directory permission set to 0700
>>> umask set to:  u=rwx,g=,o=
>>> stdout stderr permission set to 0704
>>> voms proxy information:
subject   : /C=DE/O=GermanGrid/OU=DESY/CN=Ihar Marfin/CN=proxy/CN=proxy/CN=proxy/CN=limited proxy
issuer    : /C=DE/O=GermanGrid/OU=DESY/CN=Ihar Marfin/CN=proxy/CN=proxy/CN=proxy
identity  : /C=DE/O=GermanGrid/OU=DESY/CN=Ihar Marfin/CN=proxy/CN=proxy/CN=proxy
type      : limited proxy
strength  : 1024 bits
path      : /home/grid/cms667/home_cream_318884545/cream_318884545.proxy
timeleft  : 172:26:09
key usage : 
=== VO cms extension information ===
VO        : cms
subject   : /C=DE/O=GermanGrid/OU=DESY/CN=Ihar Marfin
issuer    : /DC=ch/DC=cern/OU=computers/CN=lcg-voms.cern.ch
attribute : /cms/Role=NULL/Capability=NULL
attribute : /cms/dcms/Role=NULL/Capability=NULL
timeleft  : 172:28:04
uri       : lcg-voms.cern.ch:15002
>>> tar --no-same-permissions -xf /home/grid/cms667/home_cream_318884545/CREAM318884545/default.tgz :
Successful untar
>>> Include /home/grid/cms667/home_cream_318884545/CREAM318884545 in PYTHONPATH:
strip arguments
env var CRAB_UNIQUE_JOB_ID set to: marfin_crab_0_130903_090551_0kdn32_19_2_MWK
out_files_19
>>> list of expected files on output sandbox
output files: crab_fjr_19.xml CMSSW_19.stdout CMSSW_19.stderr Watchdog_19.log.gz
>>> GridFlavour discovery: 
GridFlavour=LCG
>>> SyncSite discovery: 
not reporting SyncSite
>>> SyncCE discovery: 
getting SyncCE from CE_ID
SyncCE=ce207.cern.ch:8443/cream-lsf-grid_cms
>>> info for dashboard:
***** Cat /home/grid/cms667/home_cream_318884545/CREAM318884545/jobreport.txt *****
MonitorJobID=19_https://wms004.cnaf.infn.it:9000/JsKp8ZfYe4UBkJ0WR09b1w
SyncGridJobId=https://wms004.cnaf.infn.it:9000/JsKp8ZfYe4UBkJ0WR09b1w
MonitorID=marfin_crab_0_130903_090551_0kdn32
GridFlavour=LCG
SyncCE=ce207.cern.ch:8443/cream-lsf-grid_cms
***** End Cat jobreport *****
Parameters sent to Dashboard.
>>> setup environment
set SCRAM ARCH to slc5_amd64_gcc462
SCRAM_ARCH = slc5_amd64_gcc462
>>> setup CMS LCG environment:
set SCRAM ARCH and BUILD_ARCH to slc5_amd64_gcc462 ###
Sourcing environment... 
sourcing /afs/cern.ch/project/gd/apps/cms/cmsset_default.sh
==> setup cms environment ok
>>> specific cmssw setup environment:
CMSSW_VERSION =  CMSSW_5_3_11_patch6
>>> current directory (SOFTWARE_DIR): /home/grid/cms667/home_cream_318884545/CREAM318884545/CMSSW_5_3_11_patch6
PreserveSeeds: <>
IncrementSeeds:<>
{"output.root": ""}
WNHostName=lxbsq2024.cern.ch
>>> info for dashboard:
***** Cat /home/grid/cms667/home_cream_318884545/CREAM318884545/jobreport.txt *****
MonitorJobID=19_https://wms004.cnaf.infn.it:9000/JsKp8ZfYe4UBkJ0WR09b1w
MonitorID=marfin_crab_0_130903_090551_0kdn32
WNHostName=lxbsq2024.cern.ch
***** End Cat jobreport *****
Parameters sent to Dashboard.
crabWatchdog started as process 4920
>>> moving CMSSW software directories in /home/grid/cms667/home_cream_318884545/CREAM318884545/CMSSW_5_3_11_patch6
mv: cannot stat `/home/grid/cms667/home_cream_318884545/CREAM318884545/module/': No such file or directory
>>> Include /home/grid/cms667/home_cream_318884545/CREAM318884545 in PYTHONPATH:
PYTHONPATH=/home/grid/cms667/home_cream_318884545/CREAM318884545/:/pool/grid/cms667/home_cream_318884545/CREAM318884545/CMSSW_5_3_11_patch6/python:/pool/grid/cms667/home_cream_318884545/CREAM318884545/CMSSW_5_3_11_patch6/lib/slc5_amd64_gcc462:/afs/cern.ch/cms/slc5_amd64_gcc462/cms/cmssw-patch/CMSSW_5_3_11_patch6/python:/afs/cern.ch/cms/slc5_amd64_gcc462/cms/cmssw-patch/CMSSW_5_3_11_patch6/lib/slc5_amd64_gcc462:/afs/cern.ch/cms/slc5_amd64_gcc462/cms/cmssw/CMSSW_5_3_11/bin/slc5_amd64_gcc462:/afs/cern.ch/cms/slc5_amd64_gcc462/cms/cmssw/CMSSW_5_3_11/lib/slc5_amd64_gcc462:/afs/cern.ch/cms/slc5_amd64_gcc462/cms/coral/CORAL_2_3_21-cms35/slc5_amd64_gcc462/python:/afs/cern.ch/cms/slc5_amd64_gcc462/cms/coral/CORAL_2_3_21-cms35/slc5_amd64_gcc462/lib:/afs/cern.ch/cms/slc5_amd64_gcc462/external/pyqt/4.8.1/lib/python2.6/site-packages:/afs/cern.ch/cms/slc5_amd64_gcc462/external/py2-scipy/0.8.0/lib/python2.6/site-packages:/afs/cern.ch/cms/slc5_amd64_gcc462/external/py2-matplotlib/1.0.1/lib/python2.6/site-packages:/afs/cern.ch/cms/slc5_amd64_gcc462/external/python-ldap/2.3.5/lib/python2.6/site-packages:/afs/cern.ch/cms/slc5_amd64_gcc462/external/sip/4.11.2/lib/python2.6/site-packages:/afs/cern.ch/cms/slc5_amd64_gcc462/external/py2-pycurl/7.19.0/lib/python2.6/site-packages:/afs/cern.ch/cms/slc5_amd64_gcc462/external/py2-numpy/1.6.1/lib/python2.6/site-packages:/afs/cern.ch/cms/slc5_amd64_gcc462/external/py2-ipython/0.10/lib/python2.6/site-packages:/afs/cern.ch/cms/slc5_amd64_gcc462/external/py2-cx-oracle/5.1-cms11/lib/python2.6/site-packages:/afs/cern.ch/cms/slc5_amd64_gcc462/external/py2-cjson/1.0.5/lib/python2.6/site-packages:/afs/cern.ch/cms/slc5_amd64_gcc462/cms/das-client/1.9.5/bin:/afs/cern.ch/cms/slc5_amd64_gcc462/external/elementtree/1.2.6/share/lib/python2.6/site-packages:/afs/cern.ch/cms/slc5_amd64_gcc462/external/rivet/1.8.2/lib/python2.6/site-packages:/afs/cern.ch/cms/slc5_amd64_gcc462/external/pyminuit2/0.0.1-cms39/lib/python2.6/site-packages:/afs/cern.ch/cms/slc5_amd64_gcc462/external/professor/1.0.0-cms40/lib/python2.6/site-packages:/afs/cern.ch/cms/slc5_amd64_gcc462/lcg/root/5.32.00-cms21/lib:/afs/cern.ch/cms/slc5_amd64_gcc462/cms/dbs-client/DBS_2_1_9-cms3/lib:/afs/cern.ch/cms/slc5_amd64_gcc462/cms/dbs-client/DBS_2_1_9-cms3/lib/DBSAPI:/afs/cern.ch/cms/slc5_amd64_gcc462/external/cvs2git/5419/lib:/home/grid/cms667/home_cream_318884545/CREAM318884545/
 
# LIMITS USED BY CRAB WATCHDOG:
# RSS  (KBytes)   : 2300000
# VSZ  (KBytes)   : 100000000
# DISK (MBytes)   : 19000
# CPU TIME        : 720h:0m:0s
# WALL CLOCK TIME : 21h:50m:0s
 
844a175eacc74cc51be2e7d71ca2539e
PSETHASH = 844a175eacc74cc51be2e7d71ca2539e
/home/grid/cms667/home_cream_318884545/CREAM318884545/writeCfg.py pset.py pset.py
Importing .py file
Setting parameters
RandomNumberGeneratorService found, will attempt to change seeds
inputBlocks=/RelValTTbar/CMSSW_5_3_11_patch3-PU_START53_LV2_09Jul2013-v1/GEN-SIM-DIGI-RAW-HLTDEBUG#bc03e9fc-e90e-11e2-95e5-00221959e7c0
inputFiles=/store/relval/CMSSW_5_3_11_patch3/RelValTTbar/GEN-SIM-DIGI-RAW-HLTDEBUG/PU_START53_LV2_09Jul2013-v1/00000/305BFBC0-08E9-E211-9196-00261894389C.root;/store/relval/CMSSW_5_3_11_patch3/RelValTTbar/GEN-SIM-DIGI-RAW-HLTDEBUG/PU_START53_LV2_09Jul2013-v1/00000/5662E8DD-08E9-E211-A7AC-002618943950.root
parentFiles=
lumisRange=
>>> Executable cmsRun
/afs/cern.ch/cms/slc5_amd64_gcc462/cms/cmssw-patch/CMSSW_5_3_11_patch6/bin/slc5_amd64_gcc462/cmsRun
ok executable found
>>> info for dashboard:
***** Cat /home/grid/cms667/home_cream_318884545/CREAM318884545/jobreport.txt *****
MonitorJobID=19_https://wms004.cnaf.infn.it:9000/JsKp8ZfYe4UBkJ0WR09b1w
MonitorID=marfin_crab_0_130903_090551_0kdn32
ExeStart=cmsRun
***** End Cat jobreport *****
Parameters sent to Dashboard.
>>> cmsRun started at Tue Sep  3 10:46:50 UTC 2013
>>> cmsRun ended at Tue Sep  3 11:19:19 UTC 2013
>>> crab_fjr_*.xml  permission set to 0704
>>> info for dashboard:
***** Cat /home/grid/cms667/home_cream_318884545/CREAM318884545/jobreport.txt *****
MonitorJobID=19_https://wms004.cnaf.infn.it:9000/JsKp8ZfYe4UBkJ0WR09b1w
MonitorID=marfin_crab_0_130903_090551_0kdn32
ExeEnd=cmsRun
***** End Cat jobreport *****
Parameters sent to Dashboard.
TIME_EXE = 1949 sec
>>> cmsRun wrote 66 lines of stdout+stderr
>>> START OF printout of 66 lines from stdout+stderr
03-Sep-2013 12:47:05 CEST  Initiating request to open file root://eoscms//eos/cms/store/relval/CMSSW_5_3_11_patch3/RelValTTbar/GEN-SIM-DIGI-RAW-HLTDEBUG/PU_START53_LV2_09Jul2013-v1/00000/305BFBC0-08E9-E211-9196-00261894389C.root?svcClass=default
130903 12:47:05 5759 Xrd: GoToAnotherServer: Going to: lxfsre42c02.cern.ch:1095
03-Sep-2013 12:47:07 CEST  Successfully opened file root://eoscms//eos/cms/store/relval/CMSSW_5_3_11_patch3/RelValTTbar/GEN-SIM-DIGI-RAW-HLTDEBUG/PU_START53_LV2_09Jul2013-v1/00000/305BFBC0-08E9-E211-9196-00261894389C.root?svcClass=default
%MSG-w SiStripQuality:  EventSetupRecordDataGetter:hltGetConditions@beginRun  03-Sep-2013 12:47:49 CEST Run: 1
The cabling should always include the active feds in runInfo and possibly have some morethere are instead 59 feds only active in runInfo
%MSG
Begin processing the 1st record. Run 1, Event 7169, LumiSection 144 at 03-Sep-2013 12:48:06.313 CEST
DTTSPhi::addTracoT: preview not present in TRACO trigger or its code=0  trigger not added!
DTTSPhi::addTracoT: preview not present in TRACO trigger or its code=0  trigger not added!
DTTSPhi::addTracoT: preview not present in TRACO trigger or its code=0  trigger not added!
Begin processing the 101st record. Run 1, Event 7319, LumiSection 147 at 03-Sep-2013 12:54:41.910 CEST
%MSG-w Muon:  L3MuonProducer:hltL3MuonsOIHit 03-Sep-2013 12:54:49 CEST  Run: 1 Event: 7321
     Failed to load tracker track trajectory
%MSG
%MSG-w RecoMuon:  L3MuonProducer:hltL3MuonsOIHit 03-Sep-2013 12:54:49 CEST  Run: 1 Event: 7321
     Failed to load tracker track trajectory
%MSG
%MSG-w GlobalMuon:  L3MuonProducer:hltL3MuonsOIHit 03-Sep-2013 12:54:49 CEST  Run: 1 Event: 7321
     Failed to load tracker track trajectory
%MSG
%MSG-w GlobalTrajectoryBuilderBase:  L3MuonProducer:hltL3MuonsOIHit  03-Sep-2013 12:54:49 CEST Run: 1 Event: 7321
     Failed to load tracker track trajectory
%MSG
DTTSPhi::addTracoT: preview not present in TRACO trigger or its code=0  trigger not added!
DTTSPhi::addTracoT: preview not present in TRACO trigger or its code=0  trigger not added!
Begin processing the 201st record. Run 1, Event 7419, LumiSection 149 at 03-Sep-2013 13:01:13.970 CEST
130903 13:07:35 5759 Xrd: XrdClientMessage::ReadRaw: Failed to read header (8 bytes).
Begin processing the 301st record. Run 1, Event 7719, LumiSection 155 at 03-Sep-2013 13:07:51.711 CEST
03-Sep-2013 13:09:47 CEST  Closed file root://eoscms//eos/cms/store/relval/CMSSW_5_3_11_patch3/RelValTTbar/GEN-SIM-DIGI-RAW-HLTDEBUG/PU_START53_LV2_09Jul2013-v1/00000/305BFBC0-08E9-E211-9196-00261894389C.root?svcClass=default
03-Sep-2013 13:09:47 CEST  Initiating request to open file root://eoscms//eos/cms/store/relval/CMSSW_5_3_11_patch3/RelValTTbar/GEN-SIM-DIGI-RAW-HLTDEBUG/PU_START53_LV2_09Jul2013-v1/00000/5662E8DD-08E9-E211-A7AC-002618943950.root?svcClass=default
130903 13:09:48 001 Xrd: CheckErrorStatus: Server [eoscms] declared: session not found(error code: 3011)
130903 13:09:48 5759 Xrd: GoToAnotherServer: Going to: lxfsre07a08.cern.ch:1095
03-Sep-2013 13:09:48 CEST  Successfully opened file root://eoscms//eos/cms/store/relval/CMSSW_5_3_11_patch3/RelValTTbar/GEN-SIM-DIGI-RAW-HLTDEBUG/PU_START53_LV2_09Jul2013-v1/00000/5662E8DD-08E9-E211-A7AC-002618943950.root?svcClass=default
Begin processing the 401st record. Run 1, Event 5819, LumiSection 117 at 03-Sep-2013 13:14:18.934 CEST
130903 13:15:04 5759 Xrd: XrdClientMessage::ReadRaw: Failed to read header (8 bytes).
DTTSPhi::addTracoT: preview not present in TRACO trigger or its code=0  trigger not added!
03-Sep-2013 13:19:10 CEST  Closed file root://eoscms//eos/cms/store/relval/CMSSW_5_3_11_patch3/RelValTTbar/GEN-SIM-DIGI-RAW-HLTDEBUG/PU_START53_LV2_09Jul2013-v1/00000/5662E8DD-08E9-E211-A7AC-002618943950.root?svcClass=default

=============================================

MessageLogger Summary

 type     category        sev    module        subroutine        count    total
 ---- -------------------- -- ---------------- ----------------  -----    -----
    1 GlobalMuon           -w L3MuonProducer:h                       1        1
    2 GlobalTrajectoryBuil -w L3MuonProducer:h                       1        1
    3 Muon                 -w L3MuonProducer:h                       1        1
    4 RecoMuon             -w L3MuonProducer:h                       1        1
    5 SiStripQuality       -w EventSetupRecord                       1        1
    6 fileAction           -s file_close                             2        2
    7 fileAction           -s file_open                              4        4

 type    category    Examples: run/evt        run/evt          run/evt
 ---- -------------------- ---------------- ---------------- ----------------
    1 GlobalMuon           1/7321                            
    2 GlobalTrajectoryBuilderBase 1/7321                            
    3 Muon                 1/7321                            
    4 RecoMuon             1/7321                            
    5 SiStripQuality       Run: 1                            
    6 fileAction           PostProcessEvent PostEndRun       
    7 fileAction           pre-events       pre-events       PostProcessEvent

Severity    # Occurrences   Total Occurrences
--------    -------------   -----------------
Warning                 5                   5
System                  6                   6
>>> END OF printout of 66 lines from stdout+stderr
>>> Parse FrameworkJobReport crab_fjr.xml
Result of parsing the FrameworkJobReport crab_fjr.xml: Popularity start
lumisRange : 1::116-117,119::1;1::144,146-149,154-155::2;
lumisParentRange : 
Basename : /store/relval/CMSSW_5_3_11_patch3/RelValTTbar/GEN-SIM-DIGI-RAW-HLTDEBUG/PU_START53_LV2_09Jul2013-v1/00000/
BasenameParent : 
parentFiles : 
inputBlocks : /RelValTTbar/CMSSW_5_3_11_patch3-PU_START53_LV2_09Jul2013-v1/GEN-SIM-DIGI-RAW-HLTDEBUG#bc03e9fc-e90e-11e2-95e5-00221959e7c0
inputFiles : 5662E8DD-08E9-E211-A7AC-002618943950.root::1::EDM::Local::1;305BFBC0-08E9-E211-9196-00261894389C.root::1::EDM::Local::2;
Popularity stop
Extracted ExitStatus from FrameworkJobReport parsing output: 0
>>> Executable succeded  0
ExeExitCode=0
EXECUTABLE_EXIT_STATUS = 0
>>> current directory /home/grid/cms667/home_cream_318884545/CREAM318884545/CMSSW_5_3_11_patch6
>>>  (SOFTWARE_DIR): /home/grid/cms667/home_cream_318884545/CREAM318884545/CMSSW_5_3_11_patch6
>>> (WORKING_DIR): 
>>> current directory content:
total 4276700
drwxr-xr-x 3 cms667 zh       4096 Sep  3 12:46 .SCRAM
-rw------- 1 cms667 zh    3842683 Sep  3 12:46 CMSSW.py.pkl
drwxr-xr-x 3 cms667 zh       4096 Sep  3 12:46 bin
drwxr-xr-x 3 cms667 zh       4096 Sep  3 12:46 cfipython
drwxr-xr-x 4 cms667 zh       4096 Sep  3 12:46 config
-rw------- 1 cms667 zh         18 Sep  3 13:19 cpu_timing.txt
drwxr-xr-x 2 cms667 zh       4096 Sep  3 12:46 doc
-rw------- 1 cms667 zh       5351 Sep  3 13:19 executable.out
drwxr-xr-x 2 cms667 zh       4096 Sep  3 12:46 include
drwx------ 3 cms667 zh       4096 Aug 26 18:31 lib
drwxr-xr-x 3 cms667 zh       4096 Sep  3 12:46 logs
drwxr-xr-x 3 cms667 zh       4096 Sep  3 12:46 objs
-rw------- 1 cms667 zh 4367195623 Sep  3 13:19 output.root
-rw------- 1 cms667 zh        104 Sep  3 12:46 pset.py
-rw------- 1 cms667 zh    3843521 Sep  3 12:46 pset.py.pkl
-rw------- 1 cms667 zh        289 Sep  3 12:46 pset.pyc
drwxr-xr-x 2 cms667 zh       4096 Sep  3 12:46 python
-rw------- 1 cms667 zh        455 Sep  3 13:19 report.log
drwx------ 5 cms667 zh       4096 Sep  3 12:46 src
drwxr-xr-x 3 cms667 zh       4096 Sep  3 12:46 test
drwxr-xr-x 3 cms667 zh       4096 Sep  3 12:46 tmp
>>> current directory /home/grid/cms667/home_cream_318884545/CREAM318884545/CMSSW_5_3_11_patch6
>>> (SOFTWARE_DIR): /home/grid/cms667/home_cream_318884545/CREAM318884545/CMSSW_5_3_11_patch6
>>> (WORKING_DIR): 
>>> current directory content:
total 4276700
drwxr-xr-x 3 cms667 zh       4096 Sep  3 12:46 .SCRAM
-rw------- 1 cms667 zh    3842683 Sep  3 12:46 CMSSW.py.pkl
drwxr-xr-x 3 cms667 zh       4096 Sep  3 12:46 bin
drwxr-xr-x 3 cms667 zh       4096 Sep  3 12:46 cfipython
drwxr-xr-x 4 cms667 zh       4096 Sep  3 12:46 config
-rw------- 1 cms667 zh         18 Sep  3 13:19 cpu_timing.txt
drwxr-xr-x 2 cms667 zh       4096 Sep  3 12:46 doc
-rw------- 1 cms667 zh       5351 Sep  3 13:19 executable.out
drwxr-xr-x 2 cms667 zh       4096 Sep  3 12:46 include
drwx------ 3 cms667 zh       4096 Aug 26 18:31 lib
drwxr-xr-x 3 cms667 zh       4096 Sep  3 12:46 logs
drwxr-xr-x 3 cms667 zh       4096 Sep  3 12:46 objs
-rw------- 1 cms667 zh 4367195623 Sep  3 13:19 output_19_2_MWK.root
-rw------- 1 cms667 zh        104 Sep  3 12:46 pset.py
-rw------- 1 cms667 zh    3843521 Sep  3 12:46 pset.py.pkl
-rw------- 1 cms667 zh        289 Sep  3 12:46 pset.pyc
drwxr-xr-x 2 cms667 zh       4096 Sep  3 12:46 python
-rw------- 1 cms667 zh        455 Sep  3 13:19 report.log
drwx------ 5 cms667 zh       4096 Sep  3 12:46 src
drwxr-xr-x 3 cms667 zh       4096 Sep  3 12:46 test
drwxr-xr-x 3 cms667 zh       4096 Sep  3 12:46 tmp
>>> current directory (RUNTIME_AREA):  /home/grid/cms667/home_cream_318884545/CREAM318884545
SE = srm-cms.cern.ch
SE_PATH = /srm/managerv2?SFN=/castor/cern.ch/user/m/marfin//53xRelVal2011Redigi/
LFNBaseName = /53xRelVal2011Redigi/marfin/RelValTTbar/53xRelVal2011Redigi/844a175eacc74cc51be2e7d71ca2539e/
USER = marfin
endpoint = srm://srm-cms.cern.ch:8443/srm/managerv2?SFN=/castor/cern.ch/user/m/marfin//53xRelVal2011Redigi/marfin/RelValTTbar/53xRelVal2011Redigi/844a175eacc74cc51be2e7d71ca2539e/
>>> Copy output files from WN = lxbsq2024.cern.ch to /srm/managerv2?SFN=/castor/cern.ch/user/m/marfin//53xRelVal2011Redigi/ :
python cmscp.py  --destination srm://srm-cms.cern.ch:8443/srm/managerv2?SFN=/castor/cern.ch/user/m/marfin//53xRelVal2011Redigi/marfin/RelValTTbar/53xRelVal2011Redigi/844a175eacc74cc51be2e7d71ca2539e/ --inputFileList /home/grid/cms667/home_cream_318884545/CREAM318884545/CMSSW_5_3_11_patch6/output_19_2_MWK.root --middleware LCG --se_name srm-cms.cern.ch --for_lfn /53xRelVal2011Redigi/marfin/RelValTTbar/53xRelVal2011Redigi/844a175eacc74cc51be2e7d71ca2539e/    
******************************************************
localSeName  =  srm-eoscms.cern.ch
remoteSeName =  srm-cms.cern.ch
******************************************************
{"/home/grid/cms667/home_cream_318884545/CREAM318884545/CMSSW_5_3_11_patch6/output_19_2_MWK.root": {"endpoint": "srm://srm-cms.cern.ch:8443/srm/managerv2?SFN=/castor/cern.ch/user/m/marfin//53xRelVal2011Redigi/marfin/RelValTTbar/53xRelVal2011Redigi/844a175eacc74cc51be2e7d71ca2539e/", "surl_for_grid": "", "reason": "Problem copying /home/grid/cms667/home_cream_318884545/CREAM318884545/CMSSW_5_3_11_patch6/output_19_2_MWK.root file'Error copying [/home/grid/cms667/home_cream_318884545/CREAM318884545/CMSSW_5_3_11_patch6/output_19_2_MWK.root] to [output_19_2_MWK.root]'\nERROR: problems removing partially staged file output_19_2_MWK.root'Error deleting [output_19_2_MWK.root]'", "erCode": "60307", "se_name": "srm-cms.cern.ch", "for_lfn": "/copy_problem/"}}/home/grid/cms667/home_cream_318884545/CREAM318884545
-------- cat /home/grid/cms667/home_cream_318884545/CREAM318884545/cmscpReport.sh 
#!/bin/bash
echo "Report for File: /home/grid/cms667/home_cream_318884545/CREAM318884545/CMSSW_5_3_11_patch6/output_19_2_MWK.root"
echo "LFN: /copy_problem/output_19_2_MWK.root"
echo "StorageElement: srm-cms.cern.ch"
echo "StageOutExitStatusReason = 'Problem copying /home/grid/cms667/home_cream_318884545/CREAM318884545/CMSSW_5_3_11_patch6/output_19_2_MWK.root file Error copying [/home/grid/cms667/home_cream_318884545/CREAM318884545/CMSSW_5_3_11_patch6/output_19_2_MWK.root] to [output_19_2_MWK.root] 
ERROR: problems removing partially staged file output_19_2_MWK.root Error deleting [output_19_2_MWK.root] '" | tee -a $RUNTIME_AREA/$repo
echo "StageOutSE = srm-cms.cern.ch" >> $RUNTIME_AREA/$repo

export StageOutExitStatus=60307
echo "StageOutExitStatus = 60307" | tee -a $RUNTIME_AREA/$repo
-------- end of /home/grid/cms667/home_cream_318884545/CREAM318884545/cmscpReport.sh 
Report for File: /home/grid/cms667/home_cream_318884545/CREAM318884545/CMSSW_5_3_11_patch6/output_19_2_MWK.root
LFN: /copy_problem/output_19_2_MWK.root
StorageElement: srm-cms.cern.ch
StageOutExitStatusReason = 'Problem copying /home/grid/cms667/home_cream_318884545/CREAM318884545/CMSSW_5_3_11_patch6/output_19_2_MWK.root file Error copying [/home/grid/cms667/home_cream_318884545/CREAM318884545/CMSSW_5_3_11_patch6/output_19_2_MWK.root] to [output_19_2_MWK.root] 
ERROR: problems removing partially staged file output_19_2_MWK.root Error deleting [output_19_2_MWK.root] '
StageOutExitStatus = 60307
Problem copying file to srm-cms.cern.ch /srm/managerv2?SFN=/castor/cern.ch/user/m/marfin//53xRelVal2011Redigi/
########## contents of SE interaction
2013-09-03 13:19:37.161598:
Executed:	unset LD_LIBRARY_PATH; unset GLITE_ENV_SET; export PATH=/usr/bin:/bin; source /etc/profile; source /home/grid/cms667/home_cream_318884545/CREAM318884545/CacheEnv.sh ; lcg-ls -b -D srmv2 --srm-timeout 2400 --sendreceive-timeout 2400 --connect-timeout 300 --verbose srm://srm-cms.cern.ch:8443/srm/managerv2?SFN=/castor/cern.ch/user/m/marfin//53xRelVal2011Redigi/marfin/RelValTTbar/53xRelVal2011Redigi/844a175eacc74cc51be2e7d71ca2539e/output_19_2_MWK.root
Done with exit code:	1
and output:
SE type: SRMv2
/castor/cern.ch/user/m/marfin//53xRelVal2011Redigi/marfin/RelValTTbar/53xRelVal2011Redigi/844a175eacc74cc51be2e7d71ca2539e/output_19_2_MWK.root: [SE][Ls][SRM_INVALID_PATH] No such file or directory


2013-09-03 13:59:49.117758:
Executed:	unset LD_LIBRARY_PATH; unset GLITE_ENV_SET; export PATH=/usr/bin:/bin; source /etc/profile; source /home/grid/cms667/home_cream_318884545/CREAM318884545/CacheEnv.sh ;  lcg-cp  --verbose  --vo=cms  -b -D srmv2 --srm-timeout 2400 --sendreceive-timeout 2400 --connect-timeout 300 --verbose file:///home/grid/cms667/home_cream_318884545/CREAM318884545/CMSSW_5_3_11_patch6/output_19_2_MWK.root srm://srm-cms.cern.ch:8443/srm/managerv2?SFN=/castor/cern.ch/user/m/marfin//53xRelVal2011Redigi/marfin/RelValTTbar/53xRelVal2011Redigi/844a175eacc74cc51be2e7d71ca2539e/output_19_2_MWK.root
Done with exit code:	1
and output:
Using grid catalog type: UNKNOWN
Using grid catalog : (null)
VO name: cms
Checksum type: None
Destination SE type: SRMv2
Destination SRM Request Token: 151417827
Source URL: file:/home/grid/cms667/home_cream_318884545/CREAM318884545/CMSSW_5_3_11_patch6/output_19_2_MWK.root
File size: 4367195623
Source URL for copy: file:/home/grid/cms667/home_cream_318884545/CREAM318884545/CMSSW_5_3_11_patch6/output_19_2_MWK.root
Destination URL: gsiftp://lxfsrb41a06.cern.ch:20075/e33530cf-dbaf-30fa-e043-6ea18a897184
# streams: 1
            0 bytes      0.00 KB/sec avg      0.00 KB/sec inst            0 bytes      0.00 KB/sec avg      0.00 KB/sec instfile:/home/grid/cms667/home_cream_318884545/CREAM318884545/CMSSW_5_3_11_patch6/output_19_2_MWK.root: zero number of replicas
lcg_cp: Invalid argument


2013-09-03 14:00:01.120392:
Executed:	unset LD_LIBRARY_PATH; unset GLITE_ENV_SET; export PATH=/usr/bin:/bin; source /etc/profile; source /home/grid/cms667/home_cream_318884545/CREAM318884545/CacheEnv.sh ; lcg-del  --verbose  --vo=cms  -b -D srmv2 --srm-timeout 2400 --sendreceive-timeout 2400 --connect-timeout 300 --verbose --nolfc srm://srm-cms.cern.ch:8443/srm/managerv2?SFN=/castor/cern.ch/user/m/marfin//53xRelVal2011Redigi/marfin/RelValTTbar/53xRelVal2011Redigi/844a175eacc74cc51be2e7d71ca2539e/output_19_2_MWK.root
Done with exit code:	1
and output:
VO name: cms
SE type: SRMv2
srm://srm-cms.cern.ch:8443/srm/managerv2?SFN=/castor/cern.ch/user/m/marfin//53xRelVal2011Redigi/marfin/RelValTTbar/53xRelVal2011Redigi/844a175eacc74cc51be2e7d71ca2539e/output_19_2_MWK.root: [SE][srmRm][SRM_INVALID_PATH] No such file or directory



#####################################
>>> current dir: /home/grid/cms667/home_cream_318884545/CREAM318884545
>>> current dir content:
total 6248
-rwx------  1 cms667 zh   13669 Sep  3 12:46 .BrokerInfo
-rw-------  1 cms667 zh    3023 Sep  3 14:00 .SEinteraction.log
-rwx------  1 cms667 zh       0 Sep  3 12:46 .tmp_file
-rw-------  1 cms667 zh     105 Sep  3 09:05 CMSSW.py
-rw-------  1 cms667 zh 3842683 Sep  3 09:05 CMSSW.py.pkl
-rwx------  1 cms667 zh   27957 Sep  3 12:46 CMSSW.sh
-rwx------  1 cms667 zh       0 Sep  3 12:46 CMSSW_19.stderr
-rwx---r--  1 cms667 zh   23862 Sep  3 14:03 CMSSW_19.stdout
drwxr-xr-x 15 cms667 zh    4096 Sep  3 13:19 CMSSW_5_3_11_patch6
-rw-------  1 cms667 zh     484 Sep  3 12:46 CacheEnv.sh
-rw-------  1 cms667 zh    7291 Jun  9  2010 DashboardAPI.py
-rw-------  1 cms667 zh    6493 Sep  3 12:46 DashboardAPI.pyc
drwx------  3 cms667 zh    4096 Aug 20 17:36 IMProv
-rw-------  1 cms667 zh    2748 Mar  8  2006 Logger.py
-rw-------  1 cms667 zh    3223 Sep  3 12:46 Logger.pyc
-rw-------  1 cms667 zh   24524 Mar 28  2008 ProcInfo.py
-rw-------  1 cms667 zh   22846 Sep  3 12:46 ProcInfo.pyc
drwx------  7 cms667 zh    4096 Sep  3 12:46 ProdCommon
drwx------  3 cms667 zh    4096 Sep  3 12:46 WMCore
-rw-------  1 cms667 zh    5939 Sep  3 13:19 Watchdog_19.log
-rw-------  1 cms667 zh   32895 Mar 28  2008 apmon.py
-rw-------  1 cms667 zh   28120 Sep  3 12:46 apmon.pyc
-rwx------  1 cms667 zh   10416 Sep  3 12:46 arguments.xml
-rwx------  1 cms667 zh   38507 Aug  6 23:12 cmscp.py
-rw-------  1 cms667 zh     798 Sep  3 14:03 cmscpReport.sh
-rw-------  1 cms667 zh     634 Sep  3 09:05 crab.cfg
-rwx------  1 cms667 zh    8610 Apr  2 15:44 crabWatchdog.sh
-rwx---r--  1 cms667 zh  781886 Sep  3 13:19 crab_fjr_19.xml
-rwx------  1 cms667 zh 1214804 Sep  3 12:46 default.tgz
-rwx------  1 cms667 zh    4488 May 12  2012 fillCrabFjr.py
-rw-------  1 cms667 zh     468 Sep  3 12:46 inputsReport.txt
-rw-------  1 cms667 zh     590 Sep  3 14:03 jobreport.txt
lrwxrwxrwx  1 cms667 zh      94 Sep  3 13:19 output.root -> /home/grid/cms667/home_cream_318884545/CREAM318884545/CMSSW_5_3_11_patch6/output_19_2_MWK.root
-rw-------  1 cms667 zh   17352 Jan 20  2012 parseCrabFjr.py
-rw-------  1 cms667 zh     275 Sep  3 12:46 report.log
-rwx--x--x  1 cms667 zh    1497 May 27  2009 report.py
-rw-------  1 cms667 zh     758 Sep  3 14:03 resultCopyFile
-rwx------  1 cms667 zh    8387 Mar 23  2011 writeCfg.py
>>> Modify Job Report:
CMSSW_VERSION = CMSSW_5_3_11_patch6
ProcessedDataset = 53xRelVal2011Redigi
/home/grid/cms667/home_cream_318884545/CREAM318884545/ProdCommon/FwkJobRep/ModifyJobReport.py fjr /home/grid/cms667/home_cream_318884545/CREAM318884545/crab_fjr_19.xml json /home/grid/cms667/home_cream_318884545/CREAM318884545/resultCopyFile n_job 19_2_MWK PrimaryDataset RelValTTbar  ApplicationFamily cmsRun ApplicationName cmsRun cmssw_version CMSSW_5_3_11_patch6 psethash 844a175eacc74cc51be2e7d71ca2539e UserProcessedDataset marfin-53xRelVal2011Redigi-844a175eacc74cc51be2e7d71ca2539e
inputDict =  {u'/home/grid/cms667/home_cream_318884545/CREAM318884545/CMSSW_5_3_11_patch6/output_19_2_MWK.root': {u'endpoint': u'srm://srm-cms.cern.ch:8443/srm/managerv2?SFN=/castor/cern.ch/user/m/marfin//53xRelVal2011Redigi/marfin/RelValTTbar/53xRelVal2011Redigi/844a175eacc74cc51be2e7d71ca2539e/', u'surl_for_grid': u'', u'reason': u"Problem copying /home/grid/cms667/home_cream_318884545/CREAM318884545/CMSSW_5_3_11_patch6/output_19_2_MWK.root file'Error copying [/home/grid/cms667/home_cream_318884545/CREAM318884545/CMSSW_5_3_11_patch6/output_19_2_MWK.root] to [output_19_2_MWK.root]'\nERROR: problems removing partially staged file output_19_2_MWK.root'Error deleting [output_19_2_MWK.root]'", u'erCode': u'60307', u'se_name': u'srm-cms.cern.ch', u'for_lfn': u'/copy_problem/'}}
diz_filter =  {u'output.root': u''}
UserProcessedDataset =  marfin-53xRelVal2011Redigi-844a175eacc74cc51be2e7d71ca2539e
file_name in inputDict =  /home/grid/cms667/home_cream_318884545/CREAM318884545/CMSSW_5_3_11_patch6/output_19_2_MWK.root
(size) os.stat(filename)[6] =  4367195623
checksum =  4190515021
filter =  
    file =  output_19_2_MWK.root
    newPfn =  srm://srm-cms.cern.ch:8443/srm/managerv2?SFN=/castor/cern.ch/user/m/marfin//53xRelVal2011Redigi/marfin/RelValTTbar/53xRelVal2011Redigi/844a175eacc74cc51be2e7d71ca2539e/output_19_2_MWK.root
    newLfn =  /copy_problem/output_19_2_MWK.root
>>> crab_fjr_*.xml  permission set to 0704
Checking output files:  
will tar file crab_fjr_19.xml in  out_files_19
will tar file CMSSW_19.stdout in  out_files_19
will tar file CMSSW_19.stderr in  out_files_19
WARNING: output file Watchdog_19.log.gz not found!
>>> padding time: Wrapper lasting more than 600 seconds. No sleep required.
STOPPING WATCHDOG. CrabWatchdog PID is 4920
********** LAST 50 LINES OF WATCHDOG LOG
 Sep 03 12:48:36 CEST	5759	1786544	2241844	22	73	121	cmsRun -j /home/grid/cms667/home_cream_318884545/CREAM318884545/crab_fjr_19.xml -p pset.py      
 Sep 03 12:48:36 CEST	---	1786544	2241844	73	----	----	----
 Sep 03 12:49:36 CEST	5759	1816788	2243568	73	131	182	cmsRun -j /home/grid/cms667/home_cream_318884545/CREAM318884545/crab_fjr_19.xml -p pset.py      
 Sep 03 12:49:36 CEST	---	1816788	2243568	212	----	----	----
 Sep 03 12:50:37 CEST	5759	1843976	2265328	212	190	242	cmsRun -j /home/grid/cms667/home_cream_318884545/CREAM318884545/crab_fjr_19.xml -p pset.py      
 Sep 03 12:50:37 CEST	---	1843976	2265328	343	----	----	----
 Sep 03 12:51:37 CEST	5759	1859632	2281716	343	247	302	cmsRun -j /home/grid/cms667/home_cream_318884545/CREAM318884545/crab_fjr_19.xml -p pset.py      
 Sep 03 12:51:37 CEST	---	1859632	2281716	479	----	----	----
 Sep 03 12:52:37 CEST	5759	1866660	2289396	479	306	363	cmsRun -j /home/grid/cms667/home_cream_318884545/CREAM318884545/crab_fjr_19.xml -p pset.py      
 Sep 03 12:52:37 CEST	---	1866660	2289396	619	----	----	----
 Sep 03 12:53:38 CEST	---	1866660	2289396	751	----	----	----
 Sep 03 12:54:38 CEST	5759	1866660	2290164	751	423	483	cmsRun -j /home/grid/cms667/home_cream_318884545/CREAM318884545/crab_fjr_19.xml -p pset.py      
 Sep 03 12:54:38 CEST	---	1866660	2290164	887	----	----	----
 Sep 03 12:55:38 CEST	5759	1871544	2290164	887	482	544	cmsRun -j /home/grid/cms667/home_cream_318884545/CREAM318884545/crab_fjr_19.xml -p pset.py      
 Sep 03 12:55:38 CEST	---	1871544	2290164	1026	----	----	----
 Sep 03 12:56:39 CEST	5759	1886976	2313460	1026	541	604	cmsRun -j /home/grid/cms667/home_cream_318884545/CREAM318884545/crab_fjr_19.xml -p pset.py      
 Sep 03 12:56:39 CEST	---	1886976	2313460	1162	----	----	----
 Sep 03 12:57:39 CEST	---	1886976	2313460	1312	----	----	----
 Sep 03 12:58:39 CEST	---	1886976	2313460	1440	----	----	----
 Sep 03 12:59:40 CEST	5759	1915844	2354676	1440	715	785	cmsRun -j /home/grid/cms667/home_cream_318884545/CREAM318884545/crab_fjr_19.xml -p pset.py      
 Sep 03 12:59:40 CEST	---	1915844	2354676	1578	----	----	----
 Sep 03 13:00:40 CEST	5759	1915844	2359284	1578	773	845	cmsRun -j /home/grid/cms667/home_cream_318884545/CREAM318884545/crab_fjr_19.xml -p pset.py      
 Sep 03 13:00:40 CEST	---	1915844	2359284	1714	----	----	----
 Sep 03 13:01:40 CEST	5759	1922908	2375412	1714	832	905	cmsRun -j /home/grid/cms667/home_cream_318884545/CREAM318884545/crab_fjr_19.xml -p pset.py      
 Sep 03 13:01:40 CEST	---	1922908	2375412	1833	----	----	----
 Sep 03 13:02:40 CEST	5759	1942472	2393588	1833	890	966	cmsRun -j /home/grid/cms667/home_cream_318884545/CREAM318884545/crab_fjr_19.xml -p pset.py      
 Sep 03 13:02:40 CEST	---	1942472	2393588	1968	----	----	----
 Sep 03 13:03:41 CEST	---	1942472	2393588	2103	----	----	----
 Sep 03 13:04:41 CEST	5759	1944044	2407668	2103	1007	1086	cmsRun -j /home/grid/cms667/home_cream_318884545/CREAM318884545/crab_fjr_19.xml -p pset.py      
 Sep 03 13:04:41 CEST	---	1944044	2407668	2239	----	----	----
 Sep 03 13:05:41 CEST	5759	1950260	2413812	2239	1066	1147	cmsRun -j /home/grid/cms667/home_cream_318884545/CREAM318884545/crab_fjr_19.xml -p pset.py      
 Sep 03 13:05:41 CEST	---	1950260	2413812	2374	----	----	----
 Sep 03 13:06:42 CEST	5759	1951356	2414324	2374	1125	1207	cmsRun -j /home/grid/cms667/home_cream_318884545/CREAM318884545/crab_fjr_19.xml -p pset.py      
 Sep 03 13:06:42 CEST	---	1951356	2414324	2502	----	----	----
 Sep 03 13:07:42 CEST	---	1951356	2414324	2633	----	----	----
 Sep 03 13:08:42 CEST	---	1951356	2414324	2772	----	----	----
 Sep 03 13:09:43 CEST	---	1951356	2414324	2911	----	----	----
 Sep 03 13:10:43 CEST	---	1951356	2414324	3032	----	----	----
 Sep 03 13:11:43 CEST	---	1951356	2414324	3174	----	----	----
 Sep 03 13:12:44 CEST	5759	2019140	2470140	3174	1472	1569	cmsRun -j /home/grid/cms667/home_cream_318884545/CREAM318884545/crab_fjr_19.xml -p pset.py      
 Sep 03 13:12:44 CEST	---	2019140	2470140	3309	----	----	----
 Sep 03 13:13:44 CEST	5759	2040792	2492924	3309	1531	1629	cmsRun -j /home/grid/cms667/home_cream_318884545/CREAM318884545/crab_fjr_19.xml -p pset.py      
 Sep 03 13:13:44 CEST	---	2040792	2492924	3450	----	----	----
 Sep 03 13:14:44 CEST	5759	2042128	2494204	3450	1589	1689	cmsRun -j /home/grid/cms667/home_cream_318884545/CREAM318884545/crab_fjr_19.xml -p pset.py      
 Sep 03 13:14:44 CEST	---	2042128	2494204	3592	----	----	----
 Sep 03 13:15:44 CEST	---	2042128	2494204	3723	----	----	----
 Sep 03 13:16:45 CEST	---	2042128	2494204	3857	----	----	----
 Sep 03 13:17:45 CEST	---	2042128	2494204	3988	----	----	----
 Sep 03 13:18:45 CEST	---	2042128	2494204	4125	----	----	----
 Sep 03 13:19:46 CEST	---	2042128	2494204	4192	----	----	----
********** WATCHDOG LOG ENDED
ZIPPING WATCHDOG LOG
Disk space used:
du -sh /home/grid/cms667/home_cream_318884545/CREAM318884545
4.1G	/home/grid/cms667/home_cream_318884545/CREAM318884545
Found unusual stderr, rename for OSB
`/pool/grid/cms667/home_cream_318884545/CREAM318884545/CMSSW_19.stdout' -> `CMSSW_19.stderr'
crab_fjr_19.xml
CMSSW_19.stdout
CMSSW_19.stderr
Watchdog_19.log.gz
Total Output dimension: 78641
WARNING: output files size limit is set to: 55000000
Total Output dimension 78641 is fine.
JOB_EXIT_STATUS = 60307
>>> info for dashboard:
***** Cat /home/grid/cms667/home_cream_318884545/CREAM318884545/jobreport.txt *****
MonitorJobID=19_https://wms004.cnaf.infn.it:9000/JsKp8ZfYe4UBkJ0WR09b1w
MonitorID=marfin_crab_0_130903_090551_0kdn32
ExeTime=1949
ExeExitCode=0
StageOutExitStatusReason = 'Problem copying /home/grid/cms667/home_cream_318884545/CREAM318884545/CMSSW_5_3_11_patch6/output_19_2_MWK.root file Error copying [/home/grid/cms667/home_cream_318884545/CREAM318884545/CMSSW_5_3_11_patch6/output_19_2_MWK.root] to [output_19_2_MWK.root] 
ERROR: problems removing partially staged file output_19_2_MWK.root Error deleting [output_19_2_MWK.root] '
StageOutSE = srm-cms.cern.ch
StageOutExitStatus = 60307
CrabUserCpuTime=1803.34
CrabSysCpuTime=44.18
CrabCpuPercentage=94%
CrabWrapperTime=4666
CrabStageoutTime=2672
JobExitCode=60307
***** End Cat jobreport *****
Parameters sent to Dashboard.
crab_fjr_19.xml
