This script was generated by crab (version 2.9.0).
Running ./CMSSW.sh with 2 positional parameters: 9 2
Today is Tue Sep  3 10:38:50 CEST 2013
Job submitted on host lxbsq2009.cern.ch
Linux lxbsq2009.cern.ch 2.6.18-308.11.1.el5 #1 SMP Tue Jul 10 15:47:47 CEST 2012 x86_64 x86_64 x86_64 GNU/Linux
>>> current directory (RUNTIME_AREA): /home/grid/cms667/home_cream_055787888/CREAM055787888
>>> current user: uid=52545(cms667) gid=1399(zh) groups=1399(zh),1101306426 context=system_u:system_r:initrc_t
>>> directory permission set to 0700
>>> umask set to:  u=rwx,g=,o=
>>> stdout stderr permission set to 0704
>>> voms proxy information:
subject   : /C=DE/O=GermanGrid/OU=DESY/CN=Ihar Marfin/CN=proxy/CN=proxy/CN=proxy/CN=limited proxy
issuer    : /C=DE/O=GermanGrid/OU=DESY/CN=Ihar Marfin/CN=proxy/CN=proxy/CN=proxy
identity  : /C=DE/O=GermanGrid/OU=DESY/CN=Ihar Marfin/CN=proxy/CN=proxy/CN=proxy
type      : limited proxy
strength  : 1024 bits
path      : /home/grid/cms667/home_cream_055787888/cream_055787888.proxy
timeleft  : 174:33:19
key usage : 
=== VO cms extension information ===
VO        : cms
subject   : /C=DE/O=GermanGrid/OU=DESY/CN=Ihar Marfin
issuer    : /DC=ch/DC=cern/OU=computers/CN=lcg-voms.cern.ch
attribute : /cms/Role=NULL/Capability=NULL
attribute : /cms/dcms/Role=NULL/Capability=NULL
timeleft  : 174:35:45
uri       : lcg-voms.cern.ch:15002
>>> tar --no-same-permissions -xf /home/grid/cms667/home_cream_055787888/CREAM055787888/default.tgz :
Successful untar
>>> Include /home/grid/cms667/home_cream_055787888/CREAM055787888 in PYTHONPATH:
strip arguments
env var CRAB_UNIQUE_JOB_ID set to: marfin_crab_0_130903_090551_0kdn32_9_2_fmm
out_files_9
>>> list of expected files on output sandbox
output files: crab_fjr_9.xml CMSSW_9.stdout CMSSW_9.stderr Watchdog_9.log.gz
>>> GridFlavour discovery: 
GridFlavour=LCG
>>> SyncSite discovery: 
not reporting SyncSite
>>> SyncCE discovery: 
getting SyncCE from CE_ID
SyncCE=ce202.cern.ch:8443/cream-lsf-grid_cms
>>> info for dashboard:
***** Cat /home/grid/cms667/home_cream_055787888/CREAM055787888/jobreport.txt *****
MonitorJobID=9_https://wms316.cern.ch:9000/UJ1AtNN5Vw40UWg6FJ5Fsw
SyncGridJobId=https://wms316.cern.ch:9000/UJ1AtNN5Vw40UWg6FJ5Fsw
MonitorID=marfin_crab_0_130903_090551_0kdn32
GridFlavour=LCG
SyncCE=ce202.cern.ch:8443/cream-lsf-grid_cms
***** End Cat jobreport *****
Parameters sent to Dashboard.
>>> setup environment
set SCRAM ARCH to slc5_amd64_gcc462
SCRAM_ARCH = slc5_amd64_gcc462
>>> setup CMS LCG environment:
set SCRAM ARCH and BUILD_ARCH to slc5_amd64_gcc462 ###
Sourcing environment... 
sourcing /afs/cern.ch/project/gd/apps/cms/cmsset_default.sh
==> setup cms environment ok
>>> specific cmssw setup environment:
CMSSW_VERSION =  CMSSW_5_3_11_patch6
>>> current directory (SOFTWARE_DIR): /home/grid/cms667/home_cream_055787888/CREAM055787888/CMSSW_5_3_11_patch6
PreserveSeeds: <>
IncrementSeeds:<>
{"output.root": ""}
WNHostName=lxbsq2009.cern.ch
>>> info for dashboard:
***** Cat /home/grid/cms667/home_cream_055787888/CREAM055787888/jobreport.txt *****
MonitorJobID=9_https://wms316.cern.ch:9000/UJ1AtNN5Vw40UWg6FJ5Fsw
MonitorID=marfin_crab_0_130903_090551_0kdn32
WNHostName=lxbsq2009.cern.ch
***** End Cat jobreport *****
Parameters sent to Dashboard.
crabWatchdog started as process 803
>>> moving CMSSW software directories in /home/grid/cms667/home_cream_055787888/CREAM055787888/CMSSW_5_3_11_patch6
mv: cannot stat `/home/grid/cms667/home_cream_055787888/CREAM055787888/module/': No such file or directory
>>> Include /home/grid/cms667/home_cream_055787888/CREAM055787888 in PYTHONPATH:
PYTHONPATH=/home/grid/cms667/home_cream_055787888/CREAM055787888/:/pool/grid/cms667/home_cream_055787888/CREAM055787888/CMSSW_5_3_11_patch6/python:/pool/grid/cms667/home_cream_055787888/CREAM055787888/CMSSW_5_3_11_patch6/lib/slc5_amd64_gcc462:/afs/cern.ch/cms/slc5_amd64_gcc462/cms/cmssw-patch/CMSSW_5_3_11_patch6/python:/afs/cern.ch/cms/slc5_amd64_gcc462/cms/cmssw-patch/CMSSW_5_3_11_patch6/lib/slc5_amd64_gcc462:/afs/cern.ch/cms/slc5_amd64_gcc462/cms/cmssw/CMSSW_5_3_11/bin/slc5_amd64_gcc462:/afs/cern.ch/cms/slc5_amd64_gcc462/cms/cmssw/CMSSW_5_3_11/lib/slc5_amd64_gcc462:/afs/cern.ch/cms/slc5_amd64_gcc462/cms/coral/CORAL_2_3_21-cms35/slc5_amd64_gcc462/python:/afs/cern.ch/cms/slc5_amd64_gcc462/cms/coral/CORAL_2_3_21-cms35/slc5_amd64_gcc462/lib:/afs/cern.ch/cms/slc5_amd64_gcc462/external/pyqt/4.8.1/lib/python2.6/site-packages:/afs/cern.ch/cms/slc5_amd64_gcc462/external/py2-scipy/0.8.0/lib/python2.6/site-packages:/afs/cern.ch/cms/slc5_amd64_gcc462/external/py2-matplotlib/1.0.1/lib/python2.6/site-packages:/afs/cern.ch/cms/slc5_amd64_gcc462/external/python-ldap/2.3.5/lib/python2.6/site-packages:/afs/cern.ch/cms/slc5_amd64_gcc462/external/sip/4.11.2/lib/python2.6/site-packages:/afs/cern.ch/cms/slc5_amd64_gcc462/external/py2-pycurl/7.19.0/lib/python2.6/site-packages:/afs/cern.ch/cms/slc5_amd64_gcc462/external/py2-numpy/1.6.1/lib/python2.6/site-packages:/afs/cern.ch/cms/slc5_amd64_gcc462/external/py2-ipython/0.10/lib/python2.6/site-packages:/afs/cern.ch/cms/slc5_amd64_gcc462/external/py2-cx-oracle/5.1-cms11/lib/python2.6/site-packages:/afs/cern.ch/cms/slc5_amd64_gcc462/external/py2-cjson/1.0.5/lib/python2.6/site-packages:/afs/cern.ch/cms/slc5_amd64_gcc462/cms/das-client/1.9.5/bin:/afs/cern.ch/cms/slc5_amd64_gcc462/external/elementtree/1.2.6/share/lib/python2.6/site-packages:/afs/cern.ch/cms/slc5_amd64_gcc462/external/rivet/1.8.2/lib/python2.6/site-packages:/afs/cern.ch/cms/slc5_amd64_gcc462/external/pyminuit2/0.0.1-cms39/lib/python2.6/site-packages:/afs/cern.ch/cms/slc5_amd64_gcc462/external/professor/1.0.0-cms40/lib/python2.6/site-packages:/afs/cern.ch/cms/slc5_amd64_gcc462/lcg/root/5.32.00-cms21/lib:/afs/cern.ch/cms/slc5_amd64_gcc462/cms/dbs-client/DBS_2_1_9-cms3/lib:/afs/cern.ch/cms/slc5_amd64_gcc462/cms/dbs-client/DBS_2_1_9-cms3/lib/DBSAPI:/afs/cern.ch/cms/slc5_amd64_gcc462/external/cvs2git/5419/lib:/home/grid/cms667/home_cream_055787888/CREAM055787888/
 
# LIMITS USED BY CRAB WATCHDOG:
# RSS  (KBytes)   : 2300000
# VSZ  (KBytes)   : 100000000
# DISK (MBytes)   : 19000
# CPU TIME        : 720h:0m:0s
# WALL CLOCK TIME : 21h:50m:0s
 
844a175eacc74cc51be2e7d71ca2539e
PSETHASH = 844a175eacc74cc51be2e7d71ca2539e
/home/grid/cms667/home_cream_055787888/CREAM055787888/writeCfg.py pset.py pset.py
Importing .py file
Setting parameters
RandomNumberGeneratorService found, will attempt to change seeds
inputBlocks=/RelValTTbar/CMSSW_5_3_11_patch3-PU_START53_LV2_09Jul2013-v1/GEN-SIM-DIGI-RAW-HLTDEBUG#bc03e9fc-e90e-11e2-95e5-00221959e7c0
inputFiles=/store/relval/CMSSW_5_3_11_patch3/RelValTTbar/GEN-SIM-DIGI-RAW-HLTDEBUG/PU_START53_LV2_09Jul2013-v1/00000/FAA932F3-08E9-E211-B34F-00259059649C.root;/store/relval/CMSSW_5_3_11_patch3/RelValTTbar/GEN-SIM-DIGI-RAW-HLTDEBUG/PU_START53_LV2_09Jul2013-v1/00000/78602AE5-08E9-E211-819C-00259059649C.root
parentFiles=
lumisRange=
>>> Executable cmsRun
/afs/cern.ch/cms/slc5_amd64_gcc462/cms/cmssw-patch/CMSSW_5_3_11_patch6/bin/slc5_amd64_gcc462/cmsRun
ok executable found
>>> info for dashboard:
***** Cat /home/grid/cms667/home_cream_055787888/CREAM055787888/jobreport.txt *****
MonitorJobID=9_https://wms316.cern.ch:9000/UJ1AtNN5Vw40UWg6FJ5Fsw
MonitorID=marfin_crab_0_130903_090551_0kdn32
ExeStart=cmsRun
***** End Cat jobreport *****
Parameters sent to Dashboard.
>>> cmsRun started at Tue Sep  3 08:39:14 UTC 2013
>>> cmsRun ended at Tue Sep  3 09:16:41 UTC 2013
>>> crab_fjr_*.xml  permission set to 0704
>>> info for dashboard:
***** Cat /home/grid/cms667/home_cream_055787888/CREAM055787888/jobreport.txt *****
MonitorJobID=9_https://wms316.cern.ch:9000/UJ1AtNN5Vw40UWg6FJ5Fsw
MonitorID=marfin_crab_0_130903_090551_0kdn32
ExeEnd=cmsRun
***** End Cat jobreport *****
Parameters sent to Dashboard.
TIME_EXE = 2247 sec
>>> cmsRun wrote 99 lines of stdout+stderr
>>> START OF printout of 99 lines from stdout+stderr
03-Sep-2013 10:39:53 CEST  Initiating request to open file root://eoscms//eos/cms/store/relval/CMSSW_5_3_11_patch3/RelValTTbar/GEN-SIM-DIGI-RAW-HLTDEBUG/PU_START53_LV2_09Jul2013-v1/00000/FAA932F3-08E9-E211-B34F-00259059649C.root?svcClass=default
130903 10:39:53 1283 Xrd: GoToAnotherServer: Going to: lxfsre11a08.cern.ch:1095
03-Sep-2013 10:40:00 CEST  Successfully opened file root://eoscms//eos/cms/store/relval/CMSSW_5_3_11_patch3/RelValTTbar/GEN-SIM-DIGI-RAW-HLTDEBUG/PU_START53_LV2_09Jul2013-v1/00000/FAA932F3-08E9-E211-B34F-00259059649C.root?svcClass=default
%MSG-w SiStripQuality:  EventSetupRecordDataGetter:hltGetConditions@beginRun  03-Sep-2013 10:41:08 CEST Run: 1
The cabling should always include the active feds in runInfo and possibly have some morethere are instead 59 feds only active in runInfo
%MSG
Begin processing the 1st record. Run 1, Event 5889, LumiSection 118 at 03-Sep-2013 10:41:26.186 CEST
%MSG-w Muon:  L3MuonProducer:hltL3MuonsOIHit 03-Sep-2013 10:44:34 CEST  Run: 1 Event: 5979
     Failed to load tracker track trajectory
%MSG
%MSG-w RecoMuon:  L3MuonProducer:hltL3MuonsOIHit 03-Sep-2013 10:44:34 CEST  Run: 1 Event: 5979
     Failed to load tracker track trajectory
%MSG
%MSG-w GlobalMuon:  L3MuonProducer:hltL3MuonsOIHit 03-Sep-2013 10:44:34 CEST  Run: 1 Event: 5979
     Failed to load tracker track trajectory
%MSG
%MSG-w GlobalTrajectoryBuilderBase:  L3MuonProducer:hltL3MuonsOIHit  03-Sep-2013 10:44:34 CEST Run: 1 Event: 5979
     Failed to load tracker track trajectory
%MSG
DTTSPhi::addTracoT: preview not present in TRACO trigger or its code=0  trigger not added!
DTTSPhi::addTracoT: preview not present in TRACO trigger or its code=0  trigger not added!
DTTSPhi::addTracoT: preview not present in TRACO trigger or its code=0  trigger not added!
DTTSPhi::addTracoT: preview not present in TRACO trigger or its code=0  trigger not added!
DTTSPhi::addTracoT: preview not present in TRACO trigger or its code=0  trigger not added!
Begin processing the 101st record. Run 1, Event 6039, LumiSection 121 at 03-Sep-2013 10:48:51.721 CEST
DTTSPhi::addTracoT: preview not present in TRACO trigger or its code=0  trigger not added!
DTTSPhi::addTracoT: preview not present in TRACO trigger or its code=0  trigger not added!
DTTSPhi::addTracoT: preview not present in TRACO trigger or its code=0  trigger not added!
%MSG-w BasicTrajectoryState:   ElectronSeedProducer:hltActivityStartUpElectronPixelSeeds  03-Sep-2013 10:55:02 CEST Run: 1 Event: 6281
local error not pos-def
[            1           0           0           0           0
             0-2.53539e-16 3.71447e-16 7.56311e-11 9.19198e-09
             0 3.71447e-16 4.49623e-14 9.19149e-09 1.12367e-06
             0 7.56311e-11 9.19149e-09  0.00201026    0.230022
             0 9.19198e-09 1.12367e-06    0.230022     28.1219 ]
%MSG
%MSG-w BasicTrajectoryState:   ElectronSeedProducer:hltActivityStartUpElectronPixelSeeds  03-Sep-2013 10:55:02 CEST Run: 1 Event: 6281
curv error not pos-def
[            1           0           0           0           0
             0 4.49653e-14 1.21986e-11 9.43298e-10 1.12374e-06
             0 1.21986e-11-2.44414e-05 3.80847e-07 0.000291304
             0 9.43298e-10 3.80847e-07 0.000148591   0.0235967
             0 1.12374e-06 0.000291304   0.0235967     28.1238 ]
%MSG
Begin processing the 201st record. Run 1, Event 6289, LumiSection 126 at 03-Sep-2013 10:55:33.178 CEST
DTTSPhi::addTracoT: preview not present in TRACO trigger or its code=0  trigger not added!
DTTSPhi::addTracoT: preview not present in TRACO trigger or its code=0  trigger not added!
130903 11:00:23 1283 Xrd: XrdClientMessage::ReadRaw: Failed to read header (8 bytes).
Begin processing the 301st record. Run 1, Event 6439, LumiSection 129 at 03-Sep-2013 11:02:50.428 CEST
DTTSPhi::addTracoT: preview not present in TRACO trigger or its code=0  trigger not added!
03-Sep-2013 11:07:16 CEST  Closed file root://eoscms//eos/cms/store/relval/CMSSW_5_3_11_patch3/RelValTTbar/GEN-SIM-DIGI-RAW-HLTDEBUG/PU_START53_LV2_09Jul2013-v1/00000/FAA932F3-08E9-E211-B34F-00259059649C.root?svcClass=default
03-Sep-2013 11:07:16 CEST  Initiating request to open file root://eoscms//eos/cms/store/relval/CMSSW_5_3_11_patch3/RelValTTbar/GEN-SIM-DIGI-RAW-HLTDEBUG/PU_START53_LV2_09Jul2013-v1/00000/78602AE5-08E9-E211-819C-00259059649C.root?svcClass=default
130903 11:07:16 001 Xrd: CheckErrorStatus: Server [eoscms] declared: session not found(error code: 3011)
130903 11:07:16 1283 Xrd: GoToAnotherServer: Going to: lxfssl4209.cern.ch:1095
03-Sep-2013 11:07:16 CEST  Successfully opened file root://eoscms//eos/cms/store/relval/CMSSW_5_3_11_patch3/RelValTTbar/GEN-SIM-DIGI-RAW-HLTDEBUG/PU_START53_LV2_09Jul2013-v1/00000/78602AE5-08E9-E211-819C-00259059649C.root?svcClass=default
DTTSPhi::addTracoT: preview not present in TRACO trigger or its code=0  trigger not added!
DTTSPhi::addTracoT: preview not present in TRACO trigger or its code=0  trigger not added!
Begin processing the 401st record. Run 1, Event 2839, LumiSection 57 at 03-Sep-2013 11:10:13.781 CEST
%MSG-e NullTransverseMomentum:  FastjetJetProducer:hltAntiKT5PFJets  03-Sep-2013 11:10:15 CEST Run: 1 Event: 2839
dropping input candidate with pt=0
%MSG
130903 11:12:22 1283 Xrd: XrdClientMessage::ReadRaw: Failed to read header (8 bytes).
DTTSPhi::addTracoT: preview not present in TRACO trigger or its code=0  trigger not added!
DTTSPhi::addTracoT: preview not present in TRACO trigger or its code=0  trigger not added!
03-Sep-2013 11:16:24 CEST  Closed file root://eoscms//eos/cms/store/relval/CMSSW_5_3_11_patch3/RelValTTbar/GEN-SIM-DIGI-RAW-HLTDEBUG/PU_START53_LV2_09Jul2013-v1/00000/78602AE5-08E9-E211-819C-00259059649C.root?svcClass=default

=============================================

MessageLogger Summary

 type     category        sev    module        subroutine        count    total
 ---- -------------------- -- ---------------- ----------------  -----    -----
    1 BasicTrajectoryState -w ElectronSeedProd                       2        2
    2 GlobalMuon           -w L3MuonProducer:h                       1        1
    3 GlobalTrajectoryBuil -w L3MuonProducer:h                       1        1
    4 Muon                 -w L3MuonProducer:h                       1        1
    5 RecoMuon             -w L3MuonProducer:h                       1        1
    6 SiStripQuality       -w EventSetupRecord                       1        1
    7 NullTransverseMoment -e FastjetJetProduc                       1        1
    8 fileAction           -s file_close                             2        2
    9 fileAction           -s file_open                              4        4

 type    category    Examples: run/evt        run/evt          run/evt
 ---- -------------------- ---------------- ---------------- ----------------
    1 BasicTrajectoryState 1/6281           1/6281           
    2 GlobalMuon           1/5979                            
    3 GlobalTrajectoryBuilderBase 1/5979                            
    4 Muon                 1/5979                            
    5 RecoMuon             1/5979                            
    6 SiStripQuality       Run: 1                            
    7 NullTransverseMomentum 1/2839                            
    8 fileAction           PostProcessEvent PostEndRun       
    9 fileAction           pre-events       pre-events       PostProcessEvent

Severity    # Occurrences   Total Occurrences
--------    -------------   -----------------
Warning                 7                   7
Error                   1                   1
System                  6                   6
>>> END OF printout of 99 lines from stdout+stderr
>>> Parse FrameworkJobReport crab_fjr.xml
Result of parsing the FrameworkJobReport crab_fjr.xml: Popularity start
lumisRange : 1::118,120-121,124,126-127,129,132::1;1::57-59::2;
lumisParentRange : 
Basename : /store/relval/CMSSW_5_3_11_patch3/RelValTTbar/GEN-SIM-DIGI-RAW-HLTDEBUG/PU_START53_LV2_09Jul2013-v1/00000/
BasenameParent : 
parentFiles : 
inputBlocks : /RelValTTbar/CMSSW_5_3_11_patch3-PU_START53_LV2_09Jul2013-v1/GEN-SIM-DIGI-RAW-HLTDEBUG#bc03e9fc-e90e-11e2-95e5-00221959e7c0
inputFiles : FAA932F3-08E9-E211-B34F-00259059649C.root::1::EDM::Local::1;78602AE5-08E9-E211-819C-00259059649C.root::1::EDM::Local::2;
Popularity stop
Extracted ExitStatus from FrameworkJobReport parsing output: 0
>>> Executable succeded  0
ExeExitCode=0
EXECUTABLE_EXIT_STATUS = 0
>>> current directory /home/grid/cms667/home_cream_055787888/CREAM055787888/CMSSW_5_3_11_patch6
>>>  (SOFTWARE_DIR): /home/grid/cms667/home_cream_055787888/CREAM055787888/CMSSW_5_3_11_patch6
>>> (WORKING_DIR): 
>>> current directory content:
total 4150912
drwxr-xr-x 3 cms667 zh       4096 Sep  3 10:38 .SCRAM
-rw------- 1 cms667 zh    3842683 Sep  3 10:38 CMSSW.py.pkl
drwxr-xr-x 3 cms667 zh       4096 Sep  3 10:38 bin
drwxr-xr-x 3 cms667 zh       4096 Sep  3 10:38 cfipython
drwxr-xr-x 4 cms667 zh       4096 Sep  3 10:38 config
-rw------- 1 cms667 zh         18 Sep  3 11:16 cpu_timing.txt
drwxr-xr-x 2 cms667 zh       4096 Sep  3 10:38 doc
-rw------- 1 cms667 zh       7615 Sep  3 11:16 executable.out
drwxr-xr-x 2 cms667 zh       4096 Sep  3 10:38 include
drwx------ 3 cms667 zh       4096 Aug 26 18:31 lib
drwxr-xr-x 3 cms667 zh       4096 Sep  3 10:38 logs
drwxr-xr-x 3 cms667 zh       4096 Sep  3 10:38 objs
-rw------- 1 cms667 zh 4238522974 Sep  3 11:16 output.root
-rw------- 1 cms667 zh        104 Sep  3 10:39 pset.py
-rw------- 1 cms667 zh    3843490 Sep  3 10:39 pset.py.pkl
-rw------- 1 cms667 zh        289 Sep  3 10:39 pset.pyc
drwxr-xr-x 2 cms667 zh       4096 Sep  3 10:38 python
-rw------- 1 cms667 zh        437 Sep  3 11:16 report.log
drwx------ 5 cms667 zh       4096 Sep  3 10:38 src
drwxr-xr-x 3 cms667 zh       4096 Sep  3 10:38 test
drwxr-xr-x 3 cms667 zh       4096 Sep  3 10:38 tmp
>>> current directory /home/grid/cms667/home_cream_055787888/CREAM055787888/CMSSW_5_3_11_patch6
>>> (SOFTWARE_DIR): /home/grid/cms667/home_cream_055787888/CREAM055787888/CMSSW_5_3_11_patch6
>>> (WORKING_DIR): 
>>> current directory content:
total 4150912
drwxr-xr-x 3 cms667 zh       4096 Sep  3 10:38 .SCRAM
-rw------- 1 cms667 zh    3842683 Sep  3 10:38 CMSSW.py.pkl
drwxr-xr-x 3 cms667 zh       4096 Sep  3 10:38 bin
drwxr-xr-x 3 cms667 zh       4096 Sep  3 10:38 cfipython
drwxr-xr-x 4 cms667 zh       4096 Sep  3 10:38 config
-rw------- 1 cms667 zh         18 Sep  3 11:16 cpu_timing.txt
drwxr-xr-x 2 cms667 zh       4096 Sep  3 10:38 doc
-rw------- 1 cms667 zh       7615 Sep  3 11:16 executable.out
drwxr-xr-x 2 cms667 zh       4096 Sep  3 10:38 include
drwx------ 3 cms667 zh       4096 Aug 26 18:31 lib
drwxr-xr-x 3 cms667 zh       4096 Sep  3 10:38 logs
drwxr-xr-x 3 cms667 zh       4096 Sep  3 10:38 objs
-rw------- 1 cms667 zh 4238522974 Sep  3 11:16 output_9_2_fmm.root
-rw------- 1 cms667 zh        104 Sep  3 10:39 pset.py
-rw------- 1 cms667 zh    3843490 Sep  3 10:39 pset.py.pkl
-rw------- 1 cms667 zh        289 Sep  3 10:39 pset.pyc
drwxr-xr-x 2 cms667 zh       4096 Sep  3 10:38 python
-rw------- 1 cms667 zh        437 Sep  3 11:16 report.log
drwx------ 5 cms667 zh       4096 Sep  3 10:38 src
drwxr-xr-x 3 cms667 zh       4096 Sep  3 10:38 test
drwxr-xr-x 3 cms667 zh       4096 Sep  3 10:38 tmp
>>> current directory (RUNTIME_AREA):  /home/grid/cms667/home_cream_055787888/CREAM055787888
SE = srm-cms.cern.ch
SE_PATH = /srm/managerv2?SFN=/castor/cern.ch/user/m/marfin//53xRelVal2011Redigi/
LFNBaseName = /53xRelVal2011Redigi/marfin/RelValTTbar/53xRelVal2011Redigi/844a175eacc74cc51be2e7d71ca2539e/
USER = marfin
endpoint = srm://srm-cms.cern.ch:8443/srm/managerv2?SFN=/castor/cern.ch/user/m/marfin//53xRelVal2011Redigi/marfin/RelValTTbar/53xRelVal2011Redigi/844a175eacc74cc51be2e7d71ca2539e/
>>> Copy output files from WN = lxbsq2009.cern.ch to /srm/managerv2?SFN=/castor/cern.ch/user/m/marfin//53xRelVal2011Redigi/ :
python cmscp.py  --destination srm://srm-cms.cern.ch:8443/srm/managerv2?SFN=/castor/cern.ch/user/m/marfin//53xRelVal2011Redigi/marfin/RelValTTbar/53xRelVal2011Redigi/844a175eacc74cc51be2e7d71ca2539e/ --inputFileList /home/grid/cms667/home_cream_055787888/CREAM055787888/CMSSW_5_3_11_patch6/output_9_2_fmm.root --middleware LCG --se_name srm-cms.cern.ch --for_lfn /53xRelVal2011Redigi/marfin/RelValTTbar/53xRelVal2011Redigi/844a175eacc74cc51be2e7d71ca2539e/    
******************************************************
localSeName  =  srm-eoscms.cern.ch
remoteSeName =  srm-cms.cern.ch
******************************************************
{"/home/grid/cms667/home_cream_055787888/CREAM055787888/CMSSW_5_3_11_patch6/output_9_2_fmm.root": {"endpoint": "srm://srm-cms.cern.ch:8443/srm/managerv2?SFN=/castor/cern.ch/user/m/marfin//53xRelVal2011Redigi/marfin/RelValTTbar/53xRelVal2011Redigi/844a175eacc74cc51be2e7d71ca2539e/", "surl_for_grid": "", "reason": "Problem copying /home/grid/cms667/home_cream_055787888/CREAM055787888/CMSSW_5_3_11_patch6/output_9_2_fmm.root file'Error copying [/home/grid/cms667/home_cream_055787888/CREAM055787888/CMSSW_5_3_11_patch6/output_9_2_fmm.root] to [output_9_2_fmm.root]'\nERROR: problems removing partially staged file output_9_2_fmm.root'Error deleting [output_9_2_fmm.root]'", "erCode": "60307", "se_name": "srm-cms.cern.ch", "for_lfn": "/copy_problem/"}}/home/grid/cms667/home_cream_055787888/CREAM055787888
-------- cat /home/grid/cms667/home_cream_055787888/CREAM055787888/cmscpReport.sh 
#!/bin/bash
echo "Report for File: /home/grid/cms667/home_cream_055787888/CREAM055787888/CMSSW_5_3_11_patch6/output_9_2_fmm.root"
echo "LFN: /copy_problem/output_9_2_fmm.root"
echo "StorageElement: srm-cms.cern.ch"
echo "StageOutExitStatusReason = 'Problem copying /home/grid/cms667/home_cream_055787888/CREAM055787888/CMSSW_5_3_11_patch6/output_9_2_fmm.root file Error copying [/home/grid/cms667/home_cream_055787888/CREAM055787888/CMSSW_5_3_11_patch6/output_9_2_fmm.root] to [output_9_2_fmm.root] 
ERROR: problems removing partially staged file output_9_2_fmm.root Error deleting [output_9_2_fmm.root] '" | tee -a $RUNTIME_AREA/$repo
echo "StageOutSE = srm-cms.cern.ch" >> $RUNTIME_AREA/$repo

export StageOutExitStatus=60307
echo "StageOutExitStatus = 60307" | tee -a $RUNTIME_AREA/$repo
-------- end of /home/grid/cms667/home_cream_055787888/CREAM055787888/cmscpReport.sh 
Report for File: /home/grid/cms667/home_cream_055787888/CREAM055787888/CMSSW_5_3_11_patch6/output_9_2_fmm.root
LFN: /copy_problem/output_9_2_fmm.root
StorageElement: srm-cms.cern.ch
StageOutExitStatusReason = 'Problem copying /home/grid/cms667/home_cream_055787888/CREAM055787888/CMSSW_5_3_11_patch6/output_9_2_fmm.root file Error copying [/home/grid/cms667/home_cream_055787888/CREAM055787888/CMSSW_5_3_11_patch6/output_9_2_fmm.root] to [output_9_2_fmm.root] 
ERROR: problems removing partially staged file output_9_2_fmm.root Error deleting [output_9_2_fmm.root] '
StageOutExitStatus = 60307
Problem copying file to srm-cms.cern.ch /srm/managerv2?SFN=/castor/cern.ch/user/m/marfin//53xRelVal2011Redigi/
########## contents of SE interaction
2013-09-03 11:17:00.597563:
Executed:	unset LD_LIBRARY_PATH; unset GLITE_ENV_SET; export PATH=/usr/bin:/bin; source /etc/profile; source /home/grid/cms667/home_cream_055787888/CREAM055787888/CacheEnv.sh ; lcg-ls -b -D srmv2 --srm-timeout 2400 --sendreceive-timeout 2400 --connect-timeout 300 --verbose srm://srm-cms.cern.ch:8443/srm/managerv2?SFN=/castor/cern.ch/user/m/marfin//53xRelVal2011Redigi/marfin/RelValTTbar/53xRelVal2011Redigi/844a175eacc74cc51be2e7d71ca2539e/output_9_2_fmm.root
Done with exit code:	1
and output:
SE type: SRMv2
/castor/cern.ch/user/m/marfin//53xRelVal2011Redigi/marfin/RelValTTbar/53xRelVal2011Redigi/844a175eacc74cc51be2e7d71ca2539e/output_9_2_fmm.root: [SE][Ls][SRM_INVALID_PATH] No such file or directory


2013-09-03 11:57:12.558177:
Executed:	unset LD_LIBRARY_PATH; unset GLITE_ENV_SET; export PATH=/usr/bin:/bin; source /etc/profile; source /home/grid/cms667/home_cream_055787888/CREAM055787888/CacheEnv.sh ;  lcg-cp  --verbose  --vo=cms  -b -D srmv2 --srm-timeout 2400 --sendreceive-timeout 2400 --connect-timeout 300 --verbose file:///home/grid/cms667/home_cream_055787888/CREAM055787888/CMSSW_5_3_11_patch6/output_9_2_fmm.root srm://srm-cms.cern.ch:8443/srm/managerv2?SFN=/castor/cern.ch/user/m/marfin//53xRelVal2011Redigi/marfin/RelValTTbar/53xRelVal2011Redigi/844a175eacc74cc51be2e7d71ca2539e/output_9_2_fmm.root
Done with exit code:	1
and output:
Using grid catalog type: UNKNOWN
Using grid catalog : (null)
VO name: cms
Checksum type: None
Destination SE type: SRMv2
Destination SRM Request Token: 151411134
Source URL: file:/home/grid/cms667/home_cream_055787888/CREAM055787888/CMSSW_5_3_11_patch6/output_9_2_fmm.root
File size: 4238522974
Source URL for copy: file:/home/grid/cms667/home_cream_055787888/CREAM055787888/CMSSW_5_3_11_patch6/output_9_2_fmm.root
Destination URL: gsiftp://lxfsrf07c04.cern.ch:20172/e2176762-b54d-687c-e043-6ea18a890621
# streams: 1
            0 bytes      0.00 KB/sec avg      0.00 KB/sec inst            0 bytes      0.00 KB/sec avg      0.00 KB/sec instfile:/home/grid/cms667/home_cream_055787888/CREAM055787888/CMSSW_5_3_11_patch6/output_9_2_fmm.root: zero number of replicas
lcg_cp: Invalid argument


2013-09-03 11:57:24.569116:
Executed:	unset LD_LIBRARY_PATH; unset GLITE_ENV_SET; export PATH=/usr/bin:/bin; source /etc/profile; source /home/grid/cms667/home_cream_055787888/CREAM055787888/CacheEnv.sh ; lcg-del  --verbose  --vo=cms  -b -D srmv2 --srm-timeout 2400 --sendreceive-timeout 2400 --connect-timeout 300 --verbose --nolfc srm://srm-cms.cern.ch:8443/srm/managerv2?SFN=/castor/cern.ch/user/m/marfin//53xRelVal2011Redigi/marfin/RelValTTbar/53xRelVal2011Redigi/844a175eacc74cc51be2e7d71ca2539e/output_9_2_fmm.root
Done with exit code:	1
and output:
VO name: cms
SE type: SRMv2
srm://srm-cms.cern.ch:8443/srm/managerv2?SFN=/castor/cern.ch/user/m/marfin//53xRelVal2011Redigi/marfin/RelValTTbar/53xRelVal2011Redigi/844a175eacc74cc51be2e7d71ca2539e/output_9_2_fmm.root: [SE][srmRm][SRM_INVALID_PATH] No such file or directory



#####################################
>>> current dir: /home/grid/cms667/home_cream_055787888/CREAM055787888
>>> current dir content:
total 6252
-rwx------  1 cms667 zh   13669 Sep  3 10:38 .BrokerInfo
-rw-------  1 cms667 zh    3014 Sep  3 11:57 .SEinteraction.log
-rwx------  1 cms667 zh       0 Sep  3 10:38 .tmp_file
-rw-------  1 cms667 zh     105 Sep  3 09:05 CMSSW.py
-rw-------  1 cms667 zh 3842683 Sep  3 09:05 CMSSW.py.pkl
-rwx------  1 cms667 zh   27957 Sep  3 10:38 CMSSW.sh
drwxr-xr-x 15 cms667 zh    4096 Sep  3 11:16 CMSSW_5_3_11_patch6
-rwx------  1 cms667 zh       0 Sep  3 10:38 CMSSW_9.stderr
-rwx---r--  1 cms667 zh   26065 Sep  3 12:00 CMSSW_9.stdout
-rw-------  1 cms667 zh     484 Sep  3 10:38 CacheEnv.sh
-rw-------  1 cms667 zh    7291 Jun  9  2010 DashboardAPI.py
-rw-------  1 cms667 zh    6493 Sep  3 10:38 DashboardAPI.pyc
drwx------  3 cms667 zh    4096 Aug 20 17:36 IMProv
-rw-------  1 cms667 zh    2748 Mar  8  2006 Logger.py
-rw-------  1 cms667 zh    3223 Sep  3 10:38 Logger.pyc
-rw-------  1 cms667 zh   24524 Mar 28  2008 ProcInfo.py
-rw-------  1 cms667 zh   22846 Sep  3 10:38 ProcInfo.pyc
drwx------  7 cms667 zh    4096 Sep  3 10:39 ProdCommon
drwx------  3 cms667 zh    4096 Sep  3 10:38 WMCore
-rw-------  1 cms667 zh    6169 Sep  3 11:17 Watchdog_9.log
-rw-------  1 cms667 zh   32895 Mar 28  2008 apmon.py
-rw-------  1 cms667 zh   28120 Sep  3 10:38 apmon.pyc
-rwx------  1 cms667 zh   10416 Sep  3 10:38 arguments.xml
-rwx------  1 cms667 zh   38507 Aug  6 23:12 cmscp.py
-rw-------  1 cms667 zh     791 Sep  3 12:00 cmscpReport.sh
-rw-------  1 cms667 zh     634 Sep  3 09:05 crab.cfg
-rwx------  1 cms667 zh    8610 Apr  2 15:44 crabWatchdog.sh
-rwx---r--  1 cms667 zh  781910 Sep  3 11:16 crab_fjr_9.xml
-rwx------  1 cms667 zh 1214804 Sep  3 10:38 default.tgz
-rwx------  1 cms667 zh    4488 May 12  2012 fillCrabFjr.py
-rw-------  1 cms667 zh     468 Sep  3 10:39 inputsReport.txt
-rw-------  1 cms667 zh     579 Sep  3 12:00 jobreport.txt
lrwxrwxrwx  1 cms667 zh      93 Sep  3 11:16 output.root -> /home/grid/cms667/home_cream_055787888/CREAM055787888/CMSSW_5_3_11_patch6/output_9_2_fmm.root
-rw-------  1 cms667 zh   17352 Jan 20  2012 parseCrabFjr.py
-rw-------  1 cms667 zh     264 Sep  3 10:38 report.log
-rwx--x--x  1 cms667 zh    1497 May 27  2009 report.py
-rw-------  1 cms667 zh     752 Sep  3 12:00 resultCopyFile
-rwx------  1 cms667 zh    8387 Mar 23  2011 writeCfg.py
>>> Modify Job Report:
CMSSW_VERSION = CMSSW_5_3_11_patch6
ProcessedDataset = 53xRelVal2011Redigi
/home/grid/cms667/home_cream_055787888/CREAM055787888/ProdCommon/FwkJobRep/ModifyJobReport.py fjr /home/grid/cms667/home_cream_055787888/CREAM055787888/crab_fjr_9.xml json /home/grid/cms667/home_cream_055787888/CREAM055787888/resultCopyFile n_job 9_2_fmm PrimaryDataset RelValTTbar  ApplicationFamily cmsRun ApplicationName cmsRun cmssw_version CMSSW_5_3_11_patch6 psethash 844a175eacc74cc51be2e7d71ca2539e UserProcessedDataset marfin-53xRelVal2011Redigi-844a175eacc74cc51be2e7d71ca2539e
inputDict =  {u'/home/grid/cms667/home_cream_055787888/CREAM055787888/CMSSW_5_3_11_patch6/output_9_2_fmm.root': {u'endpoint': u'srm://srm-cms.cern.ch:8443/srm/managerv2?SFN=/castor/cern.ch/user/m/marfin//53xRelVal2011Redigi/marfin/RelValTTbar/53xRelVal2011Redigi/844a175eacc74cc51be2e7d71ca2539e/', u'surl_for_grid': u'', u'reason': u"Problem copying /home/grid/cms667/home_cream_055787888/CREAM055787888/CMSSW_5_3_11_patch6/output_9_2_fmm.root file'Error copying [/home/grid/cms667/home_cream_055787888/CREAM055787888/CMSSW_5_3_11_patch6/output_9_2_fmm.root] to [output_9_2_fmm.root]'\nERROR: problems removing partially staged file output_9_2_fmm.root'Error deleting [output_9_2_fmm.root]'", u'erCode': u'60307', u'se_name': u'srm-cms.cern.ch', u'for_lfn': u'/copy_problem/'}}
diz_filter =  {u'output.root': u''}
UserProcessedDataset =  marfin-53xRelVal2011Redigi-844a175eacc74cc51be2e7d71ca2539e
file_name in inputDict =  /home/grid/cms667/home_cream_055787888/CREAM055787888/CMSSW_5_3_11_patch6/output_9_2_fmm.root
(size) os.stat(filename)[6] =  4238522974
checksum =  1100500068
filter =  
    file =  output_9_2_fmm.root
    newPfn =  srm://srm-cms.cern.ch:8443/srm/managerv2?SFN=/castor/cern.ch/user/m/marfin//53xRelVal2011Redigi/marfin/RelValTTbar/53xRelVal2011Redigi/844a175eacc74cc51be2e7d71ca2539e/output_9_2_fmm.root
    newLfn =  /copy_problem/output_9_2_fmm.root
>>> crab_fjr_*.xml  permission set to 0704
Checking output files:  
will tar file crab_fjr_9.xml in  out_files_9
will tar file CMSSW_9.stdout in  out_files_9
will tar file CMSSW_9.stderr in  out_files_9
WARNING: output file Watchdog_9.log.gz not found!
>>> padding time: Wrapper lasting more than 600 seconds. No sleep required.
STOPPING WATCHDOG. CrabWatchdog PID is 803
********** LAST 50 LINES OF WATCHDOG LOG
 Sep 03 10:44:02 CEST	---	1862096	2309700	300	----	----	----
 Sep 03 10:45:03 CEST	1283	1866884	2309700	300	246	365	cmsRun -j /home/grid/cms667/home_cream_055787888/CREAM055787888/crab_fjr_9.xml -p pset.py      
 Sep 03 10:45:03 CEST	---	1866884	2309700	431	----	----	----
 Sep 03 10:46:03 CEST	---	1866884	2309700	549	----	----	----
 Sep 03 10:47:04 CEST	1283	1889864	2318408	549	363	486	cmsRun -j /home/grid/cms667/home_cream_055787888/CREAM055787888/crab_fjr_9.xml -p pset.py      
 Sep 03 10:47:04 CEST	---	1889864	2318408	669	----	----	----
 Sep 03 10:48:04 CEST	---	1889864	2318408	792	----	----	----
 Sep 03 10:49:05 CEST	---	1889864	2318408	922	----	----	----
 Sep 03 10:50:05 CEST	1283	1893104	2323016	922	534	667	cmsRun -j /home/grid/cms667/home_cream_055787888/CREAM055787888/crab_fjr_9.xml -p pset.py      
 Sep 03 10:50:05 CEST	---	1893104	2323016	1045	----	----	----
 Sep 03 10:51:06 CEST	---	1893104	2323016	1174	----	----	----
 Sep 03 10:52:06 CEST	1283	1897672	2327368	1174	650	789	cmsRun -j /home/grid/cms667/home_cream_055787888/CREAM055787888/crab_fjr_9.xml -p pset.py      
 Sep 03 10:52:06 CEST	---	1897672	2327368	1313	----	----	----
 Sep 03 10:53:07 CEST	1283	1909312	2351944	1313	708	849	cmsRun -j /home/grid/cms667/home_cream_055787888/CREAM055787888/crab_fjr_9.xml -p pset.py      
 Sep 03 10:53:07 CEST	---	1909312	2351944	1439	----	----	----
 Sep 03 10:54:07 CEST	1283	1915076	2357832	1439	765	910	cmsRun -j /home/grid/cms667/home_cream_055787888/CREAM055787888/crab_fjr_9.xml -p pset.py      
 Sep 03 10:54:07 CEST	---	1915076	2357832	1563	----	----	----
 Sep 03 10:55:08 CEST	---	1915076	2357832	1684	----	----	----
 Sep 03 10:56:08 CEST	1283	1915076	2367560	1684	876	1030	cmsRun -j /home/grid/cms667/home_cream_055787888/CREAM055787888/crab_fjr_9.xml -p pset.py      
 Sep 03 10:56:08 CEST	---	1915076	2367560	1798	----	----	----
# TIME			PID	RSS(KB)	VSZ(KB)	Dsk(MB)	tCPU(s)	tWALL(s)	COMMAND
 Sep 03 10:57:09 CEST	1283	1924336	2380360	1798	932	1091	cmsRun -j /home/grid/cms667/home_cream_055787888/CREAM055787888/crab_fjr_9.xml -p pset.py      
 Sep 03 10:57:09 CEST	---	1924336	2380360	1920	----	----	----
 Sep 03 10:58:09 CEST	1283	1930948	2386504	1920	988	1151	cmsRun -j /home/grid/cms667/home_cream_055787888/CREAM055787888/crab_fjr_9.xml -p pset.py      
 Sep 03 10:58:09 CEST	---	1930948	2386504	2046	----	----	----
 Sep 03 10:59:09 CEST	1283	1930948	2393928	2046	1045	1212	cmsRun -j /home/grid/cms667/home_cream_055787888/CREAM055787888/crab_fjr_9.xml -p pset.py      
 Sep 03 10:59:09 CEST	---	1930948	2393928	2157	----	----	----
 Sep 03 11:00:10 CEST	1283	1936580	2408008	2157	1102	1272	cmsRun -j /home/grid/cms667/home_cream_055787888/CREAM055787888/crab_fjr_9.xml -p pset.py      
 Sep 03 11:00:10 CEST	---	1936580	2408008	2276	----	----	----
 Sep 03 11:01:11 CEST	1283	1956360	2431560	2276	1160	1333	cmsRun -j /home/grid/cms667/home_cream_055787888/CREAM055787888/crab_fjr_9.xml -p pset.py      
 Sep 03 11:01:11 CEST	---	1956360	2431560	2392	----	----	----
 Sep 03 11:02:11 CEST	---	1956360	2431560	2503	----	----	----
 Sep 03 11:03:12 CEST	---	1956360	2431560	2625	----	----	----
 Sep 03 11:04:12 CEST	---	1956360	2431560	2736	----	----	----
 Sep 03 11:05:13 CEST	---	1956360	2431560	2850	----	----	----
 Sep 03 11:06:13 CEST	---	1956360	2431560	2967	----	----	----
 Sep 03 11:07:14 CEST	---	1956360	2431560	3076	----	----	----
 Sep 03 11:08:14 CEST	1283	2014180	2486608	3076	1559	1757	cmsRun -j /home/grid/cms667/home_cream_055787888/CREAM055787888/crab_fjr_9.xml -p pset.py      
 Sep 03 11:08:14 CEST	---	2014180	2486608	3170	----	----	----
 Sep 03 11:09:15 CEST	---	2014180	2486608	3282	----	----	----
 Sep 03 11:10:16 CEST	1283	2025344	2486608	3282	1669	1878	cmsRun -j /home/grid/cms667/home_cream_055787888/CREAM055787888/crab_fjr_9.xml -p pset.py      
 Sep 03 11:10:16 CEST	---	2025344	2486608	3399	----	----	----
 Sep 03 11:11:16 CEST	---	2025344	2486608	3518	----	----	----
 Sep 03 11:12:17 CEST	---	2025344	2486608	3621	----	----	----
 Sep 03 11:13:17 CEST	---	2025344	2486608	3727	----	----	----
 Sep 03 11:14:18 CEST	1283	2033044	2486608	3727	1884	2120	cmsRun -j /home/grid/cms667/home_cream_055787888/CREAM055787888/crab_fjr_9.xml -p pset.py      
 Sep 03 11:14:18 CEST	---	2033044	2486608	3832	----	----	----
 Sep 03 11:15:18 CEST	---	2033044	2486608	3927	----	----	----
 Sep 03 11:16:18 CEST	---	2033044	2486608	4036	----	----	----
 Sep 03 11:17:19 CEST	---	2033044	2486608	4069	----	----	----
********** WATCHDOG LOG ENDED
ZIPPING WATCHDOG LOG
Disk space used:
du -sh /home/grid/cms667/home_cream_055787888/CREAM055787888
4.0G	/home/grid/cms667/home_cream_055787888/CREAM055787888
Found unusual stderr, rename for OSB
`/pool/grid/cms667/home_cream_055787888/CREAM055787888/CMSSW_9.stdout' -> `CMSSW_9.stderr'
crab_fjr_9.xml
CMSSW_9.stdout
CMSSW_9.stderr
Watchdog_9.log.gz
Total Output dimension: 79754
WARNING: output files size limit is set to: 55000000
Total Output dimension 79754 is fine.
JOB_EXIT_STATUS = 60307
>>> info for dashboard:
***** Cat /home/grid/cms667/home_cream_055787888/CREAM055787888/jobreport.txt *****
MonitorJobID=9_https://wms316.cern.ch:9000/UJ1AtNN5Vw40UWg6FJ5Fsw
MonitorID=marfin_crab_0_130903_090551_0kdn32
ExeTime=2247
ExeExitCode=0
StageOutExitStatusReason = 'Problem copying /home/grid/cms667/home_cream_055787888/CREAM055787888/CMSSW_5_3_11_patch6/output_9_2_fmm.root file Error copying [/home/grid/cms667/home_cream_055787888/CREAM055787888/CMSSW_5_3_11_patch6/output_9_2_fmm.root] to [output_9_2_fmm.root] 
ERROR: problems removing partially staged file output_9_2_fmm.root Error deleting [output_9_2_fmm.root] '
StageOutSE = srm-cms.cern.ch
StageOutExitStatus = 60307
CrabUserCpuTime=1954.35
CrabSysCpuTime=48.42
CrabCpuPercentage=89%
CrabWrapperTime=5070
CrabStageoutTime=2651
JobExitCode=60307
***** End Cat jobreport *****
Parameters sent to Dashboard.
crab_fjr_9.xml
