This script was generated by crab (version 2.9.0).
Running ./CMSSW.sh with 2 positional parameters: 18 1
Today is Tue Sep  3 09:43:34 CEST 2013
Job submitted on host lxbsq2028.cern.ch
Linux lxbsq2028.cern.ch 2.6.18-308.16.1.el5 #1 SMP Thu Oct 4 14:02:28 CEST 2012 x86_64 x86_64 x86_64 GNU/Linux
>>> current directory (RUNTIME_AREA): /home/grid/cms667/home_cream_984611487/CREAM984611487
>>> current user: uid=52545(cms667) gid=1399(zh) groups=1399(zh),1105811065 context=system_u:system_r:initrc_t
>>> directory permission set to 0700
>>> umask set to:  u=rwx,g=,o=
>>> stdout stderr permission set to 0704
>>> voms proxy information:
subject   : /C=DE/O=GermanGrid/OU=DESY/CN=Ihar Marfin/CN=proxy/CN=proxy/CN=proxy/CN=limited proxy
issuer    : /C=DE/O=GermanGrid/OU=DESY/CN=Ihar Marfin/CN=proxy/CN=proxy/CN=proxy
identity  : /C=DE/O=GermanGrid/OU=DESY/CN=Ihar Marfin/CN=proxy/CN=proxy/CN=proxy
type      : limited proxy
strength  : 1024 bits
path      : /home/grid/cms667/home_cream_984611487/cream_984611487.proxy
timeleft  : 175:29:13
key usage : 
=== VO cms extension information ===
VO        : cms
subject   : /C=DE/O=GermanGrid/OU=DESY/CN=Ihar Marfin
issuer    : /DC=ch/DC=cern/OU=computers/CN=lcg-voms.cern.ch
attribute : /cms/Role=NULL/Capability=NULL
attribute : /cms/dcms/Role=NULL/Capability=NULL
timeleft  : 175:31:01
uri       : lcg-voms.cern.ch:15002
>>> tar --no-same-permissions -xf /home/grid/cms667/home_cream_984611487/CREAM984611487/default.tgz :
Successful untar
>>> Include /home/grid/cms667/home_cream_984611487/CREAM984611487 in PYTHONPATH:
strip arguments
env var CRAB_UNIQUE_JOB_ID set to: marfin_crab_0_130903_090551_0kdn32_18_1_EYq
out_files_18
>>> list of expected files on output sandbox
output files: crab_fjr_18.xml CMSSW_18.stdout CMSSW_18.stderr Watchdog_18.log.gz
>>> GridFlavour discovery: 
GridFlavour=LCG
>>> SyncSite discovery: 
not reporting SyncSite
>>> SyncCE discovery: 
getting SyncCE from CE_ID
SyncCE=ce207.cern.ch:8443/cream-lsf-grid_cms
>>> info for dashboard:
***** Cat /home/grid/cms667/home_cream_984611487/CREAM984611487/jobreport.txt *****
MonitorJobID=18_https://wms314.cern.ch:9000/jTsdBHAugXp6byPZdg9y3g
SyncGridJobId=https://wms314.cern.ch:9000/jTsdBHAugXp6byPZdg9y3g
MonitorID=marfin_crab_0_130903_090551_0kdn32
GridFlavour=LCG
SyncCE=ce207.cern.ch:8443/cream-lsf-grid_cms
***** End Cat jobreport *****
Parameters sent to Dashboard.
>>> setup environment
set SCRAM ARCH to slc5_amd64_gcc462
SCRAM_ARCH = slc5_amd64_gcc462
>>> setup CMS LCG environment:
set SCRAM ARCH and BUILD_ARCH to slc5_amd64_gcc462 ###
Sourcing environment... 
sourcing /afs/cern.ch/project/gd/apps/cms/cmsset_default.sh
==> setup cms environment ok
>>> specific cmssw setup environment:
CMSSW_VERSION =  CMSSW_5_3_11_patch6
>>> current directory (SOFTWARE_DIR): /home/grid/cms667/home_cream_984611487/CREAM984611487/CMSSW_5_3_11_patch6
PreserveSeeds: <>
IncrementSeeds:<>
{"output.root": ""}
WNHostName=lxbsq2028.cern.ch
>>> info for dashboard:
***** Cat /home/grid/cms667/home_cream_984611487/CREAM984611487/jobreport.txt *****
MonitorJobID=18_https://wms314.cern.ch:9000/jTsdBHAugXp6byPZdg9y3g
MonitorID=marfin_crab_0_130903_090551_0kdn32
WNHostName=lxbsq2028.cern.ch
***** End Cat jobreport *****
Parameters sent to Dashboard.
crabWatchdog started as process 13065
>>> moving CMSSW software directories in /home/grid/cms667/home_cream_984611487/CREAM984611487/CMSSW_5_3_11_patch6
mv: cannot stat `/home/grid/cms667/home_cream_984611487/CREAM984611487/module/': No such file or directory
>>> Include /home/grid/cms667/home_cream_984611487/CREAM984611487 in PYTHONPATH:
PYTHONPATH=/home/grid/cms667/home_cream_984611487/CREAM984611487/:/pool/grid/cms667/home_cream_984611487/CREAM984611487/CMSSW_5_3_11_patch6/python:/pool/grid/cms667/home_cream_984611487/CREAM984611487/CMSSW_5_3_11_patch6/lib/slc5_amd64_gcc462:/afs/cern.ch/cms/slc5_amd64_gcc462/cms/cmssw-patch/CMSSW_5_3_11_patch6/python:/afs/cern.ch/cms/slc5_amd64_gcc462/cms/cmssw-patch/CMSSW_5_3_11_patch6/lib/slc5_amd64_gcc462:/afs/cern.ch/cms/slc5_amd64_gcc462/cms/cmssw/CMSSW_5_3_11/bin/slc5_amd64_gcc462:/afs/cern.ch/cms/slc5_amd64_gcc462/cms/cmssw/CMSSW_5_3_11/lib/slc5_amd64_gcc462:/afs/cern.ch/cms/slc5_amd64_gcc462/cms/coral/CORAL_2_3_21-cms35/slc5_amd64_gcc462/python:/afs/cern.ch/cms/slc5_amd64_gcc462/cms/coral/CORAL_2_3_21-cms35/slc5_amd64_gcc462/lib:/afs/cern.ch/cms/slc5_amd64_gcc462/external/pyqt/4.8.1/lib/python2.6/site-packages:/afs/cern.ch/cms/slc5_amd64_gcc462/external/py2-scipy/0.8.0/lib/python2.6/site-packages:/afs/cern.ch/cms/slc5_amd64_gcc462/external/py2-matplotlib/1.0.1/lib/python2.6/site-packages:/afs/cern.ch/cms/slc5_amd64_gcc462/external/python-ldap/2.3.5/lib/python2.6/site-packages:/afs/cern.ch/cms/slc5_amd64_gcc462/external/sip/4.11.2/lib/python2.6/site-packages:/afs/cern.ch/cms/slc5_amd64_gcc462/external/py2-pycurl/7.19.0/lib/python2.6/site-packages:/afs/cern.ch/cms/slc5_amd64_gcc462/external/py2-numpy/1.6.1/lib/python2.6/site-packages:/afs/cern.ch/cms/slc5_amd64_gcc462/external/py2-ipython/0.10/lib/python2.6/site-packages:/afs/cern.ch/cms/slc5_amd64_gcc462/external/py2-cx-oracle/5.1-cms11/lib/python2.6/site-packages:/afs/cern.ch/cms/slc5_amd64_gcc462/external/py2-cjson/1.0.5/lib/python2.6/site-packages:/afs/cern.ch/cms/slc5_amd64_gcc462/cms/das-client/1.9.5/bin:/afs/cern.ch/cms/slc5_amd64_gcc462/external/elementtree/1.2.6/share/lib/python2.6/site-packages:/afs/cern.ch/cms/slc5_amd64_gcc462/external/rivet/1.8.2/lib/python2.6/site-packages:/afs/cern.ch/cms/slc5_amd64_gcc462/external/pyminuit2/0.0.1-cms39/lib/python2.6/site-packages:/afs/cern.ch/cms/slc5_amd64_gcc462/external/professor/1.0.0-cms40/lib/python2.6/site-packages:/afs/cern.ch/cms/slc5_amd64_gcc462/lcg/root/5.32.00-cms21/lib:/afs/cern.ch/cms/slc5_amd64_gcc462/cms/dbs-client/DBS_2_1_9-cms3/lib:/afs/cern.ch/cms/slc5_amd64_gcc462/cms/dbs-client/DBS_2_1_9-cms3/lib/DBSAPI:/afs/cern.ch/cms/slc5_amd64_gcc462/external/cvs2git/5419/lib:/home/grid/cms667/home_cream_984611487/CREAM984611487/
 
# LIMITS USED BY CRAB WATCHDOG:
# RSS  (KBytes)   : 2300000
# VSZ  (KBytes)   : 100000000
# DISK (MBytes)   : 19000
# CPU TIME        : 720h:0m:0s
# WALL CLOCK TIME : 21h:50m:0s
 
844a175eacc74cc51be2e7d71ca2539e
PSETHASH = 844a175eacc74cc51be2e7d71ca2539e
/home/grid/cms667/home_cream_984611487/CREAM984611487/writeCfg.py pset.py pset.py
Importing .py file
Setting parameters
RandomNumberGeneratorService found, will attempt to change seeds
inputBlocks=/RelValTTbar/CMSSW_5_3_11_patch3-PU_START53_LV2_09Jul2013-v1/GEN-SIM-DIGI-RAW-HLTDEBUG#bc03e9fc-e90e-11e2-95e5-00221959e7c0
inputFiles=/store/relval/CMSSW_5_3_11_patch3/RelValTTbar/GEN-SIM-DIGI-RAW-HLTDEBUG/PU_START53_LV2_09Jul2013-v1/00000/EEFEBFCC-08E9-E211-9987-00261894393B.root;/store/relval/CMSSW_5_3_11_patch3/RelValTTbar/GEN-SIM-DIGI-RAW-HLTDEBUG/PU_START53_LV2_09Jul2013-v1/00000/7E4AC3A7-08E9-E211-B239-00261894380A.root;/store/relval/CMSSW_5_3_11_patch3/RelValTTbar/GEN-SIM-DIGI-RAW-HLTDEBUG/PU_START53_LV2_09Jul2013-v1/00000/305BFBC0-08E9-E211-9196-00261894389C.root
parentFiles=
lumisRange=
>>> Executable cmsRun
/afs/cern.ch/cms/slc5_amd64_gcc462/cms/cmssw-patch/CMSSW_5_3_11_patch6/bin/slc5_amd64_gcc462/cmsRun
ok executable found
>>> info for dashboard:
***** Cat /home/grid/cms667/home_cream_984611487/CREAM984611487/jobreport.txt *****
MonitorJobID=18_https://wms314.cern.ch:9000/jTsdBHAugXp6byPZdg9y3g
MonitorID=marfin_crab_0_130903_090551_0kdn32
ExeStart=cmsRun
***** End Cat jobreport *****
Parameters sent to Dashboard.
>>> cmsRun started at Tue Sep  3 07:44:02 UTC 2013
>>> cmsRun ended at Tue Sep  3 08:09:31 UTC 2013
>>> crab_fjr_*.xml  permission set to 0704
>>> info for dashboard:
***** Cat /home/grid/cms667/home_cream_984611487/CREAM984611487/jobreport.txt *****
MonitorJobID=18_https://wms314.cern.ch:9000/jTsdBHAugXp6byPZdg9y3g
MonitorID=marfin_crab_0_130903_090551_0kdn32
ExeEnd=cmsRun
***** End Cat jobreport *****
Parameters sent to Dashboard.
TIME_EXE = 1529 sec
>>> cmsRun wrote 72 lines of stdout+stderr
>>> START OF printout of 72 lines from stdout+stderr
03-Sep-2013 09:44:55 CEST  Initiating request to open file root://eoscms//eos/cms/store/relval/CMSSW_5_3_11_patch3/RelValTTbar/GEN-SIM-DIGI-RAW-HLTDEBUG/PU_START53_LV2_09Jul2013-v1/00000/EEFEBFCC-08E9-E211-9987-00261894393B.root?svcClass=default
130903 09:44:55 13233 Xrd: GoToAnotherServer: Going to: lxfsrd16c02.cern.ch:1095
03-Sep-2013 09:45:01 CEST  Successfully opened file root://eoscms//eos/cms/store/relval/CMSSW_5_3_11_patch3/RelValTTbar/GEN-SIM-DIGI-RAW-HLTDEBUG/PU_START53_LV2_09Jul2013-v1/00000/EEFEBFCC-08E9-E211-9987-00261894393B.root?svcClass=default
%MSG-w SiStripQuality:  EventSetupRecordDataGetter:hltGetConditions@beginRun  03-Sep-2013 09:46:11 CEST Run: 1
The cabling should always include the active feds in runInfo and possibly have some morethere are instead 59 feds only active in runInfo
%MSG
Begin processing the 1st record. Run 1, Event 6996, LumiSection 140 at 03-Sep-2013 09:46:30.736 CEST
03-Sep-2013 09:47:04 CEST  Closed file root://eoscms//eos/cms/store/relval/CMSSW_5_3_11_patch3/RelValTTbar/GEN-SIM-DIGI-RAW-HLTDEBUG/PU_START53_LV2_09Jul2013-v1/00000/EEFEBFCC-08E9-E211-9987-00261894393B.root?svcClass=default
03-Sep-2013 09:47:04 CEST  Initiating request to open file root://eoscms//eos/cms/store/relval/CMSSW_5_3_11_patch3/RelValTTbar/GEN-SIM-DIGI-RAW-HLTDEBUG/PU_START53_LV2_09Jul2013-v1/00000/7E4AC3A7-08E9-E211-B239-00261894380A.root?svcClass=default
130903 09:47:04 13233 Xrd: GoToAnotherServer: Going to: lxfsrf37c03.cern.ch:1095
03-Sep-2013 09:47:04 CEST  Successfully opened file root://eoscms//eos/cms/store/relval/CMSSW_5_3_11_patch3/RelValTTbar/GEN-SIM-DIGI-RAW-HLTDEBUG/PU_START53_LV2_09Jul2013-v1/00000/7E4AC3A7-08E9-E211-B239-00261894380A.root?svcClass=default
130903 09:52:25 13233 Xrd: XrdClientMessage::ReadRaw: Failed to read header (8 bytes).
Begin processing the 101st record. Run 1, Event 2096, LumiSection 42 at 03-Sep-2013 09:55:20.161 CEST
DTTSPhi::addTracoT: preview not present in TRACO trigger or its code=0  trigger not added!
DTTSPhi::addTracoT: preview not present in TRACO trigger or its code=0  trigger not added!
DTTSPhi::addTracoT: preview not present in TRACO trigger or its code=0  trigger not added!
DTTSPhi::addTracoT: preview not present in TRACO trigger or its code=0  trigger not added!
DTTSPhi::addTracoT: preview not present in TRACO trigger or its code=0  trigger not added!
DTTSPhi::addTracoT: preview not present in TRACO trigger or its code=0  trigger not added!
Begin processing the 201st record. Run 1, Event 2746, LumiSection 55 at 03-Sep-2013 09:58:30.625 CEST
DTTSPhi::addTracoT: preview not present in TRACO trigger or its code=0  trigger not added!
DTTSPhi::addTracoT: preview not present in TRACO trigger or its code=0  trigger not added!
DTTSPhi::addTracoT: preview not present in TRACO trigger or its code=0  trigger not added!
Begin processing the 301st record. Run 1, Event 3496, LumiSection 70 at 03-Sep-2013 10:01:40.126 CEST
DTTSPhi::addTracoT: preview not present in TRACO trigger or its code=0  trigger not added!
%MSG-w BasicTrajectoryState:   ElectronSeedProducer:hltActivityStartUpElectronPixelSeeds  03-Sep-2013 10:04:38 CEST Run: 1 Event: 3640
local error not pos-def
[            1           0           0           0           0
             0-1.50063e-16-1.10029e-16 -1.0357e-11 3.33637e-09
             0-1.10029e-16 3.79009e-14  3.3364e-09 -1.1478e-06
             0 -1.0357e-11  3.3364e-09 0.000314016   -0.101156
             0 3.33637e-09 -1.1478e-06   -0.101156     34.8002 ]
%MSG
%MSG-w BasicTrajectoryState:   ElectronSeedProducer:hltActivityStartUpElectronPixelSeeds  03-Sep-2013 10:04:38 CEST Run: 1 Event: 3640
curv error not pos-def
[            1           0           0           0           0
             0 3.79011e-14-2.00616e-11-1.96376e-09 1.14781e-06
             0-2.00616e-11-1.40198e-05  1.2275e-06-0.000599835
             0-1.96376e-09  1.2275e-06 0.000121842  -0.0595392
             0 1.14781e-06-0.000599835  -0.0595392     34.8004 ]
%MSG
Begin processing the 401st record. Run 1, Event 3646, LumiSection 73 at 03-Sep-2013 10:04:49.530 CEST
03-Sep-2013 10:04:58 CEST  Closed file root://eoscms//eos/cms/store/relval/CMSSW_5_3_11_patch3/RelValTTbar/GEN-SIM-DIGI-RAW-HLTDEBUG/PU_START53_LV2_09Jul2013-v1/00000/7E4AC3A7-08E9-E211-B239-00261894380A.root?svcClass=default
03-Sep-2013 10:04:58 CEST  Initiating request to open file root://eoscms//eos/cms/store/relval/CMSSW_5_3_11_patch3/RelValTTbar/GEN-SIM-DIGI-RAW-HLTDEBUG/PU_START53_LV2_09Jul2013-v1/00000/305BFBC0-08E9-E211-9196-00261894389C.root?svcClass=default
130903 10:04:58 13233 Xrd: GoToAnotherServer: Going to: lxfsre42c02.cern.ch:1095
03-Sep-2013 10:04:58 CEST  Successfully opened file root://eoscms//eos/cms/store/relval/CMSSW_5_3_11_patch3/RelValTTbar/GEN-SIM-DIGI-RAW-HLTDEBUG/PU_START53_LV2_09Jul2013-v1/00000/305BFBC0-08E9-E211-9196-00261894389C.root?svcClass=default
DTTSPhi::addTracoT: preview not present in TRACO trigger or its code=0  trigger not added!
DTTSPhi::addTracoT: preview not present in TRACO trigger or its code=0  trigger not added!
03-Sep-2013 10:09:22 CEST  Closed file root://eoscms//eos/cms/store/relval/CMSSW_5_3_11_patch3/RelValTTbar/GEN-SIM-DIGI-RAW-HLTDEBUG/PU_START53_LV2_09Jul2013-v1/00000/305BFBC0-08E9-E211-9196-00261894389C.root?svcClass=default

=============================================

MessageLogger Summary

 type     category        sev    module        subroutine        count    total
 ---- -------------------- -- ---------------- ----------------  -----    -----
    1 BasicTrajectoryState -w ElectronSeedProd                       2        2
    2 SiStripQuality       -w EventSetupRecord                       1        1
    3 fileAction           -s file_close                             3        3
    4 fileAction           -s file_open                              6        6

 type    category    Examples: run/evt        run/evt          run/evt
 ---- -------------------- ---------------- ---------------- ----------------
    1 BasicTrajectoryState 1/3640           1/3640           
    2 SiStripQuality       Run: 1                            
    3 fileAction           PostProcessEvent PostProcessEvent PostEndRun
    4 fileAction           pre-events       pre-events       PostProcessEvent

Severity    # Occurrences   Total Occurrences
--------    -------------   -----------------
Warning                 3                   3
System                  9                   9
>>> END OF printout of 72 lines from stdout+stderr
>>> Parse FrameworkJobReport crab_fjr.xml
Result of parsing the FrameworkJobReport crab_fjr.xml: Popularity start
lumisRange : 1::::1;1::143-144::2;1::38,42,52,55,62,70-71,73::3;
lumisParentRange : 
Basename : /store/relval/CMSSW_5_3_11_patch3/RelValTTbar/GEN-SIM-DIGI-RAW-HLTDEBUG/PU_START53_LV2_09Jul2013-v1/00000/
BasenameParent : 
parentFiles : 
inputBlocks : /RelValTTbar/CMSSW_5_3_11_patch3-PU_START53_LV2_09Jul2013-v1/GEN-SIM-DIGI-RAW-HLTDEBUG#bc03e9fc-e90e-11e2-95e5-00221959e7c0
inputFiles : EEFEBFCC-08E9-E211-9987-00261894393B.root::1::EDM::Local::1;305BFBC0-08E9-E211-9196-00261894389C.root::1::EDM::Local::2;7E4AC3A7-08E9-E211-B239-00261894380A.root::1::EDM::Local::3;
Popularity stop
Extracted ExitStatus from FrameworkJobReport parsing output: 0
>>> Executable succeded  0
ExeExitCode=0
EXECUTABLE_EXIT_STATUS = 0
>>> current directory /home/grid/cms667/home_cream_984611487/CREAM984611487/CMSSW_5_3_11_patch6
>>>  (SOFTWARE_DIR): /home/grid/cms667/home_cream_984611487/CREAM984611487/CMSSW_5_3_11_patch6
>>> (WORKING_DIR): 
>>> current directory content:
total 4051496
drwxr-xr-x 3 cms667 zh       4096 Sep  3 09:43 .SCRAM
-rw------- 1 cms667 zh    3842683 Sep  3 09:43 CMSSW.py.pkl
drwxr-xr-x 3 cms667 zh       4096 Sep  3 09:43 bin
drwxr-xr-x 3 cms667 zh       4096 Sep  3 09:43 cfipython
drwxr-xr-x 4 cms667 zh       4096 Sep  3 09:43 config
-rw------- 1 cms667 zh         18 Sep  3 10:09 cpu_timing.txt
drwxr-xr-x 2 cms667 zh       4096 Sep  3 09:43 doc
-rw------- 1 cms667 zh       6438 Sep  3 10:09 executable.out
drwxr-xr-x 2 cms667 zh       4096 Sep  3 09:43 include
drwx------ 3 cms667 zh       4096 Aug 26 18:31 lib
drwxr-xr-x 3 cms667 zh       4096 Sep  3 09:43 logs
drwxr-xr-x 3 cms667 zh       4096 Sep  3 09:43 objs
-rw------- 1 cms667 zh 4136817086 Sep  3 10:09 output.root
-rw------- 1 cms667 zh        104 Sep  3 09:43 pset.py
-rw------- 1 cms667 zh    3843682 Sep  3 09:44 pset.py.pkl
-rw------- 1 cms667 zh        289 Sep  3 09:43 pset.pyc
drwxr-xr-x 2 cms667 zh       4096 Sep  3 09:43 python
-rw------- 1 cms667 zh        440 Sep  3 10:09 report.log
drwx------ 5 cms667 zh       4096 Sep  3 09:43 src
drwxr-xr-x 3 cms667 zh       4096 Sep  3 09:43 test
drwxr-xr-x 3 cms667 zh       4096 Sep  3 09:43 tmp
>>> current directory /home/grid/cms667/home_cream_984611487/CREAM984611487/CMSSW_5_3_11_patch6
>>> (SOFTWARE_DIR): /home/grid/cms667/home_cream_984611487/CREAM984611487/CMSSW_5_3_11_patch6
>>> (WORKING_DIR): 
>>> current directory content:
total 4051496
drwxr-xr-x 3 cms667 zh       4096 Sep  3 09:43 .SCRAM
-rw------- 1 cms667 zh    3842683 Sep  3 09:43 CMSSW.py.pkl
drwxr-xr-x 3 cms667 zh       4096 Sep  3 09:43 bin
drwxr-xr-x 3 cms667 zh       4096 Sep  3 09:43 cfipython
drwxr-xr-x 4 cms667 zh       4096 Sep  3 09:43 config
-rw------- 1 cms667 zh         18 Sep  3 10:09 cpu_timing.txt
drwxr-xr-x 2 cms667 zh       4096 Sep  3 09:43 doc
-rw------- 1 cms667 zh       6438 Sep  3 10:09 executable.out
drwxr-xr-x 2 cms667 zh       4096 Sep  3 09:43 include
drwx------ 3 cms667 zh       4096 Aug 26 18:31 lib
drwxr-xr-x 3 cms667 zh       4096 Sep  3 09:43 logs
drwxr-xr-x 3 cms667 zh       4096 Sep  3 09:43 objs
-rw------- 1 cms667 zh 4136817086 Sep  3 10:09 output_18_1_EYq.root
-rw------- 1 cms667 zh        104 Sep  3 09:43 pset.py
-rw------- 1 cms667 zh    3843682 Sep  3 09:44 pset.py.pkl
-rw------- 1 cms667 zh        289 Sep  3 09:43 pset.pyc
drwxr-xr-x 2 cms667 zh       4096 Sep  3 09:43 python
-rw------- 1 cms667 zh        440 Sep  3 10:09 report.log
drwx------ 5 cms667 zh       4096 Sep  3 09:43 src
drwxr-xr-x 3 cms667 zh       4096 Sep  3 09:43 test
drwxr-xr-x 3 cms667 zh       4096 Sep  3 09:43 tmp
>>> current directory (RUNTIME_AREA):  /home/grid/cms667/home_cream_984611487/CREAM984611487
SE = srm-cms.cern.ch
SE_PATH = /srm/managerv2?SFN=/castor/cern.ch/user/m/marfin//53xRelVal2011Redigi/
LFNBaseName = /53xRelVal2011Redigi/marfin/RelValTTbar/53xRelVal2011Redigi/844a175eacc74cc51be2e7d71ca2539e/
USER = marfin
endpoint = srm://srm-cms.cern.ch:8443/srm/managerv2?SFN=/castor/cern.ch/user/m/marfin//53xRelVal2011Redigi/marfin/RelValTTbar/53xRelVal2011Redigi/844a175eacc74cc51be2e7d71ca2539e/
>>> Copy output files from WN = lxbsq2028.cern.ch to /srm/managerv2?SFN=/castor/cern.ch/user/m/marfin//53xRelVal2011Redigi/ :
python cmscp.py  --destination srm://srm-cms.cern.ch:8443/srm/managerv2?SFN=/castor/cern.ch/user/m/marfin//53xRelVal2011Redigi/marfin/RelValTTbar/53xRelVal2011Redigi/844a175eacc74cc51be2e7d71ca2539e/ --inputFileList /home/grid/cms667/home_cream_984611487/CREAM984611487/CMSSW_5_3_11_patch6/output_18_1_EYq.root --middleware LCG --se_name srm-cms.cern.ch --for_lfn /53xRelVal2011Redigi/marfin/RelValTTbar/53xRelVal2011Redigi/844a175eacc74cc51be2e7d71ca2539e/    
******************************************************
localSeName  =  srm-eoscms.cern.ch
remoteSeName =  srm-cms.cern.ch
******************************************************
{"/home/grid/cms667/home_cream_984611487/CREAM984611487/CMSSW_5_3_11_patch6/output_18_1_EYq.root": {"endpoint": "srm://srm-cms.cern.ch:8443/srm/managerv2?SFN=/castor/cern.ch/user/m/marfin//53xRelVal2011Redigi/marfin/RelValTTbar/53xRelVal2011Redigi/844a175eacc74cc51be2e7d71ca2539e/", "surl_for_grid": "", "reason": "Copy succedeed with srm-lcg utils", "erCode": "0", "se_name": "srm-cms.cern.ch", "for_lfn": "/53xRelVal2011Redigi/marfin/RelValTTbar/53xRelVal2011Redigi/844a175eacc74cc51be2e7d71ca2539e/"}}/home/grid/cms667/home_cream_984611487/CREAM984611487
-------- cat /home/grid/cms667/home_cream_984611487/CREAM984611487/cmscpReport.sh 
#!/bin/bash
echo "Report for File: /home/grid/cms667/home_cream_984611487/CREAM984611487/CMSSW_5_3_11_patch6/output_18_1_EYq.root"
echo "LFN: /53xRelVal2011Redigi/marfin/RelValTTbar/53xRelVal2011Redigi/844a175eacc74cc51be2e7d71ca2539e/output_18_1_EYq.root"
echo "StorageElement: srm-cms.cern.ch"
echo "StageOutExitStatusReason = 'Copy succedeed with srm-lcg utils'" | tee -a $RUNTIME_AREA/$repo
echo "StageOutSE = srm-cms.cern.ch" >> $RUNTIME_AREA/$repo

export StageOutExitStatus=0
echo "StageOutExitStatus = 0" | tee -a $RUNTIME_AREA/$repo
-------- end of /home/grid/cms667/home_cream_984611487/CREAM984611487/cmscpReport.sh 
Report for File: /home/grid/cms667/home_cream_984611487/CREAM984611487/CMSSW_5_3_11_patch6/output_18_1_EYq.root
LFN: /53xRelVal2011Redigi/marfin/RelValTTbar/53xRelVal2011Redigi/844a175eacc74cc51be2e7d71ca2539e/output_18_1_EYq.root
StorageElement: srm-cms.cern.ch
StageOutExitStatusReason = 'Copy succedeed with srm-lcg utils'
StageOutExitStatus = 0
>>> current dir: /home/grid/cms667/home_cream_984611487/CREAM984611487
>>> current dir content:
total 6400
-rwx------  1 cms667 zh   13669 Sep  3 09:43 .BrokerInfo
-rw-------  1 cms667 zh    4772 Sep  3 10:11 .SEinteraction.log
-rwx------  1 cms667 zh       0 Sep  3 09:43 .tmp_file
-rw-------  1 cms667 zh     105 Sep  3 09:05 CMSSW.py
-rw-------  1 cms667 zh 3842683 Sep  3 09:05 CMSSW.py.pkl
-rwx------  1 cms667 zh   27957 Sep  3 09:43 CMSSW.sh
-rwx------  1 cms667 zh       0 Sep  3 09:43 CMSSW_18.stderr
-rwx---r--  1 cms667 zh   21169 Sep  3 10:11 CMSSW_18.stdout
drwxr-xr-x 15 cms667 zh    4096 Sep  3 10:09 CMSSW_5_3_11_patch6
-rw-------  1 cms667 zh     484 Sep  3 09:43 CacheEnv.sh
-rw-------  1 cms667 zh    7291 Jun  9  2010 DashboardAPI.py
-rw-------  1 cms667 zh    6493 Sep  3 09:43 DashboardAPI.pyc
drwx------  3 cms667 zh    4096 Aug 20 17:36 IMProv
-rw-------  1 cms667 zh    2748 Mar  8  2006 Logger.py
-rw-------  1 cms667 zh    3223 Sep  3 09:43 Logger.pyc
-rw-------  1 cms667 zh   24524 Mar 28  2008 ProcInfo.py
-rw-------  1 cms667 zh   22846 Sep  3 09:43 ProcInfo.pyc
drwx------  7 cms667 zh    4096 Sep  3 09:43 ProdCommon
drwx------  3 cms667 zh    4096 Sep  3 09:43 WMCore
-rw-------  1 cms667 zh    5131 Sep  3 10:09 Watchdog_18.log
-rw-------  1 cms667 zh   32895 Mar 28  2008 apmon.py
-rw-------  1 cms667 zh   28120 Sep  3 09:43 apmon.pyc
-rwx------  1 cms667 zh   10416 Sep  3 09:43 arguments.xml
-rwx------  1 cms667 zh   38507 Aug  6 23:12 cmscp.py
-rw-------  1 cms667 zh     542 Sep  3 10:11 cmscpReport.sh
-rw-------  1 cms667 zh     634 Sep  3 09:05 crab.cfg
-rwx------  1 cms667 zh    8610 Apr  2 15:44 crabWatchdog.sh
-rwx---r--  1 cms667 zh  931309 Sep  3 10:09 crab_fjr_18.xml
-rwx------  1 cms667 zh 1214804 Sep  3 09:43 default.tgz
-rwx------  1 cms667 zh    4488 May 12  2012 fillCrabFjr.py
-rw-------  1 cms667 zh     616 Sep  3 09:43 inputsReport.txt
-rw-------  1 cms667 zh     254 Sep  3 10:11 jobreport.txt
lrwxrwxrwx  1 cms667 zh      94 Sep  3 10:09 output.root -> /home/grid/cms667/home_cream_984611487/CREAM984611487/CMSSW_5_3_11_patch6/output_18_1_EYq.root
-rw-------  1 cms667 zh   17352 Jan 20  2012 parseCrabFjr.py
-rw-------  1 cms667 zh     265 Sep  3 09:43 report.log
-rwx--x--x  1 cms667 zh    1497 May 27  2009 report.py
-rw-------  1 cms667 zh     505 Sep  3 10:11 resultCopyFile
-rwx------  1 cms667 zh    8387 Mar 23  2011 writeCfg.py
>>> Modify Job Report:
CMSSW_VERSION = CMSSW_5_3_11_patch6
ProcessedDataset = 53xRelVal2011Redigi
/home/grid/cms667/home_cream_984611487/CREAM984611487/ProdCommon/FwkJobRep/ModifyJobReport.py fjr /home/grid/cms667/home_cream_984611487/CREAM984611487/crab_fjr_18.xml json /home/grid/cms667/home_cream_984611487/CREAM984611487/resultCopyFile n_job 18_1_EYq PrimaryDataset RelValTTbar  ApplicationFamily cmsRun ApplicationName cmsRun cmssw_version CMSSW_5_3_11_patch6 psethash 844a175eacc74cc51be2e7d71ca2539e UserProcessedDataset marfin-53xRelVal2011Redigi-844a175eacc74cc51be2e7d71ca2539e
inputDict =  {u'/home/grid/cms667/home_cream_984611487/CREAM984611487/CMSSW_5_3_11_patch6/output_18_1_EYq.root': {u'endpoint': u'srm://srm-cms.cern.ch:8443/srm/managerv2?SFN=/castor/cern.ch/user/m/marfin//53xRelVal2011Redigi/marfin/RelValTTbar/53xRelVal2011Redigi/844a175eacc74cc51be2e7d71ca2539e/', u'surl_for_grid': u'', u'reason': u'Copy succedeed with srm-lcg utils', u'erCode': u'0', u'se_name': u'srm-cms.cern.ch', u'for_lfn': u'/53xRelVal2011Redigi/marfin/RelValTTbar/53xRelVal2011Redigi/844a175eacc74cc51be2e7d71ca2539e/'}}
diz_filter =  {u'output.root': u''}
UserProcessedDataset =  marfin-53xRelVal2011Redigi-844a175eacc74cc51be2e7d71ca2539e
file_name in inputDict =  /home/grid/cms667/home_cream_984611487/CREAM984611487/CMSSW_5_3_11_patch6/output_18_1_EYq.root
(size) os.stat(filename)[6] =  4136817086
checksum =  3210130361
filter =  
    file =  output_18_1_EYq.root
    newPfn =  srm://srm-cms.cern.ch:8443/srm/managerv2?SFN=/castor/cern.ch/user/m/marfin//53xRelVal2011Redigi/marfin/RelValTTbar/53xRelVal2011Redigi/844a175eacc74cc51be2e7d71ca2539e/output_18_1_EYq.root
    newLfn =  /53xRelVal2011Redigi/marfin/RelValTTbar/53xRelVal2011Redigi/844a175eacc74cc51be2e7d71ca2539e/output_18_1_EYq.root
>>> crab_fjr_*.xml  permission set to 0704
Checking output files:  
will tar file crab_fjr_18.xml in  out_files_18
will tar file CMSSW_18.stdout in  out_files_18
will tar file CMSSW_18.stderr in  out_files_18
WARNING: output file Watchdog_18.log.gz not found!
>>> padding time: Wrapper lasting more than 600 seconds. No sleep required.
STOPPING WATCHDOG. CrabWatchdog PID is 13065
********** LAST 50 LINES OF WATCHDOG LOG
# IF CHANGE WAS IN RSS OR VSZ ALSO PROCID AND COMMAND ARE PRINTED
# THERE IS NO PRINTOUT FOR CPU/WALL TIME INCREASE
 
# TIME			PID	RSS(KB)	VSZ(KB)	Dsk(MB)	tCPU(s)	tWALL(s)	COMMAND
 Sep 03 09:43:43 CEST	12940	1144	63876	0	0	0	sh -c "./CMSSW.sh" 18 1$* > "CMSSW_18.stdout" 2> "CMSSW_18.stderr"  
 Sep 03 09:43:43 CEST	12943	1508	64128	0	0	1	/bin/sh ./CMSSW.sh 18 1       
 Sep 03 09:43:43 CEST	---	1508	64128	18	----	----	----
 Sep 03 09:44:44 CEST	13233	215008	354300	18	8	61	cmsRun -j /home/grid/cms667/home_cream_984611487/CREAM984611487/crab_fjr_18.xml -p pset.py      
 Sep 03 09:44:44 CEST	---	215008	354300	22	----	----	----
 Sep 03 09:45:44 CEST	13233	676004	943096	22	26	121	cmsRun -j /home/grid/cms667/home_cream_984611487/CREAM984611487/crab_fjr_18.xml -p pset.py      
 Sep 03 09:46:44 CEST	13233	1717764	2137048	22	52	181	cmsRun -j /home/grid/cms667/home_cream_984611487/CREAM984611487/crab_fjr_18.xml -p pset.py      
 Sep 03 09:46:44 CEST	---	1717764	2137048	28	----	----	----
 Sep 03 09:47:45 CEST	13233	1717764	2173596	28	78	242	cmsRun -j /home/grid/cms667/home_cream_984611487/CREAM984611487/crab_fjr_18.xml -p pset.py      
 Sep 03 09:47:45 CEST	---	1717764	2173596	364	----	----	----
 Sep 03 09:48:45 CEST	13233	1717764	2176668	364	91	302	cmsRun -j /home/grid/cms667/home_cream_984611487/CREAM984611487/crab_fjr_18.xml -p pset.py      
 Sep 03 09:48:45 CEST	---	1717764	2176668	839	----	----	----
 Sep 03 09:49:45 CEST	13233	1733232	2198428	839	107	362	cmsRun -j /home/grid/cms667/home_cream_984611487/CREAM984611487/crab_fjr_18.xml -p pset.py      
 Sep 03 09:49:45 CEST	---	1733232	2198428	1446	----	----	----
 Sep 03 09:50:45 CEST	13233	1745036	2222236	1446	123	423	cmsRun -j /home/grid/cms667/home_cream_984611487/CREAM984611487/crab_fjr_18.xml -p pset.py      
 Sep 03 09:50:45 CEST	---	1745036	2222236	2025	----	----	----
 Sep 03 09:51:47 CEST	13233	1782532	2228380	2025	138	484	cmsRun -j /home/grid/cms667/home_cream_984611487/CREAM984611487/crab_fjr_18.xml -p pset.py      
 Sep 03 09:51:47 CEST	---	1782532	2228380	2622	----	----	----
 Sep 03 09:52:47 CEST	13233	1813748	2282140	2622	175	544	cmsRun -j /home/grid/cms667/home_cream_984611487/CREAM984611487/crab_fjr_18.xml -p pset.py      
 Sep 03 09:52:47 CEST	---	1813748	2282140	2913	----	----	----
 Sep 03 09:53:47 CEST	13233	1818736	2282140	2913	234	605	cmsRun -j /home/grid/cms667/home_cream_984611487/CREAM984611487/crab_fjr_18.xml -p pset.py      
 Sep 03 09:53:47 CEST	---	1818736	2282140	2949	----	----	----
 Sep 03 09:54:48 CEST	13233	1827060	2282140	2949	293	665	cmsRun -j /home/grid/cms667/home_cream_984611487/CREAM984611487/crab_fjr_18.xml -p pset.py      
 Sep 03 09:54:48 CEST	---	1827060	2282140	2984	----	----	----
 Sep 03 09:55:48 CEST	---	1827060	2282140	3022	----	----	----
 Sep 03 09:56:48 CEST	---	1827060	2282140	3062	----	----	----
 Sep 03 09:57:49 CEST	13233	1834488	2282140	3062	471	846	cmsRun -j /home/grid/cms667/home_cream_984611487/CREAM984611487/crab_fjr_18.xml -p pset.py      
 Sep 03 09:57:49 CEST	---	1834488	2282140	3098	----	----	----
 Sep 03 09:58:49 CEST	13233	1835624	2282140	3098	531	906	cmsRun -j /home/grid/cms667/home_cream_984611487/CREAM984611487/crab_fjr_18.xml -p pset.py      
 Sep 03 09:58:49 CEST	---	1835624	2282140	3136	----	----	----
# TIME			PID	RSS(KB)	VSZ(KB)	Dsk(MB)	tCPU(s)	tWALL(s)	COMMAND
 Sep 03 09:59:50 CEST	13233	1841892	2282140	3136	590	967	cmsRun -j /home/grid/cms667/home_cream_984611487/CREAM984611487/crab_fjr_18.xml -p pset.py      
 Sep 03 09:59:50 CEST	---	1841892	2282140	3174	----	----	----
 Sep 03 10:00:50 CEST	---	1841892	2282140	3212	----	----	----
 Sep 03 10:01:50 CEST	---	1841892	2282140	3250	----	----	----
 Sep 03 10:02:51 CEST	---	1841892	2282140	3286	----	----	----
 Sep 03 10:03:51 CEST	---	1841892	2282140	3326	----	----	----
 Sep 03 10:04:51 CEST	---	1841892	2282140	3363	----	----	----
 Sep 03 10:05:51 CEST	13233	2040360	2441888	3363	944	1329	cmsRun -j /home/grid/cms667/home_cream_984611487/CREAM984611487/crab_fjr_18.xml -p pset.py      
 Sep 03 10:05:51 CEST	---	2040360	2441888	3477	----	----	----
 Sep 03 10:06:52 CEST	---	2040360	2441888	3616	----	----	----
 Sep 03 10:07:52 CEST	13233	2043500	2441888	3616	1061	1449	cmsRun -j /home/grid/cms667/home_cream_984611487/CREAM984611487/crab_fjr_18.xml -p pset.py      
 Sep 03 10:07:52 CEST	---	2043500	2441888	3749	----	----	----
 Sep 03 10:08:52 CEST	13233	2046704	2441888	3749	1120	1510	cmsRun -j /home/grid/cms667/home_cream_984611487/CREAM984611487/crab_fjr_18.xml -p pset.py      
 Sep 03 10:08:52 CEST	---	2046704	2441888	3889	----	----	----
 Sep 03 10:09:53 CEST	---	2046704	2441888	3972	----	----	----
********** WATCHDOG LOG ENDED
ZIPPING WATCHDOG LOG
Disk space used:
du -sh /home/grid/cms667/home_cream_984611487/CREAM984611487
3.9G	/home/grid/cms667/home_cream_984611487/CREAM984611487
Found unusual stderr, rename for OSB
