This script was generated by crab (version 2.9.0).
Running ./CMSSW.sh with 2 positional parameters: 7 1
Today is Tue Sep  3 09:08:48 CEST 2013
Job submitted on host lxbsq2019.cern.ch
Linux lxbsq2019.cern.ch 2.6.18-308.16.1.el5 #1 SMP Thu Oct 4 14:02:28 CEST 2012 x86_64 x86_64 x86_64 GNU/Linux
>>> current directory (RUNTIME_AREA): /home/grid/cms667/home_cream_649530768/CREAM649530768
>>> current user: uid=52545(cms667) gid=1399(zh) groups=1399(zh),1105805698 context=system_u:system_r:initrc_t
>>> directory permission set to 0700
>>> umask set to:  u=rwx,g=,o=
>>> stdout stderr permission set to 0704
>>> voms proxy information:
subject   : /C=DE/O=GermanGrid/OU=DESY/CN=Ihar Marfin/CN=proxy/CN=proxy/CN=proxy/CN=limited proxy
issuer    : /C=DE/O=GermanGrid/OU=DESY/CN=Ihar Marfin/CN=proxy/CN=proxy/CN=proxy
identity  : /C=DE/O=GermanGrid/OU=DESY/CN=Ihar Marfin/CN=proxy/CN=proxy/CN=proxy
type      : limited proxy
strength  : 1024 bits
path      : /home/grid/cms667/home_cream_649530768/cream_649530768.proxy
timeleft  : 176:03:59
key usage : 
=== VO cms extension information ===
VO        : cms
subject   : /C=DE/O=GermanGrid/OU=DESY/CN=Ihar Marfin
issuer    : /DC=ch/DC=cern/OU=computers/CN=lcg-voms.cern.ch
attribute : /cms/Role=NULL/Capability=NULL
attribute : /cms/dcms/Role=NULL/Capability=NULL
timeleft  : 176:05:47
uri       : lcg-voms.cern.ch:15002
>>> tar --no-same-permissions -xf /home/grid/cms667/home_cream_649530768/CREAM649530768/default.tgz :
Successful untar
>>> Include /home/grid/cms667/home_cream_649530768/CREAM649530768 in PYTHONPATH:
strip arguments
env var CRAB_UNIQUE_JOB_ID set to: marfin_crab_0_130903_090551_0kdn32_7_1_zRf
out_files_7
>>> list of expected files on output sandbox
output files: crab_fjr_7.xml CMSSW_7.stdout CMSSW_7.stderr Watchdog_7.log.gz
>>> GridFlavour discovery: 
GridFlavour=LCG
>>> SyncSite discovery: 
not reporting SyncSite
>>> SyncCE discovery: 
getting SyncCE from CE_ID
SyncCE=ce207.cern.ch:8443/cream-lsf-grid_cms
>>> info for dashboard:
***** Cat /home/grid/cms667/home_cream_649530768/CREAM649530768/jobreport.txt *****
MonitorJobID=7_https://wms314.cern.ch:9000/Olc6dMwK7HTVdjbI67XtJg
SyncGridJobId=https://wms314.cern.ch:9000/Olc6dMwK7HTVdjbI67XtJg
MonitorID=marfin_crab_0_130903_090551_0kdn32
GridFlavour=LCG
SyncCE=ce207.cern.ch:8443/cream-lsf-grid_cms
***** End Cat jobreport *****
Parameters sent to Dashboard.
>>> setup environment
set SCRAM ARCH to slc5_amd64_gcc462
SCRAM_ARCH = slc5_amd64_gcc462
>>> setup CMS LCG environment:
set SCRAM ARCH and BUILD_ARCH to slc5_amd64_gcc462 ###
Sourcing environment... 
sourcing /afs/cern.ch/project/gd/apps/cms/cmsset_default.sh
==> setup cms environment ok
>>> specific cmssw setup environment:
CMSSW_VERSION =  CMSSW_5_3_11_patch6
>>> current directory (SOFTWARE_DIR): /home/grid/cms667/home_cream_649530768/CREAM649530768/CMSSW_5_3_11_patch6
PreserveSeeds: <>
IncrementSeeds:<>
{"output.root": ""}
WNHostName=lxbsq2019.cern.ch
>>> info for dashboard:
***** Cat /home/grid/cms667/home_cream_649530768/CREAM649530768/jobreport.txt *****
MonitorJobID=7_https://wms314.cern.ch:9000/Olc6dMwK7HTVdjbI67XtJg
MonitorID=marfin_crab_0_130903_090551_0kdn32
WNHostName=lxbsq2019.cern.ch
***** End Cat jobreport *****
Parameters sent to Dashboard.
crabWatchdog started as process 25398
>>> moving CMSSW software directories in /home/grid/cms667/home_cream_649530768/CREAM649530768/CMSSW_5_3_11_patch6
mv: cannot stat `/home/grid/cms667/home_cream_649530768/CREAM649530768/module/': No such file or directory
>>> Include /home/grid/cms667/home_cream_649530768/CREAM649530768 in PYTHONPATH:
PYTHONPATH=/home/grid/cms667/home_cream_649530768/CREAM649530768/:/pool/grid/cms667/home_cream_649530768/CREAM649530768/CMSSW_5_3_11_patch6/python:/pool/grid/cms667/home_cream_649530768/CREAM649530768/CMSSW_5_3_11_patch6/lib/slc5_amd64_gcc462:/afs/cern.ch/cms/slc5_amd64_gcc462/cms/cmssw-patch/CMSSW_5_3_11_patch6/python:/afs/cern.ch/cms/slc5_amd64_gcc462/cms/cmssw-patch/CMSSW_5_3_11_patch6/lib/slc5_amd64_gcc462:/afs/cern.ch/cms/slc5_amd64_gcc462/cms/cmssw/CMSSW_5_3_11/bin/slc5_amd64_gcc462:/afs/cern.ch/cms/slc5_amd64_gcc462/cms/cmssw/CMSSW_5_3_11/lib/slc5_amd64_gcc462:/afs/cern.ch/cms/slc5_amd64_gcc462/cms/coral/CORAL_2_3_21-cms35/slc5_amd64_gcc462/python:/afs/cern.ch/cms/slc5_amd64_gcc462/cms/coral/CORAL_2_3_21-cms35/slc5_amd64_gcc462/lib:/afs/cern.ch/cms/slc5_amd64_gcc462/external/pyqt/4.8.1/lib/python2.6/site-packages:/afs/cern.ch/cms/slc5_amd64_gcc462/external/py2-scipy/0.8.0/lib/python2.6/site-packages:/afs/cern.ch/cms/slc5_amd64_gcc462/external/py2-matplotlib/1.0.1/lib/python2.6/site-packages:/afs/cern.ch/cms/slc5_amd64_gcc462/external/python-ldap/2.3.5/lib/python2.6/site-packages:/afs/cern.ch/cms/slc5_amd64_gcc462/external/sip/4.11.2/lib/python2.6/site-packages:/afs/cern.ch/cms/slc5_amd64_gcc462/external/py2-pycurl/7.19.0/lib/python2.6/site-packages:/afs/cern.ch/cms/slc5_amd64_gcc462/external/py2-numpy/1.6.1/lib/python2.6/site-packages:/afs/cern.ch/cms/slc5_amd64_gcc462/external/py2-ipython/0.10/lib/python2.6/site-packages:/afs/cern.ch/cms/slc5_amd64_gcc462/external/py2-cx-oracle/5.1-cms11/lib/python2.6/site-packages:/afs/cern.ch/cms/slc5_amd64_gcc462/external/py2-cjson/1.0.5/lib/python2.6/site-packages:/afs/cern.ch/cms/slc5_amd64_gcc462/cms/das-client/1.9.5/bin:/afs/cern.ch/cms/slc5_amd64_gcc462/external/elementtree/1.2.6/share/lib/python2.6/site-packages:/afs/cern.ch/cms/slc5_amd64_gcc462/external/rivet/1.8.2/lib/python2.6/site-packages:/afs/cern.ch/cms/slc5_amd64_gcc462/external/pyminuit2/0.0.1-cms39/lib/python2.6/site-packages:/afs/cern.ch/cms/slc5_amd64_gcc462/external/professor/1.0.0-cms40/lib/python2.6/site-packages:/afs/cern.ch/cms/slc5_amd64_gcc462/lcg/root/5.32.00-cms21/lib:/afs/cern.ch/cms/slc5_amd64_gcc462/cms/dbs-client/DBS_2_1_9-cms3/lib:/afs/cern.ch/cms/slc5_amd64_gcc462/cms/dbs-client/DBS_2_1_9-cms3/lib/DBSAPI:/afs/cern.ch/cms/slc5_amd64_gcc462/external/cvs2git/5419/lib:/home/grid/cms667/home_cream_649530768/CREAM649530768/
 
# LIMITS USED BY CRAB WATCHDOG:
# RSS  (KBytes)   : 2300000
# VSZ  (KBytes)   : 100000000
# DISK (MBytes)   : 19000
# CPU TIME        : 720h:0m:0s
# WALL CLOCK TIME : 21h:50m:0s
 
844a175eacc74cc51be2e7d71ca2539e
PSETHASH = 844a175eacc74cc51be2e7d71ca2539e
/home/grid/cms667/home_cream_649530768/CREAM649530768/writeCfg.py pset.py pset.py
Importing .py file
Setting parameters
RandomNumberGeneratorService found, will attempt to change seeds
inputBlocks=/RelValTTbar/CMSSW_5_3_11_patch3-PU_START53_LV2_09Jul2013-v1/GEN-SIM-DIGI-RAW-HLTDEBUG#bc03e9fc-e90e-11e2-95e5-00221959e7c0
inputFiles=/store/relval/CMSSW_5_3_11_patch3/RelValTTbar/GEN-SIM-DIGI-RAW-HLTDEBUG/PU_START53_LV2_09Jul2013-v1/00000/DCFB8219-09E9-E211-B7A9-003048FFCB74.root;/store/relval/CMSSW_5_3_11_patch3/RelValTTbar/GEN-SIM-DIGI-RAW-HLTDEBUG/PU_START53_LV2_09Jul2013-v1/00000/0E1C7EF4-08E9-E211-A46B-003048678C26.root
parentFiles=
lumisRange=
>>> Executable cmsRun
/afs/cern.ch/cms/slc5_amd64_gcc462/cms/cmssw-patch/CMSSW_5_3_11_patch6/bin/slc5_amd64_gcc462/cmsRun
ok executable found
>>> info for dashboard:
***** Cat /home/grid/cms667/home_cream_649530768/CREAM649530768/jobreport.txt *****
MonitorJobID=7_https://wms314.cern.ch:9000/Olc6dMwK7HTVdjbI67XtJg
MonitorID=marfin_crab_0_130903_090551_0kdn32
ExeStart=cmsRun
***** End Cat jobreport *****
Parameters sent to Dashboard.
>>> cmsRun started at Tue Sep  3 07:09:07 UTC 2013
>>> cmsRun ended at Tue Sep  3 07:40:16 UTC 2013
>>> crab_fjr_*.xml  permission set to 0704
>>> info for dashboard:
***** Cat /home/grid/cms667/home_cream_649530768/CREAM649530768/jobreport.txt *****
MonitorJobID=7_https://wms314.cern.ch:9000/Olc6dMwK7HTVdjbI67XtJg
MonitorID=marfin_crab_0_130903_090551_0kdn32
ExeEnd=cmsRun
***** End Cat jobreport *****
Parameters sent to Dashboard.
TIME_EXE = 1869 sec
>>> cmsRun wrote 69 lines of stdout+stderr
>>> START OF printout of 69 lines from stdout+stderr
03-Sep-2013 09:09:30 CEST  Initiating request to open file root://eoscms//eos/cms/store/relval/CMSSW_5_3_11_patch3/RelValTTbar/GEN-SIM-DIGI-RAW-HLTDEBUG/PU_START53_LV2_09Jul2013-v1/00000/DCFB8219-09E9-E211-B7A9-003048FFCB74.root?svcClass=default
130903 09:09:30 25610 Xrd: GoToAnotherServer: Going to: lxfsrk56c02.cern.ch:1095
03-Sep-2013 09:09:32 CEST  Successfully opened file root://eoscms//eos/cms/store/relval/CMSSW_5_3_11_patch3/RelValTTbar/GEN-SIM-DIGI-RAW-HLTDEBUG/PU_START53_LV2_09Jul2013-v1/00000/DCFB8219-09E9-E211-B7A9-003048FFCB74.root?svcClass=default
%MSG-w SiStripQuality:  EventSetupRecordDataGetter:hltGetConditions@beginRun  03-Sep-2013 09:10:06 CEST Run: 1
The cabling should always include the active feds in runInfo and possibly have some morethere are instead 59 feds only active in runInfo
%MSG
Begin processing the 1st record. Run 1, Event 8343, LumiSection 167 at 03-Sep-2013 09:10:20.998 CEST
DTTSPhi::addTracoT: preview not present in TRACO trigger or its code=0  trigger not added!
DTTSPhi::addTracoT: preview not present in TRACO trigger or its code=0  trigger not added!
Begin processing the 101st record. Run 1, Event 8443, LumiSection 169 at 03-Sep-2013 09:17:02.778 CEST
03-Sep-2013 09:17:30 CEST  Closed file root://eoscms//eos/cms/store/relval/CMSSW_5_3_11_patch3/RelValTTbar/GEN-SIM-DIGI-RAW-HLTDEBUG/PU_START53_LV2_09Jul2013-v1/00000/DCFB8219-09E9-E211-B7A9-003048FFCB74.root?svcClass=default
03-Sep-2013 09:17:30 CEST  Initiating request to open file root://eoscms//eos/cms/store/relval/CMSSW_5_3_11_patch3/RelValTTbar/GEN-SIM-DIGI-RAW-HLTDEBUG/PU_START53_LV2_09Jul2013-v1/00000/0E1C7EF4-08E9-E211-A46B-003048678C26.root?svcClass=default
130903 09:17:30 25610 Xrd: GoToAnotherServer: Going to: lxfsra14a06.cern.ch:1095
03-Sep-2013 09:17:30 CEST  Successfully opened file root://eoscms//eos/cms/store/relval/CMSSW_5_3_11_patch3/RelValTTbar/GEN-SIM-DIGI-RAW-HLTDEBUG/PU_START53_LV2_09Jul2013-v1/00000/0E1C7EF4-08E9-E211-A46B-003048678C26.root?svcClass=default
DTTSPhi::addTracoT: preview not present in TRACO trigger or its code=0  trigger not added!
DTTSPhi::addTracoT: preview not present in TRACO trigger or its code=0  trigger not added!
DTTSPhi::addTracoT: preview not present in TRACO trigger or its code=0  trigger not added!
DTTSPhi::addTracoT: preview not present in TRACO trigger or its code=0  trigger not added!
130903 09:23:00 25610 Xrd: XrdClientMessage::ReadRaw: Failed to read header (8 bytes).
Begin processing the 201st record. Run 1, Event 1443, LumiSection 29 at 03-Sep-2013 09:23:12.257 CEST
DTTSPhi::addTracoT: preview not present in TRACO trigger or its code=0  trigger not added!
DTTSPhi::addTracoT: preview not present in TRACO trigger or its code=0  trigger not added!
DTTSPhi::addTracoT: preview not present in TRACO trigger or its code=0  trigger not added!
Begin processing the 301st record. Run 1, Event 1593, LumiSection 32 at 03-Sep-2013 09:29:20.368 CEST
DTTSPhi::addTracoT: preview not present in TRACO trigger or its code=0  trigger not added!
DTTSPhi::addTracoT: preview not present in TRACO trigger or its code=0  trigger not added!
DTTSPhi::addTracoT: preview not present in TRACO trigger or its code=0  trigger not added!
Begin processing the 401st record. Run 1, Event 1943, LumiSection 39 at 03-Sep-2013 09:35:40.584 CEST
%MSG-w BasicTrajectoryState:  TrackProducer:hltCtfActivityWithMaterialTracks  03-Sep-2013 09:37:16 CEST Run: 1 Event: 1969
curv error not pos-def
[   6.3706e-06-3.64012e-07 1.80133e-06 9.32823e-06-1.36587e-05
  -3.64012e-07 1.41022e-06 2.76247e-07-1.19664e-06 2.77704e-05
   1.80133e-06 2.76247e-07 3.97781e-07-1.90213e-05 1.25068e-05
   9.32823e-06-1.19664e-06-1.90213e-05-0.000257194 9.92653e-05
  -1.36587e-05 2.77704e-05 1.25068e-05 9.92653e-05  0.00149086 ]
%MSG
%MSG-w BasicTrajectoryState:  TrackProducer:hltCtfActivityWithMaterialTracks  03-Sep-2013 09:37:16 CEST Run: 1 Event: 1969
curv error not pos-def
[  7.23172e-06 5.22628e-07 7.49748e-07 -6.4082e-06-2.15637e-05
   5.22628e-07 1.31757e-06-2.92373e-07-8.90344e-07  2.7612e-05
   7.49748e-07-2.92373e-07 2.36347e-06 -6.2474e-06 2.03647e-05
   -6.4082e-06-8.90344e-07 -6.2474e-06 -0.00011806 0.000208281
  -2.15637e-05  2.7612e-05 2.03647e-05 0.000208281  0.00152582 ]
%MSG
130903 09:38:00 25610 Xrd: XrdClientMessage::ReadRaw: Failed to read header (8 bytes).
03-Sep-2013 09:40:07 CEST  Closed file root://eoscms//eos/cms/store/relval/CMSSW_5_3_11_patch3/RelValTTbar/GEN-SIM-DIGI-RAW-HLTDEBUG/PU_START53_LV2_09Jul2013-v1/00000/0E1C7EF4-08E9-E211-A46B-003048678C26.root?svcClass=default

=============================================

MessageLogger Summary

 type     category        sev    module        subroutine        count    total
 ---- -------------------- -- ---------------- ----------------  -----    -----
    1 BasicTrajectoryState -w TrackProducer:hl                       2        2
    2 SiStripQuality       -w EventSetupRecord                       1        1
    3 fileAction           -s file_close                             2        2
    4 fileAction           -s file_open                              4        4

 type    category    Examples: run/evt        run/evt          run/evt
 ---- -------------------- ---------------- ---------------- ----------------
    1 BasicTrajectoryState 1/1969           1/1969           
    2 SiStripQuality       Run: 1                            
    3 fileAction           PostProcessEvent PostEndRun       
    4 fileAction           pre-events       pre-events       PostProcessEvent

Severity    # Occurrences   Total Occurrences
--------    -------------   -----------------
Warning                 3                   3
System                  6                   6
>>> END OF printout of 69 lines from stdout+stderr
>>> Parse FrameworkJobReport crab_fjr.xml
Result of parsing the FrameworkJobReport crab_fjr.xml: Popularity start
lumisRange : 1::28-30,32,35,39-41::1;1::167-169::2;
lumisParentRange : 
Basename : /store/relval/CMSSW_5_3_11_patch3/RelValTTbar/GEN-SIM-DIGI-RAW-HLTDEBUG/PU_START53_LV2_09Jul2013-v1/00000/
BasenameParent : 
parentFiles : 
inputBlocks : /RelValTTbar/CMSSW_5_3_11_patch3-PU_START53_LV2_09Jul2013-v1/GEN-SIM-DIGI-RAW-HLTDEBUG#bc03e9fc-e90e-11e2-95e5-00221959e7c0
inputFiles : 0E1C7EF4-08E9-E211-A46B-003048678C26.root::1::EDM::Local::1;DCFB8219-09E9-E211-B7A9-003048FFCB74.root::1::EDM::Local::2;
Popularity stop
Extracted ExitStatus from FrameworkJobReport parsing output: 0
>>> Executable succeded  0
ExeExitCode=0
EXECUTABLE_EXIT_STATUS = 0
>>> current directory /home/grid/cms667/home_cream_649530768/CREAM649530768/CMSSW_5_3_11_patch6
>>>  (SOFTWARE_DIR): /home/grid/cms667/home_cream_649530768/CREAM649530768/CMSSW_5_3_11_patch6
>>> (WORKING_DIR): 
>>> current directory content:
total 4172268
drwxr-xr-x 3 cms667 zh       4096 Sep  3 09:08 .SCRAM
-rw------- 1 cms667 zh    3842683 Sep  3 09:08 CMSSW.py.pkl
drwxr-xr-x 3 cms667 zh       4096 Sep  3 09:08 bin
drwxr-xr-x 3 cms667 zh       4096 Sep  3 09:08 cfipython
drwxr-xr-x 4 cms667 zh       4096 Sep  3 09:08 config
-rw------- 1 cms667 zh         18 Sep  3 09:40 cpu_timing.txt
drwxr-xr-x 2 cms667 zh       4096 Sep  3 09:08 doc
-rw------- 1 cms667 zh       5699 Sep  3 09:40 executable.out
drwxr-xr-x 2 cms667 zh       4096 Sep  3 09:08 include
drwx------ 3 cms667 zh       4096 Aug 26 18:31 lib
drwxr-xr-x 3 cms667 zh       4096 Sep  3 09:08 logs
drwxr-xr-x 3 cms667 zh       4096 Sep  3 09:08 objs
-rw------- 1 cms667 zh 4260368456 Sep  3 09:40 output.root
-rw------- 1 cms667 zh        104 Sep  3 09:09 pset.py
-rw------- 1 cms667 zh    3843524 Sep  3 09:09 pset.py.pkl
-rw------- 1 cms667 zh        289 Sep  3 09:09 pset.pyc
drwxr-xr-x 2 cms667 zh       4096 Sep  3 09:08 python
-rw------- 1 cms667 zh        437 Sep  3 09:40 report.log
drwx------ 5 cms667 zh       4096 Sep  3 09:08 src
drwxr-xr-x 3 cms667 zh       4096 Sep  3 09:08 test
drwxr-xr-x 3 cms667 zh       4096 Sep  3 09:08 tmp
>>> current directory /home/grid/cms667/home_cream_649530768/CREAM649530768/CMSSW_5_3_11_patch6
>>> (SOFTWARE_DIR): /home/grid/cms667/home_cream_649530768/CREAM649530768/CMSSW_5_3_11_patch6
>>> (WORKING_DIR): 
>>> current directory content:
total 4172268
drwxr-xr-x 3 cms667 zh       4096 Sep  3 09:08 .SCRAM
-rw------- 1 cms667 zh    3842683 Sep  3 09:08 CMSSW.py.pkl
drwxr-xr-x 3 cms667 zh       4096 Sep  3 09:08 bin
drwxr-xr-x 3 cms667 zh       4096 Sep  3 09:08 cfipython
drwxr-xr-x 4 cms667 zh       4096 Sep  3 09:08 config
-rw------- 1 cms667 zh         18 Sep  3 09:40 cpu_timing.txt
drwxr-xr-x 2 cms667 zh       4096 Sep  3 09:08 doc
-rw------- 1 cms667 zh       5699 Sep  3 09:40 executable.out
drwxr-xr-x 2 cms667 zh       4096 Sep  3 09:08 include
drwx------ 3 cms667 zh       4096 Aug 26 18:31 lib
drwxr-xr-x 3 cms667 zh       4096 Sep  3 09:08 logs
drwxr-xr-x 3 cms667 zh       4096 Sep  3 09:08 objs
-rw------- 1 cms667 zh 4260368456 Sep  3 09:40 output_7_1_zRf.root
-rw------- 1 cms667 zh        104 Sep  3 09:09 pset.py
-rw------- 1 cms667 zh    3843524 Sep  3 09:09 pset.py.pkl
-rw------- 1 cms667 zh        289 Sep  3 09:09 pset.pyc
drwxr-xr-x 2 cms667 zh       4096 Sep  3 09:08 python
-rw------- 1 cms667 zh        437 Sep  3 09:40 report.log
drwx------ 5 cms667 zh       4096 Sep  3 09:08 src
drwxr-xr-x 3 cms667 zh       4096 Sep  3 09:08 test
drwxr-xr-x 3 cms667 zh       4096 Sep  3 09:08 tmp
>>> current directory (RUNTIME_AREA):  /home/grid/cms667/home_cream_649530768/CREAM649530768
SE = srm-cms.cern.ch
SE_PATH = /srm/managerv2?SFN=/castor/cern.ch/user/m/marfin//53xRelVal2011Redigi/
LFNBaseName = /53xRelVal2011Redigi/marfin/RelValTTbar/53xRelVal2011Redigi/844a175eacc74cc51be2e7d71ca2539e/
USER = marfin
endpoint = srm://srm-cms.cern.ch:8443/srm/managerv2?SFN=/castor/cern.ch/user/m/marfin//53xRelVal2011Redigi/marfin/RelValTTbar/53xRelVal2011Redigi/844a175eacc74cc51be2e7d71ca2539e/
>>> Copy output files from WN = lxbsq2019.cern.ch to /srm/managerv2?SFN=/castor/cern.ch/user/m/marfin//53xRelVal2011Redigi/ :
python cmscp.py  --destination srm://srm-cms.cern.ch:8443/srm/managerv2?SFN=/castor/cern.ch/user/m/marfin//53xRelVal2011Redigi/marfin/RelValTTbar/53xRelVal2011Redigi/844a175eacc74cc51be2e7d71ca2539e/ --inputFileList /home/grid/cms667/home_cream_649530768/CREAM649530768/CMSSW_5_3_11_patch6/output_7_1_zRf.root --middleware LCG --se_name srm-cms.cern.ch --for_lfn /53xRelVal2011Redigi/marfin/RelValTTbar/53xRelVal2011Redigi/844a175eacc74cc51be2e7d71ca2539e/    
******************************************************
localSeName  =  srm-eoscms.cern.ch
remoteSeName =  srm-cms.cern.ch
******************************************************
{"/home/grid/cms667/home_cream_649530768/CREAM649530768/CMSSW_5_3_11_patch6/output_7_1_zRf.root": {"endpoint": "srm://srm-cms.cern.ch:8443/srm/managerv2?SFN=/castor/cern.ch/user/m/marfin//53xRelVal2011Redigi/marfin/RelValTTbar/53xRelVal2011Redigi/844a175eacc74cc51be2e7d71ca2539e/", "surl_for_grid": "", "reason": "Copy succedeed with srm-lcg utils", "erCode": "0", "se_name": "srm-cms.cern.ch", "for_lfn": "/53xRelVal2011Redigi/marfin/RelValTTbar/53xRelVal2011Redigi/844a175eacc74cc51be2e7d71ca2539e/"}}/home/grid/cms667/home_cream_649530768/CREAM649530768
-------- cat /home/grid/cms667/home_cream_649530768/CREAM649530768/cmscpReport.sh 
#!/bin/bash
echo "Report for File: /home/grid/cms667/home_cream_649530768/CREAM649530768/CMSSW_5_3_11_patch6/output_7_1_zRf.root"
echo "LFN: /53xRelVal2011Redigi/marfin/RelValTTbar/53xRelVal2011Redigi/844a175eacc74cc51be2e7d71ca2539e/output_7_1_zRf.root"
echo "StorageElement: srm-cms.cern.ch"
echo "StageOutExitStatusReason = 'Copy succedeed with srm-lcg utils'" | tee -a $RUNTIME_AREA/$repo
echo "StageOutSE = srm-cms.cern.ch" >> $RUNTIME_AREA/$repo

export StageOutExitStatus=0
echo "StageOutExitStatus = 0" | tee -a $RUNTIME_AREA/$repo
-------- end of /home/grid/cms667/home_cream_649530768/CREAM649530768/cmscpReport.sh 
Report for File: /home/grid/cms667/home_cream_649530768/CREAM649530768/CMSSW_5_3_11_patch6/output_7_1_zRf.root
LFN: /53xRelVal2011Redigi/marfin/RelValTTbar/53xRelVal2011Redigi/844a175eacc74cc51be2e7d71ca2539e/output_7_1_zRf.root
StorageElement: srm-cms.cern.ch
StageOutExitStatusReason = 'Copy succedeed with srm-lcg utils'
StageOutExitStatus = 0
>>> current dir: /home/grid/cms667/home_cream_649530768/CREAM649530768
>>> current dir content:
total 6248
-rwx------  1 cms667 zh   13669 Sep  3 09:08 .BrokerInfo
-rw-------  1 cms667 zh    4514 Sep  3 09:41 .SEinteraction.log
-rwx------  1 cms667 zh       0 Sep  3 09:08 .tmp_file
-rw-------  1 cms667 zh     105 Sep  3 09:05 CMSSW.py
-rw-------  1 cms667 zh 3842683 Sep  3 09:05 CMSSW.py.pkl
-rwx------  1 cms667 zh   27957 Sep  3 09:08 CMSSW.sh
drwxr-xr-x 15 cms667 zh    4096 Sep  3 09:40 CMSSW_5_3_11_patch6
-rwx------  1 cms667 zh       0 Sep  3 09:08 CMSSW_7.stderr
-rwx---r--  1 cms667 zh   20191 Sep  3 09:41 CMSSW_7.stdout
-rw-------  1 cms667 zh     484 Sep  3 09:08 CacheEnv.sh
-rw-------  1 cms667 zh    7291 Jun  9  2010 DashboardAPI.py
-rw-------  1 cms667 zh    6493 Sep  3 09:08 DashboardAPI.pyc
drwx------  3 cms667 zh    4096 Aug 20 17:36 IMProv
-rw-------  1 cms667 zh    2748 Mar  8  2006 Logger.py
-rw-------  1 cms667 zh    3223 Sep  3 09:08 Logger.pyc
-rw-------  1 cms667 zh   24524 Mar 28  2008 ProcInfo.py
-rw-------  1 cms667 zh   22846 Sep  3 09:08 ProcInfo.pyc
drwx------  7 cms667 zh    4096 Sep  3 09:09 ProdCommon
drwx------  3 cms667 zh    4096 Sep  3 09:08 WMCore
-rw-------  1 cms667 zh    5015 Sep  3 09:41 Watchdog_7.log
-rw-------  1 cms667 zh   32895 Mar 28  2008 apmon.py
-rw-------  1 cms667 zh   28120 Sep  3 09:08 apmon.pyc
-rwx------  1 cms667 zh   10416 Sep  3 09:08 arguments.xml
-rwx------  1 cms667 zh   38507 Aug  6 23:12 cmscp.py
-rw-------  1 cms667 zh     540 Sep  3 09:41 cmscpReport.sh
-rw-------  1 cms667 zh     634 Sep  3 09:05 crab.cfg
-rwx------  1 cms667 zh    8610 Apr  2 15:44 crabWatchdog.sh
-rwx---r--  1 cms667 zh  781897 Sep  3 09:40 crab_fjr_7.xml
-rwx------  1 cms667 zh 1214804 Sep  3 09:08 default.tgz
-rwx------  1 cms667 zh    4488 May 12  2012 fillCrabFjr.py
-rw-------  1 cms667 zh     468 Sep  3 09:09 inputsReport.txt
-rw-------  1 cms667 zh     253 Sep  3 09:41 jobreport.txt
lrwxrwxrwx  1 cms667 zh      93 Sep  3 09:40 output.root -> /home/grid/cms667/home_cream_649530768/CREAM649530768/CMSSW_5_3_11_patch6/output_7_1_zRf.root
-rw-------  1 cms667 zh   17352 Jan 20  2012 parseCrabFjr.py
-rw-------  1 cms667 zh     264 Sep  3 09:08 report.log
-rwx--x--x  1 cms667 zh    1497 May 27  2009 report.py
-rw-------  1 cms667 zh     504 Sep  3 09:41 resultCopyFile
-rwx------  1 cms667 zh    8387 Mar 23  2011 writeCfg.py
>>> Modify Job Report:
CMSSW_VERSION = CMSSW_5_3_11_patch6
ProcessedDataset = 53xRelVal2011Redigi
/home/grid/cms667/home_cream_649530768/CREAM649530768/ProdCommon/FwkJobRep/ModifyJobReport.py fjr /home/grid/cms667/home_cream_649530768/CREAM649530768/crab_fjr_7.xml json /home/grid/cms667/home_cream_649530768/CREAM649530768/resultCopyFile n_job 7_1_zRf PrimaryDataset RelValTTbar  ApplicationFamily cmsRun ApplicationName cmsRun cmssw_version CMSSW_5_3_11_patch6 psethash 844a175eacc74cc51be2e7d71ca2539e UserProcessedDataset marfin-53xRelVal2011Redigi-844a175eacc74cc51be2e7d71ca2539e
inputDict =  {u'/home/grid/cms667/home_cream_649530768/CREAM649530768/CMSSW_5_3_11_patch6/output_7_1_zRf.root': {u'endpoint': u'srm://srm-cms.cern.ch:8443/srm/managerv2?SFN=/castor/cern.ch/user/m/marfin//53xRelVal2011Redigi/marfin/RelValTTbar/53xRelVal2011Redigi/844a175eacc74cc51be2e7d71ca2539e/', u'surl_for_grid': u'', u'reason': u'Copy succedeed with srm-lcg utils', u'erCode': u'0', u'se_name': u'srm-cms.cern.ch', u'for_lfn': u'/53xRelVal2011Redigi/marfin/RelValTTbar/53xRelVal2011Redigi/844a175eacc74cc51be2e7d71ca2539e/'}}
diz_filter =  {u'output.root': u''}
UserProcessedDataset =  marfin-53xRelVal2011Redigi-844a175eacc74cc51be2e7d71ca2539e
file_name in inputDict =  /home/grid/cms667/home_cream_649530768/CREAM649530768/CMSSW_5_3_11_patch6/output_7_1_zRf.root
(size) os.stat(filename)[6] =  4260368456
checksum =  1657289045
filter =  
    file =  output_7_1_zRf.root
    newPfn =  srm://srm-cms.cern.ch:8443/srm/managerv2?SFN=/castor/cern.ch/user/m/marfin//53xRelVal2011Redigi/marfin/RelValTTbar/53xRelVal2011Redigi/844a175eacc74cc51be2e7d71ca2539e/output_7_1_zRf.root
    newLfn =  /53xRelVal2011Redigi/marfin/RelValTTbar/53xRelVal2011Redigi/844a175eacc74cc51be2e7d71ca2539e/output_7_1_zRf.root
>>> crab_fjr_*.xml  permission set to 0704
Checking output files:  
will tar file crab_fjr_7.xml in  out_files_7
will tar file CMSSW_7.stdout in  out_files_7
will tar file CMSSW_7.stderr in  out_files_7
WARNING: output file Watchdog_7.log.gz not found!
>>> padding time: Wrapper lasting more than 600 seconds. No sleep required.
STOPPING WATCHDOG. CrabWatchdog PID is 25398
********** LAST 50 LINES OF WATCHDOG LOG
 Sep 03 09:08:54 CEST	25260	1516	64092	0	0	0	/bin/sh ./CMSSW.sh 7 1       
 Sep 03 09:08:54 CEST	25410	21808	87788	0	0	0	edmConfigHash pset.py         
 Sep 03 09:08:54 CEST	---	21808	87788	18	----	----	----
 Sep 03 09:09:54 CEST	25610	749608	1018672	18	26	60	cmsRun -j /home/grid/cms667/home_cream_649530768/CREAM649530768/crab_fjr_7.xml -p pset.py      
 Sep 03 09:09:54 CEST	---	749608	1018672	22	----	----	----
 Sep 03 09:10:54 CEST	25610	1790968	2243572	22	73	121	cmsRun -j /home/grid/cms667/home_cream_649530768/CREAM649530768/crab_fjr_7.xml -p pset.py      
 Sep 03 09:10:54 CEST	---	1790968	2243572	77	----	----	----
 Sep 03 09:11:55 CEST	25610	1831496	2276852	77	116	181	cmsRun -j /home/grid/cms667/home_cream_649530768/CREAM649530768/crab_fjr_7.xml -p pset.py      
 Sep 03 09:11:55 CEST	---	1831496	2276852	181	----	----	----
 Sep 03 09:12:55 CEST	25610	1859932	2281464	181	175	241	cmsRun -j /home/grid/cms667/home_cream_649530768/CREAM649530768/crab_fjr_7.xml -p pset.py      
 Sep 03 09:12:55 CEST	---	1859932	2281464	319	----	----	----
 Sep 03 09:13:55 CEST	---	1859932	2281464	457	----	----	----
 Sep 03 09:14:56 CEST	25610	1864240	2281464	457	292	362	cmsRun -j /home/grid/cms667/home_cream_649530768/CREAM649530768/crab_fjr_7.xml -p pset.py      
 Sep 03 09:14:56 CEST	---	1864240	2281464	593	----	----	----
 Sep 03 09:15:56 CEST	25610	1876056	2282488	593	351	422	cmsRun -j /home/grid/cms667/home_cream_649530768/CREAM649530768/crab_fjr_7.xml -p pset.py      
 Sep 03 09:15:56 CEST	---	1876056	2282488	725	----	----	----
 Sep 03 09:16:56 CEST	25610	1894476	2314488	725	411	482	cmsRun -j /home/grid/cms667/home_cream_649530768/CREAM649530768/crab_fjr_7.xml -p pset.py      
 Sep 03 09:16:56 CEST	---	1894476	2314488	856	----	----	----
 Sep 03 09:17:56 CEST	---	1894476	2314488	994	----	----	----
 Sep 03 09:18:57 CEST	---	1894476	2314488	1130	----	----	----
 Sep 03 09:19:57 CEST	---	1894476	2314488	1270	----	----	----
 Sep 03 09:20:57 CEST	25610	1908264	2349308	1270	644	723	cmsRun -j /home/grid/cms667/home_cream_649530768/CREAM649530768/crab_fjr_7.xml -p pset.py      
 Sep 03 09:20:57 CEST	---	1908264	2349308	1418	----	----	----
 Sep 03 09:21:57 CEST	25610	1922252	2362876	1418	703	784	cmsRun -j /home/grid/cms667/home_cream_649530768/CREAM649530768/crab_fjr_7.xml -p pset.py      
 Sep 03 09:21:57 CEST	---	1922252	2362876	1556	----	----	----
 Sep 03 09:22:58 CEST	---	1922252	2362876	1701	----	----	----
 Sep 03 09:23:58 CEST	---	1922252	2362876	1835	----	----	----
 Sep 03 09:24:58 CEST	---	1922252	2362876	1972	----	----	----
 Sep 03 09:25:59 CEST	---	1922252	2362876	2106	----	----	----
# TIME			PID	RSS(KB)	VSZ(KB)	Dsk(MB)	tCPU(s)	tWALL(s)	COMMAND
 Sep 03 09:26:59 CEST	---	1922252	2362876	2252	----	----	----
 Sep 03 09:27:59 CEST	25610	1939584	2392316	2252	1055	1145	cmsRun -j /home/grid/cms667/home_cream_649530768/CREAM649530768/crab_fjr_7.xml -p pset.py      
 Sep 03 09:27:59 CEST	---	1939584	2392316	2389	----	----	----
 Sep 03 09:28:59 CEST	---	1939584	2392316	2535	----	----	----
 Sep 03 09:30:00 CEST	---	1939584	2392316	2674	----	----	----
 Sep 03 09:31:00 CEST	---	1939584	2392316	2816	----	----	----
 Sep 03 09:32:00 CEST	---	1939584	2392316	2961	----	----	----
 Sep 03 09:33:01 CEST	---	1939584	2392316	3101	----	----	----
 Sep 03 09:34:01 CEST	25610	2023444	2470652	3101	1407	1507	cmsRun -j /home/grid/cms667/home_cream_649530768/CREAM649530768/crab_fjr_7.xml -p pset.py      
 Sep 03 09:34:01 CEST	---	2023444	2470652	3239	----	----	----
 Sep 03 09:35:01 CEST	25610	2038084	2475260	3239	1464	1567	cmsRun -j /home/grid/cms667/home_cream_649530768/CREAM649530768/crab_fjr_7.xml -p pset.py      
 Sep 03 09:35:01 CEST	---	2038084	2475260	3367	----	----	----
 Sep 03 09:36:01 CEST	25610	2048804	2492668	3367	1522	1628	cmsRun -j /home/grid/cms667/home_cream_649530768/CREAM649530768/crab_fjr_7.xml -p pset.py      
 Sep 03 09:36:01 CEST	---	2048804	2492668	3499	----	----	----
 Sep 03 09:37:02 CEST	---	2048804	2492668	3644	----	----	----
 Sep 03 09:38:02 CEST	---	2048804	2492668	3791	----	----	----
 Sep 03 09:39:02 CEST	---	2048804	2492668	3923	----	----	----
 Sep 03 09:40:02 CEST	---	2048804	2492668	4057	----	----	----
 Sep 03 09:41:03 CEST	---	2048804	2492668	4090	----	----	----
 Sep 03 09:42:03 CEST	---	2048804	2492668	4091	----	----	----
********** WATCHDOG LOG ENDED
ZIPPING WATCHDOG LOG
Disk space used:
du -sh /home/grid/cms667/home_cream_649530768/CREAM649530768
4.0G	/home/grid/cms667/home_cream_649530768/CREAM649530768
Found unusual stderr, rename for OSB
`/pool/grid/cms667/home_cream_649530768/CREAM649530768/CMSSW_7.stdout' -> `CMSSW_7.stderr'
crab_fjr_7.xml
CMSSW_7.stdout
CMSSW_7.stderr
Watchdog_7.log.gz
Total Output dimension: 72644
WARNING: output files size limit is set to: 55000000
Total Output dimension 72644 is fine.
JOB_EXIT_STATUS = 0
>>> info for dashboard:
***** Cat /home/grid/cms667/home_cream_649530768/CREAM649530768/jobreport.txt *****
MonitorJobID=7_https://wms314.cern.ch:9000/Olc6dMwK7HTVdjbI67XtJg
MonitorID=marfin_crab_0_130903_090551_0kdn32
ExeTime=1869
ExeExitCode=0
StageOutExitStatusReason = 'Copy succedeed with srm-lcg utils'
StageOutSE = srm-cms.cern.ch
StageOutExitStatus = 0
CrabUserCpuTime=1729.93
CrabSysCpuTime=39.21
CrabCpuPercentage=94%
CrabWrapperTime=1998
CrabStageoutTime=84
JobExitCode=0
***** End Cat jobreport *****
Parameters sent to Dashboard.
crab_fjr_7.xml
