This script was generated by crab (version 2.9.0).
Running ./CMSSW.sh with 2 positional parameters: 1 3
Today is Tue Sep  3 12:46:09 CEST 2013
Job submitted on host lxbsq2012.cern.ch
Linux lxbsq2012.cern.ch 2.6.18-308.20.1.el5 #1 SMP Wed Nov 14 10:31:58 CET 2012 x86_64 x86_64 x86_64 GNU/Linux
>>> current directory (RUNTIME_AREA): /home/grid/cms667/home_cream_747277057/CREAM747277057
>>> current user: uid=52545(cms667) gid=1399(zh) groups=1399(zh),1105800915 context=system_u:system_r:initrc_t
>>> directory permission set to 0700
>>> umask set to:  u=rwx,g=,o=
>>> stdout stderr permission set to 0704
>>> voms proxy information:
subject   : /C=DE/O=GermanGrid/OU=DESY/CN=Ihar Marfin/CN=proxy/CN=proxy/CN=proxy/CN=limited proxy
issuer    : /C=DE/O=GermanGrid/OU=DESY/CN=Ihar Marfin/CN=proxy/CN=proxy/CN=proxy
identity  : /C=DE/O=GermanGrid/OU=DESY/CN=Ihar Marfin/CN=proxy/CN=proxy/CN=proxy
type      : limited proxy
strength  : 1024 bits
path      : /home/grid/cms667/home_cream_747277057/cream_747277057.proxy
timeleft  : 172:26:25
key usage : 
=== VO cms extension information ===
VO        : cms
subject   : /C=DE/O=GermanGrid/OU=DESY/CN=Ihar Marfin
issuer    : /DC=ch/DC=cern/OU=computers/CN=lcg-voms.cern.ch
attribute : /cms/Role=NULL/Capability=NULL
attribute : /cms/dcms/Role=NULL/Capability=NULL
timeleft  : 172:28:25
uri       : lcg-voms.cern.ch:15002
>>> tar --no-same-permissions -xf /home/grid/cms667/home_cream_747277057/CREAM747277057/default.tgz :
Successful untar
>>> Include /home/grid/cms667/home_cream_747277057/CREAM747277057 in PYTHONPATH:
strip arguments
env var CRAB_UNIQUE_JOB_ID set to: marfin_crab_0_130903_090551_0kdn32_1_3_FAX
out_files_1
>>> list of expected files on output sandbox
output files: crab_fjr_1.xml CMSSW_1.stdout CMSSW_1.stderr Watchdog_1.log.gz
>>> GridFlavour discovery: 
GridFlavour=LCG
>>> SyncSite discovery: 
not reporting SyncSite
>>> SyncCE discovery: 
getting SyncCE from CE_ID
SyncCE=ce203.cern.ch:8443/cream-lsf-grid_cms
>>> info for dashboard:
***** Cat /home/grid/cms667/home_cream_747277057/CREAM747277057/jobreport.txt *****
MonitorJobID=1_https://wms004.cnaf.infn.it:9000/TaiixohQdDclSsgC23WNaA
SyncGridJobId=https://wms004.cnaf.infn.it:9000/TaiixohQdDclSsgC23WNaA
MonitorID=marfin_crab_0_130903_090551_0kdn32
GridFlavour=LCG
SyncCE=ce203.cern.ch:8443/cream-lsf-grid_cms
***** End Cat jobreport *****
Parameters sent to Dashboard.
>>> setup environment
set SCRAM ARCH to slc5_amd64_gcc462
SCRAM_ARCH = slc5_amd64_gcc462
>>> setup CMS LCG environment:
set SCRAM ARCH and BUILD_ARCH to slc5_amd64_gcc462 ###
Sourcing environment... 
sourcing /afs/cern.ch/project/gd/apps/cms/cmsset_default.sh
==> setup cms environment ok
>>> specific cmssw setup environment:
CMSSW_VERSION =  CMSSW_5_3_11_patch6
>>> current directory (SOFTWARE_DIR): /home/grid/cms667/home_cream_747277057/CREAM747277057/CMSSW_5_3_11_patch6
PreserveSeeds: <>
IncrementSeeds:<>
{"output.root": ""}
WNHostName=lxbsq2012.cern.ch
>>> info for dashboard:
***** Cat /home/grid/cms667/home_cream_747277057/CREAM747277057/jobreport.txt *****
MonitorJobID=1_https://wms004.cnaf.infn.it:9000/TaiixohQdDclSsgC23WNaA
MonitorID=marfin_crab_0_130903_090551_0kdn32
WNHostName=lxbsq2012.cern.ch
***** End Cat jobreport *****
Parameters sent to Dashboard.
crabWatchdog started as process 21071
>>> moving CMSSW software directories in /home/grid/cms667/home_cream_747277057/CREAM747277057/CMSSW_5_3_11_patch6
mv: cannot stat `/home/grid/cms667/home_cream_747277057/CREAM747277057/module/': No such file or directory
>>> Include /home/grid/cms667/home_cream_747277057/CREAM747277057 in PYTHONPATH:
PYTHONPATH=/home/grid/cms667/home_cream_747277057/CREAM747277057/:/pool/grid/cms667/home_cream_747277057/CREAM747277057/CMSSW_5_3_11_patch6/python:/pool/grid/cms667/home_cream_747277057/CREAM747277057/CMSSW_5_3_11_patch6/lib/slc5_amd64_gcc462:/afs/cern.ch/cms/slc5_amd64_gcc462/cms/cmssw-patch/CMSSW_5_3_11_patch6/python:/afs/cern.ch/cms/slc5_amd64_gcc462/cms/cmssw-patch/CMSSW_5_3_11_patch6/lib/slc5_amd64_gcc462:/afs/cern.ch/cms/slc5_amd64_gcc462/cms/cmssw/CMSSW_5_3_11/bin/slc5_amd64_gcc462:/afs/cern.ch/cms/slc5_amd64_gcc462/cms/cmssw/CMSSW_5_3_11/lib/slc5_amd64_gcc462:/afs/cern.ch/cms/slc5_amd64_gcc462/cms/coral/CORAL_2_3_21-cms35/slc5_amd64_gcc462/python:/afs/cern.ch/cms/slc5_amd64_gcc462/cms/coral/CORAL_2_3_21-cms35/slc5_amd64_gcc462/lib:/afs/cern.ch/cms/slc5_amd64_gcc462/external/pyqt/4.8.1/lib/python2.6/site-packages:/afs/cern.ch/cms/slc5_amd64_gcc462/external/py2-scipy/0.8.0/lib/python2.6/site-packages:/afs/cern.ch/cms/slc5_amd64_gcc462/external/py2-matplotlib/1.0.1/lib/python2.6/site-packages:/afs/cern.ch/cms/slc5_amd64_gcc462/external/python-ldap/2.3.5/lib/python2.6/site-packages:/afs/cern.ch/cms/slc5_amd64_gcc462/external/sip/4.11.2/lib/python2.6/site-packages:/afs/cern.ch/cms/slc5_amd64_gcc462/external/py2-pycurl/7.19.0/lib/python2.6/site-packages:/afs/cern.ch/cms/slc5_amd64_gcc462/external/py2-numpy/1.6.1/lib/python2.6/site-packages:/afs/cern.ch/cms/slc5_amd64_gcc462/external/py2-ipython/0.10/lib/python2.6/site-packages:/afs/cern.ch/cms/slc5_amd64_gcc462/external/py2-cx-oracle/5.1-cms11/lib/python2.6/site-packages:/afs/cern.ch/cms/slc5_amd64_gcc462/external/py2-cjson/1.0.5/lib/python2.6/site-packages:/afs/cern.ch/cms/slc5_amd64_gcc462/cms/das-client/1.9.5/bin:/afs/cern.ch/cms/slc5_amd64_gcc462/external/elementtree/1.2.6/share/lib/python2.6/site-packages:/afs/cern.ch/cms/slc5_amd64_gcc462/external/rivet/1.8.2/lib/python2.6/site-packages:/afs/cern.ch/cms/slc5_amd64_gcc462/external/pyminuit2/0.0.1-cms39/lib/python2.6/site-packages:/afs/cern.ch/cms/slc5_amd64_gcc462/external/professor/1.0.0-cms40/lib/python2.6/site-packages:/afs/cern.ch/cms/slc5_amd64_gcc462/lcg/root/5.32.00-cms21/lib:/afs/cern.ch/cms/slc5_amd64_gcc462/cms/dbs-client/DBS_2_1_9-cms3/lib:/afs/cern.ch/cms/slc5_amd64_gcc462/cms/dbs-client/DBS_2_1_9-cms3/lib/DBSAPI:/afs/cern.ch/cms/slc5_amd64_gcc462/external/cvs2git/5419/lib:/home/grid/cms667/home_cream_747277057/CREAM747277057/
 
# LIMITS USED BY CRAB WATCHDOG:
# RSS  (KBytes)   : 2300000
# VSZ  (KBytes)   : 100000000
# DISK (MBytes)   : 19000
# CPU TIME        : 720h:0m:0s
# WALL CLOCK TIME : 21h:50m:0s
 
844a175eacc74cc51be2e7d71ca2539e
PSETHASH = 844a175eacc74cc51be2e7d71ca2539e
/home/grid/cms667/home_cream_747277057/CREAM747277057/writeCfg.py pset.py pset.py
Importing .py file
Setting parameters
RandomNumberGeneratorService found, will attempt to change seeds
inputBlocks=/RelValTTbar/CMSSW_5_3_11_patch3-PU_START53_LV2_09Jul2013-v1/GEN-SIM-DIGI-RAW-HLTDEBUG#178900fa-e90f-11e2-95e5-00221959e7c0
inputFiles=/store/relval/CMSSW_5_3_11_patch3/RelValTTbar/GEN-SIM-DIGI-RAW-HLTDEBUG/PU_START53_LV2_09Jul2013-v1/00000/7894401D-0EE9-E211-BBFA-002618943886.root
parentFiles=
lumisRange=
>>> Executable cmsRun
/afs/cern.ch/cms/slc5_amd64_gcc462/cms/cmssw-patch/CMSSW_5_3_11_patch6/bin/slc5_amd64_gcc462/cmsRun
ok executable found
>>> info for dashboard:
***** Cat /home/grid/cms667/home_cream_747277057/CREAM747277057/jobreport.txt *****
MonitorJobID=1_https://wms004.cnaf.infn.it:9000/TaiixohQdDclSsgC23WNaA
MonitorID=marfin_crab_0_130903_090551_0kdn32
ExeStart=cmsRun
***** End Cat jobreport *****
Parameters sent to Dashboard.
>>> cmsRun started at Tue Sep  3 10:46:40 UTC 2013
>>> cmsRun ended at Tue Sep  3 11:30:15 UTC 2013
>>> crab_fjr_*.xml  permission set to 0704
>>> info for dashboard:
***** Cat /home/grid/cms667/home_cream_747277057/CREAM747277057/jobreport.txt *****
MonitorJobID=1_https://wms004.cnaf.infn.it:9000/TaiixohQdDclSsgC23WNaA
MonitorID=marfin_crab_0_130903_090551_0kdn32
ExeEnd=cmsRun
***** End Cat jobreport *****
Parameters sent to Dashboard.
TIME_EXE = 2615 sec
>>> cmsRun wrote 55 lines of stdout+stderr
>>> START OF printout of 55 lines from stdout+stderr
03-Sep-2013 12:47:15 CEST  Initiating request to open file root://eoscms//eos/cms/store/relval/CMSSW_5_3_11_patch3/RelValTTbar/GEN-SIM-DIGI-RAW-HLTDEBUG/PU_START53_LV2_09Jul2013-v1/00000/7894401D-0EE9-E211-BBFA-002618943886.root?svcClass=default
130903 12:47:15 21467 Xrd: GoToAnotherServer: Going to: lxfsra22a04.cern.ch:1095
03-Sep-2013 12:47:20 CEST  Successfully opened file root://eoscms//eos/cms/store/relval/CMSSW_5_3_11_patch3/RelValTTbar/GEN-SIM-DIGI-RAW-HLTDEBUG/PU_START53_LV2_09Jul2013-v1/00000/7894401D-0EE9-E211-BBFA-002618943886.root?svcClass=default
%MSG-w SiStripQuality:  EventSetupRecordDataGetter:hltGetConditions@beginRun  03-Sep-2013 12:48:46 CEST Run: 1
The cabling should always include the active feds in runInfo and possibly have some morethere are instead 59 feds only active in runInfo
%MSG
Begin processing the 1st record. Run 1, Event 7551, LumiSection 152 at 03-Sep-2013 12:49:08.079 CEST
DTTSPhi::addTracoT: preview not present in TRACO trigger or its code=0  trigger not added!
DTTSPhi::addTracoT: preview not present in TRACO trigger or its code=0  trigger not added!
DTTSPhi::addTracoT: preview not present in TRACO trigger or its code=0  trigger not added!
DTTSPhi::addTracoT: preview not present in TRACO trigger or its code=0  trigger not added!
DTTSPhi::addTracoT: preview not present in TRACO trigger or its code=0  trigger not added!
Begin processing the 101st record. Run 1, Event 8101, LumiSection 163 at 03-Sep-2013 12:57:55.292 CEST
DTTSPhi::addTracoT: preview not present in TRACO trigger or its code=0  trigger not added!
DTTSPhi::addTracoT: preview not present in TRACO trigger or its code=0  trigger not added!
DTTSPhi::addTracoT: preview not present in TRACO trigger or its code=0  trigger not added!
DTTSPhi::addTracoT: preview not present in TRACO trigger or its code=0  trigger not added!
DTTSPhi::addTracoT: preview not present in TRACO trigger or its code=0  trigger not added!
Begin processing the 201st record. Run 1, Event 8901, LumiSection 179 at 03-Sep-2013 13:06:40.173 CEST
130903 13:07:45 21467 Xrd: XrdClientMessage::ReadRaw: Failed to read header (8 bytes).
Begin processing the 301st record. Run 1, Event 8501, LumiSection 171 at 03-Sep-2013 13:15:23.772 CEST
DTTSPhi::addTracoT: preview not present in TRACO trigger or its code=0  trigger not added!
DTTSPhi::addTracoT: preview not present in TRACO trigger or its code=0  trigger not added!
Begin processing the 401st record. Run 1, Event 8751, LumiSection 176 at 03-Sep-2013 13:23:43.739 CEST
DTTSPhi::addTracoT: preview not present in TRACO trigger or its code=0  trigger not added!
DTTSPhi::addTracoT: preview not present in TRACO trigger or its code=0  trigger not added!
DTTSPhi::addTracoT: preview not present in TRACO trigger or its code=0  trigger not added!
DTTSPhi::addTracoT: preview not present in TRACO trigger or its code=0  trigger not added!
DTTSPhi::addTracoT: preview not present in TRACO trigger or its code=0  trigger not added!
DTTSPhi::addTracoT: preview not present in TRACO trigger or its code=0  trigger not added!
DTTSPhi::addTracoT: preview not present in TRACO trigger or its code=0  trigger not added!
DTTSPhi::addTracoT: preview not present in TRACO trigger or its code=0  trigger not added!
DTTSPhi::addTracoT: preview not present in TRACO trigger or its code=0  trigger not added!
03-Sep-2013 13:29:52 CEST  Closed file root://eoscms//eos/cms/store/relval/CMSSW_5_3_11_patch3/RelValTTbar/GEN-SIM-DIGI-RAW-HLTDEBUG/PU_START53_LV2_09Jul2013-v1/00000/7894401D-0EE9-E211-BBFA-002618943886.root?svcClass=default

=============================================

MessageLogger Summary

 type     category        sev    module        subroutine        count    total
 ---- -------------------- -- ---------------- ----------------  -----    -----
    1 SiStripQuality       -w EventSetupRecord                       1        1
    2 fileAction           -s file_close                             1        1
    3 fileAction           -s file_open                              2        2

 type    category    Examples: run/evt        run/evt          run/evt
 ---- -------------------- ---------------- ---------------- ----------------
    1 SiStripQuality       Run: 1                            
    2 fileAction           PostEndRun                        
    3 fileAction           pre-events       pre-events       

Severity    # Occurrences   Total Occurrences
--------    -------------   -----------------
Warning                 1                   1
System                  3                   3
>>> END OF printout of 55 lines from stdout+stderr
>>> Parse FrameworkJobReport crab_fjr.xml
Result of parsing the FrameworkJobReport crab_fjr.xml: Popularity start
lumisRange : 1::152-153,163,170-171,173,175-177,179::1;
lumisParentRange : 
Basename : /store/relval/CMSSW_5_3_11_patch3/RelValTTbar/GEN-SIM-DIGI-RAW-HLTDEBUG/PU_START53_LV2_09Jul2013-v1/00000/
BasenameParent : 
parentFiles : 
inputBlocks : /RelValTTbar/CMSSW_5_3_11_patch3-PU_START53_LV2_09Jul2013-v1/GEN-SIM-DIGI-RAW-HLTDEBUG#178900fa-e90f-11e2-95e5-00221959e7c0
inputFiles : 7894401D-0EE9-E211-BBFA-002618943886.root::1::EDM::Local::1;
Popularity stop
Extracted ExitStatus from FrameworkJobReport parsing output: 0
>>> Executable succeded  0
ExeExitCode=0
EXECUTABLE_EXIT_STATUS = 0
>>> current directory /home/grid/cms667/home_cream_747277057/CREAM747277057/CMSSW_5_3_11_patch6
>>>  (SOFTWARE_DIR): /home/grid/cms667/home_cream_747277057/CREAM747277057/CMSSW_5_3_11_patch6
>>> (WORKING_DIR): 
>>> current directory content:
total 4244760
drwxr-xr-x 3 cms667 zh       4096 Sep  3 12:46 .SCRAM
-rw------- 1 cms667 zh    3842683 Sep  3 12:46 CMSSW.py.pkl
drwxr-xr-x 3 cms667 zh       4096 Sep  3 12:46 bin
drwxr-xr-x 3 cms667 zh       4096 Sep  3 12:46 cfipython
drwxr-xr-x 4 cms667 zh       4096 Sep  3 12:46 config
-rw------- 1 cms667 zh         18 Sep  3 13:30 cpu_timing.txt
drwxr-xr-x 2 cms667 zh       4096 Sep  3 12:46 doc
-rw------- 1 cms667 zh       4548 Sep  3 13:30 executable.out
drwxr-xr-x 2 cms667 zh       4096 Sep  3 12:46 include
drwx------ 3 cms667 zh       4096 Aug 26 18:31 lib
drwxr-xr-x 3 cms667 zh       4096 Sep  3 12:46 logs
drwxr-xr-x 3 cms667 zh       4096 Sep  3 12:46 objs
-rw------- 1 cms667 zh 4334522948 Sep  3 13:30 output.root
-rw------- 1 cms667 zh        104 Sep  3 12:46 pset.py
-rw------- 1 cms667 zh    3839954 Sep  3 12:46 pset.py.pkl
-rw------- 1 cms667 zh        289 Sep  3 12:46 pset.pyc
drwxr-xr-x 2 cms667 zh       4096 Sep  3 12:46 python
-rw------- 1 cms667 zh        452 Sep  3 13:30 report.log
drwx------ 5 cms667 zh       4096 Sep  3 12:46 src
drwxr-xr-x 3 cms667 zh       4096 Sep  3 12:46 test
drwxr-xr-x 3 cms667 zh       4096 Sep  3 12:46 tmp
>>> current directory /home/grid/cms667/home_cream_747277057/CREAM747277057/CMSSW_5_3_11_patch6
>>> (SOFTWARE_DIR): /home/grid/cms667/home_cream_747277057/CREAM747277057/CMSSW_5_3_11_patch6
>>> (WORKING_DIR): 
>>> current directory content:
total 4244760
drwxr-xr-x 3 cms667 zh       4096 Sep  3 12:46 .SCRAM
-rw------- 1 cms667 zh    3842683 Sep  3 12:46 CMSSW.py.pkl
drwxr-xr-x 3 cms667 zh       4096 Sep  3 12:46 bin
drwxr-xr-x 3 cms667 zh       4096 Sep  3 12:46 cfipython
drwxr-xr-x 4 cms667 zh       4096 Sep  3 12:46 config
-rw------- 1 cms667 zh         18 Sep  3 13:30 cpu_timing.txt
drwxr-xr-x 2 cms667 zh       4096 Sep  3 12:46 doc
-rw------- 1 cms667 zh       4548 Sep  3 13:30 executable.out
drwxr-xr-x 2 cms667 zh       4096 Sep  3 12:46 include
drwx------ 3 cms667 zh       4096 Aug 26 18:31 lib
drwxr-xr-x 3 cms667 zh       4096 Sep  3 12:46 logs
drwxr-xr-x 3 cms667 zh       4096 Sep  3 12:46 objs
-rw------- 1 cms667 zh 4334522948 Sep  3 13:30 output_1_3_FAX.root
-rw------- 1 cms667 zh        104 Sep  3 12:46 pset.py
-rw------- 1 cms667 zh    3839954 Sep  3 12:46 pset.py.pkl
-rw------- 1 cms667 zh        289 Sep  3 12:46 pset.pyc
drwxr-xr-x 2 cms667 zh       4096 Sep  3 12:46 python
-rw------- 1 cms667 zh        452 Sep  3 13:30 report.log
drwx------ 5 cms667 zh       4096 Sep  3 12:46 src
drwxr-xr-x 3 cms667 zh       4096 Sep  3 12:46 test
drwxr-xr-x 3 cms667 zh       4096 Sep  3 12:46 tmp
>>> current directory (RUNTIME_AREA):  /home/grid/cms667/home_cream_747277057/CREAM747277057
SE = srm-cms.cern.ch
SE_PATH = /srm/managerv2?SFN=/castor/cern.ch/user/m/marfin//53xRelVal2011Redigi/
LFNBaseName = /53xRelVal2011Redigi/marfin/RelValTTbar/53xRelVal2011Redigi/844a175eacc74cc51be2e7d71ca2539e/
USER = marfin
endpoint = srm://srm-cms.cern.ch:8443/srm/managerv2?SFN=/castor/cern.ch/user/m/marfin//53xRelVal2011Redigi/marfin/RelValTTbar/53xRelVal2011Redigi/844a175eacc74cc51be2e7d71ca2539e/
>>> Copy output files from WN = lxbsq2012.cern.ch to /srm/managerv2?SFN=/castor/cern.ch/user/m/marfin//53xRelVal2011Redigi/ :
python cmscp.py  --destination srm://srm-cms.cern.ch:8443/srm/managerv2?SFN=/castor/cern.ch/user/m/marfin//53xRelVal2011Redigi/marfin/RelValTTbar/53xRelVal2011Redigi/844a175eacc74cc51be2e7d71ca2539e/ --inputFileList /home/grid/cms667/home_cream_747277057/CREAM747277057/CMSSW_5_3_11_patch6/output_1_3_FAX.root --middleware LCG --se_name srm-cms.cern.ch --for_lfn /53xRelVal2011Redigi/marfin/RelValTTbar/53xRelVal2011Redigi/844a175eacc74cc51be2e7d71ca2539e/    
******************************************************
localSeName  =  srm-eoscms.cern.ch
remoteSeName =  srm-cms.cern.ch
******************************************************
{"/home/grid/cms667/home_cream_747277057/CREAM747277057/CMSSW_5_3_11_patch6/output_1_3_FAX.root": {"endpoint": "srm://srm-cms.cern.ch:8443/srm/managerv2?SFN=/castor/cern.ch/user/m/marfin//53xRelVal2011Redigi/marfin/RelValTTbar/53xRelVal2011Redigi/844a175eacc74cc51be2e7d71ca2539e/", "surl_for_grid": "", "reason": "Copy succedeed with srm-lcg utils", "erCode": "0", "se_name": "srm-cms.cern.ch", "for_lfn": "/53xRelVal2011Redigi/marfin/RelValTTbar/53xRelVal2011Redigi/844a175eacc74cc51be2e7d71ca2539e/"}}/home/grid/cms667/home_cream_747277057/CREAM747277057
-------- cat /home/grid/cms667/home_cream_747277057/CREAM747277057/cmscpReport.sh 
#!/bin/bash
echo "Report for File: /home/grid/cms667/home_cream_747277057/CREAM747277057/CMSSW_5_3_11_patch6/output_1_3_FAX.root"
echo "LFN: /53xRelVal2011Redigi/marfin/RelValTTbar/53xRelVal2011Redigi/844a175eacc74cc51be2e7d71ca2539e/output_1_3_FAX.root"
echo "StorageElement: srm-cms.cern.ch"
echo "StageOutExitStatusReason = 'Copy succedeed with srm-lcg utils'" | tee -a $RUNTIME_AREA/$repo
echo "StageOutSE = srm-cms.cern.ch" >> $RUNTIME_AREA/$repo

export StageOutExitStatus=0
echo "StageOutExitStatus = 0" | tee -a $RUNTIME_AREA/$repo
-------- end of /home/grid/cms667/home_cream_747277057/CREAM747277057/cmscpReport.sh 
Report for File: /home/grid/cms667/home_cream_747277057/CREAM747277057/CMSSW_5_3_11_patch6/output_1_3_FAX.root
LFN: /53xRelVal2011Redigi/marfin/RelValTTbar/53xRelVal2011Redigi/844a175eacc74cc51be2e7d71ca2539e/output_1_3_FAX.root
StorageElement: srm-cms.cern.ch
StageOutExitStatusReason = 'Copy succedeed with srm-lcg utils'
StageOutExitStatus = 0
>>> current dir: /home/grid/cms667/home_cream_747277057/CREAM747277057
>>> current dir content:
total 6104
-rwx------  1 cms667 zh   13669 Sep  3 12:46 .BrokerInfo
-rw-------  1 cms667 zh    5396 Sep  3 13:31 .SEinteraction.log
-rwx------  1 cms667 zh       0 Sep  3 12:46 .tmp_file
-rw-------  1 cms667 zh     105 Sep  3 09:05 CMSSW.py
-rw-------  1 cms667 zh 3842683 Sep  3 09:05 CMSSW.py.pkl
-rwx------  1 cms667 zh   27957 Sep  3 12:46 CMSSW.sh
-rwx------  1 cms667 zh       0 Sep  3 12:46 CMSSW_1.stderr
-rwx---r--  1 cms667 zh   18861 Sep  3 13:31 CMSSW_1.stdout
drwxr-xr-x 15 cms667 zh    4096 Sep  3 13:30 CMSSW_5_3_11_patch6
-rw-------  1 cms667 zh     484 Sep  3 12:46 CacheEnv.sh
-rw-------  1 cms667 zh    7291 Jun  9  2010 DashboardAPI.py
-rw-------  1 cms667 zh    6493 Sep  3 12:46 DashboardAPI.pyc
drwx------  3 cms667 zh    4096 Aug 20 17:36 IMProv
-rw-------  1 cms667 zh    2748 Mar  8  2006 Logger.py
-rw-------  1 cms667 zh    3223 Sep  3 12:46 Logger.pyc
-rw-------  1 cms667 zh   24524 Mar 28  2008 ProcInfo.py
-rw-------  1 cms667 zh   22846 Sep  3 12:46 ProcInfo.pyc
drwx------  7 cms667 zh    4096 Sep  3 12:46 ProdCommon
drwx------  3 cms667 zh    4096 Sep  3 12:46 WMCore
-rw-------  1 cms667 zh    6769 Sep  3 13:30 Watchdog_1.log
-rw-------  1 cms667 zh   32895 Mar 28  2008 apmon.py
-rw-------  1 cms667 zh   28120 Sep  3 12:46 apmon.pyc
-rwx------  1 cms667 zh   10416 Sep  3 12:46 arguments.xml
-rwx------  1 cms667 zh   38507 Aug  6 23:12 cmscp.py
-rw-------  1 cms667 zh     540 Sep  3 13:31 cmscpReport.sh
-rw-------  1 cms667 zh     634 Sep  3 09:05 crab.cfg
-rwx------  1 cms667 zh    8610 Apr  2 15:44 crabWatchdog.sh
-rwx---r--  1 cms667 zh  632476 Sep  3 13:30 crab_fjr_1.xml
-rwx------  1 cms667 zh 1214804 Sep  3 12:46 default.tgz
-rwx------  1 cms667 zh    4488 May 12  2012 fillCrabFjr.py
-rw-------  1 cms667 zh     320 Sep  3 12:46 inputsReport.txt
-rw-------  1 cms667 zh     258 Sep  3 13:31 jobreport.txt
lrwxrwxrwx  1 cms667 zh      93 Sep  3 13:30 output.root -> /home/grid/cms667/home_cream_747277057/CREAM747277057/CMSSW_5_3_11_patch6/output_1_3_FAX.root
-rw-------  1 cms667 zh   17352 Jan 20  2012 parseCrabFjr.py
-rw-------  1 cms667 zh     274 Sep  3 12:46 report.log
-rwx--x--x  1 cms667 zh    1497 May 27  2009 report.py
-rw-------  1 cms667 zh     504 Sep  3 13:31 resultCopyFile
-rwx------  1 cms667 zh    8387 Mar 23  2011 writeCfg.py
>>> Modify Job Report:
CMSSW_VERSION = CMSSW_5_3_11_patch6
ProcessedDataset = 53xRelVal2011Redigi
/home/grid/cms667/home_cream_747277057/CREAM747277057/ProdCommon/FwkJobRep/ModifyJobReport.py fjr /home/grid/cms667/home_cream_747277057/CREAM747277057/crab_fjr_1.xml json /home/grid/cms667/home_cream_747277057/CREAM747277057/resultCopyFile n_job 1_3_FAX PrimaryDataset RelValTTbar  ApplicationFamily cmsRun ApplicationName cmsRun cmssw_version CMSSW_5_3_11_patch6 psethash 844a175eacc74cc51be2e7d71ca2539e UserProcessedDataset marfin-53xRelVal2011Redigi-844a175eacc74cc51be2e7d71ca2539e
inputDict =  {u'/home/grid/cms667/home_cream_747277057/CREAM747277057/CMSSW_5_3_11_patch6/output_1_3_FAX.root': {u'endpoint': u'srm://srm-cms.cern.ch:8443/srm/managerv2?SFN=/castor/cern.ch/user/m/marfin//53xRelVal2011Redigi/marfin/RelValTTbar/53xRelVal2011Redigi/844a175eacc74cc51be2e7d71ca2539e/', u'surl_for_grid': u'', u'reason': u'Copy succedeed with srm-lcg utils', u'erCode': u'0', u'se_name': u'srm-cms.cern.ch', u'for_lfn': u'/53xRelVal2011Redigi/marfin/RelValTTbar/53xRelVal2011Redigi/844a175eacc74cc51be2e7d71ca2539e/'}}
diz_filter =  {u'output.root': u''}
UserProcessedDataset =  marfin-53xRelVal2011Redigi-844a175eacc74cc51be2e7d71ca2539e
file_name in inputDict =  /home/grid/cms667/home_cream_747277057/CREAM747277057/CMSSW_5_3_11_patch6/output_1_3_FAX.root
(size) os.stat(filename)[6] =  4334522948
checksum =  1344697945
filter =  
    file =  output_1_3_FAX.root
    newPfn =  srm://srm-cms.cern.ch:8443/srm/managerv2?SFN=/castor/cern.ch/user/m/marfin//53xRelVal2011Redigi/marfin/RelValTTbar/53xRelVal2011Redigi/844a175eacc74cc51be2e7d71ca2539e/output_1_3_FAX.root
    newLfn =  /53xRelVal2011Redigi/marfin/RelValTTbar/53xRelVal2011Redigi/844a175eacc74cc51be2e7d71ca2539e/output_1_3_FAX.root
>>> crab_fjr_*.xml  permission set to 0704
Checking output files:  
will tar file crab_fjr_1.xml in  out_files_1
will tar file CMSSW_1.stdout in  out_files_1
will tar file CMSSW_1.stderr in  out_files_1
WARNING: output file Watchdog_1.log.gz not found!
>>> padding time: Wrapper lasting more than 600 seconds. No sleep required.
STOPPING WATCHDOG. CrabWatchdog PID is 21071
********** LAST 50 LINES OF WATCHDOG LOG
 Sep 03 12:56:24 CEST	21467	1867108	2334228	607	447	606	cmsRun -j /home/grid/cms667/home_cream_747277057/CREAM747277057/crab_fjr_1.xml -p pset.py      
 Sep 03 12:56:24 CEST	---	1867108	2334228	711	----	----	----
 Sep 03 12:57:24 CEST	21467	1891108	2358548	711	504	666	cmsRun -j /home/grid/cms667/home_cream_747277057/CREAM747277057/crab_fjr_1.xml -p pset.py      
 Sep 03 12:57:24 CEST	---	1891108	2358548	826	----	----	----
 Sep 03 12:58:24 CEST	---	1891108	2358548	937	----	----	----
 Sep 03 12:59:25 CEST	21467	1916832	2386452	937	618	787	cmsRun -j /home/grid/cms667/home_cream_747277057/CREAM747277057/crab_fjr_1.xml -p pset.py      
 Sep 03 12:59:25 CEST	---	1916832	2386452	1031	----	----	----
 Sep 03 13:00:26 CEST	---	1916832	2386452	1140	----	----	----
 Sep 03 13:01:26 CEST	---	1916832	2386452	1249	----	----	----
 Sep 03 13:02:26 CEST	---	1916832	2386452	1352	----	----	----
 Sep 03 13:03:27 CEST	21467	1944328	2439444	1352	848	1029	cmsRun -j /home/grid/cms667/home_cream_747277057/CREAM747277057/crab_fjr_1.xml -p pset.py      
 Sep 03 13:03:27 CEST	---	1944328	2439444	1448	----	----	----
# TIME			PID	RSS(KB)	VSZ(KB)	Dsk(MB)	tCPU(s)	tWALL(s)	COMMAND
 Sep 03 13:04:27 CEST	---	1944328	2439444	1552	----	----	----
 Sep 03 13:05:28 CEST	---	1944328	2439444	1639	----	----	----
 Sep 03 13:06:28 CEST	---	1944328	2439444	1745	----	----	----
 Sep 03 13:07:29 CEST	21467	1956768	2454036	1745	1073	1271	cmsRun -j /home/grid/cms667/home_cream_747277057/CREAM747277057/crab_fjr_1.xml -p pset.py      
 Sep 03 13:07:29 CEST	---	1956768	2454036	1843	----	----	----
 Sep 03 13:08:29 CEST	---	1956768	2454036	1940	----	----	----
 Sep 03 13:09:30 CEST	---	1956768	2454036	2032	----	----	----
 Sep 03 13:10:31 CEST	---	1956768	2454036	2139	----	----	----
 Sep 03 13:11:31 CEST	21467	1956892	2456852	2139	1301	1514	cmsRun -j /home/grid/cms667/home_cream_747277057/CREAM747277057/crab_fjr_1.xml -p pset.py      
 Sep 03 13:11:31 CEST	---	1956892	2456852	2239	----	----	----
 Sep 03 13:12:32 CEST	21467	1970320	2483988	2239	1358	1574	cmsRun -j /home/grid/cms667/home_cream_747277057/CREAM747277057/crab_fjr_1.xml -p pset.py      
 Sep 03 13:12:32 CEST	---	1970320	2483988	2336	----	----	----
 Sep 03 13:13:32 CEST	---	1970320	2483988	2427	----	----	----
 Sep 03 13:14:33 CEST	21467	1978056	2492180	2427	1473	1695	cmsRun -j /home/grid/cms667/home_cream_747277057/CREAM747277057/crab_fjr_1.xml -p pset.py      
 Sep 03 13:14:33 CEST	---	1978056	2492180	2524	----	----	----
 Sep 03 13:15:33 CEST	---	1978056	2492180	2625	----	----	----
 Sep 03 13:16:34 CEST	---	1978056	2492180	2731	----	----	----
 Sep 03 13:17:34 CEST	---	1978056	2492180	2840	----	----	----
 Sep 03 13:18:35 CEST	21467	1979472	2492180	2840	1701	1937	cmsRun -j /home/grid/cms667/home_cream_747277057/CREAM747277057/crab_fjr_1.xml -p pset.py      
 Sep 03 13:18:35 CEST	---	1979472	2492180	2949	----	----	----
 Sep 03 13:19:35 CEST	---	1979472	2492180	3045	----	----	----
 Sep 03 13:20:36 CEST	---	1979472	2492180	3149	----	----	----
 Sep 03 13:21:36 CEST	21467	2043892	2535444	3149	1872	2119	cmsRun -j /home/grid/cms667/home_cream_747277057/CREAM747277057/crab_fjr_1.xml -p pset.py      
 Sep 03 13:21:36 CEST	---	2043892	2535444	3271	----	----	----
 Sep 03 13:22:37 CEST	21467	2066300	2556180	3271	1929	2179	cmsRun -j /home/grid/cms667/home_cream_747277057/CREAM747277057/crab_fjr_1.xml -p pset.py      
 Sep 03 13:22:37 CEST	---	2066300	2556180	3387	----	----	----
 Sep 03 13:23:37 CEST	---	2066300	2556180	3495	----	----	----
 Sep 03 13:24:38 CEST	---	2066300	2556180	3604	----	----	----
 Sep 03 13:25:38 CEST	21467	2066300	2563092	3604	2099	2361	cmsRun -j /home/grid/cms667/home_cream_747277057/CREAM747277057/crab_fjr_1.xml -p pset.py      
 Sep 03 13:25:38 CEST	---	2066300	2563092	3710	----	----	----
# TIME			PID	RSS(KB)	VSZ(KB)	Dsk(MB)	tCPU(s)	tWALL(s)	COMMAND
 Sep 03 13:26:39 CEST	21467	2066300	2566676	3710	2154	2421	cmsRun -j /home/grid/cms667/home_cream_747277057/CREAM747277057/crab_fjr_1.xml -p pset.py      
 Sep 03 13:26:39 CEST	---	2066300	2566676	3811	----	----	----
 Sep 03 13:27:39 CEST	---	2066300	2566676	3916	----	----	----
 Sep 03 13:28:40 CEST	---	2066300	2566676	4021	----	----	----
 Sep 03 13:29:40 CEST	---	2066300	2566676	4123	----	----	----
 Sep 03 13:30:41 CEST	---	2066300	2566676	4160	----	----	----
********** WATCHDOG LOG ENDED
ZIPPING WATCHDOG LOG
Disk space used:
du -sh /home/grid/cms667/home_cream_747277057/CREAM747277057
4.1G	/home/grid/cms667/home_cream_747277057/CREAM747277057
Found unusual stderr, rename for OSB
`/pool/grid/cms667/home_cream_747277057/CREAM747277057/CMSSW_1.stdout' -> `CMSSW_1.stderr'
crab_fjr_1.xml
CMSSW_1.stdout
CMSSW_1.stderr
Watchdog_1.log.gz
Total Output dimension: 61821
WARNING: output files size limit is set to: 55000000
Total Output dimension 61821 is fine.
JOB_EXIT_STATUS = 0
>>> info for dashboard:
***** Cat /home/grid/cms667/home_cream_747277057/CREAM747277057/jobreport.txt *****
MonitorJobID=1_https://wms004.cnaf.infn.it:9000/TaiixohQdDclSsgC23WNaA
MonitorID=marfin_crab_0_130903_090551_0kdn32
ExeTime=2615
ExeExitCode=0
StageOutExitStatusReason = 'Copy succedeed with srm-lcg utils'
StageOutSE = srm-cms.cern.ch
StageOutExitStatus = 0
CrabUserCpuTime=2295.95
CrabSysCpuTime=55.04
CrabCpuPercentage=89%
CrabWrapperTime=2763
CrabStageoutTime=86
JobExitCode=0
***** End Cat jobreport *****
Parameters sent to Dashboard.
crab_fjr_1.xml
