This script was generated by crab (version 2.9.0).
Running ./CMSSW.sh with 2 positional parameters: 11 1
Today is Tue Sep  3 09:08:48 CEST 2013
Job submitted on host lxbsq2020.cern.ch
Linux lxbsq2020.cern.ch 2.6.18-308.24.1.el5 #1 SMP Wed Dec 5 09:45:59 CET 2012 x86_64 x86_64 x86_64 GNU/Linux
>>> current directory (RUNTIME_AREA): /home/grid/cms667/home_cream_786466095/CREAM786466095
>>> current user: uid=52545(cms667) gid=1399(zh) groups=1399(zh),1090844103 context=system_u:system_r:initrc_t
>>> directory permission set to 0700
>>> umask set to:  u=rwx,g=,o=
>>> stdout stderr permission set to 0704
>>> voms proxy information:
subject   : /C=DE/O=GermanGrid/OU=DESY/CN=Ihar Marfin/CN=proxy/CN=proxy/CN=proxy/CN=limited proxy
issuer    : /C=DE/O=GermanGrid/OU=DESY/CN=Ihar Marfin/CN=proxy/CN=proxy/CN=proxy
identity  : /C=DE/O=GermanGrid/OU=DESY/CN=Ihar Marfin/CN=proxy/CN=proxy/CN=proxy
type      : limited proxy
strength  : 1024 bits
path      : /home/grid/cms667/home_cream_786466095/cream_786466095.proxy
timeleft  : 176:03:59
key usage : 
=== VO cms extension information ===
VO        : cms
subject   : /C=DE/O=GermanGrid/OU=DESY/CN=Ihar Marfin
issuer    : /DC=ch/DC=cern/OU=computers/CN=lcg-voms.cern.ch
attribute : /cms/Role=NULL/Capability=NULL
attribute : /cms/dcms/Role=NULL/Capability=NULL
timeleft  : 176:05:47
uri       : lcg-voms.cern.ch:15002
>>> tar --no-same-permissions -xf /home/grid/cms667/home_cream_786466095/CREAM786466095/default.tgz :
Successful untar
>>> Include /home/grid/cms667/home_cream_786466095/CREAM786466095 in PYTHONPATH:
strip arguments
env var CRAB_UNIQUE_JOB_ID set to: marfin_crab_0_130903_090551_0kdn32_11_1_3RO
out_files_11
>>> list of expected files on output sandbox
output files: crab_fjr_11.xml CMSSW_11.stdout CMSSW_11.stderr Watchdog_11.log.gz
>>> GridFlavour discovery: 
GridFlavour=LCG
>>> SyncSite discovery: 
not reporting SyncSite
>>> SyncCE discovery: 
getting SyncCE from CE_ID
SyncCE=ce207.cern.ch:8443/cream-lsf-grid_cms
>>> info for dashboard:
***** Cat /home/grid/cms667/home_cream_786466095/CREAM786466095/jobreport.txt *****
MonitorJobID=11_https://wms314.cern.ch:9000/3wq9jU9nJrWLuKesoIMe1Q
SyncGridJobId=https://wms314.cern.ch:9000/3wq9jU9nJrWLuKesoIMe1Q
MonitorID=marfin_crab_0_130903_090551_0kdn32
GridFlavour=LCG
SyncCE=ce207.cern.ch:8443/cream-lsf-grid_cms
***** End Cat jobreport *****
Parameters sent to Dashboard.
>>> setup environment
set SCRAM ARCH to slc5_amd64_gcc462
SCRAM_ARCH = slc5_amd64_gcc462
>>> setup CMS LCG environment:
set SCRAM ARCH and BUILD_ARCH to slc5_amd64_gcc462 ###
Sourcing environment... 
sourcing /afs/cern.ch/project/gd/apps/cms/cmsset_default.sh
==> setup cms environment ok
>>> specific cmssw setup environment:
CMSSW_VERSION =  CMSSW_5_3_11_patch6
>>> current directory (SOFTWARE_DIR): /home/grid/cms667/home_cream_786466095/CREAM786466095/CMSSW_5_3_11_patch6
PreserveSeeds: <>
IncrementSeeds:<>
{"output.root": ""}
WNHostName=lxbsq2020.cern.ch
>>> info for dashboard:
***** Cat /home/grid/cms667/home_cream_786466095/CREAM786466095/jobreport.txt *****
MonitorJobID=11_https://wms314.cern.ch:9000/3wq9jU9nJrWLuKesoIMe1Q
MonitorID=marfin_crab_0_130903_090551_0kdn32
WNHostName=lxbsq2020.cern.ch
***** End Cat jobreport *****
Parameters sent to Dashboard.
crabWatchdog started as process 8467
>>> moving CMSSW software directories in /home/grid/cms667/home_cream_786466095/CREAM786466095/CMSSW_5_3_11_patch6
mv: cannot stat `/home/grid/cms667/home_cream_786466095/CREAM786466095/module/': No such file or directory
>>> Include /home/grid/cms667/home_cream_786466095/CREAM786466095 in PYTHONPATH:
PYTHONPATH=/home/grid/cms667/home_cream_786466095/CREAM786466095/:/pool/grid/cms667/home_cream_786466095/CREAM786466095/CMSSW_5_3_11_patch6/python:/pool/grid/cms667/home_cream_786466095/CREAM786466095/CMSSW_5_3_11_patch6/lib/slc5_amd64_gcc462:/afs/cern.ch/cms/slc5_amd64_gcc462/cms/cmssw-patch/CMSSW_5_3_11_patch6/python:/afs/cern.ch/cms/slc5_amd64_gcc462/cms/cmssw-patch/CMSSW_5_3_11_patch6/lib/slc5_amd64_gcc462:/afs/cern.ch/cms/slc5_amd64_gcc462/cms/cmssw/CMSSW_5_3_11/bin/slc5_amd64_gcc462:/afs/cern.ch/cms/slc5_amd64_gcc462/cms/cmssw/CMSSW_5_3_11/lib/slc5_amd64_gcc462:/afs/cern.ch/cms/slc5_amd64_gcc462/cms/coral/CORAL_2_3_21-cms35/slc5_amd64_gcc462/python:/afs/cern.ch/cms/slc5_amd64_gcc462/cms/coral/CORAL_2_3_21-cms35/slc5_amd64_gcc462/lib:/afs/cern.ch/cms/slc5_amd64_gcc462/external/pyqt/4.8.1/lib/python2.6/site-packages:/afs/cern.ch/cms/slc5_amd64_gcc462/external/py2-scipy/0.8.0/lib/python2.6/site-packages:/afs/cern.ch/cms/slc5_amd64_gcc462/external/py2-matplotlib/1.0.1/lib/python2.6/site-packages:/afs/cern.ch/cms/slc5_amd64_gcc462/external/python-ldap/2.3.5/lib/python2.6/site-packages:/afs/cern.ch/cms/slc5_amd64_gcc462/external/sip/4.11.2/lib/python2.6/site-packages:/afs/cern.ch/cms/slc5_amd64_gcc462/external/py2-pycurl/7.19.0/lib/python2.6/site-packages:/afs/cern.ch/cms/slc5_amd64_gcc462/external/py2-numpy/1.6.1/lib/python2.6/site-packages:/afs/cern.ch/cms/slc5_amd64_gcc462/external/py2-ipython/0.10/lib/python2.6/site-packages:/afs/cern.ch/cms/slc5_amd64_gcc462/external/py2-cx-oracle/5.1-cms11/lib/python2.6/site-packages:/afs/cern.ch/cms/slc5_amd64_gcc462/external/py2-cjson/1.0.5/lib/python2.6/site-packages:/afs/cern.ch/cms/slc5_amd64_gcc462/cms/das-client/1.9.5/bin:/afs/cern.ch/cms/slc5_amd64_gcc462/external/elementtree/1.2.6/share/lib/python2.6/site-packages:/afs/cern.ch/cms/slc5_amd64_gcc462/external/rivet/1.8.2/lib/python2.6/site-packages:/afs/cern.ch/cms/slc5_amd64_gcc462/external/pyminuit2/0.0.1-cms39/lib/python2.6/site-packages:/afs/cern.ch/cms/slc5_amd64_gcc462/external/professor/1.0.0-cms40/lib/python2.6/site-packages:/afs/cern.ch/cms/slc5_amd64_gcc462/lcg/root/5.32.00-cms21/lib:/afs/cern.ch/cms/slc5_amd64_gcc462/cms/dbs-client/DBS_2_1_9-cms3/lib:/afs/cern.ch/cms/slc5_amd64_gcc462/cms/dbs-client/DBS_2_1_9-cms3/lib/DBSAPI:/afs/cern.ch/cms/slc5_amd64_gcc462/external/cvs2git/5419/lib:/home/grid/cms667/home_cream_786466095/CREAM786466095/
 
# LIMITS USED BY CRAB WATCHDOG:
# RSS  (KBytes)   : 2300000
# VSZ  (KBytes)   : 100000000
# DISK (MBytes)   : 19000
# CPU TIME        : 720h:0m:0s
# WALL CLOCK TIME : 21h:50m:0s
 
844a175eacc74cc51be2e7d71ca2539e
PSETHASH = 844a175eacc74cc51be2e7d71ca2539e
/home/grid/cms667/home_cream_786466095/CREAM786466095/writeCfg.py pset.py pset.py
Importing .py file
Setting parameters
RandomNumberGeneratorService found, will attempt to change seeds
inputBlocks=/RelValTTbar/CMSSW_5_3_11_patch3-PU_START53_LV2_09Jul2013-v1/GEN-SIM-DIGI-RAW-HLTDEBUG#bc03e9fc-e90e-11e2-95e5-00221959e7c0
inputFiles=/store/relval/CMSSW_5_3_11_patch3/RelValTTbar/GEN-SIM-DIGI-RAW-HLTDEBUG/PU_START53_LV2_09Jul2013-v1/00000/00CD06D8-08E9-E211-AC4B-0025905938A8.root;/store/relval/CMSSW_5_3_11_patch3/RelValTTbar/GEN-SIM-DIGI-RAW-HLTDEBUG/PU_START53_LV2_09Jul2013-v1/00000/5EBDAED2-08E9-E211-9594-002590596498.root
parentFiles=
lumisRange=
>>> Executable cmsRun
/afs/cern.ch/cms/slc5_amd64_gcc462/cms/cmssw-patch/CMSSW_5_3_11_patch6/bin/slc5_amd64_gcc462/cmsRun
ok executable found
>>> info for dashboard:
***** Cat /home/grid/cms667/home_cream_786466095/CREAM786466095/jobreport.txt *****
MonitorJobID=11_https://wms314.cern.ch:9000/3wq9jU9nJrWLuKesoIMe1Q
MonitorID=marfin_crab_0_130903_090551_0kdn32
ExeStart=cmsRun
***** End Cat jobreport *****
Parameters sent to Dashboard.
>>> cmsRun started at Tue Sep  3 07:09:04 UTC 2013
>>> cmsRun ended at Tue Sep  3 07:40:17 UTC 2013
>>> crab_fjr_*.xml  permission set to 0704
>>> info for dashboard:
***** Cat /home/grid/cms667/home_cream_786466095/CREAM786466095/jobreport.txt *****
MonitorJobID=11_https://wms314.cern.ch:9000/3wq9jU9nJrWLuKesoIMe1Q
MonitorID=marfin_crab_0_130903_090551_0kdn32
ExeEnd=cmsRun
***** End Cat jobreport *****
Parameters sent to Dashboard.
TIME_EXE = 1873 sec
>>> cmsRun wrote 113 lines of stdout+stderr
>>> START OF printout of 113 lines from stdout+stderr
03-Sep-2013 09:09:18 CEST  Initiating request to open file root://eoscms//eos/cms/store/relval/CMSSW_5_3_11_patch3/RelValTTbar/GEN-SIM-DIGI-RAW-HLTDEBUG/PU_START53_LV2_09Jul2013-v1/00000/00CD06D8-08E9-E211-AC4B-0025905938A8.root?svcClass=default
130903 09:09:18 8837 Xrd: GoToAnotherServer: Going to: lxfsrd56c02.cern.ch:1095
03-Sep-2013 09:09:20 CEST  Successfully opened file root://eoscms//eos/cms/store/relval/CMSSW_5_3_11_patch3/RelValTTbar/GEN-SIM-DIGI-RAW-HLTDEBUG/PU_START53_LV2_09Jul2013-v1/00000/00CD06D8-08E9-E211-AC4B-0025905938A8.root?svcClass=default
%MSG-w SiStripQuality:  EventSetupRecordDataGetter:hltGetConditions@beginRun  03-Sep-2013 09:09:54 CEST Run: 1
The cabling should always include the active feds in runInfo and possibly have some morethere are instead 59 feds only active in runInfo
%MSG
Begin processing the 1st record. Run 1, Event 4285, LumiSection 86 at 03-Sep-2013 09:10:07.867 CEST
%MSG-w BasicTrajectoryState:  TrackProducer:hltCtf3HitL1IsoWithMaterialTracks  03-Sep-2013 09:11:50 CEST Run: 1 Event: 4310
local error not pos-def
[ -4.35794e-05 4.90056e-05 5.02653e-06  0.00158716 0.000134932
   4.90056e-05-3.52126e-05-3.23928e-06-0.000917921-7.25305e-05
   5.02653e-06-3.23928e-06 4.20057e-07-7.00141e-05 2.29305e-05
    0.00158716-0.000917921-7.00141e-05   -0.019836 -0.00146136
   0.000134932-7.25305e-05 2.29305e-05 -0.00146136  0.00107912 ]
%MSG
%MSG-w BasicTrajectoryState:  TrackProducer:hltCtf3HitL1IsoWithMaterialTracks  03-Sep-2013 09:11:50 CEST Run: 1 Event: 4310
curv error not pos-def
[ -4.35794e-05-4.95403e-06 3.09258e-05  0.00138656-0.000230961
  -4.95403e-06-6.90441e-08 2.39192e-06  9.5673e-05 1.04784e-06
   3.09258e-05 2.39192e-06-1.51319e-05-0.000542091  8.9078e-05
    0.00138656  9.5673e-05-0.000542091  -0.0151388  0.00269677
  -0.000230961 1.04784e-06  8.9078e-05  0.00269677 0.000461119 ]
%MSG
%MSG-w BasicTrajectoryState:  TrackProducer:hltCtf3HitL1IsoWithMaterialTracks  03-Sep-2013 09:11:50 CEST Run: 1 Event: 4310
local error not pos-def
[  4.67789e-05-5.19186e-06-1.78837e-07-4.76812e-05 7.71508e-06
  -5.19186e-06-4.70175e-06  2.1606e-07 4.87115e-05 2.66125e-06
  -1.78837e-07  2.1606e-07 6.69798e-07 -4.3748e-06 2.28955e-05
  -4.76812e-05 4.87115e-05 -4.3748e-06  0.00205273 2.39164e-05
   7.71508e-06 2.66125e-06 2.28955e-05 2.39164e-05 0.000789205 ]
%MSG
%MSG-w BasicTrajectoryState:  TrackProducer:hltCtf3HitL1IsoWithMaterialTracks  03-Sep-2013 09:11:50 CEST Run: 1 Event: 4310
curv error not pos-def
[  4.67789e-05-1.33171e-07 5.09653e-06 4.72932e-05-9.66058e-06
  -1.33171e-07 3.70576e-07  3.5741e-07 -5.8843e-06 1.58758e-05
   5.09653e-06  3.5741e-07-4.62779e-06 4.59816e-05-2.58345e-06
   4.72932e-05 -5.8843e-06 4.59816e-05  0.00201947-0.000100609
  -9.66058e-06 1.58758e-05-2.58345e-06-0.000100609 0.000620398 ]
%MSG
%MSG-w BasicTrajectoryState:  TrackProducer:hltCtf3HitL1IsoWithMaterialTracks  03-Sep-2013 09:11:50 CEST Run: 1 Event: 4310
local error not pos-def
[  2.97093e-05-2.71332e-06  4.6507e-07 0.000446275-1.04203e-05
  -2.71332e-06 -3.4399e-07 2.00784e-08 5.74724e-05-1.24279e-06
    4.6507e-07 2.00784e-08 6.64774e-07 9.24248e-07-1.53863e-05
   0.000446275 5.74724e-05 9.24248e-07  0.00024762-3.84846e-06
  -1.04203e-05-1.24279e-06-1.53863e-05-3.84846e-06 0.000357209 ]
%MSG
%MSG-w BasicTrajectoryState:  TrackProducer:hltCtf3HitL1IsoWithMaterialTracks  03-Sep-2013 09:11:50 CEST Run: 1 Event: 4310
curv error not pos-def
[  2.97093e-05 1.77634e-07 2.19591e-06 0.000440635-2.44747e-05
   1.77634e-07 3.88506e-07-3.48259e-08 4.41223e-06  1.0074e-05
   2.19591e-06-3.48259e-08-2.10877e-07-5.55618e-05 2.17315e-06
   0.000440635 4.41223e-06-5.55618e-05 0.000241401-1.50877e-05
  -2.44747e-05  1.0074e-05 2.17315e-06-1.50877e-05 0.000277279 ]
%MSG
DTTSPhi::addTracoT: preview not present in TRACO trigger or its code=0  trigger not added!
DTTSPhi::addTracoT: preview not present in TRACO trigger or its code=0  trigger not added!
DTTSPhi::addTracoT: preview not present in TRACO trigger or its code=0  trigger not added!
DTTSPhi::addTracoT: preview not present in TRACO trigger or its code=0  trigger not added!
Begin processing the 101st record. Run 1, Event 4585, LumiSection 92 at 03-Sep-2013 09:16:33.455 CEST
Begin processing the 201st record. Run 1, Event 5035, LumiSection 101 at 03-Sep-2013 09:23:03.185 CEST
03-Sep-2013 09:24:02 CEST  Closed file root://eoscms//eos/cms/store/relval/CMSSW_5_3_11_patch3/RelValTTbar/GEN-SIM-DIGI-RAW-HLTDEBUG/PU_START53_LV2_09Jul2013-v1/00000/00CD06D8-08E9-E211-AC4B-0025905938A8.root?svcClass=default
03-Sep-2013 09:24:02 CEST  Initiating request to open file root://eoscms//eos/cms/store/relval/CMSSW_5_3_11_patch3/RelValTTbar/GEN-SIM-DIGI-RAW-HLTDEBUG/PU_START53_LV2_09Jul2013-v1/00000/5EBDAED2-08E9-E211-9594-002590596498.root?svcClass=default
130903 09:24:02 8837 Xrd: GoToAnotherServer: Going to: lxfsre05a03.cern.ch:1095
03-Sep-2013 09:24:02 CEST  Successfully opened file root://eoscms//eos/cms/store/relval/CMSSW_5_3_11_patch3/RelValTTbar/GEN-SIM-DIGI-RAW-HLTDEBUG/PU_START53_LV2_09Jul2013-v1/00000/5EBDAED2-08E9-E211-9594-002590596498.root?svcClass=default
%MSG-w BasicTrajectoryState:   TrackProducer:hltBLifetimeRegionalCtfWithMaterialTracksHbb  03-Sep-2013 09:27:31 CEST Run: 1 Event: 5202
curv error not pos-def
[  2.90286e+07     386.945-1.20029e+06    -349.737     3.56445
       386.945  0.00564092    -16.0002 -0.00785722   0.0035467
  -1.20029e+06    -16.0002     49630.3     14.4261   -0.151379
      -349.737 -0.00785722     14.4261   -0.196715  -0.0229253
       3.56445   0.0035467   -0.151379  -0.0229253   0.0253538 ]
%MSG
%MSG-w BasicTrajectoryState:   TrackProducer:hltBLifetimeRegionalCtfWithMaterialTracksHbb  03-Sep-2013 09:27:31 CEST Run: 1 Event: 5202
local error not pos-def
[  2.90286e+07 1.20908e+06       79972    -351.018    -27.5343
   1.20908e+06       50360     3330.95     -14.585    -1.14958
         79972     3330.95     220.319   -0.969831  -0.0834209
      -351.018     -14.585   -0.969831   -0.198159   0.0160202
      -27.5343    -1.14958  -0.0834209   0.0160202   0.0433021 ]
%MSG
130903 09:29:18 8837 Xrd: XrdClientMessage::ReadRaw: Failed to read header (8 bytes).
Begin processing the 301st record. Run 1, Event 5235, LumiSection 105 at 03-Sep-2013 09:29:28.735 CEST
DTTSPhi::addTracoT: preview not present in TRACO trigger or its code=0  trigger not added!
Begin processing the 401st record. Run 1, Event 5335, LumiSection 107 at 03-Sep-2013 09:35:38.575 CEST
DTTSPhi::addTracoT: preview not present in TRACO trigger or its code=0  trigger not added!
DTTSPhi::addTracoT: preview not present in TRACO trigger or its code=0  trigger not added!
03-Sep-2013 09:40:08 CEST  Closed file root://eoscms//eos/cms/store/relval/CMSSW_5_3_11_patch3/RelValTTbar/GEN-SIM-DIGI-RAW-HLTDEBUG/PU_START53_LV2_09Jul2013-v1/00000/5EBDAED2-08E9-E211-9594-002590596498.root?svcClass=default

=============================================

MessageLogger Summary

 type     category        sev    module        subroutine        count    total
 ---- -------------------- -- ---------------- ----------------  -----    -----
    1 BasicTrajectoryState -w TrackProducer:hl                       2        2
    2 BasicTrajectoryState -w TrackProducer:hl                       6        6
    3 SiStripQuality       -w EventSetupRecord                       1        1
    4 fileAction           -s file_close                             2        2
    5 fileAction           -s file_open                              4        4

 type    category    Examples: run/evt        run/evt          run/evt
 ---- -------------------- ---------------- ---------------- ----------------
    1 BasicTrajectoryState 1/5202           1/5202           
    2 BasicTrajectoryState 1/4310           1/4310           1/4310
    3 SiStripQuality       Run: 1                            
    4 fileAction           PostProcessEvent PostEndRun       
    5 fileAction           pre-events       pre-events       PostProcessEvent

Severity    # Occurrences   Total Occurrences
--------    -------------   -----------------
Warning                 9                   9
System                  6                   6
>>> END OF printout of 113 lines from stdout+stderr
>>> Parse FrameworkJobReport crab_fjr.xml
Result of parsing the FrameworkJobReport crab_fjr.xml: Popularity start
lumisRange : 1::102,105-108,110::1;1::86-87,92,95,101::2;
lumisParentRange : 
Basename : /store/relval/CMSSW_5_3_11_patch3/RelValTTbar/GEN-SIM-DIGI-RAW-HLTDEBUG/PU_START53_LV2_09Jul2013-v1/00000/
BasenameParent : 
parentFiles : 
inputBlocks : /RelValTTbar/CMSSW_5_3_11_patch3-PU_START53_LV2_09Jul2013-v1/GEN-SIM-DIGI-RAW-HLTDEBUG#bc03e9fc-e90e-11e2-95e5-00221959e7c0
inputFiles : 5EBDAED2-08E9-E211-9594-002590596498.root::1::EDM::Local::1;00CD06D8-08E9-E211-AC4B-0025905938A8.root::1::EDM::Local::2;
Popularity stop
Extracted ExitStatus from FrameworkJobReport parsing output: 0
>>> Executable succeded  0
ExeExitCode=0
EXECUTABLE_EXIT_STATUS = 0
>>> current directory /home/grid/cms667/home_cream_786466095/CREAM786466095/CMSSW_5_3_11_patch6
>>>  (SOFTWARE_DIR): /home/grid/cms667/home_cream_786466095/CREAM786466095/CMSSW_5_3_11_patch6
>>> (WORKING_DIR): 
>>> current directory content:
total 4210536
drwxr-xr-x 3 cms667 zh       4096 Sep  3 09:08 .SCRAM
-rw------- 1 cms667 zh    3842683 Sep  3 09:08 CMSSW.py.pkl
drwxr-xr-x 3 cms667 zh       4096 Sep  3 09:08 bin
drwxr-xr-x 3 cms667 zh       4096 Sep  3 09:08 cfipython
drwxr-xr-x 4 cms667 zh       4096 Sep  3 09:08 config
-rw------- 1 cms667 zh         18 Sep  3 09:40 cpu_timing.txt
drwxr-xr-x 2 cms667 zh       4096 Sep  3 09:08 doc
-rw------- 1 cms667 zh       8147 Sep  3 09:40 executable.out
drwxr-xr-x 2 cms667 zh       4096 Sep  3 09:08 include
drwx------ 3 cms667 zh       4096 Aug 26 18:31 lib
drwxr-xr-x 3 cms667 zh       4096 Sep  3 09:08 logs
drwxr-xr-x 3 cms667 zh       4096 Sep  3 09:08 objs
-rw------- 1 cms667 zh 4299508594 Sep  3 09:40 output.root
-rw------- 1 cms667 zh        104 Sep  3 09:08 pset.py
-rw------- 1 cms667 zh    3843519 Sep  3 09:09 pset.py.pkl
-rw------- 1 cms667 zh        289 Sep  3 09:08 pset.pyc
drwxr-xr-x 2 cms667 zh       4096 Sep  3 09:08 python
-rw------- 1 cms667 zh        440 Sep  3 09:40 report.log
drwx------ 5 cms667 zh       4096 Sep  3 09:08 src
drwxr-xr-x 3 cms667 zh       4096 Sep  3 09:08 test
drwxr-xr-x 3 cms667 zh       4096 Sep  3 09:08 tmp
>>> current directory /home/grid/cms667/home_cream_786466095/CREAM786466095/CMSSW_5_3_11_patch6
>>> (SOFTWARE_DIR): /home/grid/cms667/home_cream_786466095/CREAM786466095/CMSSW_5_3_11_patch6
>>> (WORKING_DIR): 
>>> current directory content:
total 4210536
drwxr-xr-x 3 cms667 zh       4096 Sep  3 09:08 .SCRAM
-rw------- 1 cms667 zh    3842683 Sep  3 09:08 CMSSW.py.pkl
drwxr-xr-x 3 cms667 zh       4096 Sep  3 09:08 bin
drwxr-xr-x 3 cms667 zh       4096 Sep  3 09:08 cfipython
drwxr-xr-x 4 cms667 zh       4096 Sep  3 09:08 config
-rw------- 1 cms667 zh         18 Sep  3 09:40 cpu_timing.txt
drwxr-xr-x 2 cms667 zh       4096 Sep  3 09:08 doc
-rw------- 1 cms667 zh       8147 Sep  3 09:40 executable.out
drwxr-xr-x 2 cms667 zh       4096 Sep  3 09:08 include
drwx------ 3 cms667 zh       4096 Aug 26 18:31 lib
drwxr-xr-x 3 cms667 zh       4096 Sep  3 09:08 logs
drwxr-xr-x 3 cms667 zh       4096 Sep  3 09:08 objs
-rw------- 1 cms667 zh 4299508594 Sep  3 09:40 output_11_1_3RO.root
-rw------- 1 cms667 zh        104 Sep  3 09:08 pset.py
-rw------- 1 cms667 zh    3843519 Sep  3 09:09 pset.py.pkl
-rw------- 1 cms667 zh        289 Sep  3 09:08 pset.pyc
drwxr-xr-x 2 cms667 zh       4096 Sep  3 09:08 python
-rw------- 1 cms667 zh        440 Sep  3 09:40 report.log
drwx------ 5 cms667 zh       4096 Sep  3 09:08 src
drwxr-xr-x 3 cms667 zh       4096 Sep  3 09:08 test
drwxr-xr-x 3 cms667 zh       4096 Sep  3 09:08 tmp
>>> current directory (RUNTIME_AREA):  /home/grid/cms667/home_cream_786466095/CREAM786466095
SE = srm-cms.cern.ch
SE_PATH = /srm/managerv2?SFN=/castor/cern.ch/user/m/marfin//53xRelVal2011Redigi/
LFNBaseName = /53xRelVal2011Redigi/marfin/RelValTTbar/53xRelVal2011Redigi/844a175eacc74cc51be2e7d71ca2539e/
USER = marfin
endpoint = srm://srm-cms.cern.ch:8443/srm/managerv2?SFN=/castor/cern.ch/user/m/marfin//53xRelVal2011Redigi/marfin/RelValTTbar/53xRelVal2011Redigi/844a175eacc74cc51be2e7d71ca2539e/
>>> Copy output files from WN = lxbsq2020.cern.ch to /srm/managerv2?SFN=/castor/cern.ch/user/m/marfin//53xRelVal2011Redigi/ :
python cmscp.py  --destination srm://srm-cms.cern.ch:8443/srm/managerv2?SFN=/castor/cern.ch/user/m/marfin//53xRelVal2011Redigi/marfin/RelValTTbar/53xRelVal2011Redigi/844a175eacc74cc51be2e7d71ca2539e/ --inputFileList /home/grid/cms667/home_cream_786466095/CREAM786466095/CMSSW_5_3_11_patch6/output_11_1_3RO.root --middleware LCG --se_name srm-cms.cern.ch --for_lfn /53xRelVal2011Redigi/marfin/RelValTTbar/53xRelVal2011Redigi/844a175eacc74cc51be2e7d71ca2539e/    
******************************************************
localSeName  =  srm-eoscms.cern.ch
remoteSeName =  srm-cms.cern.ch
******************************************************
{"/home/grid/cms667/home_cream_786466095/CREAM786466095/CMSSW_5_3_11_patch6/output_11_1_3RO.root": {"endpoint": "srm://srm-cms.cern.ch:8443/srm/managerv2?SFN=/castor/cern.ch/user/m/marfin//53xRelVal2011Redigi/marfin/RelValTTbar/53xRelVal2011Redigi/844a175eacc74cc51be2e7d71ca2539e/", "surl_for_grid": "", "reason": "Copy succedeed with srm-lcg utils", "erCode": "0", "se_name": "srm-cms.cern.ch", "for_lfn": "/53xRelVal2011Redigi/marfin/RelValTTbar/53xRelVal2011Redigi/844a175eacc74cc51be2e7d71ca2539e/"}}/home/grid/cms667/home_cream_786466095/CREAM786466095
-------- cat /home/grid/cms667/home_cream_786466095/CREAM786466095/cmscpReport.sh 
#!/bin/bash
echo "Report for File: /home/grid/cms667/home_cream_786466095/CREAM786466095/CMSSW_5_3_11_patch6/output_11_1_3RO.root"
echo "LFN: /53xRelVal2011Redigi/marfin/RelValTTbar/53xRelVal2011Redigi/844a175eacc74cc51be2e7d71ca2539e/output_11_1_3RO.root"
echo "StorageElement: srm-cms.cern.ch"
echo "StageOutExitStatusReason = 'Copy succedeed with srm-lcg utils'" | tee -a $RUNTIME_AREA/$repo
echo "StageOutSE = srm-cms.cern.ch" >> $RUNTIME_AREA/$repo

export StageOutExitStatus=0
echo "StageOutExitStatus = 0" | tee -a $RUNTIME_AREA/$repo
-------- end of /home/grid/cms667/home_cream_786466095/CREAM786466095/cmscpReport.sh 
Report for File: /home/grid/cms667/home_cream_786466095/CREAM786466095/CMSSW_5_3_11_patch6/output_11_1_3RO.root
LFN: /53xRelVal2011Redigi/marfin/RelValTTbar/53xRelVal2011Redigi/844a175eacc74cc51be2e7d71ca2539e/output_11_1_3RO.root
StorageElement: srm-cms.cern.ch
StageOutExitStatusReason = 'Copy succedeed with srm-lcg utils'
StageOutExitStatus = 0
>>> current dir: /home/grid/cms667/home_cream_786466095/CREAM786466095
>>> current dir content:
total 6252
-rwx------  1 cms667 zh   13669 Sep  3 09:08 .BrokerInfo
-rw-------  1 cms667 zh    4961 Sep  3 09:41 .SEinteraction.log
-rwx------  1 cms667 zh       0 Sep  3 09:08 .tmp_file
-rw-------  1 cms667 zh     105 Sep  3 09:05 CMSSW.py
-rw-------  1 cms667 zh 3842683 Sep  3 09:05 CMSSW.py.pkl
-rwx------  1 cms667 zh   27957 Sep  3 09:08 CMSSW.sh
-rwx------  1 cms667 zh       0 Sep  3 09:08 CMSSW_11.stderr
-rwx---r--  1 cms667 zh   22664 Sep  3 09:41 CMSSW_11.stdout
drwxr-xr-x 15 cms667 zh    4096 Sep  3 09:40 CMSSW_5_3_11_patch6
-rw-------  1 cms667 zh     484 Sep  3 09:08 CacheEnv.sh
-rw-------  1 cms667 zh    7291 Jun  9  2010 DashboardAPI.py
-rw-------  1 cms667 zh    6493 Sep  3 09:08 DashboardAPI.pyc
drwx------  3 cms667 zh    4096 Aug 20 17:36 IMProv
-rw-------  1 cms667 zh    2748 Mar  8  2006 Logger.py
-rw-------  1 cms667 zh    3223 Sep  3 09:08 Logger.pyc
-rw-------  1 cms667 zh   24524 Mar 28  2008 ProcInfo.py
-rw-------  1 cms667 zh   22846 Sep  3 09:08 ProcInfo.pyc
drwx------  7 cms667 zh    4096 Sep  3 09:08 ProdCommon
drwx------  3 cms667 zh    4096 Sep  3 09:08 WMCore
-rw-------  1 cms667 zh    5022 Sep  3 09:41 Watchdog_11.log
-rw-------  1 cms667 zh   32895 Mar 28  2008 apmon.py
-rw-------  1 cms667 zh   28120 Sep  3 09:08 apmon.pyc
-rwx------  1 cms667 zh   10416 Sep  3 09:08 arguments.xml
-rwx------  1 cms667 zh   38507 Aug  6 23:12 cmscp.py
-rw-------  1 cms667 zh     542 Sep  3 09:41 cmscpReport.sh
-rw-------  1 cms667 zh     634 Sep  3 09:05 crab.cfg
-rwx------  1 cms667 zh    8610 Apr  2 15:44 crabWatchdog.sh
-rwx---r--  1 cms667 zh  781927 Sep  3 09:40 crab_fjr_11.xml
-rwx------  1 cms667 zh 1214804 Sep  3 09:08 default.tgz
-rwx------  1 cms667 zh    4488 May 12  2012 fillCrabFjr.py
-rw-------  1 cms667 zh     468 Sep  3 09:08 inputsReport.txt
-rw-------  1 cms667 zh     254 Sep  3 09:41 jobreport.txt
lrwxrwxrwx  1 cms667 zh      94 Sep  3 09:40 output.root -> /home/grid/cms667/home_cream_786466095/CREAM786466095/CMSSW_5_3_11_patch6/output_11_1_3RO.root
-rw-------  1 cms667 zh   17352 Jan 20  2012 parseCrabFjr.py
-rw-------  1 cms667 zh     265 Sep  3 09:08 report.log
-rwx--x--x  1 cms667 zh    1497 May 27  2009 report.py
-rw-------  1 cms667 zh     505 Sep  3 09:41 resultCopyFile
-rwx------  1 cms667 zh    8387 Mar 23  2011 writeCfg.py
>>> Modify Job Report:
CMSSW_VERSION = CMSSW_5_3_11_patch6
ProcessedDataset = 53xRelVal2011Redigi
/home/grid/cms667/home_cream_786466095/CREAM786466095/ProdCommon/FwkJobRep/ModifyJobReport.py fjr /home/grid/cms667/home_cream_786466095/CREAM786466095/crab_fjr_11.xml json /home/grid/cms667/home_cream_786466095/CREAM786466095/resultCopyFile n_job 11_1_3RO PrimaryDataset RelValTTbar  ApplicationFamily cmsRun ApplicationName cmsRun cmssw_version CMSSW_5_3_11_patch6 psethash 844a175eacc74cc51be2e7d71ca2539e UserProcessedDataset marfin-53xRelVal2011Redigi-844a175eacc74cc51be2e7d71ca2539e
inputDict =  {u'/home/grid/cms667/home_cream_786466095/CREAM786466095/CMSSW_5_3_11_patch6/output_11_1_3RO.root': {u'endpoint': u'srm://srm-cms.cern.ch:8443/srm/managerv2?SFN=/castor/cern.ch/user/m/marfin//53xRelVal2011Redigi/marfin/RelValTTbar/53xRelVal2011Redigi/844a175eacc74cc51be2e7d71ca2539e/', u'surl_for_grid': u'', u'reason': u'Copy succedeed with srm-lcg utils', u'erCode': u'0', u'se_name': u'srm-cms.cern.ch', u'for_lfn': u'/53xRelVal2011Redigi/marfin/RelValTTbar/53xRelVal2011Redigi/844a175eacc74cc51be2e7d71ca2539e/'}}
diz_filter =  {u'output.root': u''}
UserProcessedDataset =  marfin-53xRelVal2011Redigi-844a175eacc74cc51be2e7d71ca2539e
file_name in inputDict =  /home/grid/cms667/home_cream_786466095/CREAM786466095/CMSSW_5_3_11_patch6/output_11_1_3RO.root
(size) os.stat(filename)[6] =  4299508594
checksum =  530765882
filter =  
    file =  output_11_1_3RO.root
    newPfn =  srm://srm-cms.cern.ch:8443/srm/managerv2?SFN=/castor/cern.ch/user/m/marfin//53xRelVal2011Redigi/marfin/RelValTTbar/53xRelVal2011Redigi/844a175eacc74cc51be2e7d71ca2539e/output_11_1_3RO.root
    newLfn =  /53xRelVal2011Redigi/marfin/RelValTTbar/53xRelVal2011Redigi/844a175eacc74cc51be2e7d71ca2539e/output_11_1_3RO.root
>>> crab_fjr_*.xml  permission set to 0704
Checking output files:  
will tar file crab_fjr_11.xml in  out_files_11
will tar file CMSSW_11.stdout in  out_files_11
will tar file CMSSW_11.stderr in  out_files_11
WARNING: output file Watchdog_11.log.gz not found!
>>> padding time: Wrapper lasting more than 600 seconds. No sleep required.
STOPPING WATCHDOG. CrabWatchdog PID is 8467
********** LAST 50 LINES OF WATCHDOG LOG
 Sep 03 09:08:51 CEST	8213	1144	63888	0	0	0	sh -c "./CMSSW.sh" 11 1$* > "CMSSW_11.stdout" 2> "CMSSW_11.stderr"  
 Sep 03 09:08:51 CEST	8217	1508	64140	0	0	0	/bin/sh ./CMSSW.sh 11 1       
 Sep 03 09:08:51 CEST	8479	24332	87932	0	0	0	edmConfigHash pset.py         
 Sep 03 09:08:51 CEST	---	24332	87932	18	----	----	----
 Sep 03 09:09:51 CEST	8837	1016848	1293312	18	32	61	cmsRun -j /home/grid/cms667/home_cream_786466095/CREAM786466095/crab_fjr_11.xml -p pset.py      
 Sep 03 09:09:51 CEST	---	1016848	1293312	22	----	----	----
 Sep 03 09:10:52 CEST	8837	1786528	2229496	22	89	121	cmsRun -j /home/grid/cms667/home_cream_786466095/CREAM786466095/crab_fjr_11.xml -p pset.py      
 Sep 03 09:10:52 CEST	---	1786528	2229496	115	----	----	----
 Sep 03 09:11:52 CEST	8837	1825060	2245368	115	146	181	cmsRun -j /home/grid/cms667/home_cream_786466095/CREAM786466095/crab_fjr_11.xml -p pset.py      
 Sep 03 09:11:52 CEST	---	1825060	2245368	239	----	----	----
 Sep 03 09:12:52 CEST	8837	1828236	2245880	239	202	242	cmsRun -j /home/grid/cms667/home_cream_786466095/CREAM786466095/crab_fjr_11.xml -p pset.py      
 Sep 03 09:12:52 CEST	---	1828236	2245880	371	----	----	----
 Sep 03 09:13:53 CEST	8837	1831468	2259964	371	261	302	cmsRun -j /home/grid/cms667/home_cream_786466095/CREAM786466095/crab_fjr_11.xml -p pset.py      
 Sep 03 09:13:53 CEST	---	1831468	2259964	504	----	----	----
 Sep 03 09:14:53 CEST	8837	1860856	2290684	504	320	362	cmsRun -j /home/grid/cms667/home_cream_786466095/CREAM786466095/crab_fjr_11.xml -p pset.py      
 Sep 03 09:14:53 CEST	---	1860856	2290684	637	----	----	----
 Sep 03 09:15:53 CEST	8837	1891764	2320636	637	379	423	cmsRun -j /home/grid/cms667/home_cream_786466095/CREAM786466095/crab_fjr_11.xml -p pset.py      
 Sep 03 09:15:53 CEST	---	1891764	2320636	775	----	----	----
 Sep 03 09:16:54 CEST	---	1891764	2320636	921	----	----	----
 Sep 03 09:17:54 CEST	---	1891764	2320636	1055	----	----	----
 Sep 03 09:18:54 CEST	---	1891764	2320636	1193	----	----	----
 Sep 03 09:19:55 CEST	---	1891764	2320636	1329	----	----	----
 Sep 03 09:20:55 CEST	8837	1901308	2344956	1329	675	724	cmsRun -j /home/grid/cms667/home_cream_786466095/CREAM786466095/crab_fjr_11.xml -p pset.py      
 Sep 03 09:20:55 CEST	---	1901308	2344956	1463	----	----	----
 Sep 03 09:21:55 CEST	8837	1916140	2371580	1463	734	784	cmsRun -j /home/grid/cms667/home_cream_786466095/CREAM786466095/crab_fjr_11.xml -p pset.py      
 Sep 03 09:21:55 CEST	---	1916140	2371580	1603	----	----	----
 Sep 03 09:22:56 CEST	---	1916140	2371580	1725	----	----	----
 Sep 03 09:23:56 CEST	---	1916140	2371580	1862	----	----	----
 Sep 03 09:24:56 CEST	---	1916140	2371580	1995	----	----	----
 Sep 03 09:25:56 CEST	---	1916140	2371580	2132	----	----	----
# TIME			PID	RSS(KB)	VSZ(KB)	Dsk(MB)	tCPU(s)	tWALL(s)	COMMAND
 Sep 03 09:26:57 CEST	---	1916140	2371580	2270	----	----	----
 Sep 03 09:27:57 CEST	---	1916140	2371580	2405	----	----	----
 Sep 03 09:28:57 CEST	8837	1916600	2371580	2405	1144	1207	cmsRun -j /home/grid/cms667/home_cream_786466095/CREAM786466095/crab_fjr_11.xml -p pset.py      
 Sep 03 09:28:57 CEST	---	1916600	2371580	2538	----	----	----
 Sep 03 09:29:58 CEST	8837	1922136	2375424	2538	1203	1267	cmsRun -j /home/grid/cms667/home_cream_786466095/CREAM786466095/crab_fjr_11.xml -p pset.py      
 Sep 03 09:29:58 CEST	---	1922136	2375424	2677	----	----	----
 Sep 03 09:30:58 CEST	---	1922136	2375424	2822	----	----	----
 Sep 03 09:31:58 CEST	---	1922136	2375424	2966	----	----	----
 Sep 03 09:32:58 CEST	---	1922136	2375424	3111	----	----	----
 Sep 03 09:33:59 CEST	8837	2006448	2445824	3111	1438	1508	cmsRun -j /home/grid/cms667/home_cream_786466095/CREAM786466095/crab_fjr_11.xml -p pset.py      
 Sep 03 09:33:59 CEST	---	2006448	2445824	3250	----	----	----
 Sep 03 09:34:59 CEST	8837	2021160	2462208	3250	1497	1568	cmsRun -j /home/grid/cms667/home_cream_786466095/CREAM786466095/crab_fjr_11.xml -p pset.py      
 Sep 03 09:34:59 CEST	---	2021160	2462208	3387	----	----	----
 Sep 03 09:35:59 CEST	---	2021160	2462208	3528	----	----	----
 Sep 03 09:36:59 CEST	---	2021160	2462208	3676	----	----	----
 Sep 03 09:38:00 CEST	---	2021160	2462208	3818	----	----	----
 Sep 03 09:39:00 CEST	---	2021160	2462208	3952	----	----	----
 Sep 03 09:40:00 CEST	---	2021160	2462208	4090	----	----	----
 Sep 03 09:41:01 CEST	---	2021160	2462208	4127	----	----	----
********** WATCHDOG LOG ENDED
ZIPPING WATCHDOG LOG
Disk space used:
du -sh /home/grid/cms667/home_cream_786466095/CREAM786466095
4.1G	/home/grid/cms667/home_cream_786466095/CREAM786466095
Found unusual stderr, rename for OSB
`/pool/grid/cms667/home_cream_786466095/CREAM786466095/CMSSW_11.stdout' -> `CMSSW_11.stderr'
crab_fjr_11.xml
CMSSW_11.stdout
CMSSW_11.stderr
Watchdog_11.log.gz
Total Output dimension: 78673
WARNING: output files size limit is set to: 55000000
Total Output dimension 78673 is fine.
JOB_EXIT_STATUS = 0
>>> info for dashboard:
***** Cat /home/grid/cms667/home_cream_786466095/CREAM786466095/jobreport.txt *****
MonitorJobID=11_https://wms314.cern.ch:9000/3wq9jU9nJrWLuKesoIMe1Q
MonitorID=marfin_crab_0_130903_090551_0kdn32
ExeTime=1873
ExeExitCode=0
StageOutExitStatusReason = 'Copy succedeed with srm-lcg utils'
StageOutSE = srm-cms.cern.ch
StageOutExitStatus = 0
CrabUserCpuTime=1768.85
CrabSysCpuTime=38.09
CrabCpuPercentage=96%
CrabWrapperTime=2000
CrabStageoutTime=85
JobExitCode=0
***** End Cat jobreport *****
Parameters sent to Dashboard.
crab_fjr_11.xml
