This script was generated by crab (version 2.9.0).
Running ./CMSSW.sh with 2 positional parameters: 14 3
Today is Tue Sep  3 14:41:25 CEST 2013
Job submitted on host lxbsu2711.cern.ch
Linux lxbsu2711.cern.ch 2.6.18-308.24.1.el5 #1 SMP Wed Dec 5 09:45:59 CET 2012 x86_64 x86_64 x86_64 GNU/Linux
>>> current directory (RUNTIME_AREA): /home/grid/cms667/home_cream_136231957/CREAM136231957
>>> current user: uid=52545(cms667) gid=1399(zh) groups=1399(zh),1098878004 context=system_u:system_r:initrc_t
>>> directory permission set to 0700
>>> umask set to:  u=rwx,g=,o=
>>> stdout stderr permission set to 0704
>>> voms proxy information:
subject   : /C=DE/O=GermanGrid/OU=DESY/CN=Ihar Marfin/CN=proxy/CN=proxy/CN=proxy/CN=limited proxy
issuer    : /C=DE/O=GermanGrid/OU=DESY/CN=Ihar Marfin/CN=proxy/CN=proxy/CN=proxy
identity  : /C=DE/O=GermanGrid/OU=DESY/CN=Ihar Marfin/CN=proxy/CN=proxy/CN=proxy
type      : limited proxy
strength  : 1024 bits
path      : /home/grid/cms667/home_cream_136231957/cream_136231957.proxy
timeleft  : 170:31:21
key usage : 
=== VO cms extension information ===
VO        : cms
subject   : /C=DE/O=GermanGrid/OU=DESY/CN=Ihar Marfin
issuer    : /DC=ch/DC=cern/OU=computers/CN=lcg-voms.cern.ch
attribute : /cms/Role=NULL/Capability=NULL
attribute : /cms/dcms/Role=NULL/Capability=NULL
timeleft  : 170:33:09
uri       : lcg-voms.cern.ch:15002
>>> tar --no-same-permissions -xf /home/grid/cms667/home_cream_136231957/CREAM136231957/default.tgz :
Successful untar
>>> Include /home/grid/cms667/home_cream_136231957/CREAM136231957 in PYTHONPATH:
strip arguments
env var CRAB_UNIQUE_JOB_ID set to: marfin_crab_0_130903_090551_0kdn32_14_3_rNB
out_files_14
>>> list of expected files on output sandbox
output files: crab_fjr_14.xml CMSSW_14.stdout CMSSW_14.stderr Watchdog_14.log.gz
>>> GridFlavour discovery: 
GridFlavour=LCG
>>> SyncSite discovery: 
not reporting SyncSite
>>> SyncCE discovery: 
getting SyncCE from CE_ID
SyncCE=ce206.cern.ch:8443/cream-lsf-grid_cms
>>> info for dashboard:
***** Cat /home/grid/cms667/home_cream_136231957/CREAM136231957/jobreport.txt *****
MonitorJobID=14_https://wms317.cern.ch:9000/f-I6w7px8zpX78uQVKvO5g
SyncGridJobId=https://wms317.cern.ch:9000/f-I6w7px8zpX78uQVKvO5g
MonitorID=marfin_crab_0_130903_090551_0kdn32
GridFlavour=LCG
SyncCE=ce206.cern.ch:8443/cream-lsf-grid_cms
***** End Cat jobreport *****
Parameters sent to Dashboard.
>>> setup environment
set SCRAM ARCH to slc5_amd64_gcc462
SCRAM_ARCH = slc5_amd64_gcc462
>>> setup CMS LCG environment:
set SCRAM ARCH and BUILD_ARCH to slc5_amd64_gcc462 ###
Sourcing environment... 
sourcing /afs/cern.ch/project/gd/apps/cms/cmsset_default.sh
==> setup cms environment ok
>>> specific cmssw setup environment:
CMSSW_VERSION =  CMSSW_5_3_11_patch6
>>> current directory (SOFTWARE_DIR): /home/grid/cms667/home_cream_136231957/CREAM136231957/CMSSW_5_3_11_patch6
PreserveSeeds: <>
IncrementSeeds:<>
{"output.root": ""}
WNHostName=lxbsu2711.cern.ch
>>> info for dashboard:
***** Cat /home/grid/cms667/home_cream_136231957/CREAM136231957/jobreport.txt *****
MonitorJobID=14_https://wms317.cern.ch:9000/f-I6w7px8zpX78uQVKvO5g
MonitorID=marfin_crab_0_130903_090551_0kdn32
WNHostName=lxbsu2711.cern.ch
***** End Cat jobreport *****
Parameters sent to Dashboard.
crabWatchdog started as process 3517
>>> moving CMSSW software directories in /home/grid/cms667/home_cream_136231957/CREAM136231957/CMSSW_5_3_11_patch6
mv: cannot stat `/home/grid/cms667/home_cream_136231957/CREAM136231957/module/': No such file or directory
>>> Include /home/grid/cms667/home_cream_136231957/CREAM136231957 in PYTHONPATH:
PYTHONPATH=/home/grid/cms667/home_cream_136231957/CREAM136231957/:/pool/grid/cms667/home_cream_136231957/CREAM136231957/CMSSW_5_3_11_patch6/python:/pool/grid/cms667/home_cream_136231957/CREAM136231957/CMSSW_5_3_11_patch6/lib/slc5_amd64_gcc462:/afs/cern.ch/cms/slc5_amd64_gcc462/cms/cmssw-patch/CMSSW_5_3_11_patch6/python:/afs/cern.ch/cms/slc5_amd64_gcc462/cms/cmssw-patch/CMSSW_5_3_11_patch6/lib/slc5_amd64_gcc462:/afs/cern.ch/cms/slc5_amd64_gcc462/cms/cmssw/CMSSW_5_3_11/bin/slc5_amd64_gcc462:/afs/cern.ch/cms/slc5_amd64_gcc462/cms/cmssw/CMSSW_5_3_11/lib/slc5_amd64_gcc462:/afs/cern.ch/cms/slc5_amd64_gcc462/cms/coral/CORAL_2_3_21-cms35/slc5_amd64_gcc462/python:/afs/cern.ch/cms/slc5_amd64_gcc462/cms/coral/CORAL_2_3_21-cms35/slc5_amd64_gcc462/lib:/afs/cern.ch/cms/slc5_amd64_gcc462/external/pyqt/4.8.1/lib/python2.6/site-packages:/afs/cern.ch/cms/slc5_amd64_gcc462/external/py2-scipy/0.8.0/lib/python2.6/site-packages:/afs/cern.ch/cms/slc5_amd64_gcc462/external/py2-matplotlib/1.0.1/lib/python2.6/site-packages:/afs/cern.ch/cms/slc5_amd64_gcc462/external/python-ldap/2.3.5/lib/python2.6/site-packages:/afs/cern.ch/cms/slc5_amd64_gcc462/external/sip/4.11.2/lib/python2.6/site-packages:/afs/cern.ch/cms/slc5_amd64_gcc462/external/py2-pycurl/7.19.0/lib/python2.6/site-packages:/afs/cern.ch/cms/slc5_amd64_gcc462/external/py2-numpy/1.6.1/lib/python2.6/site-packages:/afs/cern.ch/cms/slc5_amd64_gcc462/external/py2-ipython/0.10/lib/python2.6/site-packages:/afs/cern.ch/cms/slc5_amd64_gcc462/external/py2-cx-oracle/5.1-cms11/lib/python2.6/site-packages:/afs/cern.ch/cms/slc5_amd64_gcc462/external/py2-cjson/1.0.5/lib/python2.6/site-packages:/afs/cern.ch/cms/slc5_amd64_gcc462/cms/das-client/1.9.5/bin:/afs/cern.ch/cms/slc5_amd64_gcc462/external/elementtree/1.2.6/share/lib/python2.6/site-packages:/afs/cern.ch/cms/slc5_amd64_gcc462/external/rivet/1.8.2/lib/python2.6/site-packages:/afs/cern.ch/cms/slc5_amd64_gcc462/external/pyminuit2/0.0.1-cms39/lib/python2.6/site-packages:/afs/cern.ch/cms/slc5_amd64_gcc462/external/professor/1.0.0-cms40/lib/python2.6/site-packages:/afs/cern.ch/cms/slc5_amd64_gcc462/lcg/root/5.32.00-cms21/lib:/afs/cern.ch/cms/slc5_amd64_gcc462/cms/dbs-client/DBS_2_1_9-cms3/lib:/afs/cern.ch/cms/slc5_amd64_gcc462/cms/dbs-client/DBS_2_1_9-cms3/lib/DBSAPI:/afs/cern.ch/cms/slc5_amd64_gcc462/external/cvs2git/5419/lib:/home/grid/cms667/home_cream_136231957/CREAM136231957/
 
# LIMITS USED BY CRAB WATCHDOG:
# RSS  (KBytes)   : 2300000
# VSZ  (KBytes)   : 100000000
# DISK (MBytes)   : 19000
# CPU TIME        : 720h:0m:0s
# WALL CLOCK TIME : 21h:50m:0s
 
844a175eacc74cc51be2e7d71ca2539e
PSETHASH = 844a175eacc74cc51be2e7d71ca2539e
/home/grid/cms667/home_cream_136231957/CREAM136231957/writeCfg.py pset.py pset.py
Importing .py file
Setting parameters
RandomNumberGeneratorService found, will attempt to change seeds
inputBlocks=/RelValTTbar/CMSSW_5_3_11_patch3-PU_START53_LV2_09Jul2013-v1/GEN-SIM-DIGI-RAW-HLTDEBUG#bc03e9fc-e90e-11e2-95e5-00221959e7c0
inputFiles=/store/relval/CMSSW_5_3_11_patch3/RelValTTbar/GEN-SIM-DIGI-RAW-HLTDEBUG/PU_START53_LV2_09Jul2013-v1/00000/485AB0AE-08E9-E211-9B9A-0026189438AC.root;/store/relval/CMSSW_5_3_11_patch3/RelValTTbar/GEN-SIM-DIGI-RAW-HLTDEBUG/PU_START53_LV2_09Jul2013-v1/00000/E475BAC4-08E9-E211-A2F2-00261894393E.root
parentFiles=
lumisRange=
>>> Executable cmsRun
/afs/cern.ch/cms/slc5_amd64_gcc462/cms/cmssw-patch/CMSSW_5_3_11_patch6/bin/slc5_amd64_gcc462/cmsRun
ok executable found
>>> info for dashboard:
***** Cat /home/grid/cms667/home_cream_136231957/CREAM136231957/jobreport.txt *****
MonitorJobID=14_https://wms317.cern.ch:9000/f-I6w7px8zpX78uQVKvO5g
MonitorID=marfin_crab_0_130903_090551_0kdn32
ExeStart=cmsRun
***** End Cat jobreport *****
Parameters sent to Dashboard.
>>> cmsRun started at Tue Sep  3 12:41:56 UTC 2013
>>> cmsRun ended at Tue Sep  3 13:38:11 UTC 2013
>>> crab_fjr_*.xml  permission set to 0704
>>> info for dashboard:
***** Cat /home/grid/cms667/home_cream_136231957/CREAM136231957/jobreport.txt *****
MonitorJobID=14_https://wms317.cern.ch:9000/f-I6w7px8zpX78uQVKvO5g
MonitorID=marfin_crab_0_130903_090551_0kdn32
ExeEnd=cmsRun
***** End Cat jobreport *****
Parameters sent to Dashboard.
TIME_EXE = 3375 sec
>>> cmsRun wrote 114 lines of stdout+stderr
>>> START OF printout of 114 lines from stdout+stderr
03-Sep-2013 14:42:28 CEST  Initiating request to open file root://eoscms//eos/cms/store/relval/CMSSW_5_3_11_patch3/RelValTTbar/GEN-SIM-DIGI-RAW-HLTDEBUG/PU_START53_LV2_09Jul2013-v1/00000/485AB0AE-08E9-E211-9B9A-0026189438AC.root?svcClass=default
130903 14:42:28 4255 Xrd: GoToAnotherServer: Going to: lxfsrf47c01.cern.ch:1095
03-Sep-2013 14:42:39 CEST  Successfully opened file root://eoscms//eos/cms/store/relval/CMSSW_5_3_11_patch3/RelValTTbar/GEN-SIM-DIGI-RAW-HLTDEBUG/PU_START53_LV2_09Jul2013-v1/00000/485AB0AE-08E9-E211-9B9A-0026189438AC.root?svcClass=default
%MSG-w SiStripQuality:  EventSetupRecordDataGetter:hltGetConditions@beginRun  03-Sep-2013 14:44:19 CEST Run: 1
The cabling should always include the active feds in runInfo and possibly have some morethere are instead 59 feds only active in runInfo
%MSG
Begin processing the 1st record. Run 1, Event 4154, LumiSection 84 at 03-Sep-2013 14:44:51.315 CEST
DTTSPhi::addTracoT: preview not present in TRACO trigger or its code=0  trigger not added!
DTTSPhi::addTracoT: preview not present in TRACO trigger or its code=0  trigger not added!
DTTSPhi::addTracoT: preview not present in TRACO trigger or its code=0  trigger not added!
DTTSPhi::addTracoT: preview not present in TRACO trigger or its code=0  trigger not added!
DTTSPhi::addTracoT: preview not present in TRACO trigger or its code=0  trigger not added!
DTTSPhi::addTracoT: preview not present in TRACO trigger or its code=0  trigger not added!
DTTSPhi::addTracoT: preview not present in TRACO trigger or its code=0  trigger not added!
Begin processing the 101st record. Run 1, Event 4404, LumiSection 89 at 03-Sep-2013 14:56:16.211 CEST
DTTSPhi::addTracoT: preview not present in TRACO trigger or its code=0  trigger not added!
130903 15:02:58 4255 Xrd: XrdClientMessage::ReadRaw: Failed to read header (8 bytes).
DTTSPhi::addTracoT: preview not present in TRACO trigger or its code=0  trigger not added!
Begin processing the 201st record. Run 1, Event 4854, LumiSection 98 at 03-Sep-2013 15:07:31.269 CEST
%MSG-w BasicTrajectoryState:   ElectronSeedProducer:hltActivityStartUpElectronPixelSeeds  03-Sep-2013 15:08:27 CEST Run: 1 Event: 4862
local error not pos-def
[            1           0           0           0           0
             0-3.58447e-16-8.32089e-16-1.49035e-09 3.06718e-08
             0-8.32089e-16 2.62942e-14 3.06649e-08 -9.5603e-07
             0-1.49035e-09 3.06649e-08   0.0569836    -1.11648
             0 3.06718e-08 -9.5603e-07    -1.11648     34.8002 ]
%MSG
%MSG-w BasicTrajectoryState:   ElectronSeedProducer:hltActivityStartUpElectronPixelSeeds  03-Sep-2013 15:08:27 CEST Run: 1 Event: 4862
curv error not pos-def
[            1           0           0           0           0
             0 2.63201e-14-1.44376e-11-5.48756e-10 9.57013e-07
             0-1.44376e-11-5.15868e-05 0.000185501-0.000198526
             0-5.48756e-10 0.000185501   0.0211533  -0.0196318
             0 9.57013e-07-0.000198526  -0.0196318      34.836 ]
%MSG
DTTSPhi::addTracoT: preview not present in TRACO trigger or its code=0  trigger not added!
DTTSPhi::addTracoT: preview not present in TRACO trigger or its code=0  trigger not added!
%MSG-w BasicTrajectoryState:  TrackProducer:hltCtfL1NonIsoWithMaterialTracks  03-Sep-2013 15:10:52 CEST Run: 1 Event: 4884
local error not pos-def
[ -5.79133e-07 1.20864e-06-2.47383e-10  1.2298e-05-3.21493e-06
   1.20864e-06 5.19996e-07-1.14856e-07 4.68559e-06 1.35764e-06
  -2.47383e-10-1.14856e-07 1.10473e-06 1.12721e-06-2.23912e-05
    1.2298e-05 4.68559e-06 1.12721e-06-3.60923e-05-4.30346e-05
  -3.21493e-06 1.35764e-06-2.23912e-05-4.30346e-05 0.000561106 ]
%MSG
%MSG-w BasicTrajectoryState:  TrackProducer:hltCtfL1NonIsoWithMaterialTracks  03-Sep-2013 15:10:52 CEST Run: 1 Event: 4884
curv error not pos-def
[ -5.79133e-07 1.65858e-08-1.08619e-06 1.16832e-05 3.03103e-06
   1.65858e-08 9.89707e-07 9.32986e-08 1.07724e-06  2.1166e-05
  -1.08619e-06 9.32986e-08  4.2063e-07 -4.0275e-06 1.33227e-06
   1.16832e-05 1.07724e-06 -4.0275e-06-3.25727e-05 4.13466e-05
   3.03103e-06  2.1166e-05 1.33227e-06 4.13466e-05 0.000558601 ]
%MSG
%MSG-w BasicTrajectoryState:  TrackProducer:hltCtfActivityWithMaterialTracks  03-Sep-2013 15:10:52 CEST Run: 1 Event: 4884
local error not pos-def
[ -5.79133e-07 1.20864e-06-2.47383e-10  1.2298e-05-3.21493e-06
   1.20864e-06 5.19996e-07-1.14856e-07 4.68559e-06 1.35764e-06
  -2.47383e-10-1.14856e-07 1.10473e-06 1.12721e-06-2.23912e-05
    1.2298e-05 4.68559e-06 1.12721e-06-3.60923e-05-4.30346e-05
  -3.21493e-06 1.35764e-06-2.23912e-05-4.30346e-05 0.000561106 ]
%MSG
%MSG-w BasicTrajectoryState:  TrackProducer:hltCtfActivityWithMaterialTracks  03-Sep-2013 15:10:52 CEST Run: 1 Event: 4884
curv error not pos-def
[ -5.79133e-07 1.65858e-08-1.08619e-06 1.16832e-05 3.03103e-06
   1.65858e-08 9.89707e-07 9.32986e-08 1.07724e-06  2.1166e-05
  -1.08619e-06 9.32986e-08  4.2063e-07 -4.0275e-06 1.33227e-06
   1.16832e-05 1.07724e-06 -4.0275e-06-3.25727e-05 4.13466e-05
   3.03103e-06  2.1166e-05 1.33227e-06 4.13466e-05 0.000558601 ]
%MSG
DTTSPhi::addTracoT: preview not present in TRACO trigger or its code=0  trigger not added!
DTTSPhi::addTracoT: preview not present in TRACO trigger or its code=0  trigger not added!
DTTSPhi::addTracoT: preview not present in TRACO trigger or its code=0  trigger not added!
DTTSPhi::addTracoT: preview not present in TRACO trigger or its code=0  trigger not added!
03-Sep-2013 15:18:23 CEST  Closed file root://eoscms//eos/cms/store/relval/CMSSW_5_3_11_patch3/RelValTTbar/GEN-SIM-DIGI-RAW-HLTDEBUG/PU_START53_LV2_09Jul2013-v1/00000/485AB0AE-08E9-E211-9B9A-0026189438AC.root?svcClass=default
03-Sep-2013 15:18:23 CEST  Initiating request to open file root://eoscms//eos/cms/store/relval/CMSSW_5_3_11_patch3/RelValTTbar/GEN-SIM-DIGI-RAW-HLTDEBUG/PU_START53_LV2_09Jul2013-v1/00000/E475BAC4-08E9-E211-A2F2-00261894393E.root?svcClass=default
130903 15:18:23 001 Xrd: CheckErrorStatus: Server [eoscms] declared: session not found(error code: 3011)
130903 15:18:23 4255 Xrd: GoToAnotherServer: Going to: lxfsrd22c02.cern.ch:1095
03-Sep-2013 15:18:23 CEST  Successfully opened file root://eoscms//eos/cms/store/relval/CMSSW_5_3_11_patch3/RelValTTbar/GEN-SIM-DIGI-RAW-HLTDEBUG/PU_START53_LV2_09Jul2013-v1/00000/E475BAC4-08E9-E211-A2F2-00261894393E.root?svcClass=default
Begin processing the 301st record. Run 1, Event 1004, LumiSection 21 at 03-Sep-2013 15:18:50.295 CEST
DTTSPhi::addTracoT: preview not present in TRACO trigger or its code=0  trigger not added!
130903 15:23:29 4255 Xrd: XrdClientMessage::ReadRaw: Failed to read header (8 bytes).
DTTSPhi::addTracoT: preview not present in TRACO trigger or its code=0  trigger not added!
DTTSPhi::addTracoT: preview not present in TRACO trigger or its code=0  trigger not added!
DTTSPhi::addTracoT: preview not present in TRACO trigger or its code=0  trigger not added!
Begin processing the 401st record. Run 1, Event 1204, LumiSection 25 at 03-Sep-2013 15:30:06.252 CEST
DTTSPhi::addTracoT: preview not present in TRACO trigger or its code=0  trigger not added!
03-Sep-2013 15:37:50 CEST  Closed file root://eoscms//eos/cms/store/relval/CMSSW_5_3_11_patch3/RelValTTbar/GEN-SIM-DIGI-RAW-HLTDEBUG/PU_START53_LV2_09Jul2013-v1/00000/E475BAC4-08E9-E211-A2F2-00261894393E.root?svcClass=default

=============================================

MessageLogger Summary

 type     category        sev    module        subroutine        count    total
 ---- -------------------- -- ---------------- ----------------  -----    -----
    1 BasicTrajectoryState -w ElectronSeedProd                       2        2
    2 BasicTrajectoryState -w TrackProducer:hl                       2        2
    3 BasicTrajectoryState -w TrackProducer:hl                       2        2
    4 SiStripQuality       -w EventSetupRecord                       1        1
    5 fileAction           -s file_close                             2        2
    6 fileAction           -s file_open                              4        4

 type    category    Examples: run/evt        run/evt          run/evt
 ---- -------------------- ---------------- ---------------- ----------------
    1 BasicTrajectoryState 1/4862           1/4862           
    2 BasicTrajectoryState 1/4884           1/4884           
    3 BasicTrajectoryState 1/4884           1/4884           
    4 SiStripQuality       Run: 1                            
    5 fileAction           PostProcessEvent PostEndRun       
    6 fileAction           pre-events       pre-events       PostProcessEvent

Severity    # Occurrences   Total Occurrences
--------    -------------   -----------------
Warning                 7                   7
System                  6                   6
>>> END OF printout of 114 lines from stdout+stderr
>>> Parse FrameworkJobReport crab_fjr.xml
Result of parsing the FrameworkJobReport crab_fjr.xml: Popularity start
lumisRange : 1::84,88-89,94,98-99::1;1::21-22,25,31::2;
lumisParentRange : 
Basename : /store/relval/CMSSW_5_3_11_patch3/RelValTTbar/GEN-SIM-DIGI-RAW-HLTDEBUG/PU_START53_LV2_09Jul2013-v1/00000/
BasenameParent : 
parentFiles : 
inputBlocks : /RelValTTbar/CMSSW_5_3_11_patch3-PU_START53_LV2_09Jul2013-v1/GEN-SIM-DIGI-RAW-HLTDEBUG#bc03e9fc-e90e-11e2-95e5-00221959e7c0
inputFiles : 485AB0AE-08E9-E211-9B9A-0026189438AC.root::1::EDM::Local::1;E475BAC4-08E9-E211-A2F2-00261894393E.root::1::EDM::Local::2;
Popularity stop
Extracted ExitStatus from FrameworkJobReport parsing output: 0
>>> Executable succeded  0
ExeExitCode=0
EXECUTABLE_EXIT_STATUS = 0
>>> current directory /home/grid/cms667/home_cream_136231957/CREAM136231957/CMSSW_5_3_11_patch6
>>>  (SOFTWARE_DIR): /home/grid/cms667/home_cream_136231957/CREAM136231957/CMSSW_5_3_11_patch6
>>> (WORKING_DIR): 
>>> current directory content:
total 4228940
drwxr-xr-x 3 cms667 zh       4096 Sep  3 14:41 .SCRAM
-rw------- 1 cms667 zh    3842683 Sep  3 14:41 CMSSW.py.pkl
drwxr-xr-x 3 cms667 zh       4096 Sep  3 14:41 bin
drwxr-xr-x 3 cms667 zh       4096 Sep  3 14:41 cfipython
drwxr-xr-x 4 cms667 zh       4096 Sep  3 14:41 config
-rw------- 1 cms667 zh         18 Sep  3 15:38 cpu_timing.txt
drwxr-xr-x 2 cms667 zh       4096 Sep  3 14:41 doc
-rw------- 1 cms667 zh       8709 Sep  3 15:38 executable.out
drwxr-xr-x 2 cms667 zh       4096 Sep  3 14:41 include
drwx------ 3 cms667 zh       4096 Aug 26 18:31 lib
drwxr-xr-x 3 cms667 zh       4096 Sep  3 14:41 logs
drwxr-xr-x 3 cms667 zh       4096 Sep  3 14:41 objs
-rw------- 1 cms667 zh 4318333550 Sep  3 15:38 output.root
-rw------- 1 cms667 zh        104 Sep  3 14:41 pset.py
-rw------- 1 cms667 zh    3842533 Sep  3 14:41 pset.py.pkl
-rw------- 1 cms667 zh        289 Sep  3 14:41 pset.pyc
drwxr-xr-x 2 cms667 zh       4096 Sep  3 14:41 python
-rw------- 1 cms667 zh        440 Sep  3 15:38 report.log
drwx------ 5 cms667 zh       4096 Sep  3 14:41 src
drwxr-xr-x 3 cms667 zh       4096 Sep  3 14:41 test
drwxr-xr-x 3 cms667 zh       4096 Sep  3 14:41 tmp
>>> current directory /home/grid/cms667/home_cream_136231957/CREAM136231957/CMSSW_5_3_11_patch6
>>> (SOFTWARE_DIR): /home/grid/cms667/home_cream_136231957/CREAM136231957/CMSSW_5_3_11_patch6
>>> (WORKING_DIR): 
>>> current directory content:
total 4228940
drwxr-xr-x 3 cms667 zh       4096 Sep  3 14:41 .SCRAM
-rw------- 1 cms667 zh    3842683 Sep  3 14:41 CMSSW.py.pkl
drwxr-xr-x 3 cms667 zh       4096 Sep  3 14:41 bin
drwxr-xr-x 3 cms667 zh       4096 Sep  3 14:41 cfipython
drwxr-xr-x 4 cms667 zh       4096 Sep  3 14:41 config
-rw------- 1 cms667 zh         18 Sep  3 15:38 cpu_timing.txt
drwxr-xr-x 2 cms667 zh       4096 Sep  3 14:41 doc
-rw------- 1 cms667 zh       8709 Sep  3 15:38 executable.out
drwxr-xr-x 2 cms667 zh       4096 Sep  3 14:41 include
drwx------ 3 cms667 zh       4096 Aug 26 18:31 lib
drwxr-xr-x 3 cms667 zh       4096 Sep  3 14:41 logs
drwxr-xr-x 3 cms667 zh       4096 Sep  3 14:41 objs
-rw------- 1 cms667 zh 4318333550 Sep  3 15:38 output_14_3_rNB.root
-rw------- 1 cms667 zh        104 Sep  3 14:41 pset.py
-rw------- 1 cms667 zh    3842533 Sep  3 14:41 pset.py.pkl
-rw------- 1 cms667 zh        289 Sep  3 14:41 pset.pyc
drwxr-xr-x 2 cms667 zh       4096 Sep  3 14:41 python
-rw------- 1 cms667 zh        440 Sep  3 15:38 report.log
drwx------ 5 cms667 zh       4096 Sep  3 14:41 src
drwxr-xr-x 3 cms667 zh       4096 Sep  3 14:41 test
drwxr-xr-x 3 cms667 zh       4096 Sep  3 14:41 tmp
>>> current directory (RUNTIME_AREA):  /home/grid/cms667/home_cream_136231957/CREAM136231957
SE = srm-cms.cern.ch
SE_PATH = /srm/managerv2?SFN=/castor/cern.ch/user/m/marfin//53xRelVal2011Redigi/
LFNBaseName = /53xRelVal2011Redigi/marfin/RelValTTbar/53xRelVal2011Redigi/844a175eacc74cc51be2e7d71ca2539e/
USER = marfin
endpoint = srm://srm-cms.cern.ch:8443/srm/managerv2?SFN=/castor/cern.ch/user/m/marfin//53xRelVal2011Redigi/marfin/RelValTTbar/53xRelVal2011Redigi/844a175eacc74cc51be2e7d71ca2539e/
>>> Copy output files from WN = lxbsu2711.cern.ch to /srm/managerv2?SFN=/castor/cern.ch/user/m/marfin//53xRelVal2011Redigi/ :
python cmscp.py  --destination srm://srm-cms.cern.ch:8443/srm/managerv2?SFN=/castor/cern.ch/user/m/marfin//53xRelVal2011Redigi/marfin/RelValTTbar/53xRelVal2011Redigi/844a175eacc74cc51be2e7d71ca2539e/ --inputFileList /home/grid/cms667/home_cream_136231957/CREAM136231957/CMSSW_5_3_11_patch6/output_14_3_rNB.root --middleware LCG --se_name srm-cms.cern.ch --for_lfn /53xRelVal2011Redigi/marfin/RelValTTbar/53xRelVal2011Redigi/844a175eacc74cc51be2e7d71ca2539e/    
******************************************************
localSeName  =  srm-eoscms.cern.ch
remoteSeName =  srm-cms.cern.ch
******************************************************
{"/home/grid/cms667/home_cream_136231957/CREAM136231957/CMSSW_5_3_11_patch6/output_14_3_rNB.root": {"endpoint": "srm://srm-cms.cern.ch:8443/srm/managerv2?SFN=/castor/cern.ch/user/m/marfin//53xRelVal2011Redigi/marfin/RelValTTbar/53xRelVal2011Redigi/844a175eacc74cc51be2e7d71ca2539e/", "surl_for_grid": "", "reason": "Problem copying /home/grid/cms667/home_cream_136231957/CREAM136231957/CMSSW_5_3_11_patch6/output_14_3_rNB.root file'Error copying [/home/grid/cms667/home_cream_136231957/CREAM136231957/CMSSW_5_3_11_patch6/output_14_3_rNB.root] to [output_14_3_rNB.root]'\nERROR: problems removing partially staged file output_14_3_rNB.root'Error deleting [output_14_3_rNB.root]'", "erCode": "60307", "se_name": "srm-cms.cern.ch", "for_lfn": "/copy_problem/"}}/home/grid/cms667/home_cream_136231957/CREAM136231957
-------- cat /home/grid/cms667/home_cream_136231957/CREAM136231957/cmscpReport.sh 
#!/bin/bash
echo "Report for File: /home/grid/cms667/home_cream_136231957/CREAM136231957/CMSSW_5_3_11_patch6/output_14_3_rNB.root"
echo "LFN: /copy_problem/output_14_3_rNB.root"
echo "StorageElement: srm-cms.cern.ch"
echo "StageOutExitStatusReason = 'Problem copying /home/grid/cms667/home_cream_136231957/CREAM136231957/CMSSW_5_3_11_patch6/output_14_3_rNB.root file Error copying [/home/grid/cms667/home_cream_136231957/CREAM136231957/CMSSW_5_3_11_patch6/output_14_3_rNB.root] to [output_14_3_rNB.root] 
ERROR: problems removing partially staged file output_14_3_rNB.root Error deleting [output_14_3_rNB.root] '" | tee -a $RUNTIME_AREA/$repo
echo "StageOutSE = srm-cms.cern.ch" >> $RUNTIME_AREA/$repo

export StageOutExitStatus=60307
echo "StageOutExitStatus = 60307" | tee -a $RUNTIME_AREA/$repo
-------- end of /home/grid/cms667/home_cream_136231957/CREAM136231957/cmscpReport.sh 
Report for File: /home/grid/cms667/home_cream_136231957/CREAM136231957/CMSSW_5_3_11_patch6/output_14_3_rNB.root
LFN: /copy_problem/output_14_3_rNB.root
StorageElement: srm-cms.cern.ch
StageOutExitStatusReason = 'Problem copying /home/grid/cms667/home_cream_136231957/CREAM136231957/CMSSW_5_3_11_patch6/output_14_3_rNB.root file Error copying [/home/grid/cms667/home_cream_136231957/CREAM136231957/CMSSW_5_3_11_patch6/output_14_3_rNB.root] to [output_14_3_rNB.root] 
ERROR: problems removing partially staged file output_14_3_rNB.root Error deleting [output_14_3_rNB.root] '
StageOutExitStatus = 60307
Problem copying file to srm-cms.cern.ch /srm/managerv2?SFN=/castor/cern.ch/user/m/marfin//53xRelVal2011Redigi/
########## contents of SE interaction
2013-09-03 15:38:31.212511:
Executed:	unset LD_LIBRARY_PATH; unset GLITE_ENV_SET; export PATH=/usr/bin:/bin; source /etc/profile; source /home/grid/cms667/home_cream_136231957/CREAM136231957/CacheEnv.sh ; lcg-ls -b -D srmv2 --srm-timeout 2400 --sendreceive-timeout 2400 --connect-timeout 300 --verbose srm://srm-cms.cern.ch:8443/srm/managerv2?SFN=/castor/cern.ch/user/m/marfin//53xRelVal2011Redigi/marfin/RelValTTbar/53xRelVal2011Redigi/844a175eacc74cc51be2e7d71ca2539e/output_14_3_rNB.root
Done with exit code:	1
and output:
SE type: SRMv2
/castor/cern.ch/user/m/marfin//53xRelVal2011Redigi/marfin/RelValTTbar/53xRelVal2011Redigi/844a175eacc74cc51be2e7d71ca2539e/output_14_3_rNB.root: [SE][Ls][SRM_INVALID_PATH] No such file or directory


2013-09-03 16:18:43.131205:
Executed:	unset LD_LIBRARY_PATH; unset GLITE_ENV_SET; export PATH=/usr/bin:/bin; source /etc/profile; source /home/grid/cms667/home_cream_136231957/CREAM136231957/CacheEnv.sh ;  lcg-cp  --verbose  --vo=cms  -b -D srmv2 --srm-timeout 2400 --sendreceive-timeout 2400 --connect-timeout 300 --verbose file:///home/grid/cms667/home_cream_136231957/CREAM136231957/CMSSW_5_3_11_patch6/output_14_3_rNB.root srm://srm-cms.cern.ch:8443/srm/managerv2?SFN=/castor/cern.ch/user/m/marfin//53xRelVal2011Redigi/marfin/RelValTTbar/53xRelVal2011Redigi/844a175eacc74cc51be2e7d71ca2539e/output_14_3_rNB.root
Done with exit code:	1
and output:
Using grid catalog type: UNKNOWN
Using grid catalog : (null)
VO name: cms
Checksum type: None
Destination SE type: SRMv2
Destination SRM Request Token: 151421286
Source URL: file:/home/grid/cms667/home_cream_136231957/CREAM136231957/CMSSW_5_3_11_patch6/output_14_3_rNB.root
File size: 4318333550
Source URL for copy: file:/home/grid/cms667/home_cream_136231957/CREAM136231957/CMSSW_5_3_11_patch6/output_14_3_rNB.root
Destination URL: gsiftp://lxfsrf03c04.cern.ch:20641/e33547bc-cd37-30ee-e043-6ea18a89a502
# streams: 1
            0 bytes      0.00 KB/sec avg      0.00 KB/sec inst            0 bytes      0.00 KB/sec avg      0.00 KB/sec instfile:/home/grid/cms667/home_cream_136231957/CREAM136231957/CMSSW_5_3_11_patch6/output_14_3_rNB.root: zero number of replicas
lcg_cp: Invalid argument


2013-09-03 16:18:55.139356:
Executed:	unset LD_LIBRARY_PATH; unset GLITE_ENV_SET; export PATH=/usr/bin:/bin; source /etc/profile; source /home/grid/cms667/home_cream_136231957/CREAM136231957/CacheEnv.sh ; lcg-del  --verbose  --vo=cms  -b -D srmv2 --srm-timeout 2400 --sendreceive-timeout 2400 --connect-timeout 300 --verbose --nolfc srm://srm-cms.cern.ch:8443/srm/managerv2?SFN=/castor/cern.ch/user/m/marfin//53xRelVal2011Redigi/marfin/RelValTTbar/53xRelVal2011Redigi/844a175eacc74cc51be2e7d71ca2539e/output_14_3_rNB.root
Done with exit code:	1
and output:
VO name: cms
SE type: SRMv2
srm://srm-cms.cern.ch:8443/srm/managerv2?SFN=/castor/cern.ch/user/m/marfin//53xRelVal2011Redigi/marfin/RelValTTbar/53xRelVal2011Redigi/844a175eacc74cc51be2e7d71ca2539e/output_14_3_rNB.root: [SE][srmRm][SRM_INVALID_PATH] No such file or directory



#####################################
>>> current dir: /home/grid/cms667/home_cream_136231957/CREAM136231957
>>> current dir content:
total 6252
-rwx------  1 cms667 zh   13669 Sep  3 14:41 .BrokerInfo
-rw-------  1 cms667 zh    3023 Sep  3 16:18 .SEinteraction.log
-rwx------  1 cms667 zh       0 Sep  3 14:41 .tmp_file
-rw-------  1 cms667 zh     105 Sep  3 09:05 CMSSW.py
-rw-------  1 cms667 zh 3842683 Sep  3 09:05 CMSSW.py.pkl
-rwx------  1 cms667 zh   27957 Sep  3 14:41 CMSSW.sh
-rwx------  1 cms667 zh       0 Sep  3 14:41 CMSSW_14.stderr
-rwx---r--  1 cms667 zh   27195 Sep  3 16:20 CMSSW_14.stdout
drwxr-xr-x 15 cms667 zh    4096 Sep  3 15:38 CMSSW_5_3_11_patch6
-rw-------  1 cms667 zh     484 Sep  3 14:41 CacheEnv.sh
-rw-------  1 cms667 zh    7291 Jun  9  2010 DashboardAPI.py
-rw-------  1 cms667 zh    6493 Sep  3 14:41 DashboardAPI.pyc
drwx------  3 cms667 zh    4096 Aug 20 17:36 IMProv
-rw-------  1 cms667 zh    2748 Mar  8  2006 Logger.py
-rw-------  1 cms667 zh    3223 Sep  3 14:41 Logger.pyc
-rw-------  1 cms667 zh   24524 Mar 28  2008 ProcInfo.py
-rw-------  1 cms667 zh   22846 Sep  3 14:41 ProcInfo.pyc
drwx------  7 cms667 zh    4096 Sep  3 14:41 ProdCommon
drwx------  3 cms667 zh    4096 Sep  3 14:41 WMCore
-rw-------  1 cms667 zh    8061 Sep  3 15:39 Watchdog_14.log
-rw-------  1 cms667 zh   32895 Mar 28  2008 apmon.py
-rw-------  1 cms667 zh   28120 Sep  3 14:41 apmon.pyc
-rwx------  1 cms667 zh   10416 Sep  3 14:41 arguments.xml
-rwx------  1 cms667 zh   38507 Aug  6 23:12 cmscp.py
-rw-------  1 cms667 zh     798 Sep  3 16:20 cmscpReport.sh
-rw-------  1 cms667 zh     634 Sep  3 09:05 crab.cfg
-rwx------  1 cms667 zh    8610 Apr  2 15:44 crabWatchdog.sh
-rwx---r--  1 cms667 zh  781852 Sep  3 15:38 crab_fjr_14.xml
-rwx------  1 cms667 zh 1214804 Sep  3 14:41 default.tgz
-rwx------  1 cms667 zh    4488 May 12  2012 fillCrabFjr.py
-rw-------  1 cms667 zh     468 Sep  3 14:41 inputsReport.txt
-rw-------  1 cms667 zh     585 Sep  3 16:20 jobreport.txt
lrwxrwxrwx  1 cms667 zh      94 Sep  3 15:38 output.root -> /home/grid/cms667/home_cream_136231957/CREAM136231957/CMSSW_5_3_11_patch6/output_14_3_rNB.root
-rw-------  1 cms667 zh   17352 Jan 20  2012 parseCrabFjr.py
-rw-------  1 cms667 zh     265 Sep  3 14:41 report.log
-rwx--x--x  1 cms667 zh    1497 May 27  2009 report.py
-rw-------  1 cms667 zh     758 Sep  3 16:20 resultCopyFile
-rwx------  1 cms667 zh    8387 Mar 23  2011 writeCfg.py
>>> Modify Job Report:
CMSSW_VERSION = CMSSW_5_3_11_patch6
ProcessedDataset = 53xRelVal2011Redigi
/home/grid/cms667/home_cream_136231957/CREAM136231957/ProdCommon/FwkJobRep/ModifyJobReport.py fjr /home/grid/cms667/home_cream_136231957/CREAM136231957/crab_fjr_14.xml json /home/grid/cms667/home_cream_136231957/CREAM136231957/resultCopyFile n_job 14_3_rNB PrimaryDataset RelValTTbar  ApplicationFamily cmsRun ApplicationName cmsRun cmssw_version CMSSW_5_3_11_patch6 psethash 844a175eacc74cc51be2e7d71ca2539e UserProcessedDataset marfin-53xRelVal2011Redigi-844a175eacc74cc51be2e7d71ca2539e
inputDict =  {u'/home/grid/cms667/home_cream_136231957/CREAM136231957/CMSSW_5_3_11_patch6/output_14_3_rNB.root': {u'endpoint': u'srm://srm-cms.cern.ch:8443/srm/managerv2?SFN=/castor/cern.ch/user/m/marfin//53xRelVal2011Redigi/marfin/RelValTTbar/53xRelVal2011Redigi/844a175eacc74cc51be2e7d71ca2539e/', u'surl_for_grid': u'', u'reason': u"Problem copying /home/grid/cms667/home_cream_136231957/CREAM136231957/CMSSW_5_3_11_patch6/output_14_3_rNB.root file'Error copying [/home/grid/cms667/home_cream_136231957/CREAM136231957/CMSSW_5_3_11_patch6/output_14_3_rNB.root] to [output_14_3_rNB.root]'\nERROR: problems removing partially staged file output_14_3_rNB.root'Error deleting [output_14_3_rNB.root]'", u'erCode': u'60307', u'se_name': u'srm-cms.cern.ch', u'for_lfn': u'/copy_problem/'}}
diz_filter =  {u'output.root': u''}
UserProcessedDataset =  marfin-53xRelVal2011Redigi-844a175eacc74cc51be2e7d71ca2539e
file_name in inputDict =  /home/grid/cms667/home_cream_136231957/CREAM136231957/CMSSW_5_3_11_patch6/output_14_3_rNB.root
(size) os.stat(filename)[6] =  4318333550
checksum =  1389669633
filter =  
    file =  output_14_3_rNB.root
    newPfn =  srm://srm-cms.cern.ch:8443/srm/managerv2?SFN=/castor/cern.ch/user/m/marfin//53xRelVal2011Redigi/marfin/RelValTTbar/53xRelVal2011Redigi/844a175eacc74cc51be2e7d71ca2539e/output_14_3_rNB.root
    newLfn =  /copy_problem/output_14_3_rNB.root
>>> crab_fjr_*.xml  permission set to 0704
Checking output files:  
will tar file crab_fjr_14.xml in  out_files_14
will tar file CMSSW_14.stdout in  out_files_14
will tar file CMSSW_14.stderr in  out_files_14
WARNING: output file Watchdog_14.log.gz not found!
>>> padding time: Wrapper lasting more than 600 seconds. No sleep required.
STOPPING WATCHDOG. CrabWatchdog PID is 3517
********** LAST 50 LINES OF WATCHDOG LOG
 Sep 03 15:00:02 CEST	4255	1940544	2379540	1110	984	1109	cmsRun -j /home/grid/cms667/home_cream_136231957/CREAM136231957/crab_fjr_14.xml -p pset.py      
 Sep 03 15:00:02 CEST	---	1940544	2379540	1190	----	----	----
 Sep 03 15:01:03 CEST	---	1940544	2379540	1271	----	----	----
 Sep 03 15:02:05 CEST	---	1940544	2379540	1351	----	----	----
 Sep 03 15:03:06 CEST	---	1940544	2379540	1430	----	----	----
 Sep 03 15:04:08 CEST	4255	1940544	2395668	1430	1226	1355	cmsRun -j /home/grid/cms667/home_cream_136231957/CREAM136231957/crab_fjr_14.xml -p pset.py      
 Sep 03 15:04:08 CEST	---	1940544	2395668	1517	----	----	----
 Sep 03 15:05:09 CEST	4255	1940544	2401044	1517	1285	1417	cmsRun -j /home/grid/cms667/home_cream_136231957/CREAM136231957/crab_fjr_14.xml -p pset.py      
 Sep 03 15:05:09 CEST	---	1940544	2401044	1604	----	----	----
 Sep 03 15:06:11 CEST	---	1940544	2401044	1685	----	----	----
 Sep 03 15:07:12 CEST	---	1940544	2401044	1768	----	----	----
 Sep 03 15:08:14 CEST	---	1940544	2401044	1848	----	----	----
 Sep 03 15:09:16 CEST	---	1940544	2401044	1931	----	----	----
 Sep 03 15:10:17 CEST	---	1940544	2401044	2002	----	----	----
 Sep 03 15:11:19 CEST	---	1940544	2401044	2076	----	----	----
 Sep 03 15:12:20 CEST	---	1940544	2401044	2160	----	----	----
 Sep 03 15:13:22 CEST	4255	1944740	2422804	2160	1768	1909	cmsRun -j /home/grid/cms667/home_cream_136231957/CREAM136231957/crab_fjr_14.xml -p pset.py      
 Sep 03 15:13:22 CEST	---	1944740	2422804	2240	----	----	----
 Sep 03 15:14:23 CEST	4255	1952408	2431508	2240	1827	1971	cmsRun -j /home/grid/cms667/home_cream_136231957/CREAM136231957/crab_fjr_14.xml -p pset.py      
 Sep 03 15:14:23 CEST	---	1952408	2431508	2319	----	----	----
 Sep 03 15:15:25 CEST	---	1952408	2431508	2407	----	----	----
 Sep 03 15:16:26 CEST	---	1952408	2431508	2493	----	----	----
 Sep 03 15:17:28 CEST	---	1952408	2431508	2573	----	----	----
 Sep 03 15:18:29 CEST	---	1952408	2431508	2646	----	----	----
 Sep 03 15:19:31 CEST	---	1952408	2431508	2729	----	----	----
 Sep 03 15:20:32 CEST	---	1952408	2431508	2803	----	----	----
 Sep 03 15:21:34 CEST	---	1952408	2431508	2886	----	----	----
# TIME			PID	RSS(KB)	VSZ(KB)	Dsk(MB)	tCPU(s)	tWALL(s)	COMMAND
 Sep 03 15:22:35 CEST	---	1952408	2431508	2962	----	----	----
 Sep 03 15:23:37 CEST	---	1952408	2431508	3035	----	----	----
 Sep 03 15:24:38 CEST	---	1952408	2431508	3115	----	----	----
 Sep 03 15:25:40 CEST	---	1952408	2431508	3192	----	----	----
 Sep 03 15:26:41 CEST	4255	2005204	2457628	3192	2543	2708	cmsRun -j /home/grid/cms667/home_cream_136231957/CREAM136231957/crab_fjr_14.xml -p pset.py      
 Sep 03 15:26:41 CEST	---	2005204	2457628	3272	----	----	----
 Sep 03 15:27:43 CEST	4255	2017396	2457628	3272	2604	2770	cmsRun -j /home/grid/cms667/home_cream_136231957/CREAM136231957/crab_fjr_14.xml -p pset.py      
 Sep 03 15:27:43 CEST	---	2017396	2457628	3349	----	----	----
 Sep 03 15:28:44 CEST	4255	2030628	2476828	3349	2664	2831	cmsRun -j /home/grid/cms667/home_cream_136231957/CREAM136231957/crab_fjr_14.xml -p pset.py      
 Sep 03 15:28:44 CEST	---	2030628	2476828	3427	----	----	----
 Sep 03 15:29:45 CEST	---	2030628	2476828	3512	----	----	----
 Sep 03 15:30:47 CEST	---	2030628	2476828	3590	----	----	----
 Sep 03 15:31:48 CEST	---	2030628	2476828	3668	----	----	----
 Sep 03 15:32:50 CEST	4255	2040960	2488348	3668	2906	3077	cmsRun -j /home/grid/cms667/home_cream_136231957/CREAM136231957/crab_fjr_14.xml -p pset.py      
 Sep 03 15:32:50 CEST	---	2040960	2488348	3742	----	----	----
 Sep 03 15:33:51 CEST	---	2040960	2488348	3827	----	----	----
 Sep 03 15:34:54 CEST	---	2040960	2488348	3901	----	----	----
 Sep 03 15:35:56 CEST	---	2040960	2488348	3980	----	----	----
 Sep 03 15:36:58 CEST	---	2040960	2488348	4061	----	----	----
 Sep 03 15:37:59 CEST	4255	2040960	2547484	4061	3207	3386	cmsRun -j /home/grid/cms667/home_cream_136231957/CREAM136231957/crab_fjr_14.xml -p pset.py      
 Sep 03 15:37:59 CEST	---	2040960	2547484	4127	----	----	----
 Sep 03 15:39:01 CEST	---	2040960	2547484	4145	----	----	----
********** WATCHDOG LOG ENDED
ZIPPING WATCHDOG LOG
Disk space used:
du -sh /home/grid/cms667/home_cream_136231957/CREAM136231957
4.1G	/home/grid/cms667/home_cream_136231957/CREAM136231957
Found unusual stderr, rename for OSB
`/pool/grid/cms667/home_cream_136231957/CREAM136231957/CMSSW_14.stdout' -> `CMSSW_14.stderr'
crab_fjr_14.xml
CMSSW_14.stdout
CMSSW_14.stderr
Watchdog_14.log.gz
Total Output dimension: 80168
WARNING: output files size limit is set to: 55000000
Total Output dimension 80168 is fine.
JOB_EXIT_STATUS = 60307
>>> info for dashboard:
***** Cat /home/grid/cms667/home_cream_136231957/CREAM136231957/jobreport.txt *****
MonitorJobID=14_https://wms317.cern.ch:9000/f-I6w7px8zpX78uQVKvO5g
MonitorID=marfin_crab_0_130903_090551_0kdn32
ExeTime=3375
ExeExitCode=0
StageOutExitStatusReason = 'Problem copying /home/grid/cms667/home_cream_136231957/CREAM136231957/CMSSW_5_3_11_patch6/output_14_3_rNB.root file Error copying [/home/grid/cms667/home_cream_136231957/CREAM136231957/CMSSW_5_3_11_patch6/output_14_3_rNB.root] to [output_14_3_rNB.root] 
ERROR: problems removing partially staged file output_14_3_rNB.root Error deleting [output_14_3_rNB.root] '
StageOutSE = srm-cms.cern.ch
StageOutExitStatus = 60307
CrabUserCpuTime=3130.93
CrabSysCpuTime=86.03
CrabCpuPercentage=95%
CrabWrapperTime=5973
CrabStageoutTime=2510
JobExitCode=60307
***** End Cat jobreport *****
Parameters sent to Dashboard.
crab_fjr_14.xml
