This script was generated by crab (version 2.9.0).
Running ./CMSSW.sh with 2 positional parameters: 15 1
Today is Tue Sep  3 09:43:48 CEST 2013
Job submitted on host lxbsq2019.cern.ch
Linux lxbsq2019.cern.ch 2.6.18-308.16.1.el5 #1 SMP Thu Oct 4 14:02:28 CEST 2012 x86_64 x86_64 x86_64 GNU/Linux
>>> current directory (RUNTIME_AREA): /home/grid/cms667/home_cream_304881378/CREAM304881378
>>> current user: uid=52545(cms667) gid=1399(zh) groups=1399(zh),1105805764 context=system_u:system_r:initrc_t
>>> directory permission set to 0700
>>> umask set to:  u=rwx,g=,o=
>>> stdout stderr permission set to 0704
>>> voms proxy information:
subject   : /C=DE/O=GermanGrid/OU=DESY/CN=Ihar Marfin/CN=proxy/CN=proxy/CN=proxy/CN=limited proxy
issuer    : /C=DE/O=GermanGrid/OU=DESY/CN=Ihar Marfin/CN=proxy/CN=proxy/CN=proxy
identity  : /C=DE/O=GermanGrid/OU=DESY/CN=Ihar Marfin/CN=proxy/CN=proxy/CN=proxy
type      : limited proxy
strength  : 1024 bits
path      : /home/grid/cms667/home_cream_304881378/cream_304881378.proxy
timeleft  : 175:28:59
key usage : 
=== VO cms extension information ===
VO        : cms
subject   : /C=DE/O=GermanGrid/OU=DESY/CN=Ihar Marfin
issuer    : /DC=ch/DC=cern/OU=computers/CN=lcg-voms.cern.ch
attribute : /cms/Role=NULL/Capability=NULL
attribute : /cms/dcms/Role=NULL/Capability=NULL
timeleft  : 175:30:47
uri       : lcg-voms.cern.ch:15002
>>> tar --no-same-permissions -xf /home/grid/cms667/home_cream_304881378/CREAM304881378/default.tgz :
Successful untar
>>> Include /home/grid/cms667/home_cream_304881378/CREAM304881378 in PYTHONPATH:
strip arguments
env var CRAB_UNIQUE_JOB_ID set to: marfin_crab_0_130903_090551_0kdn32_15_1_ntj
out_files_15
>>> list of expected files on output sandbox
output files: crab_fjr_15.xml CMSSW_15.stdout CMSSW_15.stderr Watchdog_15.log.gz
>>> GridFlavour discovery: 
GridFlavour=LCG
>>> SyncSite discovery: 
not reporting SyncSite
>>> SyncCE discovery: 
getting SyncCE from CE_ID
SyncCE=ce207.cern.ch:8443/cream-lsf-grid_cms
>>> info for dashboard:
***** Cat /home/grid/cms667/home_cream_304881378/CREAM304881378/jobreport.txt *****
MonitorJobID=15_https://wms314.cern.ch:9000/OGFJeIfqil_sGXXvsX6WWA
SyncGridJobId=https://wms314.cern.ch:9000/OGFJeIfqil_sGXXvsX6WWA
MonitorID=marfin_crab_0_130903_090551_0kdn32
GridFlavour=LCG
SyncCE=ce207.cern.ch:8443/cream-lsf-grid_cms
***** End Cat jobreport *****
Parameters sent to Dashboard.
>>> setup environment
set SCRAM ARCH to slc5_amd64_gcc462
SCRAM_ARCH = slc5_amd64_gcc462
>>> setup CMS LCG environment:
set SCRAM ARCH and BUILD_ARCH to slc5_amd64_gcc462 ###
Sourcing environment... 
sourcing /afs/cern.ch/project/gd/apps/cms/cmsset_default.sh
==> setup cms environment ok
>>> specific cmssw setup environment:
CMSSW_VERSION =  CMSSW_5_3_11_patch6
>>> current directory (SOFTWARE_DIR): /home/grid/cms667/home_cream_304881378/CREAM304881378/CMSSW_5_3_11_patch6
PreserveSeeds: <>
IncrementSeeds:<>
{"output.root": ""}
WNHostName=lxbsq2019.cern.ch
>>> info for dashboard:
***** Cat /home/grid/cms667/home_cream_304881378/CREAM304881378/jobreport.txt *****
MonitorJobID=15_https://wms314.cern.ch:9000/OGFJeIfqil_sGXXvsX6WWA
MonitorID=marfin_crab_0_130903_090551_0kdn32
WNHostName=lxbsq2019.cern.ch
***** End Cat jobreport *****
Parameters sent to Dashboard.
crabWatchdog started as process 22150
>>> moving CMSSW software directories in /home/grid/cms667/home_cream_304881378/CREAM304881378/CMSSW_5_3_11_patch6
mv: cannot stat `/home/grid/cms667/home_cream_304881378/CREAM304881378/module/': No such file or directory
>>> Include /home/grid/cms667/home_cream_304881378/CREAM304881378 in PYTHONPATH:
PYTHONPATH=/home/grid/cms667/home_cream_304881378/CREAM304881378/:/pool/grid/cms667/home_cream_304881378/CREAM304881378/CMSSW_5_3_11_patch6/python:/pool/grid/cms667/home_cream_304881378/CREAM304881378/CMSSW_5_3_11_patch6/lib/slc5_amd64_gcc462:/afs/cern.ch/cms/slc5_amd64_gcc462/cms/cmssw-patch/CMSSW_5_3_11_patch6/python:/afs/cern.ch/cms/slc5_amd64_gcc462/cms/cmssw-patch/CMSSW_5_3_11_patch6/lib/slc5_amd64_gcc462:/afs/cern.ch/cms/slc5_amd64_gcc462/cms/cmssw/CMSSW_5_3_11/bin/slc5_amd64_gcc462:/afs/cern.ch/cms/slc5_amd64_gcc462/cms/cmssw/CMSSW_5_3_11/lib/slc5_amd64_gcc462:/afs/cern.ch/cms/slc5_amd64_gcc462/cms/coral/CORAL_2_3_21-cms35/slc5_amd64_gcc462/python:/afs/cern.ch/cms/slc5_amd64_gcc462/cms/coral/CORAL_2_3_21-cms35/slc5_amd64_gcc462/lib:/afs/cern.ch/cms/slc5_amd64_gcc462/external/pyqt/4.8.1/lib/python2.6/site-packages:/afs/cern.ch/cms/slc5_amd64_gcc462/external/py2-scipy/0.8.0/lib/python2.6/site-packages:/afs/cern.ch/cms/slc5_amd64_gcc462/external/py2-matplotlib/1.0.1/lib/python2.6/site-packages:/afs/cern.ch/cms/slc5_amd64_gcc462/external/python-ldap/2.3.5/lib/python2.6/site-packages:/afs/cern.ch/cms/slc5_amd64_gcc462/external/sip/4.11.2/lib/python2.6/site-packages:/afs/cern.ch/cms/slc5_amd64_gcc462/external/py2-pycurl/7.19.0/lib/python2.6/site-packages:/afs/cern.ch/cms/slc5_amd64_gcc462/external/py2-numpy/1.6.1/lib/python2.6/site-packages:/afs/cern.ch/cms/slc5_amd64_gcc462/external/py2-ipython/0.10/lib/python2.6/site-packages:/afs/cern.ch/cms/slc5_amd64_gcc462/external/py2-cx-oracle/5.1-cms11/lib/python2.6/site-packages:/afs/cern.ch/cms/slc5_amd64_gcc462/external/py2-cjson/1.0.5/lib/python2.6/site-packages:/afs/cern.ch/cms/slc5_amd64_gcc462/cms/das-client/1.9.5/bin:/afs/cern.ch/cms/slc5_amd64_gcc462/external/elementtree/1.2.6/share/lib/python2.6/site-packages:/afs/cern.ch/cms/slc5_amd64_gcc462/external/rivet/1.8.2/lib/python2.6/site-packages:/afs/cern.ch/cms/slc5_amd64_gcc462/external/pyminuit2/0.0.1-cms39/lib/python2.6/site-packages:/afs/cern.ch/cms/slc5_amd64_gcc462/external/professor/1.0.0-cms40/lib/python2.6/site-packages:/afs/cern.ch/cms/slc5_amd64_gcc462/lcg/root/5.32.00-cms21/lib:/afs/cern.ch/cms/slc5_amd64_gcc462/cms/dbs-client/DBS_2_1_9-cms3/lib:/afs/cern.ch/cms/slc5_amd64_gcc462/cms/dbs-client/DBS_2_1_9-cms3/lib/DBSAPI:/afs/cern.ch/cms/slc5_amd64_gcc462/external/cvs2git/5419/lib:/home/grid/cms667/home_cream_304881378/CREAM304881378/
 
# LIMITS USED BY CRAB WATCHDOG:
# RSS  (KBytes)   : 2300000
# VSZ  (KBytes)   : 100000000
# DISK (MBytes)   : 19000
# CPU TIME        : 720h:0m:0s
# WALL CLOCK TIME : 21h:50m:0s
 
844a175eacc74cc51be2e7d71ca2539e
PSETHASH = 844a175eacc74cc51be2e7d71ca2539e
/home/grid/cms667/home_cream_304881378/CREAM304881378/writeCfg.py pset.py pset.py
Importing .py file
Setting parameters
RandomNumberGeneratorService found, will attempt to change seeds
inputBlocks=/RelValTTbar/CMSSW_5_3_11_patch3-PU_START53_LV2_09Jul2013-v1/GEN-SIM-DIGI-RAW-HLTDEBUG#bc03e9fc-e90e-11e2-95e5-00221959e7c0
inputFiles=/store/relval/CMSSW_5_3_11_patch3/RelValTTbar/GEN-SIM-DIGI-RAW-HLTDEBUG/PU_START53_LV2_09Jul2013-v1/00000/E475BAC4-08E9-E211-A2F2-00261894393E.root;/store/relval/CMSSW_5_3_11_patch3/RelValTTbar/GEN-SIM-DIGI-RAW-HLTDEBUG/PU_START53_LV2_09Jul2013-v1/00000/7AA86696-08E9-E211-8D4D-0026189438AE.root
parentFiles=
lumisRange=
>>> Executable cmsRun
/afs/cern.ch/cms/slc5_amd64_gcc462/cms/cmssw-patch/CMSSW_5_3_11_patch6/bin/slc5_amd64_gcc462/cmsRun
ok executable found
>>> info for dashboard:
***** Cat /home/grid/cms667/home_cream_304881378/CREAM304881378/jobreport.txt *****
MonitorJobID=15_https://wms314.cern.ch:9000/OGFJeIfqil_sGXXvsX6WWA
MonitorID=marfin_crab_0_130903_090551_0kdn32
ExeStart=cmsRun
***** End Cat jobreport *****
Parameters sent to Dashboard.
>>> cmsRun started at Tue Sep  3 07:44:03 UTC 2013
>>> cmsRun ended at Tue Sep  3 08:15:35 UTC 2013
>>> crab_fjr_*.xml  permission set to 0704
>>> info for dashboard:
***** Cat /home/grid/cms667/home_cream_304881378/CREAM304881378/jobreport.txt *****
MonitorJobID=15_https://wms314.cern.ch:9000/OGFJeIfqil_sGXXvsX6WWA
MonitorID=marfin_crab_0_130903_090551_0kdn32
ExeEnd=cmsRun
***** End Cat jobreport *****
Parameters sent to Dashboard.
TIME_EXE = 1892 sec
>>> cmsRun wrote 50 lines of stdout+stderr
>>> START OF printout of 50 lines from stdout+stderr
03-Sep-2013 09:44:16 CEST  Initiating request to open file root://eoscms//eos/cms/store/relval/CMSSW_5_3_11_patch3/RelValTTbar/GEN-SIM-DIGI-RAW-HLTDEBUG/PU_START53_LV2_09Jul2013-v1/00000/E475BAC4-08E9-E211-A2F2-00261894393E.root?svcClass=default
130903 09:44:17 22346 Xrd: GoToAnotherServer: Going to: lxfsrd22c02.cern.ch:1095
03-Sep-2013 09:44:18 CEST  Successfully opened file root://eoscms//eos/cms/store/relval/CMSSW_5_3_11_patch3/RelValTTbar/GEN-SIM-DIGI-RAW-HLTDEBUG/PU_START53_LV2_09Jul2013-v1/00000/E475BAC4-08E9-E211-A2F2-00261894393E.root?svcClass=default
%MSG-w SiStripQuality:  EventSetupRecordDataGetter:hltGetConditions@beginRun  03-Sep-2013 09:44:48 CEST Run: 1
The cabling should always include the active feds in runInfo and possibly have some morethere are instead 59 feds only active in runInfo
%MSG
Begin processing the 1st record. Run 1, Event 1527, LumiSection 31 at 03-Sep-2013 09:45:03.409 CEST
DTTSPhi::addTracoT: preview not present in TRACO trigger or its code=0  trigger not added!
DTTSPhi::addTracoT: preview not present in TRACO trigger or its code=0  trigger not added!
DTTSPhi::addTracoT: preview not present in TRACO trigger or its code=0  trigger not added!
Begin processing the 101st record. Run 1, Event 1677, LumiSection 34 at 03-Sep-2013 09:51:34.709 CEST
Begin processing the 201st record. Run 1, Event 1827, LumiSection 37 at 03-Sep-2013 09:58:03.393 CEST
DTTSPhi::addTracoT: preview not present in TRACO trigger or its code=0  trigger not added!
DTTSPhi::addTracoT: preview not present in TRACO trigger or its code=0  trigger not added!
DTTSPhi::addTracoT: preview not present in TRACO trigger or its code=0  trigger not added!
03-Sep-2013 09:59:38 CEST  Closed file root://eoscms//eos/cms/store/relval/CMSSW_5_3_11_patch3/RelValTTbar/GEN-SIM-DIGI-RAW-HLTDEBUG/PU_START53_LV2_09Jul2013-v1/00000/E475BAC4-08E9-E211-A2F2-00261894393E.root?svcClass=default
03-Sep-2013 09:59:38 CEST  Initiating request to open file root://eoscms//eos/cms/store/relval/CMSSW_5_3_11_patch3/RelValTTbar/GEN-SIM-DIGI-RAW-HLTDEBUG/PU_START53_LV2_09Jul2013-v1/00000/7AA86696-08E9-E211-8D4D-0026189438AE.root?svcClass=default
130903 09:59:38 22346 Xrd: GoToAnotherServer: Going to: lxfsre64c03.cern.ch:1095
03-Sep-2013 09:59:38 CEST  Successfully opened file root://eoscms//eos/cms/store/relval/CMSSW_5_3_11_patch3/RelValTTbar/GEN-SIM-DIGI-RAW-HLTDEBUG/PU_START53_LV2_09Jul2013-v1/00000/7AA86696-08E9-E211-8D4D-0026189438AE.root?svcClass=default
DTTSPhi::addTracoT: preview not present in TRACO trigger or its code=0  trigger not added!
DTTSPhi::addTracoT: preview not present in TRACO trigger or its code=0  trigger not added!
DTTSPhi::addTracoT: preview not present in TRACO trigger or its code=0  trigger not added!
DTTSPhi::addTracoT: preview not present in TRACO trigger or its code=0  trigger not added!
DTTSPhi::addTracoT: preview not present in TRACO trigger or its code=0  trigger not added!
DTTSPhi::addTracoT: preview not present in TRACO trigger or its code=0  trigger not added!
Begin processing the 301st record. Run 1, Event 3677, LumiSection 74 at 03-Sep-2013 10:04:25.464 CEST
130903 10:04:46 22346 Xrd: XrdClientMessage::ReadRaw: Failed to read header (8 bytes).
Begin processing the 401st record. Run 1, Event 3877, LumiSection 78 at 03-Sep-2013 10:10:49.715 CEST
03-Sep-2013 10:15:26 CEST  Closed file root://eoscms//eos/cms/store/relval/CMSSW_5_3_11_patch3/RelValTTbar/GEN-SIM-DIGI-RAW-HLTDEBUG/PU_START53_LV2_09Jul2013-v1/00000/7AA86696-08E9-E211-8D4D-0026189438AE.root?svcClass=default

=============================================

MessageLogger Summary

 type     category        sev    module        subroutine        count    total
 ---- -------------------- -- ---------------- ----------------  -----    -----
    1 SiStripQuality       -w EventSetupRecord                       1        1
    2 fileAction           -s file_close                             2        2
    3 fileAction           -s file_open                              4        4

 type    category    Examples: run/evt        run/evt          run/evt
 ---- -------------------- ---------------- ---------------- ----------------
    1 SiStripQuality       Run: 1                            
    2 fileAction           PostProcessEvent PostEndRun       
    3 fileAction           pre-events       pre-events       PostProcessEvent

Severity    # Occurrences   Total Occurrences
--------    -------------   -----------------
Warning                 1                   1
System                  6                   6
>>> END OF printout of 50 lines from stdout+stderr
>>> Parse FrameworkJobReport crab_fjr.xml
Result of parsing the FrameworkJobReport crab_fjr.xml: Popularity start
lumisRange : 1::31,33-34,36-37::1;1::72,74,77-78,81::2;
lumisParentRange : 
Basename : /store/relval/CMSSW_5_3_11_patch3/RelValTTbar/GEN-SIM-DIGI-RAW-HLTDEBUG/PU_START53_LV2_09Jul2013-v1/00000/
BasenameParent : 
parentFiles : 
inputBlocks : /RelValTTbar/CMSSW_5_3_11_patch3-PU_START53_LV2_09Jul2013-v1/GEN-SIM-DIGI-RAW-HLTDEBUG#bc03e9fc-e90e-11e2-95e5-00221959e7c0
inputFiles : E475BAC4-08E9-E211-A2F2-00261894393E.root::1::EDM::Local::1;7AA86696-08E9-E211-8D4D-0026189438AE.root::1::EDM::Local::2;
Popularity stop
Extracted ExitStatus from FrameworkJobReport parsing output: 0
>>> Executable succeded  0
ExeExitCode=0
EXECUTABLE_EXIT_STATUS = 0
>>> current directory /home/grid/cms667/home_cream_304881378/CREAM304881378/CMSSW_5_3_11_patch6
>>>  (SOFTWARE_DIR): /home/grid/cms667/home_cream_304881378/CREAM304881378/CMSSW_5_3_11_patch6
>>> (WORKING_DIR): 
>>> current directory content:
total 4249332
drwxr-xr-x 3 cms667 zh       4096 Sep  3 09:43 .SCRAM
-rw------- 1 cms667 zh    3842683 Sep  3 09:43 CMSSW.py.pkl
drwxr-xr-x 3 cms667 zh       4096 Sep  3 09:43 bin
drwxr-xr-x 3 cms667 zh       4096 Sep  3 09:43 cfipython
drwxr-xr-x 4 cms667 zh       4096 Sep  3 09:43 config
-rw------- 1 cms667 zh         18 Sep  3 10:15 cpu_timing.txt
drwxr-xr-x 2 cms667 zh       4096 Sep  3 09:43 doc
-rw------- 1 cms667 zh       4532 Sep  3 10:15 executable.out
drwxr-xr-x 2 cms667 zh       4096 Sep  3 09:43 include
drwx------ 3 cms667 zh       4096 Aug 26 18:31 lib
drwxr-xr-x 3 cms667 zh       4096 Sep  3 09:43 logs
drwxr-xr-x 3 cms667 zh       4096 Sep  3 09:43 objs
-rw------- 1 cms667 zh 4339197286 Sep  3 10:15 output.root
-rw------- 1 cms667 zh        104 Sep  3 09:43 pset.py
-rw------- 1 cms667 zh    3843518 Sep  3 09:44 pset.py.pkl
-rw------- 1 cms667 zh        289 Sep  3 09:43 pset.pyc
drwxr-xr-x 2 cms667 zh       4096 Sep  3 09:43 python
-rw------- 1 cms667 zh        440 Sep  3 10:15 report.log
drwx------ 5 cms667 zh       4096 Sep  3 09:43 src
drwxr-xr-x 3 cms667 zh       4096 Sep  3 09:43 test
drwxr-xr-x 3 cms667 zh       4096 Sep  3 09:43 tmp
>>> current directory /home/grid/cms667/home_cream_304881378/CREAM304881378/CMSSW_5_3_11_patch6
>>> (SOFTWARE_DIR): /home/grid/cms667/home_cream_304881378/CREAM304881378/CMSSW_5_3_11_patch6
>>> (WORKING_DIR): 
>>> current directory content:
total 4249332
drwxr-xr-x 3 cms667 zh       4096 Sep  3 09:43 .SCRAM
-rw------- 1 cms667 zh    3842683 Sep  3 09:43 CMSSW.py.pkl
drwxr-xr-x 3 cms667 zh       4096 Sep  3 09:43 bin
drwxr-xr-x 3 cms667 zh       4096 Sep  3 09:43 cfipython
drwxr-xr-x 4 cms667 zh       4096 Sep  3 09:43 config
-rw------- 1 cms667 zh         18 Sep  3 10:15 cpu_timing.txt
drwxr-xr-x 2 cms667 zh       4096 Sep  3 09:43 doc
-rw------- 1 cms667 zh       4532 Sep  3 10:15 executable.out
drwxr-xr-x 2 cms667 zh       4096 Sep  3 09:43 include
drwx------ 3 cms667 zh       4096 Aug 26 18:31 lib
drwxr-xr-x 3 cms667 zh       4096 Sep  3 09:43 logs
drwxr-xr-x 3 cms667 zh       4096 Sep  3 09:43 objs
-rw------- 1 cms667 zh 4339197286 Sep  3 10:15 output_15_1_ntj.root
-rw------- 1 cms667 zh        104 Sep  3 09:43 pset.py
-rw------- 1 cms667 zh    3843518 Sep  3 09:44 pset.py.pkl
-rw------- 1 cms667 zh        289 Sep  3 09:43 pset.pyc
drwxr-xr-x 2 cms667 zh       4096 Sep  3 09:43 python
-rw------- 1 cms667 zh        440 Sep  3 10:15 report.log
drwx------ 5 cms667 zh       4096 Sep  3 09:43 src
drwxr-xr-x 3 cms667 zh       4096 Sep  3 09:43 test
drwxr-xr-x 3 cms667 zh       4096 Sep  3 09:43 tmp
>>> current directory (RUNTIME_AREA):  /home/grid/cms667/home_cream_304881378/CREAM304881378
SE = srm-cms.cern.ch
SE_PATH = /srm/managerv2?SFN=/castor/cern.ch/user/m/marfin//53xRelVal2011Redigi/
LFNBaseName = /53xRelVal2011Redigi/marfin/RelValTTbar/53xRelVal2011Redigi/844a175eacc74cc51be2e7d71ca2539e/
USER = marfin
endpoint = srm://srm-cms.cern.ch:8443/srm/managerv2?SFN=/castor/cern.ch/user/m/marfin//53xRelVal2011Redigi/marfin/RelValTTbar/53xRelVal2011Redigi/844a175eacc74cc51be2e7d71ca2539e/
>>> Copy output files from WN = lxbsq2019.cern.ch to /srm/managerv2?SFN=/castor/cern.ch/user/m/marfin//53xRelVal2011Redigi/ :
python cmscp.py  --destination srm://srm-cms.cern.ch:8443/srm/managerv2?SFN=/castor/cern.ch/user/m/marfin//53xRelVal2011Redigi/marfin/RelValTTbar/53xRelVal2011Redigi/844a175eacc74cc51be2e7d71ca2539e/ --inputFileList /home/grid/cms667/home_cream_304881378/CREAM304881378/CMSSW_5_3_11_patch6/output_15_1_ntj.root --middleware LCG --se_name srm-cms.cern.ch --for_lfn /53xRelVal2011Redigi/marfin/RelValTTbar/53xRelVal2011Redigi/844a175eacc74cc51be2e7d71ca2539e/    
******************************************************
localSeName  =  srm-eoscms.cern.ch
remoteSeName =  srm-cms.cern.ch
******************************************************
{"/home/grid/cms667/home_cream_304881378/CREAM304881378/CMSSW_5_3_11_patch6/output_15_1_ntj.root": {"endpoint": "srm://srm-cms.cern.ch:8443/srm/managerv2?SFN=/castor/cern.ch/user/m/marfin//53xRelVal2011Redigi/marfin/RelValTTbar/53xRelVal2011Redigi/844a175eacc74cc51be2e7d71ca2539e/", "surl_for_grid": "", "reason": "Copy succedeed with srm-lcg utils", "erCode": "0", "se_name": "srm-cms.cern.ch", "for_lfn": "/53xRelVal2011Redigi/marfin/RelValTTbar/53xRelVal2011Redigi/844a175eacc74cc51be2e7d71ca2539e/"}}/home/grid/cms667/home_cream_304881378/CREAM304881378
-------- cat /home/grid/cms667/home_cream_304881378/CREAM304881378/cmscpReport.sh 
#!/bin/bash
echo "Report for File: /home/grid/cms667/home_cream_304881378/CREAM304881378/CMSSW_5_3_11_patch6/output_15_1_ntj.root"
echo "LFN: /53xRelVal2011Redigi/marfin/RelValTTbar/53xRelVal2011Redigi/844a175eacc74cc51be2e7d71ca2539e/output_15_1_ntj.root"
echo "StorageElement: srm-cms.cern.ch"
echo "StageOutExitStatusReason = 'Copy succedeed with srm-lcg utils'" | tee -a $RUNTIME_AREA/$repo
echo "StageOutSE = srm-cms.cern.ch" >> $RUNTIME_AREA/$repo

export StageOutExitStatus=0
echo "StageOutExitStatus = 0" | tee -a $RUNTIME_AREA/$repo
-------- end of /home/grid/cms667/home_cream_304881378/CREAM304881378/cmscpReport.sh 
Report for File: /home/grid/cms667/home_cream_304881378/CREAM304881378/CMSSW_5_3_11_patch6/output_15_1_ntj.root
LFN: /53xRelVal2011Redigi/marfin/RelValTTbar/53xRelVal2011Redigi/844a175eacc74cc51be2e7d71ca2539e/output_15_1_ntj.root
StorageElement: srm-cms.cern.ch
StageOutExitStatusReason = 'Copy succedeed with srm-lcg utils'
StageOutExitStatus = 0
>>> current dir: /home/grid/cms667/home_cream_304881378/CREAM304881378
>>> current dir content:
total 6248
-rwx------  1 cms667 zh   13669 Sep  3 09:43 .BrokerInfo
-rw-------  1 cms667 zh    4520 Sep  3 10:17 .SEinteraction.log
-rwx------  1 cms667 zh       0 Sep  3 09:43 .tmp_file
-rw-------  1 cms667 zh     105 Sep  3 09:05 CMSSW.py
-rw-------  1 cms667 zh 3842683 Sep  3 09:05 CMSSW.py.pkl
-rwx------  1 cms667 zh   27957 Sep  3 09:43 CMSSW.sh
-rwx------  1 cms667 zh       0 Sep  3 09:43 CMSSW_15.stderr
-rwx---r--  1 cms667 zh   19046 Sep  3 10:17 CMSSW_15.stdout
drwxr-xr-x 15 cms667 zh    4096 Sep  3 10:15 CMSSW_5_3_11_patch6
-rw-------  1 cms667 zh     484 Sep  3 09:43 CacheEnv.sh
-rw-------  1 cms667 zh    7291 Jun  9  2010 DashboardAPI.py
-rw-------  1 cms667 zh    6493 Sep  3 09:43 DashboardAPI.pyc
drwx------  3 cms667 zh    4096 Aug 20 17:36 IMProv
-rw-------  1 cms667 zh    2748 Mar  8  2006 Logger.py
-rw-------  1 cms667 zh    3223 Sep  3 09:43 Logger.pyc
-rw-------  1 cms667 zh   24524 Mar 28  2008 ProcInfo.py
-rw-------  1 cms667 zh   22846 Sep  3 09:43 ProcInfo.pyc
drwx------  7 cms667 zh    4096 Sep  3 09:43 ProdCommon
drwx------  3 cms667 zh    4096 Sep  3 09:43 WMCore
-rw-------  1 cms667 zh    5192 Sep  3 10:16 Watchdog_15.log
-rw-------  1 cms667 zh   32895 Mar 28  2008 apmon.py
-rw-------  1 cms667 zh   28120 Sep  3 09:43 apmon.pyc
-rwx------  1 cms667 zh   10416 Sep  3 09:43 arguments.xml
-rwx------  1 cms667 zh   38507 Aug  6 23:12 cmscp.py
-rw-------  1 cms667 zh     542 Sep  3 10:17 cmscpReport.sh
-rw-------  1 cms667 zh     634 Sep  3 09:05 crab.cfg
-rwx------  1 cms667 zh    8610 Apr  2 15:44 crabWatchdog.sh
-rwx---r--  1 cms667 zh  781838 Sep  3 10:15 crab_fjr_15.xml
-rwx------  1 cms667 zh 1214804 Sep  3 09:43 default.tgz
-rwx------  1 cms667 zh    4488 May 12  2012 fillCrabFjr.py
-rw-------  1 cms667 zh     468 Sep  3 09:43 inputsReport.txt
-rw-------  1 cms667 zh     254 Sep  3 10:17 jobreport.txt
lrwxrwxrwx  1 cms667 zh      94 Sep  3 10:15 output.root -> /home/grid/cms667/home_cream_304881378/CREAM304881378/CMSSW_5_3_11_patch6/output_15_1_ntj.root
-rw-------  1 cms667 zh   17352 Jan 20  2012 parseCrabFjr.py
-rw-------  1 cms667 zh     265 Sep  3 09:43 report.log
-rwx--x--x  1 cms667 zh    1497 May 27  2009 report.py
-rw-------  1 cms667 zh     505 Sep  3 10:17 resultCopyFile
-rwx------  1 cms667 zh    8387 Mar 23  2011 writeCfg.py
>>> Modify Job Report:
CMSSW_VERSION = CMSSW_5_3_11_patch6
ProcessedDataset = 53xRelVal2011Redigi
/home/grid/cms667/home_cream_304881378/CREAM304881378/ProdCommon/FwkJobRep/ModifyJobReport.py fjr /home/grid/cms667/home_cream_304881378/CREAM304881378/crab_fjr_15.xml json /home/grid/cms667/home_cream_304881378/CREAM304881378/resultCopyFile n_job 15_1_ntj PrimaryDataset RelValTTbar  ApplicationFamily cmsRun ApplicationName cmsRun cmssw_version CMSSW_5_3_11_patch6 psethash 844a175eacc74cc51be2e7d71ca2539e UserProcessedDataset marfin-53xRelVal2011Redigi-844a175eacc74cc51be2e7d71ca2539e
inputDict =  {u'/home/grid/cms667/home_cream_304881378/CREAM304881378/CMSSW_5_3_11_patch6/output_15_1_ntj.root': {u'endpoint': u'srm://srm-cms.cern.ch:8443/srm/managerv2?SFN=/castor/cern.ch/user/m/marfin//53xRelVal2011Redigi/marfin/RelValTTbar/53xRelVal2011Redigi/844a175eacc74cc51be2e7d71ca2539e/', u'surl_for_grid': u'', u'reason': u'Copy succedeed with srm-lcg utils', u'erCode': u'0', u'se_name': u'srm-cms.cern.ch', u'for_lfn': u'/53xRelVal2011Redigi/marfin/RelValTTbar/53xRelVal2011Redigi/844a175eacc74cc51be2e7d71ca2539e/'}}
diz_filter =  {u'output.root': u''}
UserProcessedDataset =  marfin-53xRelVal2011Redigi-844a175eacc74cc51be2e7d71ca2539e
file_name in inputDict =  /home/grid/cms667/home_cream_304881378/CREAM304881378/CMSSW_5_3_11_patch6/output_15_1_ntj.root
(size) os.stat(filename)[6] =  4339197286
checksum =  1080791646
filter =  
    file =  output_15_1_ntj.root
    newPfn =  srm://srm-cms.cern.ch:8443/srm/managerv2?SFN=/castor/cern.ch/user/m/marfin//53xRelVal2011Redigi/marfin/RelValTTbar/53xRelVal2011Redigi/844a175eacc74cc51be2e7d71ca2539e/output_15_1_ntj.root
    newLfn =  /53xRelVal2011Redigi/marfin/RelValTTbar/53xRelVal2011Redigi/844a175eacc74cc51be2e7d71ca2539e/output_15_1_ntj.root
>>> crab_fjr_*.xml  permission set to 0704
Checking output files:  
will tar file crab_fjr_15.xml in  out_files_15
will tar file CMSSW_15.stdout in  out_files_15
will tar file CMSSW_15.stderr in  out_files_15
WARNING: output file Watchdog_15.log.gz not found!
>>> padding time: Wrapper lasting more than 600 seconds. No sleep required.
STOPPING WATCHDOG. CrabWatchdog PID is 22150
********** LAST 50 LINES OF WATCHDOG LOG
 Sep 03 09:43:51 CEST	22019	1516	64092	0	0	0	/bin/sh ./CMSSW.sh 15 1       
 Sep 03 09:43:51 CEST	22162	24572	87980	0	0	0	edmConfigHash pset.py         
 Sep 03 09:43:51 CEST	---	24572	87980	18	----	----	----
 Sep 03 09:44:51 CEST	22346	1069136	1352168	18	36	60	cmsRun -j /home/grid/cms667/home_cream_304881378/CREAM304881378/crab_fjr_15.xml -p pset.py      
 Sep 03 09:44:51 CEST	---	1069136	1352168	22	----	----	----
 Sep 03 09:45:51 CEST	22346	1799264	2255092	22	91	120	cmsRun -j /home/grid/cms667/home_cream_304881378/CREAM304881378/crab_fjr_15.xml -p pset.py      
 Sep 03 09:45:51 CEST	---	1799264	2255092	129	----	----	----
 Sep 03 09:46:51 CEST	22346	1813900	2255092	129	150	181	cmsRun -j /home/grid/cms667/home_cream_304881378/CREAM304881378/crab_fjr_15.xml -p pset.py      
 Sep 03 09:46:51 CEST	---	1813900	2255092	263	----	----	----
 Sep 03 09:47:52 CEST	22346	1821876	2255092	263	209	241	cmsRun -j /home/grid/cms667/home_cream_304881378/CREAM304881378/crab_fjr_15.xml -p pset.py      
 Sep 03 09:47:52 CEST	---	1821876	2255092	406	----	----	----
 Sep 03 09:48:52 CEST	---	1821876	2255092	536	----	----	----
 Sep 03 09:49:52 CEST	22346	1847144	2282488	536	325	362	cmsRun -j /home/grid/cms667/home_cream_304881378/CREAM304881378/crab_fjr_15.xml -p pset.py      
 Sep 03 09:49:52 CEST	---	1847144	2282488	669	----	----	----
 Sep 03 09:50:53 CEST	22346	1856752	2282488	669	384	422	cmsRun -j /home/grid/cms667/home_cream_304881378/CREAM304881378/crab_fjr_15.xml -p pset.py      
 Sep 03 09:50:53 CEST	---	1856752	2282488	806	----	----	----
 Sep 03 09:51:53 CEST	22346	1862076	2295800	806	443	483	cmsRun -j /home/grid/cms667/home_cream_304881378/CREAM304881378/crab_fjr_15.xml -p pset.py      
 Sep 03 09:51:53 CEST	---	1862076	2295800	944	----	----	----
 Sep 03 09:52:57 CEST	---	1862076	2295800	1084	----	----	----
 Sep 03 09:53:58 CEST	22346	1873532	2310136	1084	561	607	cmsRun -j /home/grid/cms667/home_cream_304881378/CREAM304881378/crab_fjr_15.xml -p pset.py      
 Sep 03 09:53:58 CEST	---	1873532	2310136	1225	----	----	----
 Sep 03 09:54:58 CEST	22346	1883748	2318072	1225	620	667	cmsRun -j /home/grid/cms667/home_cream_304881378/CREAM304881378/crab_fjr_15.xml -p pset.py      
 Sep 03 09:54:58 CEST	---	1883748	2318072	1358	----	----	----
 Sep 03 09:55:58 CEST	22346	1926752	2385912	1358	678	728	cmsRun -j /home/grid/cms667/home_cream_304881378/CREAM304881378/crab_fjr_15.xml -p pset.py      
 Sep 03 09:55:58 CEST	---	1926752	2385912	1489	----	----	----
 Sep 03 09:56:59 CEST	---	1926752	2385912	1637	----	----	----
 Sep 03 09:57:59 CEST	---	1926752	2385912	1770	----	----	----
 Sep 03 09:58:59 CEST	---	1926752	2385912	1903	----	----	----
 Sep 03 09:59:59 CEST	---	1926752	2385912	2027	----	----	----
# TIME			PID	RSS(KB)	VSZ(KB)	Dsk(MB)	tCPU(s)	tWALL(s)	COMMAND
 Sep 03 10:01:00 CEST	---	1926752	2385912	2168	----	----	----
 Sep 03 10:02:00 CEST	---	1926752	2385912	2308	----	----	----
 Sep 03 10:03:00 CEST	---	1926752	2385912	2447	----	----	----
 Sep 03 10:04:01 CEST	---	1926752	2385912	2582	----	----	----
 Sep 03 10:05:01 CEST	---	1926752	2385912	2735	----	----	----
 Sep 03 10:06:01 CEST	---	1926752	2385912	2871	----	----	----
 Sep 03 10:07:01 CEST	---	1926752	2385912	3005	----	----	----
 Sep 03 10:08:02 CEST	---	1926752	2385912	3142	----	----	----
 Sep 03 10:09:02 CEST	22346	2012176	2437884	3142	1434	1511	cmsRun -j /home/grid/cms667/home_cream_304881378/CREAM304881378/crab_fjr_15.xml -p pset.py      
 Sep 03 10:09:02 CEST	---	2012176	2437884	3274	----	----	----
 Sep 03 10:10:02 CEST	22346	2015216	2452988	3274	1493	1572	cmsRun -j /home/grid/cms667/home_cream_304881378/CREAM304881378/crab_fjr_15.xml -p pset.py      
 Sep 03 10:10:02 CEST	---	2015216	2452988	3411	----	----	----
 Sep 03 10:11:03 CEST	22346	2035252	2474748	3411	1552	1632	cmsRun -j /home/grid/cms667/home_cream_304881378/CREAM304881378/crab_fjr_15.xml -p pset.py      
 Sep 03 10:11:03 CEST	---	2035252	2474748	3548	----	----	----
 Sep 03 10:12:03 CEST	---	2035252	2474748	3676	----	----	----
 Sep 03 10:13:03 CEST	---	2035252	2474748	3809	----	----	----
 Sep 03 10:14:03 CEST	22346	2036252	2474748	3809	1727	1813	cmsRun -j /home/grid/cms667/home_cream_304881378/CREAM304881378/crab_fjr_15.xml -p pset.py      
 Sep 03 10:14:03 CEST	---	2036252	2474748	3947	----	----	----
 Sep 03 10:15:04 CEST	---	2036252	2474748	4095	----	----	----
 Sep 03 10:16:04 CEST	---	2036252	2474748	4165	----	----	----
********** WATCHDOG LOG ENDED
ZIPPING WATCHDOG LOG
Disk space used:
du -sh /home/grid/cms667/home_cream_304881378/CREAM304881378
4.1G	/home/grid/cms667/home_cream_304881378/CREAM304881378
Found unusual stderr, rename for OSB
