This script was generated by crab (version 2.9.0).
Running ./CMSSW.sh with 2 positional parameters: 16 1
Today is Tue Sep  3 09:45:35 CEST 2013
Job submitted on host lxbsq2012.cern.ch
Linux lxbsq2012.cern.ch 2.6.18-308.20.1.el5 #1 SMP Wed Nov 14 10:31:58 CET 2012 x86_64 x86_64 x86_64 GNU/Linux
>>> current directory (RUNTIME_AREA): /home/grid/cms667/home_cream_330650273/CREAM330650273
>>> current user: uid=52545(cms667) gid=1399(zh) groups=1399(zh),1105800600 context=system_u:system_r:initrc_t
>>> directory permission set to 0700
>>> umask set to:  u=rwx,g=,o=
>>> stdout stderr permission set to 0704
>>> voms proxy information:
subject   : /C=DE/O=GermanGrid/OU=DESY/CN=Ihar Marfin/CN=proxy/CN=proxy/CN=proxy/CN=limited proxy
issuer    : /C=DE/O=GermanGrid/OU=DESY/CN=Ihar Marfin/CN=proxy/CN=proxy/CN=proxy
identity  : /C=DE/O=GermanGrid/OU=DESY/CN=Ihar Marfin/CN=proxy/CN=proxy/CN=proxy
type      : limited proxy
strength  : 1024 bits
path      : /home/grid/cms667/home_cream_330650273/cream_330650273.proxy
timeleft  : 175:27:12
key usage : 
=== VO cms extension information ===
VO        : cms
subject   : /C=DE/O=GermanGrid/OU=DESY/CN=Ihar Marfin
issuer    : /DC=ch/DC=cern/OU=computers/CN=lcg-voms.cern.ch
attribute : /cms/Role=NULL/Capability=NULL
attribute : /cms/dcms/Role=NULL/Capability=NULL
timeleft  : 175:29:00
uri       : lcg-voms.cern.ch:15002
>>> tar --no-same-permissions -xf /home/grid/cms667/home_cream_330650273/CREAM330650273/default.tgz :
Successful untar
>>> Include /home/grid/cms667/home_cream_330650273/CREAM330650273 in PYTHONPATH:
strip arguments
env var CRAB_UNIQUE_JOB_ID set to: marfin_crab_0_130903_090551_0kdn32_16_1_NVq
out_files_16
>>> list of expected files on output sandbox
output files: crab_fjr_16.xml CMSSW_16.stdout CMSSW_16.stderr Watchdog_16.log.gz
>>> GridFlavour discovery: 
GridFlavour=LCG
>>> SyncSite discovery: 
not reporting SyncSite
>>> SyncCE discovery: 
getting SyncCE from CE_ID
SyncCE=ce207.cern.ch:8443/cream-lsf-grid_cms
>>> info for dashboard:
***** Cat /home/grid/cms667/home_cream_330650273/CREAM330650273/jobreport.txt *****
MonitorJobID=16_https://wms314.cern.ch:9000/OGXDXsBQ2hhCbDGrvcbbtg
SyncGridJobId=https://wms314.cern.ch:9000/OGXDXsBQ2hhCbDGrvcbbtg
MonitorID=marfin_crab_0_130903_090551_0kdn32
GridFlavour=LCG
SyncCE=ce207.cern.ch:8443/cream-lsf-grid_cms
***** End Cat jobreport *****
Parameters sent to Dashboard.
>>> setup environment
set SCRAM ARCH to slc5_amd64_gcc462
SCRAM_ARCH = slc5_amd64_gcc462
>>> setup CMS LCG environment:
set SCRAM ARCH and BUILD_ARCH to slc5_amd64_gcc462 ###
Sourcing environment... 
sourcing /afs/cern.ch/project/gd/apps/cms/cmsset_default.sh
==> setup cms environment ok
>>> specific cmssw setup environment:
CMSSW_VERSION =  CMSSW_5_3_11_patch6
>>> current directory (SOFTWARE_DIR): /home/grid/cms667/home_cream_330650273/CREAM330650273/CMSSW_5_3_11_patch6
PreserveSeeds: <>
IncrementSeeds:<>
{"output.root": ""}
WNHostName=lxbsq2012.cern.ch
>>> info for dashboard:
***** Cat /home/grid/cms667/home_cream_330650273/CREAM330650273/jobreport.txt *****
MonitorJobID=16_https://wms314.cern.ch:9000/OGXDXsBQ2hhCbDGrvcbbtg
MonitorID=marfin_crab_0_130903_090551_0kdn32
WNHostName=lxbsq2012.cern.ch
***** End Cat jobreport *****
Parameters sent to Dashboard.
crabWatchdog started as process 12690
>>> moving CMSSW software directories in /home/grid/cms667/home_cream_330650273/CREAM330650273/CMSSW_5_3_11_patch6
mv: cannot stat `/home/grid/cms667/home_cream_330650273/CREAM330650273/module/': No such file or directory
>>> Include /home/grid/cms667/home_cream_330650273/CREAM330650273 in PYTHONPATH:
PYTHONPATH=/home/grid/cms667/home_cream_330650273/CREAM330650273/:/pool/grid/cms667/home_cream_330650273/CREAM330650273/CMSSW_5_3_11_patch6/python:/pool/grid/cms667/home_cream_330650273/CREAM330650273/CMSSW_5_3_11_patch6/lib/slc5_amd64_gcc462:/afs/cern.ch/cms/slc5_amd64_gcc462/cms/cmssw-patch/CMSSW_5_3_11_patch6/python:/afs/cern.ch/cms/slc5_amd64_gcc462/cms/cmssw-patch/CMSSW_5_3_11_patch6/lib/slc5_amd64_gcc462:/afs/cern.ch/cms/slc5_amd64_gcc462/cms/cmssw/CMSSW_5_3_11/bin/slc5_amd64_gcc462:/afs/cern.ch/cms/slc5_amd64_gcc462/cms/cmssw/CMSSW_5_3_11/lib/slc5_amd64_gcc462:/afs/cern.ch/cms/slc5_amd64_gcc462/cms/coral/CORAL_2_3_21-cms35/slc5_amd64_gcc462/python:/afs/cern.ch/cms/slc5_amd64_gcc462/cms/coral/CORAL_2_3_21-cms35/slc5_amd64_gcc462/lib:/afs/cern.ch/cms/slc5_amd64_gcc462/external/pyqt/4.8.1/lib/python2.6/site-packages:/afs/cern.ch/cms/slc5_amd64_gcc462/external/py2-scipy/0.8.0/lib/python2.6/site-packages:/afs/cern.ch/cms/slc5_amd64_gcc462/external/py2-matplotlib/1.0.1/lib/python2.6/site-packages:/afs/cern.ch/cms/slc5_amd64_gcc462/external/python-ldap/2.3.5/lib/python2.6/site-packages:/afs/cern.ch/cms/slc5_amd64_gcc462/external/sip/4.11.2/lib/python2.6/site-packages:/afs/cern.ch/cms/slc5_amd64_gcc462/external/py2-pycurl/7.19.0/lib/python2.6/site-packages:/afs/cern.ch/cms/slc5_amd64_gcc462/external/py2-numpy/1.6.1/lib/python2.6/site-packages:/afs/cern.ch/cms/slc5_amd64_gcc462/external/py2-ipython/0.10/lib/python2.6/site-packages:/afs/cern.ch/cms/slc5_amd64_gcc462/external/py2-cx-oracle/5.1-cms11/lib/python2.6/site-packages:/afs/cern.ch/cms/slc5_amd64_gcc462/external/py2-cjson/1.0.5/lib/python2.6/site-packages:/afs/cern.ch/cms/slc5_amd64_gcc462/cms/das-client/1.9.5/bin:/afs/cern.ch/cms/slc5_amd64_gcc462/external/elementtree/1.2.6/share/lib/python2.6/site-packages:/afs/cern.ch/cms/slc5_amd64_gcc462/external/rivet/1.8.2/lib/python2.6/site-packages:/afs/cern.ch/cms/slc5_amd64_gcc462/external/pyminuit2/0.0.1-cms39/lib/python2.6/site-packages:/afs/cern.ch/cms/slc5_amd64_gcc462/external/professor/1.0.0-cms40/lib/python2.6/site-packages:/afs/cern.ch/cms/slc5_amd64_gcc462/lcg/root/5.32.00-cms21/lib:/afs/cern.ch/cms/slc5_amd64_gcc462/cms/dbs-client/DBS_2_1_9-cms3/lib:/afs/cern.ch/cms/slc5_amd64_gcc462/cms/dbs-client/DBS_2_1_9-cms3/lib/DBSAPI:/afs/cern.ch/cms/slc5_amd64_gcc462/external/cvs2git/5419/lib:/home/grid/cms667/home_cream_330650273/CREAM330650273/
 
# LIMITS USED BY CRAB WATCHDOG:
# RSS  (KBytes)   : 2300000
# VSZ  (KBytes)   : 100000000
# DISK (MBytes)   : 19000
# CPU TIME        : 720h:0m:0s
# WALL CLOCK TIME : 21h:50m:0s
 
844a175eacc74cc51be2e7d71ca2539e
PSETHASH = 844a175eacc74cc51be2e7d71ca2539e
/home/grid/cms667/home_cream_330650273/CREAM330650273/writeCfg.py pset.py pset.py
Importing .py file
Setting parameters
RandomNumberGeneratorService found, will attempt to change seeds
inputBlocks=/RelValTTbar/CMSSW_5_3_11_patch3-PU_START53_LV2_09Jul2013-v1/GEN-SIM-DIGI-RAW-HLTDEBUG#bc03e9fc-e90e-11e2-95e5-00221959e7c0
inputFiles=/store/relval/CMSSW_5_3_11_patch3/RelValTTbar/GEN-SIM-DIGI-RAW-HLTDEBUG/PU_START53_LV2_09Jul2013-v1/00000/7AA86696-08E9-E211-8D4D-0026189438AE.root;/store/relval/CMSSW_5_3_11_patch3/RelValTTbar/GEN-SIM-DIGI-RAW-HLTDEBUG/PU_START53_LV2_09Jul2013-v1/00000/7063BCB7-08E9-E211-98A6-0026189437FE.root
parentFiles=
lumisRange=
>>> Executable cmsRun
/afs/cern.ch/cms/slc5_amd64_gcc462/cms/cmssw-patch/CMSSW_5_3_11_patch6/bin/slc5_amd64_gcc462/cmsRun
ok executable found
>>> info for dashboard:
***** Cat /home/grid/cms667/home_cream_330650273/CREAM330650273/jobreport.txt *****
MonitorJobID=16_https://wms314.cern.ch:9000/OGXDXsBQ2hhCbDGrvcbbtg
MonitorID=marfin_crab_0_130903_090551_0kdn32
ExeStart=cmsRun
***** End Cat jobreport *****
Parameters sent to Dashboard.
>>> cmsRun started at Tue Sep  3 07:45:51 UTC 2013
>>> cmsRun ended at Tue Sep  3 08:17:45 UTC 2013
>>> crab_fjr_*.xml  permission set to 0704
>>> info for dashboard:
***** Cat /home/grid/cms667/home_cream_330650273/CREAM330650273/jobreport.txt *****
MonitorJobID=16_https://wms314.cern.ch:9000/OGXDXsBQ2hhCbDGrvcbbtg
MonitorID=marfin_crab_0_130903_090551_0kdn32
ExeEnd=cmsRun
***** End Cat jobreport *****
Parameters sent to Dashboard.
TIME_EXE = 1914 sec
>>> cmsRun wrote 182 lines of stdout+stderr
>>> START OF printout of 182 lines from stdout+stderr
03-Sep-2013 09:46:06 CEST  Initiating request to open file root://eoscms//eos/cms/store/relval/CMSSW_5_3_11_patch3/RelValTTbar/GEN-SIM-DIGI-RAW-HLTDEBUG/PU_START53_LV2_09Jul2013-v1/00000/7AA86696-08E9-E211-8D4D-0026189438AE.root?svcClass=default
130903 09:46:06 13033 Xrd: GoToAnotherServer: Going to: lxfsrd64c03.cern.ch:1095
03-Sep-2013 09:46:08 CEST  Successfully opened file root://eoscms//eos/cms/store/relval/CMSSW_5_3_11_patch3/RelValTTbar/GEN-SIM-DIGI-RAW-HLTDEBUG/PU_START53_LV2_09Jul2013-v1/00000/7AA86696-08E9-E211-8D4D-0026189438AE.root?svcClass=default
%MSG-w SiStripQuality:  EventSetupRecordDataGetter:hltGetConditions@beginRun  03-Sep-2013 09:46:49 CEST Run: 1
The cabling should always include the active feds in runInfo and possibly have some morethere are instead 59 feds only active in runInfo
%MSG
Begin processing the 1st record. Run 1, Event 4050, LumiSection 81 at 03-Sep-2013 09:47:01.635 CEST
DTTSPhi::addTracoT: preview not present in TRACO trigger or its code=0  trigger not added!
DTTSPhi::addTracoT: preview not present in TRACO trigger or its code=0  trigger not added!
DTTSPhi::addTracoT: preview not present in TRACO trigger or its code=0  trigger not added!
Begin processing the 101st record. Run 1, Event 4250, LumiSection 85 at 03-Sep-2013 09:53:21.753 CEST
DTTSPhi::addTracoT: preview not present in TRACO trigger or its code=0  trigger not added!
03-Sep-2013 09:56:37 CEST  Closed file root://eoscms//eos/cms/store/relval/CMSSW_5_3_11_patch3/RelValTTbar/GEN-SIM-DIGI-RAW-HLTDEBUG/PU_START53_LV2_09Jul2013-v1/00000/7AA86696-08E9-E211-8D4D-0026189438AE.root?svcClass=default
03-Sep-2013 09:56:37 CEST  Initiating request to open file root://eoscms//eos/cms/store/relval/CMSSW_5_3_11_patch3/RelValTTbar/GEN-SIM-DIGI-RAW-HLTDEBUG/PU_START53_LV2_09Jul2013-v1/00000/7063BCB7-08E9-E211-98A6-0026189437FE.root?svcClass=default
130903 09:56:37 13033 Xrd: GoToAnotherServer: Going to: lxfsre07a08.cern.ch:1095
03-Sep-2013 09:56:38 CEST  Successfully opened file root://eoscms//eos/cms/store/relval/CMSSW_5_3_11_patch3/RelValTTbar/GEN-SIM-DIGI-RAW-HLTDEBUG/PU_START53_LV2_09Jul2013-v1/00000/7063BCB7-08E9-E211-98A6-0026189437FE.root?svcClass=default
DTTSPhi::addTracoT: preview not present in TRACO trigger or its code=0  trigger not added!
DTTSPhi::addTracoT: preview not present in TRACO trigger or its code=0  trigger not added!
DTTSPhi::addTracoT: preview not present in TRACO trigger or its code=0  trigger not added!
Begin processing the 201st record. Run 1, Event 4550, LumiSection 91 at 03-Sep-2013 09:59:51.931 CEST
130903 10:02:05 13033 Xrd: XrdClientMessage::ReadRaw: Failed to read header (8 bytes).
Begin processing the 301st record. Run 1, Event 4800, LumiSection 96 at 03-Sep-2013 10:06:21.417 CEST
DTTSPhi::addTracoT: preview not present in TRACO trigger or its code=0  trigger not added!
DTTSPhi::addTracoT: preview not present in TRACO trigger or its code=0  trigger not added!
Begin processing the 401st record. Run 1, Event 5200, LumiSection 104 at 03-Sep-2013 10:12:49.001 CEST
DTTSPhi::addTracoT: preview not present in TRACO trigger or its code=0  trigger not added!
%MSG-w BasicTrajectoryState:  TrackProducer:hltCtfActivityWithMaterialTracks  03-Sep-2013 10:15:28 CEST Run: 1 Event: 5440
local error not pos-def
[ -4.52986e+06     -284105     23761.1   0.0164059  -0.0024627
       -284105    -17818.6     1490.25  0.00102908-0.000154457
       23761.1     1490.25    -124.637-8.60569e-05  1.3604e-05
     0.0164059  0.00102908-8.60569e-05 7.37831e-07 1.32938e-12
    -0.0024627-0.000154457  1.3604e-05 1.32938e-12 3.95936e-06 ]
%MSG
%MSG-w BasicTrajectoryState:  TrackProducer:hltCtfActivityWithMaterialTracks  03-Sep-2013 10:15:28 CEST Run: 1 Event: 5440
curv error not pos-def
[ -4.52986e+06     1638.88      282911  -0.0163713 0.000396169
       1638.88   -0.592936    -102.355 5.92653e-06-4.23907e-08
        282911    -102.355    -17669.1  0.00102259-2.47312e-05
    -0.0163713 5.92653e-06  0.00102259 7.34724e-07 4.05813e-08
   0.000396169-4.23907e-08-2.47312e-05 4.05813e-08 1.10592e-06 ]
%MSG
%MSG-w BasicTrajectoryState:  TrackProducer:hltCtfActivityWithMaterialTracks  03-Sep-2013 10:15:28 CEST Run: 1 Event: 5440
curv error not pos-def
[ -4.52986e+06     1629.43 1.59073e+06 1.25013e+07      332656
       1629.43    -0.58612    -572.199    -4496.82    -119.659
   1.59073e+06    -572.199     -558609-4.39002e+06     -116817
   1.25013e+07    -4496.82-4.39002e+06-3.45004e+07     -918048
        332656    -119.659     -116817     -918048      -24429 ]
%MSG
%MSG-w BasicTrajectoryState:  TrackProducer:hltCtfActivityWithMaterialTracks  03-Sep-2013 10:15:28 CEST Run: 1 Event: 5440
local error not pos-def
[ -4.52986e+06 1.64577e+06      433495-1.26771e+07-2.75474e+06
   1.64577e+06     -597936     -157496 4.60581e+06 1.00084e+06
        433495     -157496    -41484.2 1.21316e+06      263620
  -1.26771e+07 4.60581e+06 1.21316e+06-3.54778e+07-7.70932e+06
  -2.75474e+06 1.00084e+06      263620-7.70932e+06-1.67523e+06 ]
%MSG
%MSG-w BasicTrajectoryState:  TrackProducer:hltCtfActivityWithMaterialTracks  03-Sep-2013 10:15:28 CEST Run: 1 Event: 5440
local error not pos-def
[ -4.52986e+06 1.64577e+06      433495-1.26771e+07-2.75474e+06
   1.64577e+06     -597936     -157496 4.60581e+06 1.00084e+06
        433495     -157496    -41484.2 1.21316e+06      263620
  -1.26771e+07 4.60581e+06 1.21316e+06-3.54778e+07-7.70932e+06
  -2.75474e+06 1.00084e+06      263620-7.70932e+06-1.67523e+06 ]
%MSG
%MSG-w BasicTrajectoryState:  TrackProducer:hltCtfActivityWithMaterialTracks  03-Sep-2013 10:15:28 CEST Run: 1 Event: 5440
curv error not pos-def
[ -4.52986e+06     1629.43 1.59071e+06 1.25013e+07      332656
       1629.43   -0.586118    -572.191    -4496.82    -119.659
   1.59071e+06    -572.191     -558593-4.38996e+06     -116816
   1.25013e+07    -4496.82-4.38996e+06-3.45004e+07     -918047
        332656    -119.659     -116816     -918047      -24429 ]
%MSG
%MSG-w BasicTrajectoryState:  TrackProducer:hltCtfActivityWithMaterialTracks  03-Sep-2013 10:15:28 CEST Run: 1 Event: 5440
curv error not pos-def
[ -4.52986e+06     1581.04 2.41104e+06 2.92677e+07 1.13498e+06
       1581.04    -0.55182    -841.514    -10215.2    -396.138
   2.41104e+06    -841.514-1.28329e+06-1.55778e+07     -604101
   2.92677e+07    -10215.2-1.55778e+07  -1.891e+08-7.33319e+06
   1.13498e+06    -396.138     -604101-7.33319e+06     -284377 ]
%MSG
%MSG-w BasicTrajectoryState:  TrackProducer:hltCtfActivityWithMaterialTracks  03-Sep-2013 10:15:28 CEST Run: 1 Event: 5440
local error not pos-def
[ -4.52986e+06-2.53506e+06     -795086 2.98491e+07 7.28005e+06
  -2.53506e+06-1.41871e+06     -444957 1.67045e+07 4.07416e+06
       -795086     -444957     -139554 5.23914e+06  1.2778e+06
   2.98491e+07 1.67045e+07 5.23914e+06-1.96688e+08-4.79712e+07
   7.28005e+06 4.07416e+06  1.2778e+06-4.79712e+07-1.16999e+07 ]
%MSG
%MSG-w BasicTrajectoryState:  TrackProducer:hltCtfActivityWithMaterialTracks  03-Sep-2013 10:15:28 CEST Run: 1 Event: 5440
local error not pos-def
[ -4.52986e+06-2.53506e+06     -795086 2.98491e+07 7.28005e+06
  -2.53506e+06-1.41871e+06     -444957 1.67045e+07 4.07416e+06
       -795086     -444957     -139554 5.23914e+06  1.2778e+06
   2.98491e+07 1.67045e+07 5.23914e+06-1.96688e+08-4.79712e+07
   7.28005e+06 4.07416e+06  1.2778e+06-4.79712e+07-1.16999e+07 ]
%MSG
%MSG-w BasicTrajectoryState:  TrackProducer:hltCtfActivityWithMaterialTracks  03-Sep-2013 10:15:28 CEST Run: 1 Event: 5440
curv error not pos-def
[ -4.52986e+06     1581.04 2.41099e+06 2.92677e+07 1.13498e+06
       1581.04   -0.551821      -841.5    -10215.2    -396.139
   2.41099e+06      -841.5-1.28324e+06-1.55776e+07     -604089
   2.92677e+07    -10215.2-1.55776e+07  -1.891e+08-7.33319e+06
   1.13498e+06    -396.139     -604089-7.33319e+06     -284377 ]
%MSG
%MSG-w BasicTrajectoryState:  TrackProducer:hltCtfActivityWithMaterialTracks  03-Sep-2013 10:15:28 CEST Run: 1 Event: 5440
curv error not pos-def
[ -4.52986e+06     1464.68 3.23728e+06 5.31359e+07  2.7305e+06
       1464.68   -0.473584    -1046.74    -17180.9    -882.874
   3.23728e+06    -1046.74-2.31353e+06-3.79737e+07-1.95136e+06
   5.31359e+07    -17180.9-3.79737e+07-6.23292e+08-3.20291e+07
    2.7305e+06    -882.874-1.95136e+06-3.20291e+07-1.64588e+06 ]
%MSG
%MSG-w BasicTrajectoryState:  TrackProducer:hltCtfActivityWithMaterialTracks  03-Sep-2013 10:15:28 CEST Run: 1 Event: 5440
local error not pos-def
[ -4.52986e+06 3.22487e+06     -464691 -5.3346e+07 1.27711e+07
   3.22487e+06-2.29583e+06      330820 3.79778e+07-9.09191e+06
       -464691      330820    -47669.9-5.47245e+06 1.31011e+06
   -5.3346e+07 3.79778e+07-5.47245e+06-6.28231e+08 1.50399e+08
   1.27711e+07-9.09191e+06 1.31011e+06 1.50399e+08-3.60057e+07 ]
%MSG
%MSG-w BasicTrajectoryState:  TrackProducer:hltCtfActivityWithMaterialTracks  03-Sep-2013 10:15:28 CEST Run: 1 Event: 5440
local error not pos-def
[ -4.52986e+06 3.22487e+06     -464691 -5.3346e+07 1.27711e+07
   3.22487e+06-2.29583e+06      330820 3.79778e+07-9.09191e+06
       -464691      330820    -47669.9-5.47245e+06 1.31011e+06
   -5.3346e+07 3.79778e+07-5.47245e+06-6.28231e+08 1.50399e+08
   1.27711e+07-9.09191e+06 1.31011e+06 1.50399e+08-3.60057e+07 ]
%MSG
%MSG-w BasicTrajectoryState:  TrackProducer:hltCtfActivityWithMaterialTracks  03-Sep-2013 10:15:28 CEST Run: 1 Event: 5440
curv error not pos-def
[ -4.52986e+06     1464.67 3.23734e+06 5.31359e+07  2.7305e+06
       1464.67   -0.473577    -1046.75    -17180.8    -882.869
   3.23734e+06    -1046.75-2.31362e+06-3.79744e+07-1.95139e+06
   5.31359e+07    -17180.8-3.79744e+07-6.23292e+08-3.20291e+07
    2.7305e+06    -882.869-1.95139e+06-3.20291e+07-1.64588e+06 ]
%MSG
%MSG-w BasicTrajectoryState:  TrackProducer:hltCtfActivityWithMaterialTracks  03-Sep-2013 10:15:28 CEST Run: 1 Event: 5440
curv error not pos-def
[ -4.52986e+06     802.295 5.11346e+06 1.33461e+08 1.07643e+07
       802.295   -0.142093    -905.659    -23637.6    -1906.49
   5.11346e+06    -905.659-5.77226e+06-1.50656e+08-1.21511e+07
   1.33461e+08    -23637.6-1.50656e+08 -3.9321e+09-3.17143e+08
   1.07643e+07    -1906.49-1.21511e+07-3.17143e+08 -2.5579e+07 ]
%MSG
%MSG-w BasicTrajectoryState:  TrackProducer:hltCtfActivityWithMaterialTracks  03-Sep-2013 10:15:28 CEST Run: 1 Event: 5440
local error not pos-def
[ -4.52986e+06 6.03069e+06 3.31894e+06-1.42048e+08-5.78529e+07
   6.03069e+06-8.02878e+06-4.41857e+06 1.89112e+08 7.70208e+07
   3.31894e+06-4.41857e+06-2.43172e+06 1.04076e+08 4.23877e+07
  -1.42048e+08 1.89112e+08 1.04076e+08-4.45439e+09-1.81417e+09
  -5.78529e+07 7.70208e+07 4.23877e+07-1.81417e+09-7.38867e+08 ]
%MSG
DTTSPhi::addTracoT: preview not present in TRACO trigger or its code=0  trigger not added!
DTTSPhi::addTracoT: preview not present in TRACO trigger or its code=0  trigger not added!
DTTSPhi::addTracoT: preview not present in TRACO trigger or its code=0  trigger not added!
130903 10:17:05 13033 Xrd: XrdClientMessage::ReadRaw: Failed to read header (8 bytes).
03-Sep-2013 10:17:34 CEST  Closed file root://eoscms//eos/cms/store/relval/CMSSW_5_3_11_patch3/RelValTTbar/GEN-SIM-DIGI-RAW-HLTDEBUG/PU_START53_LV2_09Jul2013-v1/00000/7063BCB7-08E9-E211-98A6-0026189437FE.root?svcClass=default

=============================================

MessageLogger Summary

 type     category        sev    module        subroutine        count    total
 ---- -------------------- -- ---------------- ----------------  -----    -----
    1 BasicTrajectoryState -w TrackProducer:hl                      16       16
    2 SiStripQuality       -w EventSetupRecord                       1        1
    3 fileAction           -s file_close                             2        2
    4 fileAction           -s file_open                              4        4

 type    category    Examples: run/evt        run/evt          run/evt
 ---- -------------------- ---------------- ---------------- ----------------
    1 BasicTrajectoryState 1/5440           1/5440           1/5440
    2 SiStripQuality       Run: 1                            
    3 fileAction           PostProcessEvent PostEndRun       
    4 fileAction           pre-events       pre-events       PostProcessEvent

Severity    # Occurrences   Total Occurrences
--------    -------------   -----------------
Warning                17                  17
System                  6                   6
>>> END OF printout of 182 lines from stdout+stderr
>>> Parse FrameworkJobReport crab_fjr.xml
Result of parsing the FrameworkJobReport crab_fjr.xml: Popularity start
lumisRange : 1::81,83,85,90::1;1::91,93,96-97,104,109,111::2;
lumisParentRange : 
Basename : /store/relval/CMSSW_5_3_11_patch3/RelValTTbar/GEN-SIM-DIGI-RAW-HLTDEBUG/PU_START53_LV2_09Jul2013-v1/00000/7
BasenameParent : 
parentFiles : 
inputBlocks : /RelValTTbar/CMSSW_5_3_11_patch3-PU_START53_LV2_09Jul2013-v1/GEN-SIM-DIGI-RAW-HLTDEBUG#bc03e9fc-e90e-11e2-95e5-00221959e7c0
inputFiles : AA86696-08E9-E211-8D4D-0026189438AE.root::1::EDM::Local::1;063BCB7-08E9-E211-98A6-0026189437FE.root::1::EDM::Local::2;
Popularity stop
Extracted ExitStatus from FrameworkJobReport parsing output: 0
>>> Executable succeded  0
ExeExitCode=0
EXECUTABLE_EXIT_STATUS = 0
>>> current directory /home/grid/cms667/home_cream_330650273/CREAM330650273/CMSSW_5_3_11_patch6
>>>  (SOFTWARE_DIR): /home/grid/cms667/home_cream_330650273/CREAM330650273/CMSSW_5_3_11_patch6
>>> (WORKING_DIR): 
>>> current directory content:
total 4247884
drwxr-xr-x 3 cms667 zh       4096 Sep  3 09:45 .SCRAM
-rw------- 1 cms667 zh    3842683 Sep  3 09:45 CMSSW.py.pkl
drwxr-xr-x 3 cms667 zh       4096 Sep  3 09:45 bin
drwxr-xr-x 3 cms667 zh       4096 Sep  3 09:45 cfipython
drwxr-xr-x 4 cms667 zh       4096 Sep  3 09:45 config
-rw------- 1 cms667 zh         18 Sep  3 10:17 cpu_timing.txt
drwxr-xr-x 2 cms667 zh       4096 Sep  3 09:45 doc
-rw------- 1 cms667 zh      12355 Sep  3 10:17 executable.out
drwxr-xr-x 2 cms667 zh       4096 Sep  3 09:45 include
drwx------ 3 cms667 zh       4096 Aug 26 18:31 lib
drwxr-xr-x 3 cms667 zh       4096 Sep  3 09:45 logs
drwxr-xr-x 3 cms667 zh       4096 Sep  3 09:45 objs
-rw------- 1 cms667 zh 4337706745 Sep  3 10:17 output.root
-rw------- 1 cms667 zh        104 Sep  3 09:45 pset.py
-rw------- 1 cms667 zh    3843524 Sep  3 09:45 pset.py.pkl
-rw------- 1 cms667 zh        289 Sep  3 09:45 pset.pyc
drwxr-xr-x 2 cms667 zh       4096 Sep  3 09:45 python
-rw------- 1 cms667 zh        440 Sep  3 10:17 report.log
drwx------ 5 cms667 zh       4096 Sep  3 09:45 src
drwxr-xr-x 3 cms667 zh       4096 Sep  3 09:45 test
drwxr-xr-x 3 cms667 zh       4096 Sep  3 09:45 tmp
>>> current directory /home/grid/cms667/home_cream_330650273/CREAM330650273/CMSSW_5_3_11_patch6
>>> (SOFTWARE_DIR): /home/grid/cms667/home_cream_330650273/CREAM330650273/CMSSW_5_3_11_patch6
>>> (WORKING_DIR): 
>>> current directory content:
total 4247884
drwxr-xr-x 3 cms667 zh       4096 Sep  3 09:45 .SCRAM
-rw------- 1 cms667 zh    3842683 Sep  3 09:45 CMSSW.py.pkl
drwxr-xr-x 3 cms667 zh       4096 Sep  3 09:45 bin
drwxr-xr-x 3 cms667 zh       4096 Sep  3 09:45 cfipython
drwxr-xr-x 4 cms667 zh       4096 Sep  3 09:45 config
-rw------- 1 cms667 zh         18 Sep  3 10:17 cpu_timing.txt
drwxr-xr-x 2 cms667 zh       4096 Sep  3 09:45 doc
-rw------- 1 cms667 zh      12355 Sep  3 10:17 executable.out
drwxr-xr-x 2 cms667 zh       4096 Sep  3 09:45 include
drwx------ 3 cms667 zh       4096 Aug 26 18:31 lib
drwxr-xr-x 3 cms667 zh       4096 Sep  3 09:45 logs
drwxr-xr-x 3 cms667 zh       4096 Sep  3 09:45 objs
-rw------- 1 cms667 zh 4337706745 Sep  3 10:17 output_16_1_NVq.root
-rw------- 1 cms667 zh        104 Sep  3 09:45 pset.py
-rw------- 1 cms667 zh    3843524 Sep  3 09:45 pset.py.pkl
-rw------- 1 cms667 zh        289 Sep  3 09:45 pset.pyc
drwxr-xr-x 2 cms667 zh       4096 Sep  3 09:45 python
-rw------- 1 cms667 zh        440 Sep  3 10:17 report.log
drwx------ 5 cms667 zh       4096 Sep  3 09:45 src
drwxr-xr-x 3 cms667 zh       4096 Sep  3 09:45 test
drwxr-xr-x 3 cms667 zh       4096 Sep  3 09:45 tmp
>>> current directory (RUNTIME_AREA):  /home/grid/cms667/home_cream_330650273/CREAM330650273
SE = srm-cms.cern.ch
SE_PATH = /srm/managerv2?SFN=/castor/cern.ch/user/m/marfin//53xRelVal2011Redigi/
LFNBaseName = /53xRelVal2011Redigi/marfin/RelValTTbar/53xRelVal2011Redigi/844a175eacc74cc51be2e7d71ca2539e/
USER = marfin
endpoint = srm://srm-cms.cern.ch:8443/srm/managerv2?SFN=/castor/cern.ch/user/m/marfin//53xRelVal2011Redigi/marfin/RelValTTbar/53xRelVal2011Redigi/844a175eacc74cc51be2e7d71ca2539e/
>>> Copy output files from WN = lxbsq2012.cern.ch to /srm/managerv2?SFN=/castor/cern.ch/user/m/marfin//53xRelVal2011Redigi/ :
python cmscp.py  --destination srm://srm-cms.cern.ch:8443/srm/managerv2?SFN=/castor/cern.ch/user/m/marfin//53xRelVal2011Redigi/marfin/RelValTTbar/53xRelVal2011Redigi/844a175eacc74cc51be2e7d71ca2539e/ --inputFileList /home/grid/cms667/home_cream_330650273/CREAM330650273/CMSSW_5_3_11_patch6/output_16_1_NVq.root --middleware LCG --se_name srm-cms.cern.ch --for_lfn /53xRelVal2011Redigi/marfin/RelValTTbar/53xRelVal2011Redigi/844a175eacc74cc51be2e7d71ca2539e/    
******************************************************
localSeName  =  srm-eoscms.cern.ch
remoteSeName =  srm-cms.cern.ch
******************************************************
{"/home/grid/cms667/home_cream_330650273/CREAM330650273/CMSSW_5_3_11_patch6/output_16_1_NVq.root": {"endpoint": "srm://srm-cms.cern.ch:8443/srm/managerv2?SFN=/castor/cern.ch/user/m/marfin//53xRelVal2011Redigi/marfin/RelValTTbar/53xRelVal2011Redigi/844a175eacc74cc51be2e7d71ca2539e/", "surl_for_grid": "", "reason": "Copy succedeed with srm-lcg utils", "erCode": "0", "se_name": "srm-cms.cern.ch", "for_lfn": "/53xRelVal2011Redigi/marfin/RelValTTbar/53xRelVal2011Redigi/844a175eacc74cc51be2e7d71ca2539e/"}}/home/grid/cms667/home_cream_330650273/CREAM330650273
-------- cat /home/grid/cms667/home_cream_330650273/CREAM330650273/cmscpReport.sh 
#!/bin/bash
echo "Report for File: /home/grid/cms667/home_cream_330650273/CREAM330650273/CMSSW_5_3_11_patch6/output_16_1_NVq.root"
echo "LFN: /53xRelVal2011Redigi/marfin/RelValTTbar/53xRelVal2011Redigi/844a175eacc74cc51be2e7d71ca2539e/output_16_1_NVq.root"
echo "StorageElement: srm-cms.cern.ch"
echo "StageOutExitStatusReason = 'Copy succedeed with srm-lcg utils'" | tee -a $RUNTIME_AREA/$repo
echo "StageOutSE = srm-cms.cern.ch" >> $RUNTIME_AREA/$repo

export StageOutExitStatus=0
echo "StageOutExitStatus = 0" | tee -a $RUNTIME_AREA/$repo
-------- end of /home/grid/cms667/home_cream_330650273/CREAM330650273/cmscpReport.sh 
Report for File: /home/grid/cms667/home_cream_330650273/CREAM330650273/CMSSW_5_3_11_patch6/output_16_1_NVq.root
LFN: /53xRelVal2011Redigi/marfin/RelValTTbar/53xRelVal2011Redigi/844a175eacc74cc51be2e7d71ca2539e/output_16_1_NVq.root
StorageElement: srm-cms.cern.ch
StageOutExitStatusReason = 'Copy succedeed with srm-lcg utils'
StageOutExitStatus = 0
>>> current dir: /home/grid/cms667/home_cream_330650273/CREAM330650273
>>> current dir content:
total 6256
-rwx------  1 cms667 zh   13669 Sep  3 09:45 .BrokerInfo
-rw-------  1 cms667 zh    4583 Sep  3 10:19 .SEinteraction.log
-rwx------  1 cms667 zh       0 Sep  3 09:45 .tmp_file
-rw-------  1 cms667 zh     105 Sep  3 09:05 CMSSW.py
-rw-------  1 cms667 zh 3842683 Sep  3 09:05 CMSSW.py.pkl
-rwx------  1 cms667 zh   27957 Sep  3 09:45 CMSSW.sh
-rwx------  1 cms667 zh       0 Sep  3 09:45 CMSSW_16.stderr
-rwx---r--  1 cms667 zh   26877 Sep  3 10:19 CMSSW_16.stdout
drwxr-xr-x 15 cms667 zh    4096 Sep  3 10:17 CMSSW_5_3_11_patch6
-rw-------  1 cms667 zh     484 Sep  3 09:45 CacheEnv.sh
-rw-------  1 cms667 zh    7291 Jun  9  2010 DashboardAPI.py
-rw-------  1 cms667 zh    6493 Sep  3 09:45 DashboardAPI.pyc
drwx------  3 cms667 zh    4096 Aug 20 17:36 IMProv
-rw-------  1 cms667 zh    2748 Mar  8  2006 Logger.py
-rw-------  1 cms667 zh    3223 Sep  3 09:45 Logger.pyc
-rw-------  1 cms667 zh   24524 Mar 28  2008 ProcInfo.py
-rw-------  1 cms667 zh   22846 Sep  3 09:45 ProcInfo.pyc
drwx------  7 cms667 zh    4096 Sep  3 09:45 ProdCommon
drwx------  3 cms667 zh    4096 Sep  3 09:45 WMCore
-rw-------  1 cms667 zh    4881 Sep  3 10:17 Watchdog_16.log
-rw-------  1 cms667 zh   32895 Mar 28  2008 apmon.py
-rw-------  1 cms667 zh   28120 Sep  3 09:45 apmon.pyc
-rwx------  1 cms667 zh   10416 Sep  3 09:45 arguments.xml
-rwx------  1 cms667 zh   38507 Aug  6 23:12 cmscp.py
-rw-------  1 cms667 zh     542 Sep  3 10:19 cmscpReport.sh
-rw-------  1 cms667 zh     634 Sep  3 09:05 crab.cfg
-rwx------  1 cms667 zh    8610 Apr  2 15:44 crabWatchdog.sh
-rwx---r--  1 cms667 zh  781912 Sep  3 10:17 crab_fjr_16.xml
-rwx------  1 cms667 zh 1214804 Sep  3 09:45 default.tgz
-rwx------  1 cms667 zh    4488 May 12  2012 fillCrabFjr.py
-rw-------  1 cms667 zh     468 Sep  3 09:45 inputsReport.txt
-rw-------  1 cms667 zh     254 Sep  3 10:19 jobreport.txt
lrwxrwxrwx  1 cms667 zh      94 Sep  3 10:17 output.root -> /home/grid/cms667/home_cream_330650273/CREAM330650273/CMSSW_5_3_11_patch6/output_16_1_NVq.root
-rw-------  1 cms667 zh   17352 Jan 20  2012 parseCrabFjr.py
-rw-------  1 cms667 zh     265 Sep  3 09:45 report.log
-rwx--x--x  1 cms667 zh    1497 May 27  2009 report.py
-rw-------  1 cms667 zh     505 Sep  3 10:19 resultCopyFile
-rwx------  1 cms667 zh    8387 Mar 23  2011 writeCfg.py
>>> Modify Job Report:
CMSSW_VERSION = CMSSW_5_3_11_patch6
ProcessedDataset = 53xRelVal2011Redigi
/home/grid/cms667/home_cream_330650273/CREAM330650273/ProdCommon/FwkJobRep/ModifyJobReport.py fjr /home/grid/cms667/home_cream_330650273/CREAM330650273/crab_fjr_16.xml json /home/grid/cms667/home_cream_330650273/CREAM330650273/resultCopyFile n_job 16_1_NVq PrimaryDataset RelValTTbar  ApplicationFamily cmsRun ApplicationName cmsRun cmssw_version CMSSW_5_3_11_patch6 psethash 844a175eacc74cc51be2e7d71ca2539e UserProcessedDataset marfin-53xRelVal2011Redigi-844a175eacc74cc51be2e7d71ca2539e
inputDict =  {u'/home/grid/cms667/home_cream_330650273/CREAM330650273/CMSSW_5_3_11_patch6/output_16_1_NVq.root': {u'endpoint': u'srm://srm-cms.cern.ch:8443/srm/managerv2?SFN=/castor/cern.ch/user/m/marfin//53xRelVal2011Redigi/marfin/RelValTTbar/53xRelVal2011Redigi/844a175eacc74cc51be2e7d71ca2539e/', u'surl_for_grid': u'', u'reason': u'Copy succedeed with srm-lcg utils', u'erCode': u'0', u'se_name': u'srm-cms.cern.ch', u'for_lfn': u'/53xRelVal2011Redigi/marfin/RelValTTbar/53xRelVal2011Redigi/844a175eacc74cc51be2e7d71ca2539e/'}}
diz_filter =  {u'output.root': u''}
UserProcessedDataset =  marfin-53xRelVal2011Redigi-844a175eacc74cc51be2e7d71ca2539e
file_name in inputDict =  /home/grid/cms667/home_cream_330650273/CREAM330650273/CMSSW_5_3_11_patch6/output_16_1_NVq.root
(size) os.stat(filename)[6] =  4337706745
checksum =  1214307269
filter =  
    file =  output_16_1_NVq.root
    newPfn =  srm://srm-cms.cern.ch:8443/srm/managerv2?SFN=/castor/cern.ch/user/m/marfin//53xRelVal2011Redigi/marfin/RelValTTbar/53xRelVal2011Redigi/844a175eacc74cc51be2e7d71ca2539e/output_16_1_NVq.root
    newLfn =  /53xRelVal2011Redigi/marfin/RelValTTbar/53xRelVal2011Redigi/844a175eacc74cc51be2e7d71ca2539e/output_16_1_NVq.root
>>> crab_fjr_*.xml  permission set to 0704
Checking output files:  
will tar file crab_fjr_16.xml in  out_files_16
will tar file CMSSW_16.stdout in  out_files_16
will tar file CMSSW_16.stderr in  out_files_16
WARNING: output file Watchdog_16.log.gz not found!
>>> padding time: Wrapper lasting more than 600 seconds. No sleep required.
STOPPING WATCHDOG. CrabWatchdog PID is 12690
********** LAST 50 LINES OF WATCHDOG LOG
# TIME			PID	RSS(KB)	VSZ(KB)	Dsk(MB)	tCPU(s)	tWALL(s)	COMMAND
 Sep 03 09:45:38 CEST	12529	1140	63836	0	0	0	sh -c "./CMSSW.sh" 16 1$* > "CMSSW_16.stdout" 2> "CMSSW_16.stderr"  
 Sep 03 09:45:38 CEST	12532	1508	64088	0	0	1	/bin/sh ./CMSSW.sh 16 1       
 Sep 03 09:45:38 CEST	12702	27624	93100	0	0	1	edmConfigHash pset.py         
 Sep 03 09:45:38 CEST	---	27624	93100	18	----	----	----
 Sep 03 09:46:39 CEST	13033	978588	1262440	18	31	61	cmsRun -j /home/grid/cms667/home_cream_330650273/CREAM330650273/crab_fjr_16.xml -p pset.py      
 Sep 03 09:46:39 CEST	---	978588	1262440	22	----	----	----
 Sep 03 09:47:39 CEST	13033	1824028	2283028	22	83	121	cmsRun -j /home/grid/cms667/home_cream_330650273/CREAM330650273/crab_fjr_16.xml -p pset.py      
 Sep 03 09:47:39 CEST	---	1824028	2283028	100	----	----	----
 Sep 03 09:48:39 CEST	---	1824028	2283028	237	----	----	----
 Sep 03 09:49:40 CEST	13033	1844272	2283028	237	200	242	cmsRun -j /home/grid/cms667/home_cream_330650273/CREAM330650273/crab_fjr_16.xml -p pset.py      
 Sep 03 09:49:40 CEST	---	1844272	2283028	374	----	----	----
 Sep 03 09:50:40 CEST	13033	1874520	2298900	374	259	303	cmsRun -j /home/grid/cms667/home_cream_330650273/CREAM330650273/crab_fjr_16.xml -p pset.py      
 Sep 03 09:50:40 CEST	---	1874520	2298900	524	----	----	----
 Sep 03 09:51:41 CEST	---	1874520	2298900	656	----	----	----
 Sep 03 09:52:41 CEST	13033	1877128	2298900	656	377	423	cmsRun -j /home/grid/cms667/home_cream_330650273/CREAM330650273/crab_fjr_16.xml -p pset.py      
 Sep 03 09:52:41 CEST	---	1877128	2298900	791	----	----	----
 Sep 03 09:53:41 CEST	13033	1891160	2320152	791	436	484	cmsRun -j /home/grid/cms667/home_cream_330650273/CREAM330650273/crab_fjr_16.xml -p pset.py      
 Sep 03 09:53:41 CEST	---	1891160	2320152	934	----	----	----
 Sep 03 09:54:42 CEST	---	1891160	2320152	1067	----	----	----
 Sep 03 09:55:42 CEST	---	1891160	2320152	1203	----	----	----
 Sep 03 09:56:42 CEST	---	1891160	2320152	1337	----	----	----
 Sep 03 09:57:43 CEST	13033	1903484	2365980	1337	669	725	cmsRun -j /home/grid/cms667/home_cream_330650273/CREAM330650273/crab_fjr_16.xml -p pset.py      
 Sep 03 09:57:43 CEST	---	1903484	2365980	1471	----	----	----
 Sep 03 09:58:43 CEST	---	1903484	2365980	1597	----	----	----
 Sep 03 09:59:43 CEST	13033	1904516	2365980	1597	787	845	cmsRun -j /home/grid/cms667/home_cream_330650273/CREAM330650273/crab_fjr_16.xml -p pset.py      
 Sep 03 09:59:43 CEST	---	1904516	2365980	1735	----	----	----
 Sep 03 10:00:43 CEST	---	1904516	2365980	1877	----	----	----
 Sep 03 10:01:44 CEST	13033	1913488	2365980	1877	905	966	cmsRun -j /home/grid/cms667/home_cream_330650273/CREAM330650273/crab_fjr_16.xml -p pset.py      
 Sep 03 10:01:44 CEST	---	1913488	2365980	2008	----	----	----
 Sep 03 10:02:44 CEST	---	1913488	2365980	2141	----	----	----
# TIME			PID	RSS(KB)	VSZ(KB)	Dsk(MB)	tCPU(s)	tWALL(s)	COMMAND
 Sep 03 10:03:45 CEST	13033	1942300	2396956	2141	1022	1087	cmsRun -j /home/grid/cms667/home_cream_330650273/CREAM330650273/crab_fjr_16.xml -p pset.py      
 Sep 03 10:03:45 CEST	---	1942300	2396956	2276	----	----	----
 Sep 03 10:04:45 CEST	---	1942300	2396956	2414	----	----	----
 Sep 03 10:05:46 CEST	---	1942300	2396956	2549	----	----	----
 Sep 03 10:06:46 CEST	---	1942300	2396956	2684	----	----	----
 Sep 03 10:07:47 CEST	---	1942300	2396956	2817	----	----	----
 Sep 03 10:08:47 CEST	---	1942300	2396956	2954	----	----	----
 Sep 03 10:09:47 CEST	---	1942300	2396956	3088	----	----	----
 Sep 03 10:10:48 CEST	13033	2026496	2474780	3088	1431	1510	cmsRun -j /home/grid/cms667/home_cream_330650273/CREAM330650273/crab_fjr_16.xml -p pset.py      
 Sep 03 10:10:48 CEST	---	2026496	2474780	3221	----	----	----
 Sep 03 10:11:48 CEST	---	2026496	2474780	3355	----	----	----
 Sep 03 10:12:48 CEST	---	2026496	2474780	3494	----	----	----
 Sep 03 10:13:49 CEST	13033	2036364	2485276	3494	1606	1691	cmsRun -j /home/grid/cms667/home_cream_330650273/CREAM330650273/crab_fjr_16.xml -p pset.py      
 Sep 03 10:13:49 CEST	---	2036364	2485276	3625	----	----	----
 Sep 03 10:14:49 CEST	---	2036364	2485276	3770	----	----	----
 Sep 03 10:15:49 CEST	---	2036364	2485276	3907	----	----	----
 Sep 03 10:16:50 CEST	---	2036364	2485276	4046	----	----	----
 Sep 03 10:17:50 CEST	---	2036364	2485276	4164	----	----	----
********** WATCHDOG LOG ENDED
ZIPPING WATCHDOG LOG
Disk space used:
du -sh /home/grid/cms667/home_cream_330650273/CREAM330650273
4.1G	/home/grid/cms667/home_cream_330650273/CREAM330650273
Found unusual stderr, rename for OSB
