This script was generated by crab (version 2.9.0).
Running ./CMSSW.sh with 2 positional parameters: 19 3
Today is Tue Sep  3 14:41:22 CEST 2013
Job submitted on host lxbst0835.cern.ch
Linux lxbst0835.cern.ch 2.6.18-308.4.1.el5 #1 SMP Wed Apr 18 16:26:27 CEST 2012 x86_64 x86_64 x86_64 GNU/Linux
>>> current directory (RUNTIME_AREA): /home/grid/cms667/home_cream_729576993/CREAM729576993
>>> current user: uid=52545(cms667) gid=1399(zh) groups=1399(zh),1106146926 context=system_u:system_r:initrc_t
>>> directory permission set to 0700
>>> umask set to:  u=rwx,g=,o=
>>> stdout stderr permission set to 0704
>>> voms proxy information:
subject   : /C=DE/O=GermanGrid/OU=DESY/CN=Ihar Marfin/CN=proxy/CN=proxy/CN=proxy/CN=limited proxy
issuer    : /C=DE/O=GermanGrid/OU=DESY/CN=Ihar Marfin/CN=proxy/CN=proxy/CN=proxy
identity  : /C=DE/O=GermanGrid/OU=DESY/CN=Ihar Marfin/CN=proxy/CN=proxy/CN=proxy
type      : limited proxy
strength  : 1024 bits
path      : /home/grid/cms667/home_cream_729576993/cream_729576993.proxy
timeleft  : 170:31:27
key usage : 
=== VO cms extension information ===
VO        : cms
subject   : /C=DE/O=GermanGrid/OU=DESY/CN=Ihar Marfin
issuer    : /DC=ch/DC=cern/OU=computers/CN=lcg-voms.cern.ch
attribute : /cms/Role=NULL/Capability=NULL
attribute : /cms/dcms/Role=NULL/Capability=NULL
timeleft  : 170:33:13
uri       : lcg-voms.cern.ch:15002
>>> tar --no-same-permissions -xf /home/grid/cms667/home_cream_729576993/CREAM729576993/default.tgz :
Successful untar
>>> Include /home/grid/cms667/home_cream_729576993/CREAM729576993 in PYTHONPATH:
strip arguments
env var CRAB_UNIQUE_JOB_ID set to: marfin_crab_0_130903_090551_0kdn32_19_3_FlF
out_files_19
>>> list of expected files on output sandbox
output files: crab_fjr_19.xml CMSSW_19.stdout CMSSW_19.stderr Watchdog_19.log.gz
>>> GridFlavour discovery: 
GridFlavour=LCG
>>> SyncSite discovery: 
not reporting SyncSite
>>> SyncCE discovery: 
getting SyncCE from CE_ID
SyncCE=ce204.cern.ch:8443/cream-lsf-grid_cms
>>> info for dashboard:
***** Cat /home/grid/cms667/home_cream_729576993/CREAM729576993/jobreport.txt *****
MonitorJobID=19_https://wms317.cern.ch:9000/53_VlOyu2CL-A52fsN8bSg
SyncGridJobId=https://wms317.cern.ch:9000/53_VlOyu2CL-A52fsN8bSg
MonitorID=marfin_crab_0_130903_090551_0kdn32
GridFlavour=LCG
SyncCE=ce204.cern.ch:8443/cream-lsf-grid_cms
***** End Cat jobreport *****
Parameters sent to Dashboard.
>>> setup environment
set SCRAM ARCH to slc5_amd64_gcc462
SCRAM_ARCH = slc5_amd64_gcc462
>>> setup CMS LCG environment:
set SCRAM ARCH and BUILD_ARCH to slc5_amd64_gcc462 ###
Sourcing environment... 
sourcing /afs/cern.ch/project/gd/apps/cms/cmsset_default.sh
==> setup cms environment ok
>>> specific cmssw setup environment:
CMSSW_VERSION =  CMSSW_5_3_11_patch6
>>> current directory (SOFTWARE_DIR): /home/grid/cms667/home_cream_729576993/CREAM729576993/CMSSW_5_3_11_patch6
PreserveSeeds: <>
IncrementSeeds:<>
{"output.root": ""}
WNHostName=lxbst0835.cern.ch
>>> info for dashboard:
***** Cat /home/grid/cms667/home_cream_729576993/CREAM729576993/jobreport.txt *****
MonitorJobID=19_https://wms317.cern.ch:9000/53_VlOyu2CL-A52fsN8bSg
MonitorID=marfin_crab_0_130903_090551_0kdn32
WNHostName=lxbst0835.cern.ch
***** End Cat jobreport *****
Parameters sent to Dashboard.
crabWatchdog started as process 27183
>>> moving CMSSW software directories in /home/grid/cms667/home_cream_729576993/CREAM729576993/CMSSW_5_3_11_patch6
mv: cannot stat `/home/grid/cms667/home_cream_729576993/CREAM729576993/module/': No such file or directory
>>> Include /home/grid/cms667/home_cream_729576993/CREAM729576993 in PYTHONPATH:
PYTHONPATH=/home/grid/cms667/home_cream_729576993/CREAM729576993/:/pool/grid/cms667/home_cream_729576993/CREAM729576993/CMSSW_5_3_11_patch6/python:/pool/grid/cms667/home_cream_729576993/CREAM729576993/CMSSW_5_3_11_patch6/lib/slc5_amd64_gcc462:/afs/cern.ch/cms/slc5_amd64_gcc462/cms/cmssw-patch/CMSSW_5_3_11_patch6/python:/afs/cern.ch/cms/slc5_amd64_gcc462/cms/cmssw-patch/CMSSW_5_3_11_patch6/lib/slc5_amd64_gcc462:/afs/cern.ch/cms/slc5_amd64_gcc462/cms/cmssw/CMSSW_5_3_11/bin/slc5_amd64_gcc462:/afs/cern.ch/cms/slc5_amd64_gcc462/cms/cmssw/CMSSW_5_3_11/lib/slc5_amd64_gcc462:/afs/cern.ch/cms/slc5_amd64_gcc462/cms/coral/CORAL_2_3_21-cms35/slc5_amd64_gcc462/python:/afs/cern.ch/cms/slc5_amd64_gcc462/cms/coral/CORAL_2_3_21-cms35/slc5_amd64_gcc462/lib:/afs/cern.ch/cms/slc5_amd64_gcc462/external/pyqt/4.8.1/lib/python2.6/site-packages:/afs/cern.ch/cms/slc5_amd64_gcc462/external/py2-scipy/0.8.0/lib/python2.6/site-packages:/afs/cern.ch/cms/slc5_amd64_gcc462/external/py2-matplotlib/1.0.1/lib/python2.6/site-packages:/afs/cern.ch/cms/slc5_amd64_gcc462/external/python-ldap/2.3.5/lib/python2.6/site-packages:/afs/cern.ch/cms/slc5_amd64_gcc462/external/sip/4.11.2/lib/python2.6/site-packages:/afs/cern.ch/cms/slc5_amd64_gcc462/external/py2-pycurl/7.19.0/lib/python2.6/site-packages:/afs/cern.ch/cms/slc5_amd64_gcc462/external/py2-numpy/1.6.1/lib/python2.6/site-packages:/afs/cern.ch/cms/slc5_amd64_gcc462/external/py2-ipython/0.10/lib/python2.6/site-packages:/afs/cern.ch/cms/slc5_amd64_gcc462/external/py2-cx-oracle/5.1-cms11/lib/python2.6/site-packages:/afs/cern.ch/cms/slc5_amd64_gcc462/external/py2-cjson/1.0.5/lib/python2.6/site-packages:/afs/cern.ch/cms/slc5_amd64_gcc462/cms/das-client/1.9.5/bin:/afs/cern.ch/cms/slc5_amd64_gcc462/external/elementtree/1.2.6/share/lib/python2.6/site-packages:/afs/cern.ch/cms/slc5_amd64_gcc462/external/rivet/1.8.2/lib/python2.6/site-packages:/afs/cern.ch/cms/slc5_amd64_gcc462/external/pyminuit2/0.0.1-cms39/lib/python2.6/site-packages:/afs/cern.ch/cms/slc5_amd64_gcc462/external/professor/1.0.0-cms40/lib/python2.6/site-packages:/afs/cern.ch/cms/slc5_amd64_gcc462/lcg/root/5.32.00-cms21/lib:/afs/cern.ch/cms/slc5_amd64_gcc462/cms/dbs-client/DBS_2_1_9-cms3/lib:/afs/cern.ch/cms/slc5_amd64_gcc462/cms/dbs-client/DBS_2_1_9-cms3/lib/DBSAPI:/afs/cern.ch/cms/slc5_amd64_gcc462/external/cvs2git/5419/lib:/home/grid/cms667/home_cream_729576993/CREAM729576993/
 
# LIMITS USED BY CRAB WATCHDOG:
# RSS  (KBytes)   : 2300000
# VSZ  (KBytes)   : 100000000
# DISK (MBytes)   : 19000
# CPU TIME        : 720h:0m:0s
# WALL CLOCK TIME : 21h:50m:0s
 
844a175eacc74cc51be2e7d71ca2539e
PSETHASH = 844a175eacc74cc51be2e7d71ca2539e
/home/grid/cms667/home_cream_729576993/CREAM729576993/writeCfg.py pset.py pset.py
Importing .py file
Setting parameters
RandomNumberGeneratorService found, will attempt to change seeds
inputBlocks=/RelValTTbar/CMSSW_5_3_11_patch3-PU_START53_LV2_09Jul2013-v1/GEN-SIM-DIGI-RAW-HLTDEBUG#bc03e9fc-e90e-11e2-95e5-00221959e7c0
inputFiles=/store/relval/CMSSW_5_3_11_patch3/RelValTTbar/GEN-SIM-DIGI-RAW-HLTDEBUG/PU_START53_LV2_09Jul2013-v1/00000/305BFBC0-08E9-E211-9196-00261894389C.root;/store/relval/CMSSW_5_3_11_patch3/RelValTTbar/GEN-SIM-DIGI-RAW-HLTDEBUG/PU_START53_LV2_09Jul2013-v1/00000/5662E8DD-08E9-E211-A7AC-002618943950.root
parentFiles=
lumisRange=
>>> Executable cmsRun
/afs/cern.ch/cms/slc5_amd64_gcc462/cms/cmssw-patch/CMSSW_5_3_11_patch6/bin/slc5_amd64_gcc462/cmsRun
ok executable found
>>> info for dashboard:
***** Cat /home/grid/cms667/home_cream_729576993/CREAM729576993/jobreport.txt *****
MonitorJobID=19_https://wms317.cern.ch:9000/53_VlOyu2CL-A52fsN8bSg
MonitorID=marfin_crab_0_130903_090551_0kdn32
ExeStart=cmsRun
***** End Cat jobreport *****
Parameters sent to Dashboard.
>>> cmsRun started at Tue Sep  3 12:41:39 UTC 2013
>>> cmsRun ended at Tue Sep  3 13:17:02 UTC 2013
>>> crab_fjr_*.xml  permission set to 0704
>>> info for dashboard:
***** Cat /home/grid/cms667/home_cream_729576993/CREAM729576993/jobreport.txt *****
MonitorJobID=19_https://wms317.cern.ch:9000/53_VlOyu2CL-A52fsN8bSg
MonitorID=marfin_crab_0_130903_090551_0kdn32
ExeEnd=cmsRun
***** End Cat jobreport *****
Parameters sent to Dashboard.
TIME_EXE = 2123 sec
>>> cmsRun wrote 153 lines of stdout+stderr
>>> START OF printout of 153 lines from stdout+stderr
03-Sep-2013 14:41:58 CEST  Initiating request to open file root://eoscms//eos/cms/store/relval/CMSSW_5_3_11_patch3/RelValTTbar/GEN-SIM-DIGI-RAW-HLTDEBUG/PU_START53_LV2_09Jul2013-v1/00000/305BFBC0-08E9-E211-9196-00261894389C.root?svcClass=default
130903 14:41:58 27400 Xrd: GoToAnotherServer: Going to: lxfsre42c02.cern.ch:1095
03-Sep-2013 14:42:03 CEST  Successfully opened file root://eoscms//eos/cms/store/relval/CMSSW_5_3_11_patch3/RelValTTbar/GEN-SIM-DIGI-RAW-HLTDEBUG/PU_START53_LV2_09Jul2013-v1/00000/305BFBC0-08E9-E211-9196-00261894389C.root?svcClass=default
%MSG-w SiStripQuality:  EventSetupRecordDataGetter:hltGetConditions@beginRun  03-Sep-2013 14:43:04 CEST Run: 1
The cabling should always include the active feds in runInfo and possibly have some morethere are instead 59 feds only active in runInfo
%MSG
Begin processing the 1st record. Run 1, Event 7169, LumiSection 144 at 03-Sep-2013 14:43:25.267 CEST
DTTSPhi::addTracoT: preview not present in TRACO trigger or its code=0  trigger not added!
DTTSPhi::addTracoT: preview not present in TRACO trigger or its code=0  trigger not added!
DTTSPhi::addTracoT: preview not present in TRACO trigger or its code=0  trigger not added!
%MSG-w BasicTrajectoryState:  TrackProducer:hltCtfL1IsoWithMaterialTracks  03-Sep-2013 14:49:00 CEST Run: 1 Event: 7296
curv error not pos-def
[  2.04132e+07     76.4326     -876349     80.0376    -1.57356
       76.4326 0.000640202    -3.28133 4.32139e-05  0.00265433
       -876349    -3.28133       37622    -3.45567   0.0672267
       80.0376 4.32139e-05    -3.45567   -0.113457 -0.00189443
      -1.57356  0.00265433   0.0672267 -0.00189443   0.0199917 ]
%MSG
%MSG-w BasicTrajectoryState:  TrackProducer:hltCtfL1IsoWithMaterialTracks  03-Sep-2013 14:49:00 CEST Run: 1 Event: 7296
local error not pos-def
[  2.04132e+07      876458      8064.1    -80.0427     1.29099
        876458     37631.4     346.239    -3.45632   0.0548255
        8064.1     346.239     3.18667  -0.0322345     0.00629
      -80.0427    -3.45632  -0.0322345   -0.113472 -0.00351582
       1.29099   0.0548255     0.00629 -0.00351582   0.0335172 ]
%MSG
%MSG-w BasicTrajectoryState:  TrackProducer:hltCtfActivityWithMaterialTracks  03-Sep-2013 14:49:00 CEST Run: 1 Event: 7296
curv error not pos-def
[  2.04132e+07     76.4326     -876349     80.0376    -1.57356
       76.4326 0.000640202    -3.28133 4.32139e-05  0.00265433
       -876349    -3.28133       37622    -3.45567   0.0672267
       80.0376 4.32139e-05    -3.45567   -0.113457 -0.00189443
      -1.57356  0.00265433   0.0672267 -0.00189443   0.0199917 ]
%MSG
%MSG-w BasicTrajectoryState:  TrackProducer:hltCtfActivityWithMaterialTracks  03-Sep-2013 14:49:00 CEST Run: 1 Event: 7296
local error not pos-def
[  2.04132e+07      876458      8064.1    -80.0427     1.29099
        876458     37631.4     346.239    -3.45632   0.0548255
        8064.1     346.239     3.18667  -0.0322345     0.00629
      -80.0427    -3.45632  -0.0322345   -0.113472 -0.00351582
       1.29099   0.0548255     0.00629 -0.00351582   0.0335172 ]
%MSG
Begin processing the 101st record. Run 1, Event 7319, LumiSection 147 at 03-Sep-2013 14:50:34.881 CEST
%MSG-w BasicTrajectoryState:   TrackProducer:hltBLifetimeRegionalCtfWithMaterialTracksbbPhi  03-Sep-2013 14:50:35 CEST Run: 1 Event: 7319
local error not pos-def
[  7.18249e-06 1.51765e-06-7.61705e-07-2.16169e-05-0.000117956
   1.51765e-06 1.39465e-06 1.10973e-06 2.70072e-05 6.76289e-05
  -7.61705e-07 1.10973e-06 2.50642e-06 8.24242e-07 2.11652e-05
  -2.16169e-05 2.70072e-05 8.24242e-07-2.69874e-05 -0.00090456
  -0.000117956 6.76289e-05 2.11652e-05 -0.00090456 0.000625286 ]
%MSG
%MSG-w BasicTrajectoryState:   TrackProducer:hltBLifetimeRegionalCtfWithMaterialTracksbbPhi  03-Sep-2013 14:50:35 CEST Run: 1 Event: 7319
curv error not pos-def
[  7.18249e-06 3.41088e-07 1.70552e-06 2.16077e-05-8.21107e-05
   3.41088e-07 5.91023e-07-5.34259e-07 8.12583e-07 -7.7539e-06
   1.70552e-06-5.34259e-07 1.17823e-06-2.84268e-05 4.66633e-05
   2.16077e-05 8.12583e-07-2.84268e-05-2.69807e-05 0.000626262
  -8.21107e-05 -7.7539e-06 4.66633e-05 0.000626262 0.000271377 ]
%MSG
%MSG-w BasicTrajectoryState:   TrackProducer:hltBLifetimeRegionalCtfWithMaterialTracksbbPhi  03-Sep-2013 14:50:35 CEST Run: 1 Event: 7319
local error not pos-def
[  9.51347e-06-4.60219e-06 3.81842e-07 -9.6032e-06-4.57447e-05
  -4.60219e-06-7.92684e-08  8.7946e-07 5.00036e-06-2.16672e-05
   3.81842e-07  8.7946e-07 1.64895e-06-1.13284e-06-2.81399e-06
   -9.6032e-06 5.00036e-06-1.13284e-06 0.000159649 0.000304379
  -4.57447e-05-2.16672e-05-2.81399e-06 0.000304379 0.000481991 ]
%MSG
%MSG-w BasicTrajectoryState:   TrackProducer:hltBLifetimeRegionalCtfWithMaterialTracksbbPhi  03-Sep-2013 14:50:35 CEST Run: 1 Event: 7319
curv error not pos-def
[  9.51347e-06 2.43023e-07 4.52113e-06    -9.6e-06 3.13992e-05
   2.43023e-07 3.63317e-07-4.21676e-07-6.05953e-07 7.15677e-07
   4.52113e-06-4.21676e-07-4.74222e-09-4.47247e-06 -1.5609e-05
      -9.6e-06-6.05953e-07-4.47247e-06 0.000159539-0.000207013
   3.13992e-05 7.15677e-07 -1.5609e-05-0.000207013 0.000221746 ]
%MSG
%MSG-w BasicTrajectoryState:   TrackProducer:hltBLifetimeRegionalCtfWithMaterialTracksbbPhi  03-Sep-2013 14:50:35 CEST Run: 1 Event: 7319
local error not pos-def
[  3.65929e-06-1.37715e-06-2.10203e-06-5.58152e-05 -4.2594e-06
  -1.37715e-06 1.86263e-06 1.00501e-06 2.12706e-05 9.08272e-07
  -2.10203e-06 1.00501e-06 1.13074e-06 2.41618e-06 1.70563e-06
  -5.58152e-05 2.12706e-05 2.41618e-06-7.24659e-05  2.6077e-07
   -4.2594e-06 9.08272e-07 1.70563e-06  2.6077e-07 0.000172727 ]
%MSG
%MSG-w BasicTrajectoryState:   TrackProducer:hltBLifetimeRegionalCtfWithMaterialTracksbbPhi  03-Sep-2013 14:50:35 CEST Run: 1 Event: 7319
curv error not pos-def
[  3.65929e-06 9.95905e-07 -1.3696e-06 5.58152e-05-2.92405e-06
   9.95905e-07 2.53793e-07-4.74608e-07 1.14281e-06-5.56121e-07
   -1.3696e-06-4.74608e-07 1.85992e-06  -2.127e-05 4.12002e-07
   5.58152e-05 1.14281e-06  -2.127e-05-7.24659e-05-1.90506e-07
  -2.92405e-06-5.56121e-07 4.12002e-07-1.90506e-07 8.18459e-05 ]
%MSG
DTTSPhi::addTracoT: preview not present in TRACO trigger or its code=0  trigger not added!
DTTSPhi::addTracoT: preview not present in TRACO trigger or its code=0  trigger not added!
DTTSPhi::addTracoT: preview not present in TRACO trigger or its code=0  trigger not added!
Begin processing the 201st record. Run 1, Event 7419, LumiSection 149 at 03-Sep-2013 14:57:33.491 CEST
130903 15:02:28 27400 Xrd: XrdClientMessage::ReadRaw: Failed to read header (8 bytes).
%MSG-w BasicTrajectoryState:  TrackProducer:hltL3TkTracksFromL2IOHit  03-Sep-2013 15:02:54 CEST Run: 1 Event: 7696
local error not pos-def
[ -4.13727e-06-3.33757e-06-9.54794e-05 -0.00481812  0.00810236
  -3.33757e-06 7.40305e-06-0.000101286 -0.00483932  0.00796586
  -9.54794e-05-0.000101286  9.6428e-05  0.00384843 -0.00655222
   -0.00481812 -0.00483932  0.00384843   0.0741232   -0.119516
    0.00810236  0.00796586 -0.00655222   -0.119516    0.105126 ]
%MSG
%MSG-w BasicTrajectoryState:  TrackProducer:hltL3TkTracksFromL2IOHit  03-Sep-2013 15:02:54 CEST Run: 1 Event: 7696
curv error not pos-def
[ -4.13727e-06 3.41767e-05 2.88403e-05  0.00416373 -0.00329048
   3.41767e-05-2.97632e-06-2.34357e-05 0.000272667-0.000256844
   2.88403e-05-2.34357e-05-3.32502e-05 -0.00278447  0.00228133
    0.00416373 0.000272667 -0.00278447    0.055356  -0.0409216
   -0.00329048-0.000256844  0.00228133  -0.0409216 -0.00526679 ]
%MSG
Begin processing the 301st record. Run 1, Event 7719, LumiSection 155 at 03-Sep-2013 15:04:30.908 CEST
03-Sep-2013 15:06:36 CEST  Closed file root://eoscms//eos/cms/store/relval/CMSSW_5_3_11_patch3/RelValTTbar/GEN-SIM-DIGI-RAW-HLTDEBUG/PU_START53_LV2_09Jul2013-v1/00000/305BFBC0-08E9-E211-9196-00261894389C.root?svcClass=default
03-Sep-2013 15:06:36 CEST  Initiating request to open file root://eoscms//eos/cms/store/relval/CMSSW_5_3_11_patch3/RelValTTbar/GEN-SIM-DIGI-RAW-HLTDEBUG/PU_START53_LV2_09Jul2013-v1/00000/5662E8DD-08E9-E211-A7AC-002618943950.root?svcClass=default
130903 15:06:36 001 Xrd: CheckErrorStatus: Server [eoscms] declared: session not found(error code: 3011)
130903 15:06:36 27400 Xrd: GoToAnotherServer: Going to: lxfsre07a02.cern.ch:1095
03-Sep-2013 15:06:36 CEST  Successfully opened file root://eoscms//eos/cms/store/relval/CMSSW_5_3_11_patch3/RelValTTbar/GEN-SIM-DIGI-RAW-HLTDEBUG/PU_START53_LV2_09Jul2013-v1/00000/5662E8DD-08E9-E211-A7AC-002618943950.root?svcClass=default
Begin processing the 401st record. Run 1, Event 5819, LumiSection 117 at 03-Sep-2013 15:11:32.643 CEST
130903 15:11:58 27400 Xrd: XrdClientMessage::ReadRaw: Failed to read header (8 bytes).
DTTSPhi::addTracoT: preview not present in TRACO trigger or its code=0  trigger not added!
DTTSPhi::addTracoT: preview not present in TRACO trigger or its code=0  trigger not added!
DTTSPhi::addTracoT: preview not present in TRACO trigger or its code=0  trigger not added!
03-Sep-2013 15:16:50 CEST  Closed file root://eoscms//eos/cms/store/relval/CMSSW_5_3_11_patch3/RelValTTbar/GEN-SIM-DIGI-RAW-HLTDEBUG/PU_START53_LV2_09Jul2013-v1/00000/5662E8DD-08E9-E211-A7AC-002618943950.root?svcClass=default

=============================================

MessageLogger Summary

 type     category        sev    module        subroutine        count    total
 ---- -------------------- -- ---------------- ----------------  -----    -----
    1 BasicTrajectoryState -w TrackProducer:hl                       6        6
    2 BasicTrajectoryState -w TrackProducer:hl                       2        2
    3 BasicTrajectoryState -w TrackProducer:hl                       2        2
    4 BasicTrajectoryState -w TrackProducer:hl                       2        2
    5 SiStripQuality       -w EventSetupRecord                       1        1
    6 fileAction           -s file_close                             2        2
    7 fileAction           -s file_open                              4        4

 type    category    Examples: run/evt        run/evt          run/evt
 ---- -------------------- ---------------- ---------------- ----------------
    1 BasicTrajectoryState 1/7319           1/7319           1/7319
    2 BasicTrajectoryState 1/7296           1/7296           
    3 BasicTrajectoryState 1/7296           1/7296           
    4 BasicTrajectoryState 1/7696           1/7696           
    5 SiStripQuality       Run: 1                            
    6 fileAction           PostProcessEvent PostEndRun       
    7 fileAction           pre-events       pre-events       PostProcessEvent

Severity    # Occurrences   Total Occurrences
--------    -------------   -----------------
Warning                13                  13
System                  6                   6
>>> END OF printout of 153 lines from stdout+stderr
>>> Parse FrameworkJobReport crab_fjr.xml
Result of parsing the FrameworkJobReport crab_fjr.xml: Popularity start
lumisRange : 1::116-117,119::1;1::144,146-149,154-155::2;
lumisParentRange : 
Basename : /store/relval/CMSSW_5_3_11_patch3/RelValTTbar/GEN-SIM-DIGI-RAW-HLTDEBUG/PU_START53_LV2_09Jul2013-v1/00000/
BasenameParent : 
parentFiles : 
inputBlocks : /RelValTTbar/CMSSW_5_3_11_patch3-PU_START53_LV2_09Jul2013-v1/GEN-SIM-DIGI-RAW-HLTDEBUG#bc03e9fc-e90e-11e2-95e5-00221959e7c0
inputFiles : 5662E8DD-08E9-E211-A7AC-002618943950.root::1::EDM::Local::1;305BFBC0-08E9-E211-9196-00261894389C.root::1::EDM::Local::2;
Popularity stop
Extracted ExitStatus from FrameworkJobReport parsing output: 0
>>> Executable succeded  0
ExeExitCode=0
EXECUTABLE_EXIT_STATUS = 0
>>> current directory /home/grid/cms667/home_cream_729576993/CREAM729576993/CMSSW_5_3_11_patch6
>>>  (SOFTWARE_DIR): /home/grid/cms667/home_cream_729576993/CREAM729576993/CMSSW_5_3_11_patch6
>>> (WORKING_DIR): 
>>> current directory content:
total 4276552
drwxr-xr-x 3 cms667 zh       4096 Sep  3 14:41 .SCRAM
-rw------- 1 cms667 zh    3842683 Sep  3 14:41 CMSSW.py.pkl
drwxr-xr-x 3 cms667 zh       4096 Sep  3 14:41 bin
drwxr-xr-x 3 cms667 zh       4096 Sep  3 14:41 cfipython
drwxr-xr-x 4 cms667 zh       4096 Sep  3 14:41 config
-rw------- 1 cms667 zh         18 Sep  3 15:17 cpu_timing.txt
drwxr-xr-x 2 cms667 zh       4096 Sep  3 14:41 doc
-rw------- 1 cms667 zh      10720 Sep  3 15:16 executable.out
drwxr-xr-x 2 cms667 zh       4096 Sep  3 14:41 include
drwx------ 3 cms667 zh       4096 Aug 26 18:31 lib
drwxr-xr-x 3 cms667 zh       4096 Sep  3 14:41 logs
drwxr-xr-x 3 cms667 zh       4096 Sep  3 14:41 objs
-rw------- 1 cms667 zh 4367039863 Sep  3 15:16 output.root
-rw------- 1 cms667 zh        104 Sep  3 14:41 pset.py
-rw------- 1 cms667 zh    3843518 Sep  3 14:41 pset.py.pkl
-rw------- 1 cms667 zh        289 Sep  3 14:41 pset.pyc
drwxr-xr-x 2 cms667 zh       4096 Sep  3 14:41 python
-rw------- 1 cms667 zh        440 Sep  3 15:17 report.log
drwx------ 5 cms667 zh       4096 Sep  3 14:41 src
drwxr-xr-x 3 cms667 zh       4096 Sep  3 14:41 test
drwxr-xr-x 3 cms667 zh       4096 Sep  3 14:41 tmp
>>> current directory /home/grid/cms667/home_cream_729576993/CREAM729576993/CMSSW_5_3_11_patch6
>>> (SOFTWARE_DIR): /home/grid/cms667/home_cream_729576993/CREAM729576993/CMSSW_5_3_11_patch6
>>> (WORKING_DIR): 
>>> current directory content:
total 4276552
drwxr-xr-x 3 cms667 zh       4096 Sep  3 14:41 .SCRAM
-rw------- 1 cms667 zh    3842683 Sep  3 14:41 CMSSW.py.pkl
drwxr-xr-x 3 cms667 zh       4096 Sep  3 14:41 bin
drwxr-xr-x 3 cms667 zh       4096 Sep  3 14:41 cfipython
drwxr-xr-x 4 cms667 zh       4096 Sep  3 14:41 config
-rw------- 1 cms667 zh         18 Sep  3 15:17 cpu_timing.txt
drwxr-xr-x 2 cms667 zh       4096 Sep  3 14:41 doc
-rw------- 1 cms667 zh      10720 Sep  3 15:16 executable.out
drwxr-xr-x 2 cms667 zh       4096 Sep  3 14:41 include
drwx------ 3 cms667 zh       4096 Aug 26 18:31 lib
drwxr-xr-x 3 cms667 zh       4096 Sep  3 14:41 logs
drwxr-xr-x 3 cms667 zh       4096 Sep  3 14:41 objs
-rw------- 1 cms667 zh 4367039863 Sep  3 15:16 output_19_3_FlF.root
-rw------- 1 cms667 zh        104 Sep  3 14:41 pset.py
-rw------- 1 cms667 zh    3843518 Sep  3 14:41 pset.py.pkl
-rw------- 1 cms667 zh        289 Sep  3 14:41 pset.pyc
drwxr-xr-x 2 cms667 zh       4096 Sep  3 14:41 python
-rw------- 1 cms667 zh        440 Sep  3 15:17 report.log
drwx------ 5 cms667 zh       4096 Sep  3 14:41 src
drwxr-xr-x 3 cms667 zh       4096 Sep  3 14:41 test
drwxr-xr-x 3 cms667 zh       4096 Sep  3 14:41 tmp
>>> current directory (RUNTIME_AREA):  /home/grid/cms667/home_cream_729576993/CREAM729576993
SE = srm-cms.cern.ch
SE_PATH = /srm/managerv2?SFN=/castor/cern.ch/user/m/marfin//53xRelVal2011Redigi/
LFNBaseName = /53xRelVal2011Redigi/marfin/RelValTTbar/53xRelVal2011Redigi/844a175eacc74cc51be2e7d71ca2539e/
USER = marfin
endpoint = srm://srm-cms.cern.ch:8443/srm/managerv2?SFN=/castor/cern.ch/user/m/marfin//53xRelVal2011Redigi/marfin/RelValTTbar/53xRelVal2011Redigi/844a175eacc74cc51be2e7d71ca2539e/
>>> Copy output files from WN = lxbst0835.cern.ch to /srm/managerv2?SFN=/castor/cern.ch/user/m/marfin//53xRelVal2011Redigi/ :
python cmscp.py  --destination srm://srm-cms.cern.ch:8443/srm/managerv2?SFN=/castor/cern.ch/user/m/marfin//53xRelVal2011Redigi/marfin/RelValTTbar/53xRelVal2011Redigi/844a175eacc74cc51be2e7d71ca2539e/ --inputFileList /home/grid/cms667/home_cream_729576993/CREAM729576993/CMSSW_5_3_11_patch6/output_19_3_FlF.root --middleware LCG --se_name srm-cms.cern.ch --for_lfn /53xRelVal2011Redigi/marfin/RelValTTbar/53xRelVal2011Redigi/844a175eacc74cc51be2e7d71ca2539e/    
******************************************************
localSeName  =  srm-eoscms.cern.ch
remoteSeName =  srm-cms.cern.ch
******************************************************
{"/home/grid/cms667/home_cream_729576993/CREAM729576993/CMSSW_5_3_11_patch6/output_19_3_FlF.root": {"endpoint": "srm://srm-cms.cern.ch:8443/srm/managerv2?SFN=/castor/cern.ch/user/m/marfin//53xRelVal2011Redigi/marfin/RelValTTbar/53xRelVal2011Redigi/844a175eacc74cc51be2e7d71ca2539e/", "surl_for_grid": "", "reason": "Copy succedeed with srm-lcg utils", "erCode": "0", "se_name": "srm-cms.cern.ch", "for_lfn": "/53xRelVal2011Redigi/marfin/RelValTTbar/53xRelVal2011Redigi/844a175eacc74cc51be2e7d71ca2539e/"}}/home/grid/cms667/home_cream_729576993/CREAM729576993
-------- cat /home/grid/cms667/home_cream_729576993/CREAM729576993/cmscpReport.sh 
#!/bin/bash
echo "Report for File: /home/grid/cms667/home_cream_729576993/CREAM729576993/CMSSW_5_3_11_patch6/output_19_3_FlF.root"
echo "LFN: /53xRelVal2011Redigi/marfin/RelValTTbar/53xRelVal2011Redigi/844a175eacc74cc51be2e7d71ca2539e/output_19_3_FlF.root"
echo "StorageElement: srm-cms.cern.ch"
echo "StageOutExitStatusReason = 'Copy succedeed with srm-lcg utils'" | tee -a $RUNTIME_AREA/$repo
echo "StageOutSE = srm-cms.cern.ch" >> $RUNTIME_AREA/$repo

export StageOutExitStatus=0
echo "StageOutExitStatus = 0" | tee -a $RUNTIME_AREA/$repo
-------- end of /home/grid/cms667/home_cream_729576993/CREAM729576993/cmscpReport.sh 
Report for File: /home/grid/cms667/home_cream_729576993/CREAM729576993/CMSSW_5_3_11_patch6/output_19_3_FlF.root
LFN: /53xRelVal2011Redigi/marfin/RelValTTbar/53xRelVal2011Redigi/844a175eacc74cc51be2e7d71ca2539e/output_19_3_FlF.root
StorageElement: srm-cms.cern.ch
StageOutExitStatusReason = 'Copy succedeed with srm-lcg utils'
StageOutExitStatus = 0
>>> current dir: /home/grid/cms667/home_cream_729576993/CREAM729576993
>>> current dir content:
total 6256
-rwx------  1 cms667 zh   13669 Sep  3 14:41 .BrokerInfo
-rw-------  1 cms667 zh    4709 Sep  3 15:18 .SEinteraction.log
-rwx------  1 cms667 zh       0 Sep  3 14:41 .tmp_file
-rw-------  1 cms667 zh     105 Sep  3 09:05 CMSSW.py
-rw-------  1 cms667 zh 3842683 Sep  3 09:05 CMSSW.py.pkl
-rwx------  1 cms667 zh   27957 Sep  3 14:41 CMSSW.sh
-rwx------  1 cms667 zh       0 Sep  3 14:41 CMSSW_19.stderr
-rwx---r--  1 cms667 zh   25239 Sep  3 15:18 CMSSW_19.stdout
drwxr-xr-x 15 cms667 zh    4096 Sep  3 15:17 CMSSW_5_3_11_patch6
-rw-------  1 cms667 zh     484 Sep  3 14:41 CacheEnv.sh
-rw-------  1 cms667 zh    7291 Jun  9  2010 DashboardAPI.py
-rw-------  1 cms667 zh    6493 Sep  3 14:41 DashboardAPI.pyc
drwx------  3 cms667 zh    4096 Aug 20 17:36 IMProv
-rw-------  1 cms667 zh    2748 Mar  8  2006 Logger.py
-rw-------  1 cms667 zh    3223 Sep  3 14:41 Logger.pyc
-rw-------  1 cms667 zh   24524 Mar 28  2008 ProcInfo.py
-rw-------  1 cms667 zh   22846 Sep  3 14:41 ProcInfo.pyc
drwx------  7 cms667 zh    4096 Sep  3 14:41 ProdCommon
drwx------  3 cms667 zh    4096 Sep  3 14:41 WMCore
-rw-------  1 cms667 zh    6611 Sep  3 15:17 Watchdog_19.log
-rw-------  1 cms667 zh   32895 Mar 28  2008 apmon.py
-rw-------  1 cms667 zh   28120 Sep  3 14:41 apmon.pyc
-rwx------  1 cms667 zh   10416 Sep  3 14:41 arguments.xml
-rwx------  1 cms667 zh   38507 Aug  6 23:12 cmscp.py
-rw-------  1 cms667 zh     542 Sep  3 15:18 cmscpReport.sh
-rw-------  1 cms667 zh     634 Sep  3 09:05 crab.cfg
-rwx------  1 cms667 zh    8610 Apr  2 15:44 crabWatchdog.sh
-rwx---r--  1 cms667 zh  781864 Sep  3 15:16 crab_fjr_19.xml
-rwx------  1 cms667 zh 1214804 Sep  3 14:41 default.tgz
-rwx------  1 cms667 zh    4488 May 12  2012 fillCrabFjr.py
-rw-------  1 cms667 zh     468 Sep  3 14:41 inputsReport.txt
-rw-------  1 cms667 zh     254 Sep  3 15:18 jobreport.txt
lrwxrwxrwx  1 cms667 zh      94 Sep  3 15:17 output.root -> /home/grid/cms667/home_cream_729576993/CREAM729576993/CMSSW_5_3_11_patch6/output_19_3_FlF.root
-rw-------  1 cms667 zh   17352 Jan 20  2012 parseCrabFjr.py
-rw-------  1 cms667 zh     265 Sep  3 14:41 report.log
-rwx--x--x  1 cms667 zh    1497 May 27  2009 report.py
-rw-------  1 cms667 zh     505 Sep  3 15:18 resultCopyFile
-rwx------  1 cms667 zh    8387 Mar 23  2011 writeCfg.py
>>> Modify Job Report:
CMSSW_VERSION = CMSSW_5_3_11_patch6
ProcessedDataset = 53xRelVal2011Redigi
/home/grid/cms667/home_cream_729576993/CREAM729576993/ProdCommon/FwkJobRep/ModifyJobReport.py fjr /home/grid/cms667/home_cream_729576993/CREAM729576993/crab_fjr_19.xml json /home/grid/cms667/home_cream_729576993/CREAM729576993/resultCopyFile n_job 19_3_FlF PrimaryDataset RelValTTbar  ApplicationFamily cmsRun ApplicationName cmsRun cmssw_version CMSSW_5_3_11_patch6 psethash 844a175eacc74cc51be2e7d71ca2539e UserProcessedDataset marfin-53xRelVal2011Redigi-844a175eacc74cc51be2e7d71ca2539e
inputDict =  {u'/home/grid/cms667/home_cream_729576993/CREAM729576993/CMSSW_5_3_11_patch6/output_19_3_FlF.root': {u'endpoint': u'srm://srm-cms.cern.ch:8443/srm/managerv2?SFN=/castor/cern.ch/user/m/marfin//53xRelVal2011Redigi/marfin/RelValTTbar/53xRelVal2011Redigi/844a175eacc74cc51be2e7d71ca2539e/', u'surl_for_grid': u'', u'reason': u'Copy succedeed with srm-lcg utils', u'erCode': u'0', u'se_name': u'srm-cms.cern.ch', u'for_lfn': u'/53xRelVal2011Redigi/marfin/RelValTTbar/53xRelVal2011Redigi/844a175eacc74cc51be2e7d71ca2539e/'}}
diz_filter =  {u'output.root': u''}
UserProcessedDataset =  marfin-53xRelVal2011Redigi-844a175eacc74cc51be2e7d71ca2539e
file_name in inputDict =  /home/grid/cms667/home_cream_729576993/CREAM729576993/CMSSW_5_3_11_patch6/output_19_3_FlF.root
(size) os.stat(filename)[6] =  4367039863
checksum =  2154700941
filter =  
    file =  output_19_3_FlF.root
    newPfn =  srm://srm-cms.cern.ch:8443/srm/managerv2?SFN=/castor/cern.ch/user/m/marfin//53xRelVal2011Redigi/marfin/RelValTTbar/53xRelVal2011Redigi/844a175eacc74cc51be2e7d71ca2539e/output_19_3_FlF.root
    newLfn =  /53xRelVal2011Redigi/marfin/RelValTTbar/53xRelVal2011Redigi/844a175eacc74cc51be2e7d71ca2539e/output_19_3_FlF.root
>>> crab_fjr_*.xml  permission set to 0704
Checking output files:  
will tar file crab_fjr_19.xml in  out_files_19
will tar file CMSSW_19.stdout in  out_files_19
will tar file CMSSW_19.stderr in  out_files_19
WARNING: output file Watchdog_19.log.gz not found!
>>> padding time: Wrapper lasting more than 600 seconds. No sleep required.
STOPPING WATCHDOG. CrabWatchdog PID is 27183
********** LAST 50 LINES OF WATCHDOG LOG
 Sep 03 14:46:27 CEST	---	1823904	2251316	363	----	----	----
 Sep 03 14:47:27 CEST	27400	1854056	2279224	363	277	363	cmsRun -j /home/grid/cms667/home_cream_729576993/CREAM729576993/crab_fjr_19.xml -p pset.py      
 Sep 03 14:47:27 CEST	---	1854056	2279224	498	----	----	----
 Sep 03 14:48:28 CEST	---	1854056	2279224	631	----	----	----
 Sep 03 14:49:28 CEST	27400	1858848	2286392	631	396	483	cmsRun -j /home/grid/cms667/home_cream_729576993/CREAM729576993/crab_fjr_19.xml -p pset.py      
 Sep 03 14:49:28 CEST	---	1858848	2286392	751	----	----	----
 Sep 03 14:50:28 CEST	27400	1866704	2295608	751	456	544	cmsRun -j /home/grid/cms667/home_cream_729576993/CREAM729576993/crab_fjr_19.xml -p pset.py      
 Sep 03 14:50:28 CEST	---	1866704	2295608	884	----	----	----
 Sep 03 14:51:29 CEST	27400	1872320	2302008	884	515	604	cmsRun -j /home/grid/cms667/home_cream_729576993/CREAM729576993/crab_fjr_19.xml -p pset.py      
 Sep 03 14:51:29 CEST	---	1872320	2302008	1016	----	----	----
 Sep 03 14:52:29 CEST	---	1872320	2302008	1143	----	----	----
 Sep 03 14:53:29 CEST	27400	1875624	2305336	1143	634	725	cmsRun -j /home/grid/cms667/home_cream_729576993/CREAM729576993/crab_fjr_19.xml -p pset.py      
 Sep 03 14:53:29 CEST	---	1875624	2305336	1279	----	----	----
 Sep 03 14:54:30 CEST	27400	1876160	2306360	1279	693	785	cmsRun -j /home/grid/cms667/home_cream_729576993/CREAM729576993/crab_fjr_19.xml -p pset.py      
 Sep 03 14:54:30 CEST	---	1876160	2306360	1406	----	----	----
 Sep 03 14:55:30 CEST	27400	1912648	2366776	1406	753	846	cmsRun -j /home/grid/cms667/home_cream_729576993/CREAM729576993/crab_fjr_19.xml -p pset.py      
 Sep 03 14:55:30 CEST	---	1912648	2366776	1525	----	----	----
 Sep 03 14:56:31 CEST	27400	1912648	2367032	1525	812	906	cmsRun -j /home/grid/cms667/home_cream_729576993/CREAM729576993/crab_fjr_19.xml -p pset.py      
 Sep 03 14:56:31 CEST	---	1912648	2367032	1656	----	----	----
 Sep 03 14:57:31 CEST	27400	1929920	2384440	1656	871	966	cmsRun -j /home/grid/cms667/home_cream_729576993/CREAM729576993/crab_fjr_19.xml -p pset.py      
 Sep 03 14:57:31 CEST	---	1929920	2384440	1765	----	----	----
 Sep 03 14:58:31 CEST	---	1929920	2384440	1894	----	----	----
 Sep 03 14:59:32 CEST	---	1929920	2384440	2027	----	----	----
 Sep 03 15:00:32 CEST	---	1929920	2384440	2153	----	----	----
 Sep 03 15:01:32 CEST	27400	1946740	2414136	2153	1109	1208	cmsRun -j /home/grid/cms667/home_cream_729576993/CREAM729576993/crab_fjr_19.xml -p pset.py      
 Sep 03 15:01:32 CEST	---	1946740	2414136	2281	----	----	----
 Sep 03 15:02:33 CEST	27400	1952292	2419512	2281	1168	1268	cmsRun -j /home/grid/cms667/home_cream_729576993/CREAM729576993/crab_fjr_19.xml -p pset.py      
 Sep 03 15:02:33 CEST	---	1952292	2419512	2408	----	----	----
 Sep 03 15:03:33 CEST	27400	1952348	2419512	2408	1227	1328	cmsRun -j /home/grid/cms667/home_cream_729576993/CREAM729576993/crab_fjr_19.xml -p pset.py      
 Sep 03 15:03:33 CEST	---	1952348	2419512	2537	----	----	----
 Sep 03 15:04:33 CEST	---	1952348	2419512	2664	----	----	----
 Sep 03 15:05:34 CEST	---	1952348	2419512	2789	----	----	----
 Sep 03 15:06:34 CEST	---	1952348	2419512	2919	----	----	----
 Sep 03 15:07:35 CEST	---	1952348	2419512	3033	----	----	----
 Sep 03 15:08:35 CEST	---	1952348	2419512	3166	----	----	----
 Sep 03 15:09:35 CEST	27400	2018448	2475072	3166	1579	1691	cmsRun -j /home/grid/cms667/home_cream_729576993/CREAM729576993/crab_fjr_19.xml -p pset.py      
 Sep 03 15:09:35 CEST	---	2018448	2475072	3287	----	----	----
 Sep 03 15:10:36 CEST	27400	2031756	2486592	3287	1638	1751	cmsRun -j /home/grid/cms667/home_cream_729576993/CREAM729576993/crab_fjr_19.xml -p pset.py      
 Sep 03 15:10:36 CEST	---	2031756	2486592	3409	----	----	----
 Sep 03 15:11:36 CEST	---	2031756	2486592	3540	----	----	----
 Sep 03 15:12:37 CEST	27400	2032576	2486592	3540	1757	1872	cmsRun -j /home/grid/cms667/home_cream_729576993/CREAM729576993/crab_fjr_19.xml -p pset.py      
 Sep 03 15:12:37 CEST	---	2032576	2486592	3667	----	----	----
 Sep 03 15:13:37 CEST	27400	2033872	2487872	3667	1816	1932	cmsRun -j /home/grid/cms667/home_cream_729576993/CREAM729576993/crab_fjr_19.xml -p pset.py      
 Sep 03 15:13:37 CEST	---	2033872	2487872	3782	----	----	----
 Sep 03 15:14:37 CEST	---	2033872	2487872	3903	----	----	----
 Sep 03 15:15:38 CEST	27400	2038384	2491200	3903	1934	2053	cmsRun -j /home/grid/cms667/home_cream_729576993/CREAM729576993/crab_fjr_19.xml -p pset.py      
 Sep 03 15:15:38 CEST	---	2038384	2491200	4029	----	----	----
 Sep 03 15:16:38 CEST	---	2038384	2491200	4152	----	----	----
# TIME			PID	RSS(KB)	VSZ(KB)	Dsk(MB)	tCPU(s)	tWALL(s)	COMMAND
 Sep 03 15:17:38 CEST	---	2038384	2491200	4192	----	----	----
********** WATCHDOG LOG ENDED
ZIPPING WATCHDOG LOG
Disk space used:
du -sh /home/grid/cms667/home_cream_729576993/CREAM729576993
4.1G	/home/grid/cms667/home_cream_729576993/CREAM729576993
Found unusual stderr, rename for OSB
`/pool/grid/cms667/home_cream_729576993/CREAM729576993/CMSSW_19.stdout' -> `CMSSW_19.stderr'
crab_fjr_19.xml
CMSSW_19.stdout
CMSSW_19.stderr
Watchdog_19.log.gz
Total Output dimension: 80366
WARNING: output files size limit is set to: 55000000
Total Output dimension 80366 is fine.
JOB_EXIT_STATUS = 0
>>> info for dashboard:
***** Cat /home/grid/cms667/home_cream_729576993/CREAM729576993/jobreport.txt *****
MonitorJobID=19_https://wms317.cern.ch:9000/53_VlOyu2CL-A52fsN8bSg
MonitorID=marfin_crab_0_130903_090551_0kdn32
ExeTime=2123
ExeExitCode=0
StageOutExitStatusReason = 'Copy succedeed with srm-lcg utils'
StageOutSE = srm-cms.cern.ch
StageOutExitStatus = 0
CrabUserCpuTime=1947.64
CrabSysCpuTime=66.71
CrabCpuPercentage=94%
CrabWrapperTime=2252
CrabStageoutTime=84
JobExitCode=0
***** End Cat jobreport *****
Parameters sent to Dashboard.
crab_fjr_19.xml
