This script was generated by crab (version 2.9.0).
Running ./CMSSW.sh with 2 positional parameters: 12 1
Today is Tue Sep  3 09:43:53 CEST 2013
Job submitted on host lxbsq2101.cern.ch
Linux lxbsq2101.cern.ch 2.6.18-308.16.1.el5 #1 SMP Thu Oct 4 14:02:28 CEST 2012 x86_64 x86_64 x86_64 GNU/Linux
>>> current directory (RUNTIME_AREA): /home/grid/cms667/home_cream_655504954/CREAM655504954
>>> current user: uid=52545(cms667) gid=1399(zh) groups=1399(zh),1106991379 context=system_u:system_r:initrc_t
>>> directory permission set to 0700
>>> umask set to:  u=rwx,g=,o=
>>> stdout stderr permission set to 0704
>>> voms proxy information:
subject   : /C=DE/O=GermanGrid/OU=DESY/CN=Ihar Marfin/CN=proxy/CN=proxy/CN=proxy/CN=limited proxy
issuer    : /C=DE/O=GermanGrid/OU=DESY/CN=Ihar Marfin/CN=proxy/CN=proxy/CN=proxy
identity  : /C=DE/O=GermanGrid/OU=DESY/CN=Ihar Marfin/CN=proxy/CN=proxy/CN=proxy
type      : limited proxy
strength  : 1024 bits
path      : /home/grid/cms667/home_cream_655504954/cream_655504954.proxy
timeleft  : 175:28:54
key usage : 
=== VO cms extension information ===
VO        : cms
subject   : /C=DE/O=GermanGrid/OU=DESY/CN=Ihar Marfin
issuer    : /DC=ch/DC=cern/OU=computers/CN=lcg-voms.cern.ch
attribute : /cms/Role=NULL/Capability=NULL
attribute : /cms/dcms/Role=NULL/Capability=NULL
timeleft  : 175:30:42
uri       : lcg-voms.cern.ch:15002
>>> tar --no-same-permissions -xf /home/grid/cms667/home_cream_655504954/CREAM655504954/default.tgz :
Successful untar
>>> Include /home/grid/cms667/home_cream_655504954/CREAM655504954 in PYTHONPATH:
strip arguments
env var CRAB_UNIQUE_JOB_ID set to: marfin_crab_0_130903_090551_0kdn32_12_1_rlN
out_files_12
>>> list of expected files on output sandbox
output files: crab_fjr_12.xml CMSSW_12.stdout CMSSW_12.stderr Watchdog_12.log.gz
>>> GridFlavour discovery: 
GridFlavour=LCG
>>> SyncSite discovery: 
not reporting SyncSite
>>> SyncCE discovery: 
getting SyncCE from CE_ID
SyncCE=ce207.cern.ch:8443/cream-lsf-grid_cms
>>> info for dashboard:
***** Cat /home/grid/cms667/home_cream_655504954/CREAM655504954/jobreport.txt *****
MonitorJobID=12_https://wms314.cern.ch:9000/WQuoI19QKdkPH9AwzXYGEA
SyncGridJobId=https://wms314.cern.ch:9000/WQuoI19QKdkPH9AwzXYGEA
MonitorID=marfin_crab_0_130903_090551_0kdn32
GridFlavour=LCG
SyncCE=ce207.cern.ch:8443/cream-lsf-grid_cms
***** End Cat jobreport *****
Parameters sent to Dashboard.
>>> setup environment
set SCRAM ARCH to slc5_amd64_gcc462
SCRAM_ARCH = slc5_amd64_gcc462
>>> setup CMS LCG environment:
set SCRAM ARCH and BUILD_ARCH to slc5_amd64_gcc462 ###
Sourcing environment... 
sourcing /afs/cern.ch/project/gd/apps/cms/cmsset_default.sh
==> setup cms environment ok
>>> specific cmssw setup environment:
CMSSW_VERSION =  CMSSW_5_3_11_patch6
>>> current directory (SOFTWARE_DIR): /home/grid/cms667/home_cream_655504954/CREAM655504954/CMSSW_5_3_11_patch6
PreserveSeeds: <>
IncrementSeeds:<>
{"output.root": ""}
WNHostName=lxbsq2101.cern.ch
>>> info for dashboard:
***** Cat /home/grid/cms667/home_cream_655504954/CREAM655504954/jobreport.txt *****
MonitorJobID=12_https://wms314.cern.ch:9000/WQuoI19QKdkPH9AwzXYGEA
MonitorID=marfin_crab_0_130903_090551_0kdn32
WNHostName=lxbsq2101.cern.ch
***** End Cat jobreport *****
Parameters sent to Dashboard.
crabWatchdog started as process 16712
>>> moving CMSSW software directories in /home/grid/cms667/home_cream_655504954/CREAM655504954/CMSSW_5_3_11_patch6
mv: cannot stat `/home/grid/cms667/home_cream_655504954/CREAM655504954/module/': No such file or directory
>>> Include /home/grid/cms667/home_cream_655504954/CREAM655504954 in PYTHONPATH:
PYTHONPATH=/home/grid/cms667/home_cream_655504954/CREAM655504954/:/pool/grid/cms667/home_cream_655504954/CREAM655504954/CMSSW_5_3_11_patch6/python:/pool/grid/cms667/home_cream_655504954/CREAM655504954/CMSSW_5_3_11_patch6/lib/slc5_amd64_gcc462:/afs/cern.ch/cms/slc5_amd64_gcc462/cms/cmssw-patch/CMSSW_5_3_11_patch6/python:/afs/cern.ch/cms/slc5_amd64_gcc462/cms/cmssw-patch/CMSSW_5_3_11_patch6/lib/slc5_amd64_gcc462:/afs/cern.ch/cms/slc5_amd64_gcc462/cms/cmssw/CMSSW_5_3_11/bin/slc5_amd64_gcc462:/afs/cern.ch/cms/slc5_amd64_gcc462/cms/cmssw/CMSSW_5_3_11/lib/slc5_amd64_gcc462:/afs/cern.ch/cms/slc5_amd64_gcc462/cms/coral/CORAL_2_3_21-cms35/slc5_amd64_gcc462/python:/afs/cern.ch/cms/slc5_amd64_gcc462/cms/coral/CORAL_2_3_21-cms35/slc5_amd64_gcc462/lib:/afs/cern.ch/cms/slc5_amd64_gcc462/external/pyqt/4.8.1/lib/python2.6/site-packages:/afs/cern.ch/cms/slc5_amd64_gcc462/external/py2-scipy/0.8.0/lib/python2.6/site-packages:/afs/cern.ch/cms/slc5_amd64_gcc462/external/py2-matplotlib/1.0.1/lib/python2.6/site-packages:/afs/cern.ch/cms/slc5_amd64_gcc462/external/python-ldap/2.3.5/lib/python2.6/site-packages:/afs/cern.ch/cms/slc5_amd64_gcc462/external/sip/4.11.2/lib/python2.6/site-packages:/afs/cern.ch/cms/slc5_amd64_gcc462/external/py2-pycurl/7.19.0/lib/python2.6/site-packages:/afs/cern.ch/cms/slc5_amd64_gcc462/external/py2-numpy/1.6.1/lib/python2.6/site-packages:/afs/cern.ch/cms/slc5_amd64_gcc462/external/py2-ipython/0.10/lib/python2.6/site-packages:/afs/cern.ch/cms/slc5_amd64_gcc462/external/py2-cx-oracle/5.1-cms11/lib/python2.6/site-packages:/afs/cern.ch/cms/slc5_amd64_gcc462/external/py2-cjson/1.0.5/lib/python2.6/site-packages:/afs/cern.ch/cms/slc5_amd64_gcc462/cms/das-client/1.9.5/bin:/afs/cern.ch/cms/slc5_amd64_gcc462/external/elementtree/1.2.6/share/lib/python2.6/site-packages:/afs/cern.ch/cms/slc5_amd64_gcc462/external/rivet/1.8.2/lib/python2.6/site-packages:/afs/cern.ch/cms/slc5_amd64_gcc462/external/pyminuit2/0.0.1-cms39/lib/python2.6/site-packages:/afs/cern.ch/cms/slc5_amd64_gcc462/external/professor/1.0.0-cms40/lib/python2.6/site-packages:/afs/cern.ch/cms/slc5_amd64_gcc462/lcg/root/5.32.00-cms21/lib:/afs/cern.ch/cms/slc5_amd64_gcc462/cms/dbs-client/DBS_2_1_9-cms3/lib:/afs/cern.ch/cms/slc5_amd64_gcc462/cms/dbs-client/DBS_2_1_9-cms3/lib/DBSAPI:/afs/cern.ch/cms/slc5_amd64_gcc462/external/cvs2git/5419/lib:/home/grid/cms667/home_cream_655504954/CREAM655504954/
 
# LIMITS USED BY CRAB WATCHDOG:
# RSS  (KBytes)   : 2300000
# VSZ  (KBytes)   : 100000000
# DISK (MBytes)   : 19000
# CPU TIME        : 720h:0m:0s
# WALL CLOCK TIME : 21h:50m:0s
 
844a175eacc74cc51be2e7d71ca2539e
PSETHASH = 844a175eacc74cc51be2e7d71ca2539e
/home/grid/cms667/home_cream_655504954/CREAM655504954/writeCfg.py pset.py pset.py
Importing .py file
Setting parameters
RandomNumberGeneratorService found, will attempt to change seeds
inputBlocks=/RelValTTbar/CMSSW_5_3_11_patch3-PU_START53_LV2_09Jul2013-v1/GEN-SIM-DIGI-RAW-HLTDEBUG#bc03e9fc-e90e-11e2-95e5-00221959e7c0
inputFiles=/store/relval/CMSSW_5_3_11_patch3/RelValTTbar/GEN-SIM-DIGI-RAW-HLTDEBUG/PU_START53_LV2_09Jul2013-v1/00000/5EBDAED2-08E9-E211-9594-002590596498.root;/store/relval/CMSSW_5_3_11_patch3/RelValTTbar/GEN-SIM-DIGI-RAW-HLTDEBUG/PU_START53_LV2_09Jul2013-v1/00000/94FA73BD-08E9-E211-9D2C-00248C55CC40.root
parentFiles=
lumisRange=
>>> Executable cmsRun
/afs/cern.ch/cms/slc5_amd64_gcc462/cms/cmssw-patch/CMSSW_5_3_11_patch6/bin/slc5_amd64_gcc462/cmsRun
ok executable found
>>> info for dashboard:
***** Cat /home/grid/cms667/home_cream_655504954/CREAM655504954/jobreport.txt *****
MonitorJobID=12_https://wms314.cern.ch:9000/WQuoI19QKdkPH9AwzXYGEA
MonitorID=marfin_crab_0_130903_090551_0kdn32
ExeStart=cmsRun
***** End Cat jobreport *****
Parameters sent to Dashboard.
>>> cmsRun started at Tue Sep  3 07:44:10 UTC 2013
>>> cmsRun ended at Tue Sep  3 08:15:29 UTC 2013
>>> crab_fjr_*.xml  permission set to 0704
>>> info for dashboard:
***** Cat /home/grid/cms667/home_cream_655504954/CREAM655504954/jobreport.txt *****
MonitorJobID=12_https://wms314.cern.ch:9000/WQuoI19QKdkPH9AwzXYGEA
MonitorID=marfin_crab_0_130903_090551_0kdn32
ExeEnd=cmsRun
***** End Cat jobreport *****
Parameters sent to Dashboard.
TIME_EXE = 1879 sec
>>> cmsRun wrote 71 lines of stdout+stderr
>>> START OF printout of 71 lines from stdout+stderr
03-Sep-2013 09:44:26 CEST  Initiating request to open file root://eoscms//eos/cms/store/relval/CMSSW_5_3_11_patch3/RelValTTbar/GEN-SIM-DIGI-RAW-HLTDEBUG/PU_START53_LV2_09Jul2013-v1/00000/5EBDAED2-08E9-E211-9594-002590596498.root?svcClass=default
130903 09:44:26 17257 Xrd: GoToAnotherServer: Going to: lxfsre05a03.cern.ch:1095
03-Sep-2013 09:44:28 CEST  Successfully opened file root://eoscms//eos/cms/store/relval/CMSSW_5_3_11_patch3/RelValTTbar/GEN-SIM-DIGI-RAW-HLTDEBUG/PU_START53_LV2_09Jul2013-v1/00000/5EBDAED2-08E9-E211-9594-002590596498.root?svcClass=default
%MSG-w SiStripQuality:  EventSetupRecordDataGetter:hltGetConditions@beginRun  03-Sep-2013 09:44:58 CEST Run: 1
The cabling should always include the active feds in runInfo and possibly have some morethere are instead 59 feds only active in runInfo
%MSG
Begin processing the 1st record. Run 1, Event 5458, LumiSection 110 at 03-Sep-2013 09:45:13.563 CEST
DTTSPhi::addTracoT: preview not present in TRACO trigger or its code=0  trigger not added!
Begin processing the 101st record. Run 1, Event 5608, LumiSection 113 at 03-Sep-2013 09:51:29.787 CEST
DTTSPhi::addTracoT: preview not present in TRACO trigger or its code=0  trigger not added!
DTTSPhi::addTracoT: preview not present in TRACO trigger or its code=0  trigger not added!
DTTSPhi::addTracoT: preview not present in TRACO trigger or its code=0  trigger not added!
03-Sep-2013 09:54:13 CEST  Closed file root://eoscms//eos/cms/store/relval/CMSSW_5_3_11_patch3/RelValTTbar/GEN-SIM-DIGI-RAW-HLTDEBUG/PU_START53_LV2_09Jul2013-v1/00000/5EBDAED2-08E9-E211-9594-002590596498.root?svcClass=default
03-Sep-2013 09:54:13 CEST  Initiating request to open file root://eoscms//eos/cms/store/relval/CMSSW_5_3_11_patch3/RelValTTbar/GEN-SIM-DIGI-RAW-HLTDEBUG/PU_START53_LV2_09Jul2013-v1/00000/94FA73BD-08E9-E211-9D2C-00248C55CC40.root?svcClass=default
130903 09:54:13 17257 Xrd: GoToAnotherServer: Going to: lxfsre46c01.cern.ch:1095
03-Sep-2013 09:54:13 CEST  Successfully opened file root://eoscms//eos/cms/store/relval/CMSSW_5_3_11_patch3/RelValTTbar/GEN-SIM-DIGI-RAW-HLTDEBUG/PU_START53_LV2_09Jul2013-v1/00000/94FA73BD-08E9-E211-9D2C-00248C55CC40.root?svcClass=default
Begin processing the 201st record. Run 1, Event 208, LumiSection 5 at 03-Sep-2013 09:57:59.111 CEST
130903 09:59:26 17257 Xrd: XrdClientMessage::ReadRaw: Failed to read header (8 bytes).
DTTSPhi::addTracoT: preview not present in TRACO trigger or its code=0  trigger not added!
DTTSPhi::addTracoT: preview not present in TRACO trigger or its code=0  trigger not added!
DTTSPhi::addTracoT: preview not present in TRACO trigger or its code=0  trigger not added!
DTTSPhi::addTracoT: preview not present in TRACO trigger or its code=0  trigger not added!
%MSG-w BasicTrajectoryState:   TrackProducer:hltBLifetimeRegionalCtfWithMaterialTracksbbPhi  03-Sep-2013 10:03:50 CEST Run: 1 Event: 299
curv error not pos-def
[  3.41189e+07    -1056.35-1.44933e+06    -348.025    -40.1667
      -1056.35    0.033479     44.8726   0.0105139  0.00699247
  -1.44933e+06     44.8726     61565.9     14.7448     1.70584
      -348.025   0.0105139     14.7448   -0.240346 -0.00216248
      -40.1667  0.00699247     1.70584 -0.00216248   0.0427864 ]
%MSG
%MSG-w BasicTrajectoryState:   TrackProducer:hltBLifetimeRegionalCtfWithMaterialTracksbbPhi  03-Sep-2013 10:03:50 CEST Run: 1 Event: 299
local error not pos-def
[  3.41189e+07 1.44966e+06     15190.5     348.064     50.8604
   1.44966e+06     61593.8     645.422     14.7498     2.16011
       15190.5     645.422      6.7647    0.154232   0.0321825
       348.064     14.7498    0.154232     -0.2404 -0.00483439
       50.8604     2.16011   0.0321825 -0.00483439   0.0599397 ]
%MSG
Begin processing the 301st record. Run 1, Event 308, LumiSection 7 at 03-Sep-2013 10:04:22.578 CEST
DTTSPhi::addTracoT: preview not present in TRACO trigger or its code=0  trigger not added!
DTTSPhi::addTracoT: preview not present in TRACO trigger or its code=0  trigger not added!
DTTSPhi::addTracoT: preview not present in TRACO trigger or its code=0  trigger not added!
Begin processing the 401st record. Run 1, Event 558, LumiSection 12 at 03-Sep-2013 10:10:39.293 CEST
DTTSPhi::addTracoT: preview not present in TRACO trigger or its code=0  trigger not added!
DTTSPhi::addTracoT: preview not present in TRACO trigger or its code=0  trigger not added!
DTTSPhi::addTracoT: preview not present in TRACO trigger or its code=0  trigger not added!
130903 10:14:26 17257 Xrd: XrdClientMessage::ReadRaw: Failed to read header (8 bytes).
03-Sep-2013 10:15:20 CEST  Closed file root://eoscms//eos/cms/store/relval/CMSSW_5_3_11_patch3/RelValTTbar/GEN-SIM-DIGI-RAW-HLTDEBUG/PU_START53_LV2_09Jul2013-v1/00000/94FA73BD-08E9-E211-9D2C-00248C55CC40.root?svcClass=default

=============================================

MessageLogger Summary

 type     category        sev    module        subroutine        count    total
 ---- -------------------- -- ---------------- ----------------  -----    -----
    1 BasicTrajectoryState -w TrackProducer:hl                       2        2
    2 SiStripQuality       -w EventSetupRecord                       1        1
    3 fileAction           -s file_close                             2        2
    4 fileAction           -s file_open                              4        4

 type    category    Examples: run/evt        run/evt          run/evt
 ---- -------------------- ---------------- ---------------- ----------------
    1 BasicTrajectoryState 1/299            1/299            
    2 SiStripQuality       Run: 1                            
    3 fileAction           PostProcessEvent PostEndRun       
    4 fileAction           pre-events       pre-events       PostProcessEvent

Severity    # Occurrences   Total Occurrences
--------    -------------   -----------------
Warning                 3                   3
System                  6                   6
>>> END OF printout of 71 lines from stdout+stderr
>>> Parse FrameworkJobReport crab_fjr.xml
Result of parsing the FrameworkJobReport crab_fjr.xml: Popularity start
lumisRange : 1::110,112-113::1;1::4-7,10,12,16::2;
lumisParentRange : 
Basename : /store/relval/CMSSW_5_3_11_patch3/RelValTTbar/GEN-SIM-DIGI-RAW-HLTDEBUG/PU_START53_LV2_09Jul2013-v1/00000/
BasenameParent : 
parentFiles : 
inputBlocks : /RelValTTbar/CMSSW_5_3_11_patch3-PU_START53_LV2_09Jul2013-v1/GEN-SIM-DIGI-RAW-HLTDEBUG#bc03e9fc-e90e-11e2-95e5-00221959e7c0
inputFiles : 5EBDAED2-08E9-E211-9594-002590596498.root::1::EDM::Local::1;94FA73BD-08E9-E211-9D2C-00248C55CC40.root::1::EDM::Local::2;
Popularity stop
Extracted ExitStatus from FrameworkJobReport parsing output: 0
>>> Executable succeded  0
ExeExitCode=0
EXECUTABLE_EXIT_STATUS = 0
>>> current directory /home/grid/cms667/home_cream_655504954/CREAM655504954/CMSSW_5_3_11_patch6
>>>  (SOFTWARE_DIR): /home/grid/cms667/home_cream_655504954/CREAM655504954/CMSSW_5_3_11_patch6
>>> (WORKING_DIR): 
>>> current directory content:
total 4245936
drwxr-xr-x 3 cms667 zh       4096 Sep  3 09:43 .SCRAM
-rw------- 1 cms667 zh    3842683 Sep  3 09:43 CMSSW.py.pkl
drwxr-xr-x 3 cms667 zh       4096 Sep  3 09:43 bin
drwxr-xr-x 3 cms667 zh       4096 Sep  3 09:43 cfipython
drwxr-xr-x 4 cms667 zh       4096 Sep  3 09:43 config
-rw------- 1 cms667 zh         18 Sep  3 10:15 cpu_timing.txt
drwxr-xr-x 2 cms667 zh       4096 Sep  3 09:43 doc
-rw------- 1 cms667 zh       5905 Sep  3 10:15 executable.out
drwxr-xr-x 2 cms667 zh       4096 Sep  3 09:43 include
drwx------ 3 cms667 zh       4096 Aug 26 18:31 lib
drwxr-xr-x 3 cms667 zh       4096 Sep  3 09:43 logs
drwxr-xr-x 3 cms667 zh       4096 Sep  3 09:43 objs
-rw------- 1 cms667 zh 4335724325 Sep  3 10:15 output.root
-rw------- 1 cms667 zh        104 Sep  3 09:44 pset.py
-rw------- 1 cms667 zh    3843521 Sep  3 09:44 pset.py.pkl
-rw------- 1 cms667 zh        289 Sep  3 09:44 pset.pyc
drwxr-xr-x 2 cms667 zh       4096 Sep  3 09:43 python
-rw------- 1 cms667 zh        440 Sep  3 10:15 report.log
drwx------ 5 cms667 zh       4096 Sep  3 09:43 src
drwxr-xr-x 3 cms667 zh       4096 Sep  3 09:43 test
drwxr-xr-x 3 cms667 zh       4096 Sep  3 09:43 tmp
>>> current directory /home/grid/cms667/home_cream_655504954/CREAM655504954/CMSSW_5_3_11_patch6
>>> (SOFTWARE_DIR): /home/grid/cms667/home_cream_655504954/CREAM655504954/CMSSW_5_3_11_patch6
>>> (WORKING_DIR): 
>>> current directory content:
total 4245936
drwxr-xr-x 3 cms667 zh       4096 Sep  3 09:43 .SCRAM
-rw------- 1 cms667 zh    3842683 Sep  3 09:43 CMSSW.py.pkl
drwxr-xr-x 3 cms667 zh       4096 Sep  3 09:43 bin
drwxr-xr-x 3 cms667 zh       4096 Sep  3 09:43 cfipython
drwxr-xr-x 4 cms667 zh       4096 Sep  3 09:43 config
-rw------- 1 cms667 zh         18 Sep  3 10:15 cpu_timing.txt
drwxr-xr-x 2 cms667 zh       4096 Sep  3 09:43 doc
-rw------- 1 cms667 zh       5905 Sep  3 10:15 executable.out
drwxr-xr-x 2 cms667 zh       4096 Sep  3 09:43 include
drwx------ 3 cms667 zh       4096 Aug 26 18:31 lib
drwxr-xr-x 3 cms667 zh       4096 Sep  3 09:43 logs
drwxr-xr-x 3 cms667 zh       4096 Sep  3 09:43 objs
-rw------- 1 cms667 zh 4335724325 Sep  3 10:15 output_12_1_rlN.root
-rw------- 1 cms667 zh        104 Sep  3 09:44 pset.py
-rw------- 1 cms667 zh    3843521 Sep  3 09:44 pset.py.pkl
-rw------- 1 cms667 zh        289 Sep  3 09:44 pset.pyc
drwxr-xr-x 2 cms667 zh       4096 Sep  3 09:43 python
-rw------- 1 cms667 zh        440 Sep  3 10:15 report.log
drwx------ 5 cms667 zh       4096 Sep  3 09:43 src
drwxr-xr-x 3 cms667 zh       4096 Sep  3 09:43 test
drwxr-xr-x 3 cms667 zh       4096 Sep  3 09:43 tmp
>>> current directory (RUNTIME_AREA):  /home/grid/cms667/home_cream_655504954/CREAM655504954
SE = srm-cms.cern.ch
SE_PATH = /srm/managerv2?SFN=/castor/cern.ch/user/m/marfin//53xRelVal2011Redigi/
LFNBaseName = /53xRelVal2011Redigi/marfin/RelValTTbar/53xRelVal2011Redigi/844a175eacc74cc51be2e7d71ca2539e/
USER = marfin
endpoint = srm://srm-cms.cern.ch:8443/srm/managerv2?SFN=/castor/cern.ch/user/m/marfin//53xRelVal2011Redigi/marfin/RelValTTbar/53xRelVal2011Redigi/844a175eacc74cc51be2e7d71ca2539e/
>>> Copy output files from WN = lxbsq2101.cern.ch to /srm/managerv2?SFN=/castor/cern.ch/user/m/marfin//53xRelVal2011Redigi/ :
python cmscp.py  --destination srm://srm-cms.cern.ch:8443/srm/managerv2?SFN=/castor/cern.ch/user/m/marfin//53xRelVal2011Redigi/marfin/RelValTTbar/53xRelVal2011Redigi/844a175eacc74cc51be2e7d71ca2539e/ --inputFileList /home/grid/cms667/home_cream_655504954/CREAM655504954/CMSSW_5_3_11_patch6/output_12_1_rlN.root --middleware LCG --se_name srm-cms.cern.ch --for_lfn /53xRelVal2011Redigi/marfin/RelValTTbar/53xRelVal2011Redigi/844a175eacc74cc51be2e7d71ca2539e/    
******************************************************
localSeName  =  srm-eoscms.cern.ch
remoteSeName =  srm-cms.cern.ch
******************************************************
{"/home/grid/cms667/home_cream_655504954/CREAM655504954/CMSSW_5_3_11_patch6/output_12_1_rlN.root": {"endpoint": "srm://srm-cms.cern.ch:8443/srm/managerv2?SFN=/castor/cern.ch/user/m/marfin//53xRelVal2011Redigi/marfin/RelValTTbar/53xRelVal2011Redigi/844a175eacc74cc51be2e7d71ca2539e/", "surl_for_grid": "", "reason": "Copy succedeed with srm-lcg utils", "erCode": "0", "se_name": "srm-cms.cern.ch", "for_lfn": "/53xRelVal2011Redigi/marfin/RelValTTbar/53xRelVal2011Redigi/844a175eacc74cc51be2e7d71ca2539e/"}}/home/grid/cms667/home_cream_655504954/CREAM655504954
-------- cat /home/grid/cms667/home_cream_655504954/CREAM655504954/cmscpReport.sh 
#!/bin/bash
echo "Report for File: /home/grid/cms667/home_cream_655504954/CREAM655504954/CMSSW_5_3_11_patch6/output_12_1_rlN.root"
echo "LFN: /53xRelVal2011Redigi/marfin/RelValTTbar/53xRelVal2011Redigi/844a175eacc74cc51be2e7d71ca2539e/output_12_1_rlN.root"
echo "StorageElement: srm-cms.cern.ch"
echo "StageOutExitStatusReason = 'Copy succedeed with srm-lcg utils'" | tee -a $RUNTIME_AREA/$repo
echo "StageOutSE = srm-cms.cern.ch" >> $RUNTIME_AREA/$repo

export StageOutExitStatus=0
echo "StageOutExitStatus = 0" | tee -a $RUNTIME_AREA/$repo
-------- end of /home/grid/cms667/home_cream_655504954/CREAM655504954/cmscpReport.sh 
Report for File: /home/grid/cms667/home_cream_655504954/CREAM655504954/CMSSW_5_3_11_patch6/output_12_1_rlN.root
LFN: /53xRelVal2011Redigi/marfin/RelValTTbar/53xRelVal2011Redigi/844a175eacc74cc51be2e7d71ca2539e/output_12_1_rlN.root
StorageElement: srm-cms.cern.ch
StageOutExitStatusReason = 'Copy succedeed with srm-lcg utils'
StageOutExitStatus = 0
>>> current dir: /home/grid/cms667/home_cream_655504954/CREAM655504954
>>> current dir content:
total 6248
-rwx------  1 cms667 zh   13669 Sep  3 09:43 .BrokerInfo
-rw-------  1 cms667 zh    4646 Sep  3 10:16 .SEinteraction.log
-rwx------  1 cms667 zh       0 Sep  3 09:43 .tmp_file
-rw-------  1 cms667 zh     105 Sep  3 09:05 CMSSW.py
-rw-------  1 cms667 zh 3842683 Sep  3 09:05 CMSSW.py.pkl
-rwx------  1 cms667 zh   27957 Sep  3 09:43 CMSSW.sh
-rwx------  1 cms667 zh       0 Sep  3 09:43 CMSSW_12.stderr
-rwx---r--  1 cms667 zh   20414 Sep  3 10:16 CMSSW_12.stdout
drwxr-xr-x 15 cms667 zh    4096 Sep  3 10:15 CMSSW_5_3_11_patch6
-rw-------  1 cms667 zh     484 Sep  3 09:43 CacheEnv.sh
-rw-------  1 cms667 zh    7291 Jun  9  2010 DashboardAPI.py
-rw-------  1 cms667 zh    6493 Sep  3 09:43 DashboardAPI.pyc
drwx------  3 cms667 zh    4096 Aug 20 17:36 IMProv
-rw-------  1 cms667 zh    2748 Mar  8  2006 Logger.py
-rw-------  1 cms667 zh    3223 Sep  3 09:43 Logger.pyc
-rw-------  1 cms667 zh   24524 Mar 28  2008 ProcInfo.py
-rw-------  1 cms667 zh   22846 Sep  3 09:43 ProcInfo.pyc
drwx------  7 cms667 zh    4096 Sep  3 09:44 ProdCommon
drwx------  3 cms667 zh    4096 Sep  3 09:43 WMCore
-rw-------  1 cms667 zh    5196 Sep  3 10:16 Watchdog_12.log
-rw-------  1 cms667 zh   32895 Mar 28  2008 apmon.py
-rw-------  1 cms667 zh   28120 Sep  3 09:43 apmon.pyc
-rwx------  1 cms667 zh   10416 Sep  3 09:43 arguments.xml
-rwx------  1 cms667 zh   38507 Aug  6 23:12 cmscp.py
-rw-------  1 cms667 zh     542 Sep  3 10:16 cmscpReport.sh
-rw-------  1 cms667 zh     634 Sep  3 09:05 crab.cfg
-rwx------  1 cms667 zh    8610 Apr  2 15:44 crabWatchdog.sh
-rwx---r--  1 cms667 zh  781847 Sep  3 10:15 crab_fjr_12.xml
-rwx------  1 cms667 zh 1214804 Sep  3 09:43 default.tgz
-rwx------  1 cms667 zh    4488 May 12  2012 fillCrabFjr.py
-rw-------  1 cms667 zh     468 Sep  3 09:44 inputsReport.txt
-rw-------  1 cms667 zh     254 Sep  3 10:16 jobreport.txt
lrwxrwxrwx  1 cms667 zh      94 Sep  3 10:15 output.root -> /home/grid/cms667/home_cream_655504954/CREAM655504954/CMSSW_5_3_11_patch6/output_12_1_rlN.root
-rw-------  1 cms667 zh   17352 Jan 20  2012 parseCrabFjr.py
-rw-------  1 cms667 zh     265 Sep  3 09:43 report.log
-rwx--x--x  1 cms667 zh    1497 May 27  2009 report.py
-rw-------  1 cms667 zh     505 Sep  3 10:16 resultCopyFile
-rwx------  1 cms667 zh    8387 Mar 23  2011 writeCfg.py
>>> Modify Job Report:
CMSSW_VERSION = CMSSW_5_3_11_patch6
ProcessedDataset = 53xRelVal2011Redigi
/home/grid/cms667/home_cream_655504954/CREAM655504954/ProdCommon/FwkJobRep/ModifyJobReport.py fjr /home/grid/cms667/home_cream_655504954/CREAM655504954/crab_fjr_12.xml json /home/grid/cms667/home_cream_655504954/CREAM655504954/resultCopyFile n_job 12_1_rlN PrimaryDataset RelValTTbar  ApplicationFamily cmsRun ApplicationName cmsRun cmssw_version CMSSW_5_3_11_patch6 psethash 844a175eacc74cc51be2e7d71ca2539e UserProcessedDataset marfin-53xRelVal2011Redigi-844a175eacc74cc51be2e7d71ca2539e
inputDict =  {u'/home/grid/cms667/home_cream_655504954/CREAM655504954/CMSSW_5_3_11_patch6/output_12_1_rlN.root': {u'endpoint': u'srm://srm-cms.cern.ch:8443/srm/managerv2?SFN=/castor/cern.ch/user/m/marfin//53xRelVal2011Redigi/marfin/RelValTTbar/53xRelVal2011Redigi/844a175eacc74cc51be2e7d71ca2539e/', u'surl_for_grid': u'', u'reason': u'Copy succedeed with srm-lcg utils', u'erCode': u'0', u'se_name': u'srm-cms.cern.ch', u'for_lfn': u'/53xRelVal2011Redigi/marfin/RelValTTbar/53xRelVal2011Redigi/844a175eacc74cc51be2e7d71ca2539e/'}}
diz_filter =  {u'output.root': u''}
UserProcessedDataset =  marfin-53xRelVal2011Redigi-844a175eacc74cc51be2e7d71ca2539e
file_name in inputDict =  /home/grid/cms667/home_cream_655504954/CREAM655504954/CMSSW_5_3_11_patch6/output_12_1_rlN.root
(size) os.stat(filename)[6] =  4335724325
checksum =  1948329472
filter =  
    file =  output_12_1_rlN.root
    newPfn =  srm://srm-cms.cern.ch:8443/srm/managerv2?SFN=/castor/cern.ch/user/m/marfin//53xRelVal2011Redigi/marfin/RelValTTbar/53xRelVal2011Redigi/844a175eacc74cc51be2e7d71ca2539e/output_12_1_rlN.root
    newLfn =  /53xRelVal2011Redigi/marfin/RelValTTbar/53xRelVal2011Redigi/844a175eacc74cc51be2e7d71ca2539e/output_12_1_rlN.root
>>> crab_fjr_*.xml  permission set to 0704
Checking output files:  
will tar file crab_fjr_12.xml in  out_files_12
will tar file CMSSW_12.stdout in  out_files_12
will tar file CMSSW_12.stderr in  out_files_12
WARNING: output file Watchdog_12.log.gz not found!
>>> padding time: Wrapper lasting more than 600 seconds. No sleep required.
STOPPING WATCHDOG. CrabWatchdog PID is 16712
********** LAST 50 LINES OF WATCHDOG LOG
 Sep 03 09:43:57 CEST	16465	1508	64088	0	0	1	/bin/sh ./CMSSW.sh 12 1       
 Sep 03 09:43:57 CEST	16725	24228	88048	0	0	1	edmConfigHash pset.py         
 Sep 03 09:43:57 CEST	---	24228	88048	18	----	----	----
 Sep 03 09:44:58 CEST	17257	1030512	1311356	18	34	61	cmsRun -j /home/grid/cms667/home_cream_655504954/CREAM655504954/crab_fjr_12.xml -p pset.py      
 Sep 03 09:44:58 CEST	---	1030512	1311356	22	----	----	----
 Sep 03 09:45:58 CEST	17257	1794784	2251640	22	89	121	cmsRun -j /home/grid/cms667/home_cream_655504954/CREAM655504954/crab_fjr_12.xml -p pset.py      
 Sep 03 09:45:58 CEST	---	1794784	2251640	123	----	----	----
 Sep 03 09:46:58 CEST	---	1794784	2251640	257	----	----	----
 Sep 03 09:47:59 CEST	17257	1816668	2251640	257	206	242	cmsRun -j /home/grid/cms667/home_cream_655504954/CREAM655504954/crab_fjr_12.xml -p pset.py      
 Sep 03 09:47:59 CEST	---	1816668	2251640	390	----	----	----
 Sep 03 09:48:59 CEST	17257	1847788	2269816	390	264	302	cmsRun -j /home/grid/cms667/home_cream_655504954/CREAM655504954/crab_fjr_12.xml -p pset.py      
 Sep 03 09:48:59 CEST	---	1847788	2269816	534	----	----	----
 Sep 03 09:49:59 CEST	17257	1850776	2269816	534	323	363	cmsRun -j /home/grid/cms667/home_cream_655504954/CREAM655504954/crab_fjr_12.xml -p pset.py      
 Sep 03 09:49:59 CEST	---	1850776	2269816	677	----	----	----
 Sep 03 09:51:00 CEST	17257	1869920	2296184	677	382	423	cmsRun -j /home/grid/cms667/home_cream_655504954/CREAM655504954/crab_fjr_12.xml -p pset.py      
 Sep 03 09:51:00 CEST	---	1869920	2296184	816	----	----	----
 Sep 03 09:52:00 CEST	---	1869920	2296184	955	----	----	----
 Sep 03 09:53:00 CEST	---	1869920	2296184	1087	----	----	----
 Sep 03 09:54:00 CEST	17257	1908992	2335356	1087	557	604	cmsRun -j /home/grid/cms667/home_cream_655504954/CREAM655504954/crab_fjr_12.xml -p pset.py      
 Sep 03 09:54:00 CEST	---	1908992	2335356	1226	----	----	----
 Sep 03 09:55:05 CEST	---	1908992	2335356	1350	----	----	----
 Sep 03 09:56:05 CEST	---	1908992	2335356	1486	----	----	----
 Sep 03 09:57:06 CEST	---	1908992	2335356	1622	----	----	----
 Sep 03 09:58:06 CEST	---	1908992	2335356	1747	----	----	----
 Sep 03 09:59:06 CEST	---	1908992	2335356	1888	----	----	----
 Sep 03 10:00:07 CEST	17257	1908992	2336896	1888	905	970	cmsRun -j /home/grid/cms667/home_cream_655504954/CREAM655504954/crab_fjr_12.xml -p pset.py      
 Sep 03 10:00:07 CEST	---	1908992	2336896	2023	----	----	----
 Sep 03 10:01:07 CEST	17257	1912524	2357888	2023	964	1030	cmsRun -j /home/grid/cms667/home_cream_655504954/CREAM655504954/crab_fjr_12.xml -p pset.py      
 Sep 03 10:01:07 CEST	---	1912524	2357888	2164	----	----	----
# TIME			PID	RSS(KB)	VSZ(KB)	Dsk(MB)	tCPU(s)	tWALL(s)	COMMAND
 Sep 03 10:02:07 CEST	---	1912524	2357888	2301	----	----	----
 Sep 03 10:03:08 CEST	17257	1923840	2367872	2301	1083	1151	cmsRun -j /home/grid/cms667/home_cream_655504954/CREAM655504954/crab_fjr_12.xml -p pset.py      
 Sep 03 10:03:08 CEST	---	1923840	2367872	2444	----	----	----
 Sep 03 10:04:08 CEST	---	1923840	2367872	2587	----	----	----
 Sep 03 10:05:08 CEST	---	1923840	2367872	2733	----	----	----
 Sep 03 10:06:08 CEST	17257	1935548	2379904	2733	1260	1332	cmsRun -j /home/grid/cms667/home_cream_655504954/CREAM655504954/crab_fjr_12.xml -p pset.py      
 Sep 03 10:06:08 CEST	---	1935548	2379904	2867	----	----	----
 Sep 03 10:07:09 CEST	---	1935548	2379904	3017	----	----	----
 Sep 03 10:08:09 CEST	---	1935548	2379904	3165	----	----	----
 Sep 03 10:09:09 CEST	17257	2025752	2473856	3165	1438	1513	cmsRun -j /home/grid/cms667/home_cream_655504954/CREAM655504954/crab_fjr_12.xml -p pset.py      
 Sep 03 10:09:09 CEST	---	2025752	2473856	3298	----	----	----
 Sep 03 10:10:10 CEST	---	2025752	2473856	3435	----	----	----
 Sep 03 10:11:10 CEST	17257	2042220	2487936	3435	1557	1633	cmsRun -j /home/grid/cms667/home_cream_655504954/CREAM655504954/crab_fjr_12.xml -p pset.py      
 Sep 03 10:11:10 CEST	---	2042220	2487936	3570	----	----	----
 Sep 03 10:12:10 CEST	---	2042220	2487936	3705	----	----	----
 Sep 03 10:13:11 CEST	---	2042220	2487936	3849	----	----	----
 Sep 03 10:14:11 CEST	17257	2061100	2505600	3849	1735	1814	cmsRun -j /home/grid/cms667/home_cream_655504954/CREAM655504954/crab_fjr_12.xml -p pset.py      
 Sep 03 10:14:11 CEST	---	2061100	2505600	3977	----	----	----
 Sep 03 10:15:11 CEST	---	2061100	2505600	4122	----	----	----
 Sep 03 10:16:11 CEST	---	2061100	2505600	4162	----	----	----
********** WATCHDOG LOG ENDED
ZIPPING WATCHDOG LOG
Disk space used:
du -sh /home/grid/cms667/home_cream_655504954/CREAM655504954
4.1G	/home/grid/cms667/home_cream_655504954/CREAM655504954
Found unusual stderr, rename for OSB
`/pool/grid/cms667/home_cream_655504954/CREAM655504954/CMSSW_12.stdout' -> `CMSSW_12.stderr'
crab_fjr_12.xml
CMSSW_12.stdout
tar: CMSSW_12.stdout: file changed as we read it
CMSSW_12.stderr
Watchdog_12.log.gz
Total Output dimension: 72669
WARNING: output files size limit is set to: 55000000
Total Output dimension 72669 is fine.
JOB_EXIT_STATUS = 0
>>> info for dashboard:
***** Cat /home/grid/cms667/home_cream_655504954/CREAM655504954/jobreport.txt *****
MonitorJobID=12_https://wms314.cern.ch:9000/WQuoI19QKdkPH9AwzXYGEA
MonitorID=marfin_crab_0_130903_090551_0kdn32
ExeTime=1879
ExeExitCode=0
StageOutExitStatusReason = 'Copy succedeed with srm-lcg utils'
StageOutSE = srm-cms.cern.ch
StageOutExitStatus = 0
CrabUserCpuTime=1775.32
CrabSysCpuTime=36.87
CrabCpuPercentage=96%
CrabWrapperTime=2006
CrabStageoutTime=84
JobExitCode=0
***** End Cat jobreport *****
Parameters sent to Dashboard.
crab_fjr_12.xml
