This script was generated by crab (version 2.9.0).
Running ./CMSSW.sh with 2 positional parameters: 2 4
Today is Tue Sep  3 14:41:23 CEST 2013
Job submitted on host lxbsu2413.cern.ch
Linux lxbsu2413.cern.ch 2.6.18-308.24.1.el5 #1 SMP Wed Dec 5 09:45:59 CET 2012 x86_64 x86_64 x86_64 GNU/Linux
>>> current directory (RUNTIME_AREA): /home/grid/cms667/home_cream_619066307/CREAM619066307
>>> current user: uid=52545(cms667) gid=1399(zh) groups=1399(zh),1091659612 context=system_u:system_r:initrc_t
>>> directory permission set to 0700
>>> umask set to:  u=rwx,g=,o=
>>> stdout stderr permission set to 0704
>>> voms proxy information:
subject   : /C=DE/O=GermanGrid/OU=DESY/CN=Ihar Marfin/CN=proxy/CN=proxy/CN=proxy/CN=limited proxy
issuer    : /C=DE/O=GermanGrid/OU=DESY/CN=Ihar Marfin/CN=proxy/CN=proxy/CN=proxy
identity  : /C=DE/O=GermanGrid/OU=DESY/CN=Ihar Marfin/CN=proxy/CN=proxy/CN=proxy
type      : limited proxy
strength  : 1024 bits
path      : /home/grid/cms667/home_cream_619066307/cream_619066307.proxy
timeleft  : 170:31:17
key usage : 
=== VO cms extension information ===
VO        : cms
subject   : /C=DE/O=GermanGrid/OU=DESY/CN=Ihar Marfin
issuer    : /DC=ch/DC=cern/OU=computers/CN=lcg-voms.cern.ch
attribute : /cms/Role=NULL/Capability=NULL
attribute : /cms/dcms/Role=NULL/Capability=NULL
timeleft  : 170:33:12
uri       : lcg-voms.cern.ch:15002
>>> tar --no-same-permissions -xf /home/grid/cms667/home_cream_619066307/CREAM619066307/default.tgz :
Successful untar
>>> Include /home/grid/cms667/home_cream_619066307/CREAM619066307 in PYTHONPATH:
strip arguments
env var CRAB_UNIQUE_JOB_ID set to: marfin_crab_0_130903_090551_0kdn32_2_4_VuE
out_files_2
>>> list of expected files on output sandbox
output files: crab_fjr_2.xml CMSSW_2.stdout CMSSW_2.stderr Watchdog_2.log.gz
>>> GridFlavour discovery: 
GridFlavour=LCG
>>> SyncSite discovery: 
not reporting SyncSite
>>> SyncCE discovery: 
getting SyncCE from CE_ID
SyncCE=ce201.cern.ch:8443/cream-lsf-grid_cms
>>> info for dashboard:
***** Cat /home/grid/cms667/home_cream_619066307/CREAM619066307/jobreport.txt *****
MonitorJobID=2_https://wms317.cern.ch:9000/YAkVTO0mzsxR0KPUAst6Dg
SyncGridJobId=https://wms317.cern.ch:9000/YAkVTO0mzsxR0KPUAst6Dg
MonitorID=marfin_crab_0_130903_090551_0kdn32
GridFlavour=LCG
SyncCE=ce201.cern.ch:8443/cream-lsf-grid_cms
***** End Cat jobreport *****
Parameters sent to Dashboard.
>>> setup environment
set SCRAM ARCH to slc5_amd64_gcc462
SCRAM_ARCH = slc5_amd64_gcc462
>>> setup CMS LCG environment:
set SCRAM ARCH and BUILD_ARCH to slc5_amd64_gcc462 ###
Sourcing environment... 
sourcing /afs/cern.ch/project/gd/apps/cms/cmsset_default.sh
==> setup cms environment ok
>>> specific cmssw setup environment:
CMSSW_VERSION =  CMSSW_5_3_11_patch6
>>> current directory (SOFTWARE_DIR): /home/grid/cms667/home_cream_619066307/CREAM619066307/CMSSW_5_3_11_patch6
PreserveSeeds: <>
IncrementSeeds:<>
{"output.root": ""}
WNHostName=lxbsu2413.cern.ch
>>> info for dashboard:
***** Cat /home/grid/cms667/home_cream_619066307/CREAM619066307/jobreport.txt *****
MonitorJobID=2_https://wms317.cern.ch:9000/YAkVTO0mzsxR0KPUAst6Dg
MonitorID=marfin_crab_0_130903_090551_0kdn32
WNHostName=lxbsu2413.cern.ch
***** End Cat jobreport *****
Parameters sent to Dashboard.
crabWatchdog started as process 20878
>>> moving CMSSW software directories in /home/grid/cms667/home_cream_619066307/CREAM619066307/CMSSW_5_3_11_patch6
mv: cannot stat `/home/grid/cms667/home_cream_619066307/CREAM619066307/module/': No such file or directory
>>> Include /home/grid/cms667/home_cream_619066307/CREAM619066307 in PYTHONPATH:
PYTHONPATH=/home/grid/cms667/home_cream_619066307/CREAM619066307/:/pool/grid/cms667/home_cream_619066307/CREAM619066307/CMSSW_5_3_11_patch6/python:/pool/grid/cms667/home_cream_619066307/CREAM619066307/CMSSW_5_3_11_patch6/lib/slc5_amd64_gcc462:/afs/cern.ch/cms/slc5_amd64_gcc462/cms/cmssw-patch/CMSSW_5_3_11_patch6/python:/afs/cern.ch/cms/slc5_amd64_gcc462/cms/cmssw-patch/CMSSW_5_3_11_patch6/lib/slc5_amd64_gcc462:/afs/cern.ch/cms/slc5_amd64_gcc462/cms/cmssw/CMSSW_5_3_11/bin/slc5_amd64_gcc462:/afs/cern.ch/cms/slc5_amd64_gcc462/cms/cmssw/CMSSW_5_3_11/lib/slc5_amd64_gcc462:/afs/cern.ch/cms/slc5_amd64_gcc462/cms/coral/CORAL_2_3_21-cms35/slc5_amd64_gcc462/python:/afs/cern.ch/cms/slc5_amd64_gcc462/cms/coral/CORAL_2_3_21-cms35/slc5_amd64_gcc462/lib:/afs/cern.ch/cms/slc5_amd64_gcc462/external/pyqt/4.8.1/lib/python2.6/site-packages:/afs/cern.ch/cms/slc5_amd64_gcc462/external/py2-scipy/0.8.0/lib/python2.6/site-packages:/afs/cern.ch/cms/slc5_amd64_gcc462/external/py2-matplotlib/1.0.1/lib/python2.6/site-packages:/afs/cern.ch/cms/slc5_amd64_gcc462/external/python-ldap/2.3.5/lib/python2.6/site-packages:/afs/cern.ch/cms/slc5_amd64_gcc462/external/sip/4.11.2/lib/python2.6/site-packages:/afs/cern.ch/cms/slc5_amd64_gcc462/external/py2-pycurl/7.19.0/lib/python2.6/site-packages:/afs/cern.ch/cms/slc5_amd64_gcc462/external/py2-numpy/1.6.1/lib/python2.6/site-packages:/afs/cern.ch/cms/slc5_amd64_gcc462/external/py2-ipython/0.10/lib/python2.6/site-packages:/afs/cern.ch/cms/slc5_amd64_gcc462/external/py2-cx-oracle/5.1-cms11/lib/python2.6/site-packages:/afs/cern.ch/cms/slc5_amd64_gcc462/external/py2-cjson/1.0.5/lib/python2.6/site-packages:/afs/cern.ch/cms/slc5_amd64_gcc462/cms/das-client/1.9.5/bin:/afs/cern.ch/cms/slc5_amd64_gcc462/external/elementtree/1.2.6/share/lib/python2.6/site-packages:/afs/cern.ch/cms/slc5_amd64_gcc462/external/rivet/1.8.2/lib/python2.6/site-packages:/afs/cern.ch/cms/slc5_amd64_gcc462/external/pyminuit2/0.0.1-cms39/lib/python2.6/site-packages:/afs/cern.ch/cms/slc5_amd64_gcc462/external/professor/1.0.0-cms40/lib/python2.6/site-packages:/afs/cern.ch/cms/slc5_amd64_gcc462/lcg/root/5.32.00-cms21/lib:/afs/cern.ch/cms/slc5_amd64_gcc462/cms/dbs-client/DBS_2_1_9-cms3/lib:/afs/cern.ch/cms/slc5_amd64_gcc462/cms/dbs-client/DBS_2_1_9-cms3/lib/DBSAPI:/afs/cern.ch/cms/slc5_amd64_gcc462/external/cvs2git/5419/lib:/home/grid/cms667/home_cream_619066307/CREAM619066307/
 
# LIMITS USED BY CRAB WATCHDOG:
# RSS  (KBytes)   : 2300000
# VSZ  (KBytes)   : 100000000
# DISK (MBytes)   : 19000
# CPU TIME        : 720h:0m:0s
# WALL CLOCK TIME : 21h:50m:0s
 
844a175eacc74cc51be2e7d71ca2539e
PSETHASH = 844a175eacc74cc51be2e7d71ca2539e
/home/grid/cms667/home_cream_619066307/CREAM619066307/writeCfg.py pset.py pset.py
Importing .py file
Setting parameters
RandomNumberGeneratorService found, will attempt to change seeds
inputBlocks=/RelValTTbar/CMSSW_5_3_11_patch3-PU_START53_LV2_09Jul2013-v1/GEN-SIM-DIGI-RAW-HLTDEBUG#178900fa-e90f-11e2-95e5-00221959e7c0
inputFiles=/store/relval/CMSSW_5_3_11_patch3/RelValTTbar/GEN-SIM-DIGI-RAW-HLTDEBUG/PU_START53_LV2_09Jul2013-v1/00000/7894401D-0EE9-E211-BBFA-002618943886.root;/store/relval/CMSSW_5_3_11_patch3/RelValTTbar/GEN-SIM-DIGI-RAW-HLTDEBUG/PU_START53_LV2_09Jul2013-v1/00000/C4520B75-31E9-E211-ACB4-00259059649C.root
parentFiles=
lumisRange=
>>> Executable cmsRun
/afs/cern.ch/cms/slc5_amd64_gcc462/cms/cmssw-patch/CMSSW_5_3_11_patch6/bin/slc5_amd64_gcc462/cmsRun
ok executable found
>>> info for dashboard:
***** Cat /home/grid/cms667/home_cream_619066307/CREAM619066307/jobreport.txt *****
MonitorJobID=2_https://wms317.cern.ch:9000/YAkVTO0mzsxR0KPUAst6Dg
MonitorID=marfin_crab_0_130903_090551_0kdn32
ExeStart=cmsRun
***** End Cat jobreport *****
Parameters sent to Dashboard.
>>> cmsRun started at Tue Sep  3 12:41:48 UTC 2013
>>> cmsRun ended at Tue Sep  3 13:04:01 UTC 2013
>>> crab_fjr_*.xml  permission set to 0704
>>> info for dashboard:
***** Cat /home/grid/cms667/home_cream_619066307/CREAM619066307/jobreport.txt *****
MonitorJobID=2_https://wms317.cern.ch:9000/YAkVTO0mzsxR0KPUAst6Dg
MonitorID=marfin_crab_0_130903_090551_0kdn32
ExeEnd=cmsRun
***** End Cat jobreport *****
Parameters sent to Dashboard.
TIME_EXE = 1333 sec
>>> cmsRun wrote 40 lines of stdout+stderr
>>> START OF printout of 40 lines from stdout+stderr
03-Sep-2013 14:42:16 CEST  Initiating request to open file root://eoscms//eos/cms/store/relval/CMSSW_5_3_11_patch3/RelValTTbar/GEN-SIM-DIGI-RAW-HLTDEBUG/PU_START53_LV2_09Jul2013-v1/00000/7894401D-0EE9-E211-BBFA-002618943886.root?svcClass=default
130903 14:42:16 21109 Xrd: GoToAnotherServer: Going to: lxfsra22a04.cern.ch:1095
03-Sep-2013 14:42:24 CEST  Successfully opened file root://eoscms//eos/cms/store/relval/CMSSW_5_3_11_patch3/RelValTTbar/GEN-SIM-DIGI-RAW-HLTDEBUG/PU_START53_LV2_09Jul2013-v1/00000/7894401D-0EE9-E211-BBFA-002618943886.root?svcClass=default
%MSG-w SiStripQuality:  EventSetupRecordDataGetter:hltGetConditions@beginRun  03-Sep-2013 14:44:02 CEST Run: 1
The cabling should always include the active feds in runInfo and possibly have some morethere are instead 59 feds only active in runInfo
%MSG
Begin processing the 1st record. Run 1, Event 8824, LumiSection 177 at 03-Sep-2013 14:44:38.139 CEST
DTTSPhi::addTracoT: preview not present in TRACO trigger or its code=0  trigger not added!
03-Sep-2013 14:53:50 CEST  Closed file root://eoscms//eos/cms/store/relval/CMSSW_5_3_11_patch3/RelValTTbar/GEN-SIM-DIGI-RAW-HLTDEBUG/PU_START53_LV2_09Jul2013-v1/00000/7894401D-0EE9-E211-BBFA-002618943886.root?svcClass=default
03-Sep-2013 14:53:50 CEST  Initiating request to open file root://eoscms//eos/cms/store/relval/CMSSW_5_3_11_patch3/RelValTTbar/GEN-SIM-DIGI-RAW-HLTDEBUG/PU_START53_LV2_09Jul2013-v1/00000/C4520B75-31E9-E211-ACB4-00259059649C.root?svcClass=default
130903 14:53:50 21109 Xrd: GoToAnotherServer: Going to: lxfsrd60c01.cern.ch:1095
03-Sep-2013 14:53:50 CEST  Successfully opened file root://eoscms//eos/cms/store/relval/CMSSW_5_3_11_patch3/RelValTTbar/GEN-SIM-DIGI-RAW-HLTDEBUG/PU_START53_LV2_09Jul2013-v1/00000/C4520B75-31E9-E211-ACB4-00259059649C.root?svcClass=default
Begin processing the 101st record. Run 1, Event 8574, LumiSection 172 at 03-Sep-2013 14:56:49.490 CEST
DTTSPhi::addTracoT: preview not present in TRACO trigger or its code=0  trigger not added!
130903 14:59:16 21109 Xrd: XrdClientMessage::ReadRaw: Failed to read header (8 bytes).
DTTSPhi::addTracoT: preview not present in TRACO trigger or its code=0  trigger not added!
DTTSPhi::addTracoT: preview not present in TRACO trigger or its code=0  trigger not added!
Begin processing the 201st record. Run 1, Event 8874, LumiSection 178 at 03-Sep-2013 15:02:17.640 CEST
03-Sep-2013 15:03:48 CEST  Closed file root://eoscms//eos/cms/store/relval/CMSSW_5_3_11_patch3/RelValTTbar/GEN-SIM-DIGI-RAW-HLTDEBUG/PU_START53_LV2_09Jul2013-v1/00000/C4520B75-31E9-E211-ACB4-00259059649C.root?svcClass=default

=============================================

MessageLogger Summary

 type     category        sev    module        subroutine        count    total
 ---- -------------------- -- ---------------- ----------------  -----    -----
    1 SiStripQuality       -w EventSetupRecord                       1        1
    2 fileAction           -s file_close                             2        2
    3 fileAction           -s file_open                              4        4

 type    category    Examples: run/evt        run/evt          run/evt
 ---- -------------------- ---------------- ---------------- ----------------
    1 SiStripQuality       Run: 1                            
    2 fileAction           PostProcessEvent PostEndRun       
    3 fileAction           pre-events       pre-events       PostProcessEvent

Severity    # Occurrences   Total Occurrences
--------    -------------   -----------------
Warning                 1                   1
System                  6                   6
>>> END OF printout of 40 lines from stdout+stderr
>>> Parse FrameworkJobReport crab_fjr.xml
Result of parsing the FrameworkJobReport crab_fjr.xml: Popularity start
lumisRange : 1::177,180::1;1::172,174,178::2;
lumisParentRange : 
Basename : /store/relval/CMSSW_5_3_11_patch3/RelValTTbar/GEN-SIM-DIGI-RAW-HLTDEBUG/PU_START53_LV2_09Jul2013-v1/00000/
BasenameParent : 
parentFiles : 
inputBlocks : /RelValTTbar/CMSSW_5_3_11_patch3-PU_START53_LV2_09Jul2013-v1/GEN-SIM-DIGI-RAW-HLTDEBUG#178900fa-e90f-11e2-95e5-00221959e7c0
inputFiles : 7894401D-0EE9-E211-BBFA-002618943886.root::1::EDM::Local::1;C4520B75-31E9-E211-ACB4-00259059649C.root::1::EDM::Local::2;
Popularity stop
Extracted ExitStatus from FrameworkJobReport parsing output: 0
>>> Executable succeded  0
ExeExitCode=0
EXECUTABLE_EXIT_STATUS = 0
>>> current directory /home/grid/cms667/home_cream_619066307/CREAM619066307/CMSSW_5_3_11_patch6
>>>  (SOFTWARE_DIR): /home/grid/cms667/home_cream_619066307/CREAM619066307/CMSSW_5_3_11_patch6
>>> (WORKING_DIR): 
>>> current directory content:
total 1859844
drwxr-xr-x 3 cms667 zh       4096 Sep  3 14:41 .SCRAM
-rw------- 1 cms667 zh    3842683 Sep  3 14:41 CMSSW.py.pkl
drwxr-xr-x 3 cms667 zh       4096 Sep  3 14:41 bin
drwxr-xr-x 3 cms667 zh       4096 Sep  3 14:41 cfipython
drwxr-xr-x 4 cms667 zh       4096 Sep  3 14:41 config
-rw------- 1 cms667 zh         18 Sep  3 15:04 cpu_timing.txt
drwxr-xr-x 2 cms667 zh       4096 Sep  3 14:41 doc
-rw------- 1 cms667 zh       3603 Sep  3 15:03 executable.out
drwxr-xr-x 2 cms667 zh       4096 Sep  3 14:41 include
drwx------ 3 cms667 zh       4096 Aug 26 18:31 lib
drwxr-xr-x 3 cms667 zh       4096 Sep  3 14:41 logs
drwxr-xr-x 3 cms667 zh       4096 Sep  3 14:41 objs
-rw------- 1 cms667 zh 1894765739 Sep  3 15:03 output.root
-rw------- 1 cms667 zh        104 Sep  3 14:41 pset.py
-rw------- 1 cms667 zh    3840126 Sep  3 14:41 pset.py.pkl
-rw------- 1 cms667 zh        289 Sep  3 14:41 pset.pyc
drwxr-xr-x 2 cms667 zh       4096 Sep  3 14:41 python
-rw------- 1 cms667 zh        437 Sep  3 15:04 report.log
drwx------ 5 cms667 zh       4096 Sep  3 14:41 src
drwxr-xr-x 3 cms667 zh       4096 Sep  3 14:41 test
drwxr-xr-x 3 cms667 zh       4096 Sep  3 14:41 tmp
>>> current directory /home/grid/cms667/home_cream_619066307/CREAM619066307/CMSSW_5_3_11_patch6
>>> (SOFTWARE_DIR): /home/grid/cms667/home_cream_619066307/CREAM619066307/CMSSW_5_3_11_patch6
>>> (WORKING_DIR): 
>>> current directory content:
total 1859844
drwxr-xr-x 3 cms667 zh       4096 Sep  3 14:41 .SCRAM
-rw------- 1 cms667 zh    3842683 Sep  3 14:41 CMSSW.py.pkl
drwxr-xr-x 3 cms667 zh       4096 Sep  3 14:41 bin
drwxr-xr-x 3 cms667 zh       4096 Sep  3 14:41 cfipython
drwxr-xr-x 4 cms667 zh       4096 Sep  3 14:41 config
-rw------- 1 cms667 zh         18 Sep  3 15:04 cpu_timing.txt
drwxr-xr-x 2 cms667 zh       4096 Sep  3 14:41 doc
-rw------- 1 cms667 zh       3603 Sep  3 15:03 executable.out
drwxr-xr-x 2 cms667 zh       4096 Sep  3 14:41 include
drwx------ 3 cms667 zh       4096 Aug 26 18:31 lib
drwxr-xr-x 3 cms667 zh       4096 Sep  3 14:41 logs
drwxr-xr-x 3 cms667 zh       4096 Sep  3 14:41 objs
-rw------- 1 cms667 zh 1894765739 Sep  3 15:03 output_2_4_VuE.root
-rw------- 1 cms667 zh        104 Sep  3 14:41 pset.py
-rw------- 1 cms667 zh    3840126 Sep  3 14:41 pset.py.pkl
-rw------- 1 cms667 zh        289 Sep  3 14:41 pset.pyc
drwxr-xr-x 2 cms667 zh       4096 Sep  3 14:41 python
-rw------- 1 cms667 zh        437 Sep  3 15:04 report.log
drwx------ 5 cms667 zh       4096 Sep  3 14:41 src
drwxr-xr-x 3 cms667 zh       4096 Sep  3 14:41 test
drwxr-xr-x 3 cms667 zh       4096 Sep  3 14:41 tmp
>>> current directory (RUNTIME_AREA):  /home/grid/cms667/home_cream_619066307/CREAM619066307
SE = srm-cms.cern.ch
SE_PATH = /srm/managerv2?SFN=/castor/cern.ch/user/m/marfin//53xRelVal2011Redigi/
LFNBaseName = /53xRelVal2011Redigi/marfin/RelValTTbar/53xRelVal2011Redigi/844a175eacc74cc51be2e7d71ca2539e/
USER = marfin
endpoint = srm://srm-cms.cern.ch:8443/srm/managerv2?SFN=/castor/cern.ch/user/m/marfin//53xRelVal2011Redigi/marfin/RelValTTbar/53xRelVal2011Redigi/844a175eacc74cc51be2e7d71ca2539e/
>>> Copy output files from WN = lxbsu2413.cern.ch to /srm/managerv2?SFN=/castor/cern.ch/user/m/marfin//53xRelVal2011Redigi/ :
python cmscp.py  --destination srm://srm-cms.cern.ch:8443/srm/managerv2?SFN=/castor/cern.ch/user/m/marfin//53xRelVal2011Redigi/marfin/RelValTTbar/53xRelVal2011Redigi/844a175eacc74cc51be2e7d71ca2539e/ --inputFileList /home/grid/cms667/home_cream_619066307/CREAM619066307/CMSSW_5_3_11_patch6/output_2_4_VuE.root --middleware LCG --se_name srm-cms.cern.ch --for_lfn /53xRelVal2011Redigi/marfin/RelValTTbar/53xRelVal2011Redigi/844a175eacc74cc51be2e7d71ca2539e/    
******************************************************
localSeName  =  srm-eoscms.cern.ch
remoteSeName =  srm-cms.cern.ch
******************************************************
{"/home/grid/cms667/home_cream_619066307/CREAM619066307/CMSSW_5_3_11_patch6/output_2_4_VuE.root": {"endpoint": "srm://srm-cms.cern.ch:8443/srm/managerv2?SFN=/castor/cern.ch/user/m/marfin//53xRelVal2011Redigi/marfin/RelValTTbar/53xRelVal2011Redigi/844a175eacc74cc51be2e7d71ca2539e/", "surl_for_grid": "", "reason": "Problem copying /home/grid/cms667/home_cream_619066307/CREAM619066307/CMSSW_5_3_11_patch6/output_2_4_VuE.root file'Error copying [/home/grid/cms667/home_cream_619066307/CREAM619066307/CMSSW_5_3_11_patch6/output_2_4_VuE.root] to [output_2_4_VuE.root]'\nERROR: problems removing partially staged file output_2_4_VuE.root'Error deleting [output_2_4_VuE.root]'", "erCode": "60307", "se_name": "srm-cms.cern.ch", "for_lfn": "/copy_problem/"}}/home/grid/cms667/home_cream_619066307/CREAM619066307
-------- cat /home/grid/cms667/home_cream_619066307/CREAM619066307/cmscpReport.sh 
#!/bin/bash
echo "Report for File: /home/grid/cms667/home_cream_619066307/CREAM619066307/CMSSW_5_3_11_patch6/output_2_4_VuE.root"
echo "LFN: /copy_problem/output_2_4_VuE.root"
echo "StorageElement: srm-cms.cern.ch"
echo "StageOutExitStatusReason = 'Problem copying /home/grid/cms667/home_cream_619066307/CREAM619066307/CMSSW_5_3_11_patch6/output_2_4_VuE.root file Error copying [/home/grid/cms667/home_cream_619066307/CREAM619066307/CMSSW_5_3_11_patch6/output_2_4_VuE.root] to [output_2_4_VuE.root] 
ERROR: problems removing partially staged file output_2_4_VuE.root Error deleting [output_2_4_VuE.root] '" | tee -a $RUNTIME_AREA/$repo
echo "StageOutSE = srm-cms.cern.ch" >> $RUNTIME_AREA/$repo

export StageOutExitStatus=60307
echo "StageOutExitStatus = 60307" | tee -a $RUNTIME_AREA/$repo
-------- end of /home/grid/cms667/home_cream_619066307/CREAM619066307/cmscpReport.sh 
Report for File: /home/grid/cms667/home_cream_619066307/CREAM619066307/CMSSW_5_3_11_patch6/output_2_4_VuE.root
LFN: /copy_problem/output_2_4_VuE.root
StorageElement: srm-cms.cern.ch
StageOutExitStatusReason = 'Problem copying /home/grid/cms667/home_cream_619066307/CREAM619066307/CMSSW_5_3_11_patch6/output_2_4_VuE.root file Error copying [/home/grid/cms667/home_cream_619066307/CREAM619066307/CMSSW_5_3_11_patch6/output_2_4_VuE.root] to [output_2_4_VuE.root] 
ERROR: problems removing partially staged file output_2_4_VuE.root Error deleting [output_2_4_VuE.root] '
StageOutExitStatus = 60307
Problem copying file to srm-cms.cern.ch /srm/managerv2?SFN=/castor/cern.ch/user/m/marfin//53xRelVal2011Redigi/
########## contents of SE interaction
2013-09-03 15:04:22.399231:
Executed:	unset LD_LIBRARY_PATH; unset GLITE_ENV_SET; export PATH=/usr/bin:/bin; source /etc/profile; source /home/grid/cms667/home_cream_619066307/CREAM619066307/CacheEnv.sh ; lcg-ls -b -D srmv2 --srm-timeout 2400 --sendreceive-timeout 2400 --connect-timeout 300 --verbose srm://srm-cms.cern.ch:8443/srm/managerv2?SFN=/castor/cern.ch/user/m/marfin//53xRelVal2011Redigi/marfin/RelValTTbar/53xRelVal2011Redigi/844a175eacc74cc51be2e7d71ca2539e/output_2_4_VuE.root
Done with exit code:	1
and output:
SE type: SRMv2
/castor/cern.ch/user/m/marfin//53xRelVal2011Redigi/marfin/RelValTTbar/53xRelVal2011Redigi/844a175eacc74cc51be2e7d71ca2539e/output_2_4_VuE.root: [SE][Ls][SRM_INVALID_PATH] No such file or directory


2013-09-03 15:44:34.313587:
Executed:	unset LD_LIBRARY_PATH; unset GLITE_ENV_SET; export PATH=/usr/bin:/bin; source /etc/profile; source /home/grid/cms667/home_cream_619066307/CREAM619066307/CacheEnv.sh ;  lcg-cp  --verbose  --vo=cms  -b -D srmv2 --srm-timeout 2400 --sendreceive-timeout 2400 --connect-timeout 300 --verbose file:///home/grid/cms667/home_cream_619066307/CREAM619066307/CMSSW_5_3_11_patch6/output_2_4_VuE.root srm://srm-cms.cern.ch:8443/srm/managerv2?SFN=/castor/cern.ch/user/m/marfin//53xRelVal2011Redigi/marfin/RelValTTbar/53xRelVal2011Redigi/844a175eacc74cc51be2e7d71ca2539e/output_2_4_VuE.root
Done with exit code:	1
and output:
Using grid catalog type: UNKNOWN
Using grid catalog : (null)
VO name: cms
Checksum type: None
Destination SE type: SRMv2
Destination SRM Request Token: 151420736
Source URL: file:/home/grid/cms667/home_cream_619066307/CREAM619066307/CMSSW_5_3_11_patch6/output_2_4_VuE.root
File size: 1894765739
Source URL for copy: file:/home/grid/cms667/home_cream_619066307/CREAM619066307/CMSSW_5_3_11_patch6/output_2_4_VuE.root
Destination URL: gsiftp://lxfsrd20c01.cern.ch:20490/e2176762-b6dd-687c-e043-6ea18a890621
# streams: 1
            0 bytes      0.00 KB/sec avg      0.00 KB/sec inst            0 bytes      0.00 KB/sec avg      0.00 KB/sec instfile:/home/grid/cms667/home_cream_619066307/CREAM619066307/CMSSW_5_3_11_patch6/output_2_4_VuE.root: zero number of replicas
lcg_cp: Invalid argument


2013-09-03 15:44:46.324514:
Executed:	unset LD_LIBRARY_PATH; unset GLITE_ENV_SET; export PATH=/usr/bin:/bin; source /etc/profile; source /home/grid/cms667/home_cream_619066307/CREAM619066307/CacheEnv.sh ; lcg-del  --verbose  --vo=cms  -b -D srmv2 --srm-timeout 2400 --sendreceive-timeout 2400 --connect-timeout 300 --verbose --nolfc srm://srm-cms.cern.ch:8443/srm/managerv2?SFN=/castor/cern.ch/user/m/marfin//53xRelVal2011Redigi/marfin/RelValTTbar/53xRelVal2011Redigi/844a175eacc74cc51be2e7d71ca2539e/output_2_4_VuE.root
Done with exit code:	1
and output:
VO name: cms
SE type: SRMv2
srm://srm-cms.cern.ch:8443/srm/managerv2?SFN=/castor/cern.ch/user/m/marfin//53xRelVal2011Redigi/marfin/RelValTTbar/53xRelVal2011Redigi/844a175eacc74cc51be2e7d71ca2539e/output_2_4_VuE.root: [SE][srmRm][SRM_INVALID_PATH] No such file or directory



#####################################
>>> current dir: /home/grid/cms667/home_cream_619066307/CREAM619066307
>>> current dir content:
total 6244
-rwx------  1 cms667 zh   13669 Sep  3 14:41 .BrokerInfo
-rw-------  1 cms667 zh    3014 Sep  3 15:44 .SEinteraction.log
-rwx------  1 cms667 zh       0 Sep  3 14:41 .tmp_file
-rw-------  1 cms667 zh     105 Sep  3 09:05 CMSSW.py
-rw-------  1 cms667 zh 3842683 Sep  3 09:05 CMSSW.py.pkl
-rwx------  1 cms667 zh   27957 Sep  3 14:41 CMSSW.sh
-rwx------  1 cms667 zh       0 Sep  3 14:41 CMSSW_2.stderr
-rwx---r--  1 cms667 zh   22035 Sep  3 15:47 CMSSW_2.stdout
drwxr-xr-x 15 cms667 zh    4096 Sep  3 15:04 CMSSW_5_3_11_patch6
-rw-------  1 cms667 zh     484 Sep  3 14:41 CacheEnv.sh
-rw-------  1 cms667 zh    7291 Jun  9  2010 DashboardAPI.py
-rw-------  1 cms667 zh    6493 Sep  3 14:41 DashboardAPI.pyc
drwx------  3 cms667 zh    4096 Aug 20 17:36 IMProv
-rw-------  1 cms667 zh    2748 Mar  8  2006 Logger.py
-rw-------  1 cms667 zh    3223 Sep  3 14:41 Logger.pyc
-rw-------  1 cms667 zh   24524 Mar 28  2008 ProcInfo.py
-rw-------  1 cms667 zh   22846 Sep  3 14:41 ProcInfo.pyc
drwx------  7 cms667 zh    4096 Sep  3 14:41 ProdCommon
drwx------  3 cms667 zh    4096 Sep  3 14:41 WMCore
-rw-------  1 cms667 zh    3491 Sep  3 15:04 Watchdog_2.log
-rw-------  1 cms667 zh   32895 Mar 28  2008 apmon.py
-rw-------  1 cms667 zh   28120 Sep  3 14:41 apmon.pyc
-rwx------  1 cms667 zh   10416 Sep  3 14:41 arguments.xml
-rwx------  1 cms667 zh   38507 Aug  6 23:12 cmscp.py
-rw-------  1 cms667 zh     791 Sep  3 15:47 cmscpReport.sh
-rw-------  1 cms667 zh     634 Sep  3 09:05 crab.cfg
-rwx------  1 cms667 zh    8610 Apr  2 15:44 crabWatchdog.sh
-rwx---r--  1 cms667 zh  781600 Sep  3 15:03 crab_fjr_2.xml
-rwx------  1 cms667 zh 1214804 Sep  3 14:41 default.tgz
-rwx------  1 cms667 zh    4488 May 12  2012 fillCrabFjr.py
-rw-------  1 cms667 zh     468 Sep  3 14:41 inputsReport.txt
-rw-------  1 cms667 zh     579 Sep  3 15:47 jobreport.txt
lrwxrwxrwx  1 cms667 zh      93 Sep  3 15:04 output.root -> /home/grid/cms667/home_cream_619066307/CREAM619066307/CMSSW_5_3_11_patch6/output_2_4_VuE.root
-rw-------  1 cms667 zh   17352 Jan 20  2012 parseCrabFjr.py
-rw-------  1 cms667 zh     264 Sep  3 14:41 report.log
-rwx--x--x  1 cms667 zh    1497 May 27  2009 report.py
-rw-------  1 cms667 zh     752 Sep  3 15:47 resultCopyFile
-rwx------  1 cms667 zh    8387 Mar 23  2011 writeCfg.py
>>> Modify Job Report:
CMSSW_VERSION = CMSSW_5_3_11_patch6
ProcessedDataset = 53xRelVal2011Redigi
/home/grid/cms667/home_cream_619066307/CREAM619066307/ProdCommon/FwkJobRep/ModifyJobReport.py fjr /home/grid/cms667/home_cream_619066307/CREAM619066307/crab_fjr_2.xml json /home/grid/cms667/home_cream_619066307/CREAM619066307/resultCopyFile n_job 2_4_VuE PrimaryDataset RelValTTbar  ApplicationFamily cmsRun ApplicationName cmsRun cmssw_version CMSSW_5_3_11_patch6 psethash 844a175eacc74cc51be2e7d71ca2539e UserProcessedDataset marfin-53xRelVal2011Redigi-844a175eacc74cc51be2e7d71ca2539e
inputDict =  {u'/home/grid/cms667/home_cream_619066307/CREAM619066307/CMSSW_5_3_11_patch6/output_2_4_VuE.root': {u'endpoint': u'srm://srm-cms.cern.ch:8443/srm/managerv2?SFN=/castor/cern.ch/user/m/marfin//53xRelVal2011Redigi/marfin/RelValTTbar/53xRelVal2011Redigi/844a175eacc74cc51be2e7d71ca2539e/', u'surl_for_grid': u'', u'reason': u"Problem copying /home/grid/cms667/home_cream_619066307/CREAM619066307/CMSSW_5_3_11_patch6/output_2_4_VuE.root file'Error copying [/home/grid/cms667/home_cream_619066307/CREAM619066307/CMSSW_5_3_11_patch6/output_2_4_VuE.root] to [output_2_4_VuE.root]'\nERROR: problems removing partially staged file output_2_4_VuE.root'Error deleting [output_2_4_VuE.root]'", u'erCode': u'60307', u'se_name': u'srm-cms.cern.ch', u'for_lfn': u'/copy_problem/'}}
diz_filter =  {u'output.root': u''}
UserProcessedDataset =  marfin-53xRelVal2011Redigi-844a175eacc74cc51be2e7d71ca2539e
file_name in inputDict =  /home/grid/cms667/home_cream_619066307/CREAM619066307/CMSSW_5_3_11_patch6/output_2_4_VuE.root
(size) os.stat(filename)[6] =  1894765739
checksum =  766480613
filter =  
    file =  output_2_4_VuE.root
    newPfn =  srm://srm-cms.cern.ch:8443/srm/managerv2?SFN=/castor/cern.ch/user/m/marfin//53xRelVal2011Redigi/marfin/RelValTTbar/53xRelVal2011Redigi/844a175eacc74cc51be2e7d71ca2539e/output_2_4_VuE.root
    newLfn =  /copy_problem/output_2_4_VuE.root
>>> crab_fjr_*.xml  permission set to 0704
Checking output files:  
will tar file crab_fjr_2.xml in  out_files_2
will tar file CMSSW_2.stdout in  out_files_2
will tar file CMSSW_2.stderr in  out_files_2
WARNING: output file Watchdog_2.log.gz not found!
>>> padding time: Wrapper lasting more than 600 seconds. No sleep required.
STOPPING WATCHDOG. CrabWatchdog PID is 20878
********** LAST 50 LINES OF WATCHDOG LOG
# RESOURCE USAGE SUMMARY FOR PROCESS ID 20731
USER       PID %CPU %MEM    VSZ   RSS TTY      STAT START   TIME COMMAND
cms667   20731  2.0  0.0  64136  1516 ?        SN   14:41   0:00 /bin/sh ./CMSSW.sh 2 4
 
# LIMITS USED BY CRAB WATCHDOG:
# RSS  (KBytes)   : 2300000
# VSZ  (KBytes)   : 100000000
# DISK (MBytes)   : 19000
# CPU TIME        : 720h:0m:0s
# WALL CLOCK TIME : 21h:50m:0s
 
# FOLLOWING PRINTOUT TRACKS MAXIMUM VALUES OF RESOURCES USE
# ONE LINE IS PRINTED EACH TIME A MAXIMUM CHANGES
# IF CHANGE WAS IN RSS OR VSZ ALSO PROCID AND COMMAND ARE PRINTED
# THERE IS NO PRINTOUT FOR CPU/WALL TIME INCREASE
 
# TIME			PID	RSS(KB)	VSZ(KB)	Dsk(MB)	tCPU(s)	tWALL(s)	COMMAND
 Sep 03 14:41:28 CEST	20728	1152	63884	0	0	1	sh -c "./CMSSW.sh" 2 4$* > "CMSSW_2.stdout" 2> "CMSSW_2.stderr"  
 Sep 03 14:41:28 CEST	20731	1516	64136	0	0	1	/bin/sh ./CMSSW.sh 2 4       
 Sep 03 14:41:28 CEST	20890	45548	106952	0	1	1	edmConfigHash pset.py         
 Sep 03 14:41:28 CEST	---	45548	106952	18	----	----	----
 Sep 03 14:42:30 CEST	21109	470988	646524	18	28	63	cmsRun -j /home/grid/cms667/home_cream_619066307/CREAM619066307/crab_fjr_2.xml -p pset.py      
 Sep 03 14:42:30 CEST	---	470988	646524	22	----	----	----
 Sep 03 14:43:31 CEST	21109	718616	986284	22	56	124	cmsRun -j /home/grid/cms667/home_cream_619066307/CREAM619066307/crab_fjr_2.xml -p pset.py      
 Sep 03 14:44:33 CEST	21109	1251080	1574836	22	96	186	cmsRun -j /home/grid/cms667/home_cream_619066307/CREAM619066307/crab_fjr_2.xml -p pset.py      
 Sep 03 14:45:34 CEST	21109	1816656	2308428	22	146	247	cmsRun -j /home/grid/cms667/home_cream_619066307/CREAM619066307/crab_fjr_2.xml -p pset.py      
 Sep 03 14:45:34 CEST	---	1816656	2308428	79	----	----	----
 Sep 03 14:46:36 CEST	21109	1828948	2315852	79	204	309	cmsRun -j /home/grid/cms667/home_cream_619066307/CREAM619066307/crab_fjr_2.xml -p pset.py      
 Sep 03 14:46:36 CEST	---	1828948	2315852	156	----	----	----
 Sep 03 14:47:37 CEST	21109	1837720	2315852	156	264	371	cmsRun -j /home/grid/cms667/home_cream_619066307/CREAM619066307/crab_fjr_2.xml -p pset.py      
 Sep 03 14:47:37 CEST	---	1837720	2315852	233	----	----	----
 Sep 03 14:48:39 CEST	21109	1865784	2336332	233	323	432	cmsRun -j /home/grid/cms667/home_cream_619066307/CREAM619066307/crab_fjr_2.xml -p pset.py      
 Sep 03 14:48:39 CEST	---	1865784	2336332	308	----	----	----
 Sep 03 14:49:40 CEST	---	1865784	2336332	381	----	----	----
 Sep 03 14:50:42 CEST	---	1865784	2336332	459	----	----	----
 Sep 03 14:51:44 CEST	---	1865784	2336332	540	----	----	----
 Sep 03 14:52:46 CEST	---	1865784	2336332	609	----	----	----
 Sep 03 14:53:47 CEST	21109	1887568	2356048	609	620	740	cmsRun -j /home/grid/cms667/home_cream_619066307/CREAM619066307/crab_fjr_2.xml -p pset.py      
 Sep 03 14:53:47 CEST	---	1887568	2356048	680	----	----	----
 Sep 03 14:54:49 CEST	---	1887568	2356048	1251	----	----	----
 Sep 03 14:55:50 CEST	---	1887568	2356048	1657	----	----	----
 Sep 03 14:56:52 CEST	---	1887568	2356048	1678	----	----	----
 Sep 03 14:57:53 CEST	---	1887568	2356048	1700	----	----	----
 Sep 03 14:58:55 CEST	---	1887568	2356048	1722	----	----	----
 Sep 03 14:59:56 CEST	---	1887568	2356048	1744	----	----	----
 Sep 03 15:00:58 CEST	---	1887568	2356048	1765	----	----	----
 Sep 03 15:01:59 CEST	---	1887568	2356048	1788	----	----	----
# TIME			PID	RSS(KB)	VSZ(KB)	Dsk(MB)	tCPU(s)	tWALL(s)	COMMAND
 Sep 03 15:03:01 CEST	---	1887568	2356048	1808	----	----	----
 Sep 03 15:04:02 CEST	---	1887568	2356048	1832	----	----	----
********** WATCHDOG LOG ENDED
ZIPPING WATCHDOG LOG
Disk space used:
du -sh /home/grid/cms667/home_cream_619066307/CREAM619066307
1.8G	/home/grid/cms667/home_cream_619066307/CREAM619066307
Found unusual stderr, rename for OSB
`/pool/grid/cms667/home_cream_619066307/CREAM619066307/CMSSW_2.stdout' -> `CMSSW_2.stderr'
crab_fjr_2.xml
CMSSW_2.stdout
CMSSW_2.stderr
Watchdog_2.log.gz
Total Output dimension: 72682
WARNING: output files size limit is set to: 55000000
Total Output dimension 72682 is fine.
JOB_EXIT_STATUS = 60307
>>> info for dashboard:
***** Cat /home/grid/cms667/home_cream_619066307/CREAM619066307/jobreport.txt *****
MonitorJobID=2_https://wms317.cern.ch:9000/YAkVTO0mzsxR0KPUAst6Dg
MonitorID=marfin_crab_0_130903_090551_0kdn32
ExeTime=1333
ExeExitCode=0
StageOutExitStatusReason = 'Problem copying /home/grid/cms667/home_cream_619066307/CREAM619066307/CMSSW_5_3_11_patch6/output_2_4_VuE.root file Error copying [/home/grid/cms667/home_cream_619066307/CREAM619066307/CMSSW_5_3_11_patch6/output_2_4_VuE.root] to [output_2_4_VuE.root] 
ERROR: problems removing partially staged file output_2_4_VuE.root Error deleting [output_2_4_VuE.root] '
StageOutSE = srm-cms.cern.ch
StageOutExitStatus = 60307
CrabUserCpuTime=1126.66
CrabSysCpuTime=44.75
CrabCpuPercentage=87%
CrabWrapperTime=3974
CrabStageoutTime=2584
JobExitCode=60307
***** End Cat jobreport *****
Parameters sent to Dashboard.
crab_fjr_2.xml
