This script was generated by crab (version 2.9.0).
Running ./CMSSW.sh with 2 positional parameters: 9 3
Today is Tue Sep  3 12:46:19 CEST 2013
Job submitted on host lxbsq2101.cern.ch
Linux lxbsq2101.cern.ch 2.6.18-308.16.1.el5 #1 SMP Thu Oct 4 14:02:28 CEST 2012 x86_64 x86_64 x86_64 GNU/Linux
>>> current directory (RUNTIME_AREA): /home/grid/cms667/home_cream_886001278/CREAM886001278
>>> current user: uid=52545(cms667) gid=1399(zh) groups=1399(zh),1106991749 context=system_u:system_r:initrc_t
>>> directory permission set to 0700
>>> umask set to:  u=rwx,g=,o=
>>> stdout stderr permission set to 0704
>>> voms proxy information:
subject   : /C=DE/O=GermanGrid/OU=DESY/CN=Ihar Marfin/CN=proxy/CN=proxy/CN=proxy/CN=limited proxy
issuer    : /C=DE/O=GermanGrid/OU=DESY/CN=Ihar Marfin/CN=proxy/CN=proxy/CN=proxy
identity  : /C=DE/O=GermanGrid/OU=DESY/CN=Ihar Marfin/CN=proxy/CN=proxy/CN=proxy
type      : limited proxy
strength  : 1024 bits
path      : /home/grid/cms667/home_cream_886001278/cream_886001278.proxy
timeleft  : 172:26:25
key usage : 
=== VO cms extension information ===
VO        : cms
subject   : /C=DE/O=GermanGrid/OU=DESY/CN=Ihar Marfin
issuer    : /DC=ch/DC=cern/OU=computers/CN=lcg-voms.cern.ch
attribute : /cms/Role=NULL/Capability=NULL
attribute : /cms/dcms/Role=NULL/Capability=NULL
timeleft  : 172:28:16
uri       : lcg-voms.cern.ch:15002
>>> tar --no-same-permissions -xf /home/grid/cms667/home_cream_886001278/CREAM886001278/default.tgz :
Successful untar
>>> Include /home/grid/cms667/home_cream_886001278/CREAM886001278 in PYTHONPATH:
strip arguments
env var CRAB_UNIQUE_JOB_ID set to: marfin_crab_0_130903_090551_0kdn32_9_3_g5m
out_files_9
>>> list of expected files on output sandbox
output files: crab_fjr_9.xml CMSSW_9.stdout CMSSW_9.stderr Watchdog_9.log.gz
>>> GridFlavour discovery: 
GridFlavour=LCG
>>> SyncSite discovery: 
not reporting SyncSite
>>> SyncCE discovery: 
getting SyncCE from CE_ID
SyncCE=ce202.cern.ch:8443/cream-lsf-grid_cms
>>> info for dashboard:
***** Cat /home/grid/cms667/home_cream_886001278/CREAM886001278/jobreport.txt *****
MonitorJobID=9_https://wms004.cnaf.infn.it:9000/pFSzeRCwfgW4DFi2oqn6JA
SyncGridJobId=https://wms004.cnaf.infn.it:9000/pFSzeRCwfgW4DFi2oqn6JA
MonitorID=marfin_crab_0_130903_090551_0kdn32
GridFlavour=LCG
SyncCE=ce202.cern.ch:8443/cream-lsf-grid_cms
***** End Cat jobreport *****
Parameters sent to Dashboard.
>>> setup environment
set SCRAM ARCH to slc5_amd64_gcc462
SCRAM_ARCH = slc5_amd64_gcc462
>>> setup CMS LCG environment:
set SCRAM ARCH and BUILD_ARCH to slc5_amd64_gcc462 ###
Sourcing environment... 
sourcing /afs/cern.ch/project/gd/apps/cms/cmsset_default.sh
==> setup cms environment ok
>>> specific cmssw setup environment:
CMSSW_VERSION =  CMSSW_5_3_11_patch6
>>> current directory (SOFTWARE_DIR): /home/grid/cms667/home_cream_886001278/CREAM886001278/CMSSW_5_3_11_patch6
PreserveSeeds: <>
IncrementSeeds:<>
{"output.root": ""}
WNHostName=lxbsq2101.cern.ch
>>> info for dashboard:
***** Cat /home/grid/cms667/home_cream_886001278/CREAM886001278/jobreport.txt *****
MonitorJobID=9_https://wms004.cnaf.infn.it:9000/pFSzeRCwfgW4DFi2oqn6JA
MonitorID=marfin_crab_0_130903_090551_0kdn32
WNHostName=lxbsq2101.cern.ch
***** End Cat jobreport *****
Parameters sent to Dashboard.
crabWatchdog started as process 22269
>>> moving CMSSW software directories in /home/grid/cms667/home_cream_886001278/CREAM886001278/CMSSW_5_3_11_patch6
mv: cannot stat `/home/grid/cms667/home_cream_886001278/CREAM886001278/module/': No such file or directory
>>> Include /home/grid/cms667/home_cream_886001278/CREAM886001278 in PYTHONPATH:
PYTHONPATH=/home/grid/cms667/home_cream_886001278/CREAM886001278/:/pool/grid/cms667/home_cream_886001278/CREAM886001278/CMSSW_5_3_11_patch6/python:/pool/grid/cms667/home_cream_886001278/CREAM886001278/CMSSW_5_3_11_patch6/lib/slc5_amd64_gcc462:/afs/cern.ch/cms/slc5_amd64_gcc462/cms/cmssw-patch/CMSSW_5_3_11_patch6/python:/afs/cern.ch/cms/slc5_amd64_gcc462/cms/cmssw-patch/CMSSW_5_3_11_patch6/lib/slc5_amd64_gcc462:/afs/cern.ch/cms/slc5_amd64_gcc462/cms/cmssw/CMSSW_5_3_11/bin/slc5_amd64_gcc462:/afs/cern.ch/cms/slc5_amd64_gcc462/cms/cmssw/CMSSW_5_3_11/lib/slc5_amd64_gcc462:/afs/cern.ch/cms/slc5_amd64_gcc462/cms/coral/CORAL_2_3_21-cms35/slc5_amd64_gcc462/python:/afs/cern.ch/cms/slc5_amd64_gcc462/cms/coral/CORAL_2_3_21-cms35/slc5_amd64_gcc462/lib:/afs/cern.ch/cms/slc5_amd64_gcc462/external/pyqt/4.8.1/lib/python2.6/site-packages:/afs/cern.ch/cms/slc5_amd64_gcc462/external/py2-scipy/0.8.0/lib/python2.6/site-packages:/afs/cern.ch/cms/slc5_amd64_gcc462/external/py2-matplotlib/1.0.1/lib/python2.6/site-packages:/afs/cern.ch/cms/slc5_amd64_gcc462/external/python-ldap/2.3.5/lib/python2.6/site-packages:/afs/cern.ch/cms/slc5_amd64_gcc462/external/sip/4.11.2/lib/python2.6/site-packages:/afs/cern.ch/cms/slc5_amd64_gcc462/external/py2-pycurl/7.19.0/lib/python2.6/site-packages:/afs/cern.ch/cms/slc5_amd64_gcc462/external/py2-numpy/1.6.1/lib/python2.6/site-packages:/afs/cern.ch/cms/slc5_amd64_gcc462/external/py2-ipython/0.10/lib/python2.6/site-packages:/afs/cern.ch/cms/slc5_amd64_gcc462/external/py2-cx-oracle/5.1-cms11/lib/python2.6/site-packages:/afs/cern.ch/cms/slc5_amd64_gcc462/external/py2-cjson/1.0.5/lib/python2.6/site-packages:/afs/cern.ch/cms/slc5_amd64_gcc462/cms/das-client/1.9.5/bin:/afs/cern.ch/cms/slc5_amd64_gcc462/external/elementtree/1.2.6/share/lib/python2.6/site-packages:/afs/cern.ch/cms/slc5_amd64_gcc462/external/rivet/1.8.2/lib/python2.6/site-packages:/afs/cern.ch/cms/slc5_amd64_gcc462/external/pyminuit2/0.0.1-cms39/lib/python2.6/site-packages:/afs/cern.ch/cms/slc5_amd64_gcc462/external/professor/1.0.0-cms40/lib/python2.6/site-packages:/afs/cern.ch/cms/slc5_amd64_gcc462/lcg/root/5.32.00-cms21/lib:/afs/cern.ch/cms/slc5_amd64_gcc462/cms/dbs-client/DBS_2_1_9-cms3/lib:/afs/cern.ch/cms/slc5_amd64_gcc462/cms/dbs-client/DBS_2_1_9-cms3/lib/DBSAPI:/afs/cern.ch/cms/slc5_amd64_gcc462/external/cvs2git/5419/lib:/home/grid/cms667/home_cream_886001278/CREAM886001278/
 
# LIMITS USED BY CRAB WATCHDOG:
# RSS  (KBytes)   : 2300000
# VSZ  (KBytes)   : 100000000
# DISK (MBytes)   : 19000
# CPU TIME        : 720h:0m:0s
# WALL CLOCK TIME : 21h:50m:0s
 
844a175eacc74cc51be2e7d71ca2539e
PSETHASH = 844a175eacc74cc51be2e7d71ca2539e
/home/grid/cms667/home_cream_886001278/CREAM886001278/writeCfg.py pset.py pset.py
Importing .py file
Setting parameters
RandomNumberGeneratorService found, will attempt to change seeds
inputBlocks=/RelValTTbar/CMSSW_5_3_11_patch3-PU_START53_LV2_09Jul2013-v1/GEN-SIM-DIGI-RAW-HLTDEBUG#bc03e9fc-e90e-11e2-95e5-00221959e7c0
inputFiles=/store/relval/CMSSW_5_3_11_patch3/RelValTTbar/GEN-SIM-DIGI-RAW-HLTDEBUG/PU_START53_LV2_09Jul2013-v1/00000/FAA932F3-08E9-E211-B34F-00259059649C.root;/store/relval/CMSSW_5_3_11_patch3/RelValTTbar/GEN-SIM-DIGI-RAW-HLTDEBUG/PU_START53_LV2_09Jul2013-v1/00000/78602AE5-08E9-E211-819C-00259059649C.root
parentFiles=
lumisRange=
>>> Executable cmsRun
/afs/cern.ch/cms/slc5_amd64_gcc462/cms/cmssw-patch/CMSSW_5_3_11_patch6/bin/slc5_amd64_gcc462/cmsRun
ok executable found
>>> info for dashboard:
***** Cat /home/grid/cms667/home_cream_886001278/CREAM886001278/jobreport.txt *****
MonitorJobID=9_https://wms004.cnaf.infn.it:9000/pFSzeRCwfgW4DFi2oqn6JA
MonitorID=marfin_crab_0_130903_090551_0kdn32
ExeStart=cmsRun
***** End Cat jobreport *****
Parameters sent to Dashboard.
>>> cmsRun started at Tue Sep  3 10:46:33 UTC 2013
>>> cmsRun ended at Tue Sep  3 11:16:59 UTC 2013
>>> crab_fjr_*.xml  permission set to 0704
>>> info for dashboard:
***** Cat /home/grid/cms667/home_cream_886001278/CREAM886001278/jobreport.txt *****
MonitorJobID=9_https://wms004.cnaf.infn.it:9000/pFSzeRCwfgW4DFi2oqn6JA
MonitorID=marfin_crab_0_130903_090551_0kdn32
ExeEnd=cmsRun
***** End Cat jobreport *****
Parameters sent to Dashboard.
TIME_EXE = 1826 sec
>>> cmsRun wrote 129 lines of stdout+stderr
>>> START OF printout of 129 lines from stdout+stderr
03-Sep-2013 12:46:47 CEST  Initiating request to open file root://eoscms//eos/cms/store/relval/CMSSW_5_3_11_patch3/RelValTTbar/GEN-SIM-DIGI-RAW-HLTDEBUG/PU_START53_LV2_09Jul2013-v1/00000/FAA932F3-08E9-E211-B34F-00259059649C.root?svcClass=default
130903 12:46:47 22641 Xrd: GoToAnotherServer: Going to: lxfsre05a05.cern.ch:1095
03-Sep-2013 12:46:48 CEST  Successfully opened file root://eoscms//eos/cms/store/relval/CMSSW_5_3_11_patch3/RelValTTbar/GEN-SIM-DIGI-RAW-HLTDEBUG/PU_START53_LV2_09Jul2013-v1/00000/FAA932F3-08E9-E211-B34F-00259059649C.root?svcClass=default
%MSG-w SiStripQuality:  EventSetupRecordDataGetter:hltGetConditions@beginRun  03-Sep-2013 12:47:15 CEST Run: 1
The cabling should always include the active feds in runInfo and possibly have some morethere are instead 59 feds only active in runInfo
%MSG
Begin processing the 1st record. Run 1, Event 5889, LumiSection 118 at 03-Sep-2013 12:47:27.442 CEST
%MSG-w Muon:  L3MuonProducer:hltL3MuonsOIHit 03-Sep-2013 12:50:00 CEST  Run: 1 Event: 5979
     Failed to load tracker track trajectory
%MSG
%MSG-w RecoMuon:  L3MuonProducer:hltL3MuonsOIHit 03-Sep-2013 12:50:00 CEST  Run: 1 Event: 5979
     Failed to load tracker track trajectory
%MSG
%MSG-w GlobalMuon:  L3MuonProducer:hltL3MuonsOIHit 03-Sep-2013 12:50:00 CEST  Run: 1 Event: 5979
     Failed to load tracker track trajectory
%MSG
%MSG-w GlobalTrajectoryBuilderBase:  L3MuonProducer:hltL3MuonsOIHit  03-Sep-2013 12:50:00 CEST Run: 1 Event: 5979
     Failed to load tracker track trajectory
%MSG
DTTSPhi::addTracoT: preview not present in TRACO trigger or its code=0  trigger not added!
DTTSPhi::addTracoT: preview not present in TRACO trigger or its code=0  trigger not added!
DTTSPhi::addTracoT: preview not present in TRACO trigger or its code=0  trigger not added!
DTTSPhi::addTracoT: preview not present in TRACO trigger or its code=0  trigger not added!
DTTSPhi::addTracoT: preview not present in TRACO trigger or its code=0  trigger not added!
DTTSPhi::addTracoT: preview not present in TRACO trigger or its code=0  trigger not added!
Begin processing the 101st record. Run 1, Event 6039, LumiSection 121 at 03-Sep-2013 12:53:53.675 CEST
DTTSPhi::addTracoT: preview not present in TRACO trigger or its code=0  trigger not added!
DTTSPhi::addTracoT: preview not present in TRACO trigger or its code=0  trigger not added!
DTTSPhi::addTracoT: preview not present in TRACO trigger or its code=0  trigger not added!
Begin processing the 201st record. Run 1, Event 6289, LumiSection 126 at 03-Sep-2013 12:59:45.510 CEST
DTTSPhi::addTracoT: preview not present in TRACO trigger or its code=0  trigger not added!
DTTSPhi::addTracoT: preview not present in TRACO trigger or its code=0  trigger not added!
%MSG-w BasicTrajectoryState:   TrackProducer:hltBLifetimeRegionalCtfWithMaterialTracksHbb  03-Sep-2013 13:03:16 CEST Run: 1 Event: 6346
curv error not pos-def
[  3.26203e+07    -15.9382     -991115     90.5571     0.53576
      -15.9382  0.00640318    0.484255-5.36488e-05   0.0340103
       -991115    0.484255     30113.4     -2.7544  -0.0162861
       90.5571-5.36488e-05     -2.7544  -0.0155507 -4.9263e-05
       0.53576   0.0340103  -0.0162861 -4.9263e-05    0.180884 ]
%MSG
%MSG-w BasicTrajectoryState:   TrackProducer:hltBLifetimeRegionalCtfWithMaterialTracksHbb  03-Sep-2013 13:03:16 CEST Run: 1 Event: 6346
local error not pos-def
[  3.26203e+07      991445     242.465     90.5721   -0.512207
        991445     30133.4     7.36935     2.75577   -0.015578
       242.465     7.36935  0.00820229 0.000664713  -0.0340301
       90.5721     2.75577 0.000664713  -0.0155559 4.45382e-05
     -0.512207   -0.015578  -0.0340301 4.45382e-05     0.18092 ]
%MSG
%MSG-w BasicTrajectoryState:   TrackProducer:hltBLifetimeRegionalCtfWithMaterialTracksRAzr  03-Sep-2013 13:03:16 CEST Run: 1 Event: 6346
curv error not pos-def
[  3.26203e+07    -15.9382     -991115     90.5571     0.53576
      -15.9382  0.00640318    0.484255-5.36488e-05   0.0340103
       -991115    0.484255     30113.4     -2.7544  -0.0162861
       90.5571-5.36488e-05     -2.7544  -0.0155507 -4.9263e-05
       0.53576   0.0340103  -0.0162861 -4.9263e-05    0.180884 ]
%MSG
%MSG-w BasicTrajectoryState:   TrackProducer:hltBLifetimeRegionalCtfWithMaterialTracksRAzr  03-Sep-2013 13:03:16 CEST Run: 1 Event: 6346
local error not pos-def
[  3.26203e+07      991445     242.465     90.5721   -0.512207
        991445     30133.4     7.36935     2.75577   -0.015578
       242.465     7.36935  0.00820229 0.000664713  -0.0340301
       90.5721     2.75577 0.000664713  -0.0155559 4.45382e-05
     -0.512207   -0.015578  -0.0340301 4.45382e-05     0.18092 ]
%MSG
%MSG-w BasicTrajectoryState:   TrackProducer:hltBLifetimeRegionalCtfWithMaterialTracksSingleTop  03-Sep-2013 13:03:17 CEST Run: 1 Event: 6346
curv error not pos-def
[  3.26203e+07    -15.9382     -991115     90.5571     0.53576
      -15.9382  0.00640318    0.484255-5.36488e-05   0.0340103
       -991115    0.484255     30113.4     -2.7544  -0.0162861
       90.5571-5.36488e-05     -2.7544  -0.0155507 -4.9263e-05
       0.53576   0.0340103  -0.0162861 -4.9263e-05    0.180884 ]
%MSG
%MSG-w BasicTrajectoryState:   TrackProducer:hltBLifetimeRegionalCtfWithMaterialTracksSingleTop  03-Sep-2013 13:03:17 CEST Run: 1 Event: 6346
local error not pos-def
[  3.26203e+07      991445     242.465     90.5721   -0.512207
        991445     30133.4     7.36935     2.75577   -0.015578
       242.465     7.36935  0.00820229 0.000664713  -0.0340301
       90.5721     2.75577 0.000664713  -0.0155559 4.45382e-05
     -0.512207   -0.015578  -0.0340301 4.45382e-05     0.18092 ]
%MSG
Begin processing the 301st record. Run 1, Event 6439, LumiSection 129 at 03-Sep-2013 13:05:58.408 CEST
130903 13:07:17 22641 Xrd: XrdClientMessage::ReadRaw: Failed to read header (8 bytes).
03-Sep-2013 13:09:39 CEST  Closed file root://eoscms//eos/cms/store/relval/CMSSW_5_3_11_patch3/RelValTTbar/GEN-SIM-DIGI-RAW-HLTDEBUG/PU_START53_LV2_09Jul2013-v1/00000/FAA932F3-08E9-E211-B34F-00259059649C.root?svcClass=default
03-Sep-2013 13:09:39 CEST  Initiating request to open file root://eoscms//eos/cms/store/relval/CMSSW_5_3_11_patch3/RelValTTbar/GEN-SIM-DIGI-RAW-HLTDEBUG/PU_START53_LV2_09Jul2013-v1/00000/78602AE5-08E9-E211-819C-00259059649C.root?svcClass=default
130903 13:09:39 001 Xrd: CheckErrorStatus: Server [eoscms] declared: session not found(error code: 3011)
130903 13:09:39 22641 Xrd: GoToAnotherServer: Going to: lxfssl4209.cern.ch:1095
03-Sep-2013 13:09:39 CEST  Successfully opened file root://eoscms//eos/cms/store/relval/CMSSW_5_3_11_patch3/RelValTTbar/GEN-SIM-DIGI-RAW-HLTDEBUG/PU_START53_LV2_09Jul2013-v1/00000/78602AE5-08E9-E211-819C-00259059649C.root?svcClass=default
DTTSPhi::addTracoT: preview not present in TRACO trigger or its code=0  trigger not added!
DTTSPhi::addTracoT: preview not present in TRACO trigger or its code=0  trigger not added!
Begin processing the 401st record. Run 1, Event 2839, LumiSection 57 at 03-Sep-2013 13:12:05.425 CEST
DTTSPhi::addTracoT: preview not present in TRACO trigger or its code=0  trigger not added!
DTTSPhi::addTracoT: preview not present in TRACO trigger or its code=0  trigger not added!
130903 13:14:47 22641 Xrd: XrdClientMessage::ReadRaw: Failed to read header (8 bytes).
03-Sep-2013 13:16:50 CEST  Closed file root://eoscms//eos/cms/store/relval/CMSSW_5_3_11_patch3/RelValTTbar/GEN-SIM-DIGI-RAW-HLTDEBUG/PU_START53_LV2_09Jul2013-v1/00000/78602AE5-08E9-E211-819C-00259059649C.root?svcClass=default

=============================================

MessageLogger Summary

 type     category        sev    module        subroutine        count    total
 ---- -------------------- -- ---------------- ----------------  -----    -----
    1 BasicTrajectoryState -w TrackProducer:hl                       2        2
    2 BasicTrajectoryState -w TrackProducer:hl                       2        2
    3 BasicTrajectoryState -w TrackProducer:hl                       2        2
    4 GlobalMuon           -w L3MuonProducer:h                       1        1
    5 GlobalTrajectoryBuil -w L3MuonProducer:h                       1        1
    6 Muon                 -w L3MuonProducer:h                       1        1
    7 RecoMuon             -w L3MuonProducer:h                       1        1
    8 SiStripQuality       -w EventSetupRecord                       1        1
    9 fileAction           -s file_close                             2        2
   10 fileAction           -s file_open                              4        4

 type    category    Examples: run/evt        run/evt          run/evt
 ---- -------------------- ---------------- ---------------- ----------------
    1 BasicTrajectoryState 1/6346           1/6346           
    2 BasicTrajectoryState 1/6346           1/6346           
    3 BasicTrajectoryState 1/6346           1/6346           
    4 GlobalMuon           1/5979                            
    5 GlobalTrajectoryBuilderBase 1/5979                            
    6 Muon                 1/5979                            
    7 RecoMuon             1/5979                            
    8 SiStripQuality       Run: 1                            
    9 fileAction           PostProcessEvent PostEndRun       
   10 fileAction           pre-events       pre-events       PostProcessEvent

Severity    # Occurrences   Total Occurrences
--------    -------------   -----------------
Warning                11                  11
System                  6                   6
>>> END OF printout of 129 lines from stdout+stderr
>>> Parse FrameworkJobReport crab_fjr.xml
Result of parsing the FrameworkJobReport crab_fjr.xml: Popularity start
lumisRange : 1::118,120-121,124,126-127,129,132::1;1::57-59::2;
lumisParentRange : 
Basename : /store/relval/CMSSW_5_3_11_patch3/RelValTTbar/GEN-SIM-DIGI-RAW-HLTDEBUG/PU_START53_LV2_09Jul2013-v1/00000/
BasenameParent : 
parentFiles : 
inputBlocks : /RelValTTbar/CMSSW_5_3_11_patch3-PU_START53_LV2_09Jul2013-v1/GEN-SIM-DIGI-RAW-HLTDEBUG#bc03e9fc-e90e-11e2-95e5-00221959e7c0
inputFiles : FAA932F3-08E9-E211-B34F-00259059649C.root::1::EDM::Local::1;78602AE5-08E9-E211-819C-00259059649C.root::1::EDM::Local::2;
Popularity stop
Extracted ExitStatus from FrameworkJobReport parsing output: 0
>>> Executable succeded  0
ExeExitCode=0
EXECUTABLE_EXIT_STATUS = 0
>>> current directory /home/grid/cms667/home_cream_886001278/CREAM886001278/CMSSW_5_3_11_patch6
>>>  (SOFTWARE_DIR): /home/grid/cms667/home_cream_886001278/CREAM886001278/CMSSW_5_3_11_patch6
>>> (WORKING_DIR): 
>>> current directory content:
total 4151640
drwxr-xr-x 3 cms667 zh       4096 Sep  3 12:46 .SCRAM
-rw------- 1 cms667 zh    3842683 Sep  3 12:46 CMSSW.py.pkl
drwxr-xr-x 3 cms667 zh       4096 Sep  3 12:46 bin
drwxr-xr-x 3 cms667 zh       4096 Sep  3 12:46 cfipython
drwxr-xr-x 4 cms667 zh       4096 Sep  3 12:46 config
-rw------- 1 cms667 zh         18 Sep  3 13:16 cpu_timing.txt
drwxr-xr-x 2 cms667 zh       4096 Sep  3 12:46 doc
-rw------- 1 cms667 zh       9501 Sep  3 13:16 executable.out
drwxr-xr-x 2 cms667 zh       4096 Sep  3 12:46 include
drwx------ 3 cms667 zh       4096 Aug 26 18:31 lib
drwxr-xr-x 3 cms667 zh       4096 Sep  3 12:46 logs
drwxr-xr-x 3 cms667 zh       4096 Sep  3 12:46 objs
-rw------- 1 cms667 zh 4239261843 Sep  3 13:16 output.root
-rw------- 1 cms667 zh        104 Sep  3 12:46 pset.py
-rw------- 1 cms667 zh    3843519 Sep  3 12:46 pset.py.pkl
-rw------- 1 cms667 zh        289 Sep  3 12:46 pset.pyc
drwxr-xr-x 2 cms667 zh       4096 Sep  3 12:46 python
-rw------- 1 cms667 zh        452 Sep  3 13:16 report.log
drwx------ 5 cms667 zh       4096 Sep  3 12:46 src
drwxr-xr-x 3 cms667 zh       4096 Sep  3 12:46 test
drwxr-xr-x 3 cms667 zh       4096 Sep  3 12:46 tmp
>>> current directory /home/grid/cms667/home_cream_886001278/CREAM886001278/CMSSW_5_3_11_patch6
>>> (SOFTWARE_DIR): /home/grid/cms667/home_cream_886001278/CREAM886001278/CMSSW_5_3_11_patch6
>>> (WORKING_DIR): 
>>> current directory content:
total 4151640
drwxr-xr-x 3 cms667 zh       4096 Sep  3 12:46 .SCRAM
-rw------- 1 cms667 zh    3842683 Sep  3 12:46 CMSSW.py.pkl
drwxr-xr-x 3 cms667 zh       4096 Sep  3 12:46 bin
drwxr-xr-x 3 cms667 zh       4096 Sep  3 12:46 cfipython
drwxr-xr-x 4 cms667 zh       4096 Sep  3 12:46 config
-rw------- 1 cms667 zh         18 Sep  3 13:16 cpu_timing.txt
drwxr-xr-x 2 cms667 zh       4096 Sep  3 12:46 doc
-rw------- 1 cms667 zh       9501 Sep  3 13:16 executable.out
drwxr-xr-x 2 cms667 zh       4096 Sep  3 12:46 include
drwx------ 3 cms667 zh       4096 Aug 26 18:31 lib
drwxr-xr-x 3 cms667 zh       4096 Sep  3 12:46 logs
drwxr-xr-x 3 cms667 zh       4096 Sep  3 12:46 objs
-rw------- 1 cms667 zh 4239261843 Sep  3 13:16 output_9_3_g5m.root
-rw------- 1 cms667 zh        104 Sep  3 12:46 pset.py
-rw------- 1 cms667 zh    3843519 Sep  3 12:46 pset.py.pkl
-rw------- 1 cms667 zh        289 Sep  3 12:46 pset.pyc
drwxr-xr-x 2 cms667 zh       4096 Sep  3 12:46 python
-rw------- 1 cms667 zh        452 Sep  3 13:16 report.log
drwx------ 5 cms667 zh       4096 Sep  3 12:46 src
drwxr-xr-x 3 cms667 zh       4096 Sep  3 12:46 test
drwxr-xr-x 3 cms667 zh       4096 Sep  3 12:46 tmp
>>> current directory (RUNTIME_AREA):  /home/grid/cms667/home_cream_886001278/CREAM886001278
SE = srm-cms.cern.ch
SE_PATH = /srm/managerv2?SFN=/castor/cern.ch/user/m/marfin//53xRelVal2011Redigi/
LFNBaseName = /53xRelVal2011Redigi/marfin/RelValTTbar/53xRelVal2011Redigi/844a175eacc74cc51be2e7d71ca2539e/
USER = marfin
endpoint = srm://srm-cms.cern.ch:8443/srm/managerv2?SFN=/castor/cern.ch/user/m/marfin//53xRelVal2011Redigi/marfin/RelValTTbar/53xRelVal2011Redigi/844a175eacc74cc51be2e7d71ca2539e/
>>> Copy output files from WN = lxbsq2101.cern.ch to /srm/managerv2?SFN=/castor/cern.ch/user/m/marfin//53xRelVal2011Redigi/ :
python cmscp.py  --destination srm://srm-cms.cern.ch:8443/srm/managerv2?SFN=/castor/cern.ch/user/m/marfin//53xRelVal2011Redigi/marfin/RelValTTbar/53xRelVal2011Redigi/844a175eacc74cc51be2e7d71ca2539e/ --inputFileList /home/grid/cms667/home_cream_886001278/CREAM886001278/CMSSW_5_3_11_patch6/output_9_3_g5m.root --middleware LCG --se_name srm-cms.cern.ch --for_lfn /53xRelVal2011Redigi/marfin/RelValTTbar/53xRelVal2011Redigi/844a175eacc74cc51be2e7d71ca2539e/    
******************************************************
localSeName  =  srm-eoscms.cern.ch
remoteSeName =  srm-cms.cern.ch
******************************************************
{"/home/grid/cms667/home_cream_886001278/CREAM886001278/CMSSW_5_3_11_patch6/output_9_3_g5m.root": {"endpoint": "srm://srm-cms.cern.ch:8443/srm/managerv2?SFN=/castor/cern.ch/user/m/marfin//53xRelVal2011Redigi/marfin/RelValTTbar/53xRelVal2011Redigi/844a175eacc74cc51be2e7d71ca2539e/", "surl_for_grid": "", "reason": "Copy succedeed with srm-lcg utils", "erCode": "0", "se_name": "srm-cms.cern.ch", "for_lfn": "/53xRelVal2011Redigi/marfin/RelValTTbar/53xRelVal2011Redigi/844a175eacc74cc51be2e7d71ca2539e/"}}/home/grid/cms667/home_cream_886001278/CREAM886001278
-------- cat /home/grid/cms667/home_cream_886001278/CREAM886001278/cmscpReport.sh 
#!/bin/bash
echo "Report for File: /home/grid/cms667/home_cream_886001278/CREAM886001278/CMSSW_5_3_11_patch6/output_9_3_g5m.root"
echo "LFN: /53xRelVal2011Redigi/marfin/RelValTTbar/53xRelVal2011Redigi/844a175eacc74cc51be2e7d71ca2539e/output_9_3_g5m.root"
echo "StorageElement: srm-cms.cern.ch"
echo "StageOutExitStatusReason = 'Copy succedeed with srm-lcg utils'" | tee -a $RUNTIME_AREA/$repo
echo "StageOutSE = srm-cms.cern.ch" >> $RUNTIME_AREA/$repo

export StageOutExitStatus=0
echo "StageOutExitStatus = 0" | tee -a $RUNTIME_AREA/$repo
-------- end of /home/grid/cms667/home_cream_886001278/CREAM886001278/cmscpReport.sh 
Report for File: /home/grid/cms667/home_cream_886001278/CREAM886001278/CMSSW_5_3_11_patch6/output_9_3_g5m.root
LFN: /53xRelVal2011Redigi/marfin/RelValTTbar/53xRelVal2011Redigi/844a175eacc74cc51be2e7d71ca2539e/output_9_3_g5m.root
StorageElement: srm-cms.cern.ch
StageOutExitStatusReason = 'Copy succedeed with srm-lcg utils'
StageOutExitStatus = 0
>>> current dir: /home/grid/cms667/home_cream_886001278/CREAM886001278
>>> current dir content:
total 6252
-rwx------  1 cms667 zh   13669 Sep  3 12:46 .BrokerInfo
-rw-------  1 cms667 zh    4514 Sep  3 13:18 .SEinteraction.log
-rwx------  1 cms667 zh       0 Sep  3 12:46 .tmp_file
-rw-------  1 cms667 zh     105 Sep  3 09:05 CMSSW.py
-rw-------  1 cms667 zh 3842683 Sep  3 09:05 CMSSW.py.pkl
-rwx------  1 cms667 zh   27957 Sep  3 12:46 CMSSW.sh
drwxr-xr-x 15 cms667 zh    4096 Sep  3 13:17 CMSSW_5_3_11_patch6
-rwx------  1 cms667 zh       0 Sep  3 12:46 CMSSW_9.stderr
-rwx---r--  1 cms667 zh   24033 Sep  3 13:18 CMSSW_9.stdout
-rw-------  1 cms667 zh     484 Sep  3 12:46 CacheEnv.sh
-rw-------  1 cms667 zh    7291 Jun  9  2010 DashboardAPI.py
-rw-------  1 cms667 zh    6493 Sep  3 12:46 DashboardAPI.pyc
drwx------  3 cms667 zh    4096 Aug 20 17:36 IMProv
-rw-------  1 cms667 zh    2748 Mar  8  2006 Logger.py
-rw-------  1 cms667 zh    3223 Sep  3 12:46 Logger.pyc
-rw-------  1 cms667 zh   24524 Mar 28  2008 ProcInfo.py
-rw-------  1 cms667 zh   22846 Sep  3 12:46 ProcInfo.pyc
drwx------  7 cms667 zh    4096 Sep  3 12:46 ProdCommon
drwx------  3 cms667 zh    4096 Sep  3 12:46 WMCore
-rw-------  1 cms667 zh    5512 Sep  3 13:17 Watchdog_9.log
-rw-------  1 cms667 zh   32895 Mar 28  2008 apmon.py
-rw-------  1 cms667 zh   28120 Sep  3 12:46 apmon.pyc
-rwx------  1 cms667 zh   10416 Sep  3 12:46 arguments.xml
-rwx------  1 cms667 zh   38507 Aug  6 23:12 cmscp.py
-rw-------  1 cms667 zh     540 Sep  3 13:18 cmscpReport.sh
-rw-------  1 cms667 zh     634 Sep  3 09:05 crab.cfg
-rwx------  1 cms667 zh    8610 Apr  2 15:44 crabWatchdog.sh
-rwx---r--  1 cms667 zh  781909 Sep  3 13:16 crab_fjr_9.xml
-rwx------  1 cms667 zh 1214804 Sep  3 12:46 default.tgz
-rwx------  1 cms667 zh    4488 May 12  2012 fillCrabFjr.py
-rw-------  1 cms667 zh     468 Sep  3 12:46 inputsReport.txt
-rw-------  1 cms667 zh     258 Sep  3 13:18 jobreport.txt
lrwxrwxrwx  1 cms667 zh      93 Sep  3 13:17 output.root -> /home/grid/cms667/home_cream_886001278/CREAM886001278/CMSSW_5_3_11_patch6/output_9_3_g5m.root
-rw-------  1 cms667 zh   17352 Jan 20  2012 parseCrabFjr.py
-rw-------  1 cms667 zh     274 Sep  3 12:46 report.log
-rwx--x--x  1 cms667 zh    1497 May 27  2009 report.py
-rw-------  1 cms667 zh     504 Sep  3 13:18 resultCopyFile
-rwx------  1 cms667 zh    8387 Mar 23  2011 writeCfg.py
>>> Modify Job Report:
CMSSW_VERSION = CMSSW_5_3_11_patch6
ProcessedDataset = 53xRelVal2011Redigi
/home/grid/cms667/home_cream_886001278/CREAM886001278/ProdCommon/FwkJobRep/ModifyJobReport.py fjr /home/grid/cms667/home_cream_886001278/CREAM886001278/crab_fjr_9.xml json /home/grid/cms667/home_cream_886001278/CREAM886001278/resultCopyFile n_job 9_3_g5m PrimaryDataset RelValTTbar  ApplicationFamily cmsRun ApplicationName cmsRun cmssw_version CMSSW_5_3_11_patch6 psethash 844a175eacc74cc51be2e7d71ca2539e UserProcessedDataset marfin-53xRelVal2011Redigi-844a175eacc74cc51be2e7d71ca2539e
inputDict =  {u'/home/grid/cms667/home_cream_886001278/CREAM886001278/CMSSW_5_3_11_patch6/output_9_3_g5m.root': {u'endpoint': u'srm://srm-cms.cern.ch:8443/srm/managerv2?SFN=/castor/cern.ch/user/m/marfin//53xRelVal2011Redigi/marfin/RelValTTbar/53xRelVal2011Redigi/844a175eacc74cc51be2e7d71ca2539e/', u'surl_for_grid': u'', u'reason': u'Copy succedeed with srm-lcg utils', u'erCode': u'0', u'se_name': u'srm-cms.cern.ch', u'for_lfn': u'/53xRelVal2011Redigi/marfin/RelValTTbar/53xRelVal2011Redigi/844a175eacc74cc51be2e7d71ca2539e/'}}
diz_filter =  {u'output.root': u''}
UserProcessedDataset =  marfin-53xRelVal2011Redigi-844a175eacc74cc51be2e7d71ca2539e
file_name in inputDict =  /home/grid/cms667/home_cream_886001278/CREAM886001278/CMSSW_5_3_11_patch6/output_9_3_g5m.root
(size) os.stat(filename)[6] =  4239261843
checksum =  705894398
filter =  
    file =  output_9_3_g5m.root
    newPfn =  srm://srm-cms.cern.ch:8443/srm/managerv2?SFN=/castor/cern.ch/user/m/marfin//53xRelVal2011Redigi/marfin/RelValTTbar/53xRelVal2011Redigi/844a175eacc74cc51be2e7d71ca2539e/output_9_3_g5m.root
    newLfn =  /53xRelVal2011Redigi/marfin/RelValTTbar/53xRelVal2011Redigi/844a175eacc74cc51be2e7d71ca2539e/output_9_3_g5m.root
>>> crab_fjr_*.xml  permission set to 0704
Checking output files:  
will tar file crab_fjr_9.xml in  out_files_9
will tar file CMSSW_9.stdout in  out_files_9
will tar file CMSSW_9.stderr in  out_files_9
WARNING: output file Watchdog_9.log.gz not found!
>>> padding time: Wrapper lasting more than 600 seconds. No sleep required.
STOPPING WATCHDOG. CrabWatchdog PID is 22269
********** LAST 50 LINES OF WATCHDOG LOG
 Sep 03 12:46:22 CEST	22281	25708	93264	0	0	0	edmConfigHash pset.py         
 Sep 03 12:46:22 CEST	---	25708	93264	18	----	----	----
 Sep 03 12:47:22 CEST	22641	1176544	1467604	18	40	60	cmsRun -j /home/grid/cms667/home_cream_886001278/CREAM886001278/crab_fjr_9.xml -p pset.py      
 Sep 03 12:47:22 CEST	---	1176544	1467604	22	----	----	----
 Sep 03 12:48:22 CEST	22641	1851748	2311284	22	99	121	cmsRun -j /home/grid/cms667/home_cream_886001278/CREAM886001278/crab_fjr_9.xml -p pset.py      
 Sep 03 12:48:22 CEST	---	1851748	2311284	146	----	----	----
 Sep 03 12:49:23 CEST	22641	1856264	2311284	146	157	181	cmsRun -j /home/grid/cms667/home_cream_886001278/CREAM886001278/crab_fjr_9.xml -p pset.py      
 Sep 03 12:49:23 CEST	---	1856264	2311284	284	----	----	----
 Sep 03 12:50:23 CEST	22641	1875948	2311284	284	215	241	cmsRun -j /home/grid/cms667/home_cream_886001278/CREAM886001278/crab_fjr_9.xml -p pset.py      
 Sep 03 12:50:23 CEST	---	1875948	2311284	421	----	----	----
 Sep 03 12:51:24 CEST	---	1875948	2311284	549	----	----	----
 Sep 03 12:52:24 CEST	22641	1876860	2311284	549	330	362	cmsRun -j /home/grid/cms667/home_cream_886001278/CREAM886001278/crab_fjr_9.xml -p pset.py      
 Sep 03 12:52:24 CEST	---	1876860	2311284	684	----	----	----
 Sep 03 12:53:24 CEST	---	1876860	2311284	825	----	----	----
 Sep 03 12:54:25 CEST	22641	1878080	2311284	825	447	483	cmsRun -j /home/grid/cms667/home_cream_886001278/CREAM886001278/crab_fjr_9.xml -p pset.py      
 Sep 03 12:54:25 CEST	---	1878080	2311284	966	----	----	----
 Sep 03 12:55:25 CEST	---	1878080	2311284	1103	----	----	----
 Sep 03 12:56:25 CEST	22641	1894588	2324344	1103	564	603	cmsRun -j /home/grid/cms667/home_cream_886001278/CREAM886001278/crab_fjr_9.xml -p pset.py      
 Sep 03 12:56:25 CEST	---	1894588	2324344	1256	----	----	----
 Sep 03 12:57:26 CEST	22641	1900252	2330232	1256	622	664	cmsRun -j /home/grid/cms667/home_cream_886001278/CREAM886001278/crab_fjr_9.xml -p pset.py      
 Sep 03 12:57:26 CEST	---	1900252	2330232	1400	----	----	----
 Sep 03 12:58:26 CEST	22641	1918092	2371704	1400	681	724	cmsRun -j /home/grid/cms667/home_cream_886001278/CREAM886001278/crab_fjr_9.xml -p pset.py      
 Sep 03 12:58:26 CEST	---	1918092	2371704	1547	----	----	----
 Sep 03 12:59:26 CEST	---	1918092	2371704	1686	----	----	----
 Sep 03 13:00:26 CEST	---	1918092	2371704	1825	----	----	----
 Sep 03 13:01:27 CEST	22641	1923452	2378872	1825	857	905	cmsRun -j /home/grid/cms667/home_cream_886001278/CREAM886001278/crab_fjr_9.xml -p pset.py      
 Sep 03 13:01:27 CEST	---	1923452	2378872	1966	----	----	----
 Sep 03 13:02:27 CEST	22641	1927488	2385784	1966	915	965	cmsRun -j /home/grid/cms667/home_cream_886001278/CREAM886001278/crab_fjr_9.xml -p pset.py      
 Sep 03 13:02:27 CEST	---	1927488	2385784	2104	----	----	----
 Sep 03 13:03:27 CEST	22641	1938956	2409592	2104	974	1025	cmsRun -j /home/grid/cms667/home_cream_886001278/CREAM886001278/crab_fjr_9.xml -p pset.py      
 Sep 03 13:03:27 CEST	---	1938956	2409592	2240	----	----	----
 Sep 03 13:04:28 CEST	22641	1949300	2420600	2240	1033	1086	cmsRun -j /home/grid/cms667/home_cream_886001278/CREAM886001278/crab_fjr_9.xml -p pset.py      
 Sep 03 13:04:28 CEST	---	1949300	2420600	2374	----	----	----
 Sep 03 13:05:28 CEST	---	1949300	2420600	2513	----	----	----
 Sep 03 13:06:28 CEST	---	1949300	2420600	2652	----	----	----
 Sep 03 13:07:28 CEST	---	1949300	2420600	2788	----	----	----
 Sep 03 13:08:29 CEST	22641	1959964	2429816	2788	1269	1327	cmsRun -j /home/grid/cms667/home_cream_886001278/CREAM886001278/crab_fjr_9.xml -p pset.py      
 Sep 03 13:08:29 CEST	---	1959964	2429816	2922	----	----	----
 Sep 03 13:09:29 CEST	---	1959964	2429816	3057	----	----	----
 Sep 03 13:10:29 CEST	22641	2012928	2486144	3057	1382	1448	cmsRun -j /home/grid/cms667/home_cream_886001278/CREAM886001278/crab_fjr_9.xml -p pset.py      
 Sep 03 13:10:29 CEST	---	2012928	2486144	3178	----	----	----
 Sep 03 13:11:30 CEST	---	2012928	2486144	3314	----	----	----
 Sep 03 13:12:30 CEST	22641	2019820	2486144	3314	1498	1568	cmsRun -j /home/grid/cms667/home_cream_886001278/CREAM886001278/crab_fjr_9.xml -p pset.py      
 Sep 03 13:12:30 CEST	---	2019820	2486144	3456	----	----	----
 Sep 03 13:13:30 CEST	---	2019820	2486144	3594	----	----	----
 Sep 03 13:14:30 CEST	---	2019820	2486144	3737	----	----	----
 Sep 03 13:15:31 CEST	22641	2024376	2486144	3737	1665	1749	cmsRun -j /home/grid/cms667/home_cream_886001278/CREAM886001278/crab_fjr_9.xml -p pset.py      
 Sep 03 13:15:31 CEST	---	2024376	2486144	3866	----	----	----
 Sep 03 13:16:31 CEST	---	2024376	2486144	4006	----	----	----
 Sep 03 13:17:31 CEST	---	2024376	2486144	4070	----	----	----
********** WATCHDOG LOG ENDED
ZIPPING WATCHDOG LOG
Disk space used:
du -sh /home/grid/cms667/home_cream_886001278/CREAM886001278
4.0G	/home/grid/cms667/home_cream_886001278/CREAM886001278
Found unusual stderr, rename for OSB
`/pool/grid/cms667/home_cream_886001278/CREAM886001278/CMSSW_9.stdout' -> `CMSSW_9.stderr'
crab_fjr_9.xml
CMSSW_9.stdout
CMSSW_9.stderr
Watchdog_9.log.gz
Total Output dimension: 78170
WARNING: output files size limit is set to: 55000000
Total Output dimension 78170 is fine.
JOB_EXIT_STATUS = 0
>>> info for dashboard:
***** Cat /home/grid/cms667/home_cream_886001278/CREAM886001278/jobreport.txt *****
MonitorJobID=9_https://wms004.cnaf.infn.it:9000/pFSzeRCwfgW4DFi2oqn6JA
MonitorID=marfin_crab_0_130903_090551_0kdn32
ExeTime=1826
ExeExitCode=0
StageOutExitStatusReason = 'Copy succedeed with srm-lcg utils'
StageOutSE = srm-cms.cern.ch
StageOutExitStatus = 0
CrabUserCpuTime=1710.03
CrabSysCpuTime=37.91
CrabCpuPercentage=95%
CrabWrapperTime=1949
CrabStageoutTime=84
JobExitCode=0
***** End Cat jobreport *****
Parameters sent to Dashboard.
crab_fjr_9.xml
