This script was generated by crab (version 2.9.0).
Running ./CMSSW.sh with 2 positional parameters: 20 1
Today is Tue Sep  3 10:06:12 CEST 2013
Job submitted on host lxbsq2022.cern.ch
Linux lxbsq2022.cern.ch 2.6.18-308.24.1.el5 #1 SMP Wed Dec 5 09:45:59 CET 2012 x86_64 x86_64 x86_64 GNU/Linux
>>> current directory (RUNTIME_AREA): /home/grid/cms667/home_cream_847934873/CREAM847934873
>>> current user: uid=52545(cms667) gid=1399(zh) groups=1399(zh),1106751711 context=system_u:system_r:initrc_t
>>> directory permission set to 0700
>>> umask set to:  u=rwx,g=,o=
>>> stdout stderr permission set to 0704
>>> voms proxy information:
subject   : /C=DE/O=GermanGrid/OU=DESY/CN=Ihar Marfin/CN=proxy/CN=proxy/CN=proxy/CN=limited proxy
issuer    : /C=DE/O=GermanGrid/OU=DESY/CN=Ihar Marfin/CN=proxy/CN=proxy/CN=proxy
identity  : /C=DE/O=GermanGrid/OU=DESY/CN=Ihar Marfin/CN=proxy/CN=proxy/CN=proxy
type      : limited proxy
strength  : 1024 bits
path      : /home/grid/cms667/home_cream_847934873/cream_847934873.proxy
timeleft  : 175:06:35
key usage : 
=== VO cms extension information ===
VO        : cms
subject   : /C=DE/O=GermanGrid/OU=DESY/CN=Ihar Marfin
issuer    : /DC=ch/DC=cern/OU=computers/CN=lcg-voms.cern.ch
attribute : /cms/Role=NULL/Capability=NULL
attribute : /cms/dcms/Role=NULL/Capability=NULL
timeleft  : 175:08:23
uri       : lcg-voms.cern.ch:15002
>>> tar --no-same-permissions -xf /home/grid/cms667/home_cream_847934873/CREAM847934873/default.tgz :
Successful untar
>>> Include /home/grid/cms667/home_cream_847934873/CREAM847934873 in PYTHONPATH:
strip arguments
env var CRAB_UNIQUE_JOB_ID set to: marfin_crab_0_130903_090551_0kdn32_20_1_u7I
out_files_20
>>> list of expected files on output sandbox
output files: crab_fjr_20.xml CMSSW_20.stdout CMSSW_20.stderr Watchdog_20.log.gz
>>> GridFlavour discovery: 
GridFlavour=LCG
>>> SyncSite discovery: 
not reporting SyncSite
>>> SyncCE discovery: 
getting SyncCE from CE_ID
SyncCE=ce207.cern.ch:8443/cream-lsf-grid_cms
>>> info for dashboard:
***** Cat /home/grid/cms667/home_cream_847934873/CREAM847934873/jobreport.txt *****
MonitorJobID=20_https://wms314.cern.ch:9000/rN0b7wlDEIyountm0OFH8Q
SyncGridJobId=https://wms314.cern.ch:9000/rN0b7wlDEIyountm0OFH8Q
MonitorID=marfin_crab_0_130903_090551_0kdn32
GridFlavour=LCG
SyncCE=ce207.cern.ch:8443/cream-lsf-grid_cms
***** End Cat jobreport *****
Parameters sent to Dashboard.
>>> setup environment
set SCRAM ARCH to slc5_amd64_gcc462
SCRAM_ARCH = slc5_amd64_gcc462
>>> setup CMS LCG environment:
set SCRAM ARCH and BUILD_ARCH to slc5_amd64_gcc462 ###
Sourcing environment... 
sourcing /afs/cern.ch/project/gd/apps/cms/cmsset_default.sh
==> setup cms environment ok
>>> specific cmssw setup environment:
CMSSW_VERSION =  CMSSW_5_3_11_patch6
>>> current directory (SOFTWARE_DIR): /home/grid/cms667/home_cream_847934873/CREAM847934873/CMSSW_5_3_11_patch6
PreserveSeeds: <>
IncrementSeeds:<>
{"output.root": ""}
WNHostName=lxbsq2022.cern.ch
>>> info for dashboard:
***** Cat /home/grid/cms667/home_cream_847934873/CREAM847934873/jobreport.txt *****
MonitorJobID=20_https://wms314.cern.ch:9000/rN0b7wlDEIyountm0OFH8Q
MonitorID=marfin_crab_0_130903_090551_0kdn32
WNHostName=lxbsq2022.cern.ch
***** End Cat jobreport *****
Parameters sent to Dashboard.
crabWatchdog started as process 6110
>>> moving CMSSW software directories in /home/grid/cms667/home_cream_847934873/CREAM847934873/CMSSW_5_3_11_patch6
mv: cannot stat `/home/grid/cms667/home_cream_847934873/CREAM847934873/module/': No such file or directory
>>> Include /home/grid/cms667/home_cream_847934873/CREAM847934873 in PYTHONPATH:
PYTHONPATH=/home/grid/cms667/home_cream_847934873/CREAM847934873/:/pool/grid/cms667/home_cream_847934873/CREAM847934873/CMSSW_5_3_11_patch6/python:/pool/grid/cms667/home_cream_847934873/CREAM847934873/CMSSW_5_3_11_patch6/lib/slc5_amd64_gcc462:/afs/cern.ch/cms/slc5_amd64_gcc462/cms/cmssw-patch/CMSSW_5_3_11_patch6/python:/afs/cern.ch/cms/slc5_amd64_gcc462/cms/cmssw-patch/CMSSW_5_3_11_patch6/lib/slc5_amd64_gcc462:/afs/cern.ch/cms/slc5_amd64_gcc462/cms/cmssw/CMSSW_5_3_11/bin/slc5_amd64_gcc462:/afs/cern.ch/cms/slc5_amd64_gcc462/cms/cmssw/CMSSW_5_3_11/lib/slc5_amd64_gcc462:/afs/cern.ch/cms/slc5_amd64_gcc462/cms/coral/CORAL_2_3_21-cms35/slc5_amd64_gcc462/python:/afs/cern.ch/cms/slc5_amd64_gcc462/cms/coral/CORAL_2_3_21-cms35/slc5_amd64_gcc462/lib:/afs/cern.ch/cms/slc5_amd64_gcc462/external/pyqt/4.8.1/lib/python2.6/site-packages:/afs/cern.ch/cms/slc5_amd64_gcc462/external/py2-scipy/0.8.0/lib/python2.6/site-packages:/afs/cern.ch/cms/slc5_amd64_gcc462/external/py2-matplotlib/1.0.1/lib/python2.6/site-packages:/afs/cern.ch/cms/slc5_amd64_gcc462/external/python-ldap/2.3.5/lib/python2.6/site-packages:/afs/cern.ch/cms/slc5_amd64_gcc462/external/sip/4.11.2/lib/python2.6/site-packages:/afs/cern.ch/cms/slc5_amd64_gcc462/external/py2-pycurl/7.19.0/lib/python2.6/site-packages:/afs/cern.ch/cms/slc5_amd64_gcc462/external/py2-numpy/1.6.1/lib/python2.6/site-packages:/afs/cern.ch/cms/slc5_amd64_gcc462/external/py2-ipython/0.10/lib/python2.6/site-packages:/afs/cern.ch/cms/slc5_amd64_gcc462/external/py2-cx-oracle/5.1-cms11/lib/python2.6/site-packages:/afs/cern.ch/cms/slc5_amd64_gcc462/external/py2-cjson/1.0.5/lib/python2.6/site-packages:/afs/cern.ch/cms/slc5_amd64_gcc462/cms/das-client/1.9.5/bin:/afs/cern.ch/cms/slc5_amd64_gcc462/external/elementtree/1.2.6/share/lib/python2.6/site-packages:/afs/cern.ch/cms/slc5_amd64_gcc462/external/rivet/1.8.2/lib/python2.6/site-packages:/afs/cern.ch/cms/slc5_amd64_gcc462/external/pyminuit2/0.0.1-cms39/lib/python2.6/site-packages:/afs/cern.ch/cms/slc5_amd64_gcc462/external/professor/1.0.0-cms40/lib/python2.6/site-packages:/afs/cern.ch/cms/slc5_amd64_gcc462/lcg/root/5.32.00-cms21/lib:/afs/cern.ch/cms/slc5_amd64_gcc462/cms/dbs-client/DBS_2_1_9-cms3/lib:/afs/cern.ch/cms/slc5_amd64_gcc462/cms/dbs-client/DBS_2_1_9-cms3/lib/DBSAPI:/afs/cern.ch/cms/slc5_amd64_gcc462/external/cvs2git/5419/lib:/home/grid/cms667/home_cream_847934873/CREAM847934873/
 
# LIMITS USED BY CRAB WATCHDOG:
# RSS  (KBytes)   : 2300000
# VSZ  (KBytes)   : 100000000
# DISK (MBytes)   : 19000
# CPU TIME        : 720h:0m:0s
# WALL CLOCK TIME : 21h:50m:0s
 
844a175eacc74cc51be2e7d71ca2539e
PSETHASH = 844a175eacc74cc51be2e7d71ca2539e
/home/grid/cms667/home_cream_847934873/CREAM847934873/writeCfg.py pset.py pset.py
Importing .py file
Setting parameters
RandomNumberGeneratorService found, will attempt to change seeds
inputBlocks=/RelValTTbar/CMSSW_5_3_11_patch3-PU_START53_LV2_09Jul2013-v1/GEN-SIM-DIGI-RAW-HLTDEBUG#bc03e9fc-e90e-11e2-95e5-00221959e7c0
inputFiles=/store/relval/CMSSW_5_3_11_patch3/RelValTTbar/GEN-SIM-DIGI-RAW-HLTDEBUG/PU_START53_LV2_09Jul2013-v1/00000/5662E8DD-08E9-E211-A7AC-002618943950.root
parentFiles=
lumisRange=
>>> Executable cmsRun
/afs/cern.ch/cms/slc5_amd64_gcc462/cms/cmssw-patch/CMSSW_5_3_11_patch6/bin/slc5_amd64_gcc462/cmsRun
ok executable found
>>> info for dashboard:
***** Cat /home/grid/cms667/home_cream_847934873/CREAM847934873/jobreport.txt *****
MonitorJobID=20_https://wms314.cern.ch:9000/rN0b7wlDEIyountm0OFH8Q
MonitorID=marfin_crab_0_130903_090551_0kdn32
ExeStart=cmsRun
***** End Cat jobreport *****
Parameters sent to Dashboard.
>>> cmsRun started at Tue Sep  3 08:06:32 UTC 2013
>>> cmsRun ended at Tue Sep  3 08:25:06 UTC 2013
>>> crab_fjr_*.xml  permission set to 0704
>>> info for dashboard:
***** Cat /home/grid/cms667/home_cream_847934873/CREAM847934873/jobreport.txt *****
MonitorJobID=20_https://wms314.cern.ch:9000/rN0b7wlDEIyountm0OFH8Q
MonitorID=marfin_crab_0_130903_090551_0kdn32
ExeEnd=cmsRun
***** End Cat jobreport *****
Parameters sent to Dashboard.
TIME_EXE = 1114 sec
>>> cmsRun wrote 73 lines of stdout+stderr
>>> START OF printout of 73 lines from stdout+stderr
03-Sep-2013 10:06:52 CEST  Initiating request to open file root://eoscms//eos/cms/store/relval/CMSSW_5_3_11_patch3/RelValTTbar/GEN-SIM-DIGI-RAW-HLTDEBUG/PU_START53_LV2_09Jul2013-v1/00000/5662E8DD-08E9-E211-A7AC-002618943950.root?svcClass=default
130903 10:06:52 6302 Xrd: GoToAnotherServer: Going to: lxfsre07a08.cern.ch:1095
03-Sep-2013 10:06:55 CEST  Successfully opened file root://eoscms//eos/cms/store/relval/CMSSW_5_3_11_patch3/RelValTTbar/GEN-SIM-DIGI-RAW-HLTDEBUG/PU_START53_LV2_09Jul2013-v1/00000/5662E8DD-08E9-E211-A7AC-002618943950.root?svcClass=default
%MSG-w SiStripQuality:  EventSetupRecordDataGetter:hltGetConditions@beginRun  03-Sep-2013 10:07:42 CEST Run: 1
The cabling should always include the active feds in runInfo and possibly have some morethere are instead 59 feds only active in runInfo
%MSG
Begin processing the 1st record. Run 1, Event 5942, LumiSection 119 at 03-Sep-2013 10:07:57.539 CEST
DTTSPhi::addTracoT: preview not present in TRACO trigger or its code=0  trigger not added!
DTTSPhi::addTracoT: preview not present in TRACO trigger or its code=0  trigger not added!
Begin processing the 101st record. Run 1, Event 6142, LumiSection 123 at 03-Sep-2013 10:14:33.425 CEST
DTTSPhi::addTracoT: preview not present in TRACO trigger or its code=0  trigger not added!
Begin processing the 201st record. Run 1, Event 7042, LumiSection 141 at 03-Sep-2013 10:21:02.442 CEST
DTTSPhi::addTracoT: preview not present in TRACO trigger or its code=0  trigger not added!
DTTSPhi::addTracoT: preview not present in TRACO trigger or its code=0  trigger not added!
DTTSPhi::addTracoT: preview not present in TRACO trigger or its code=0  trigger not added!
%MSG-w BasicTrajectoryState:  TrackProducer:hltCtfL1IsoWithMaterialTracks  03-Sep-2013 10:24:05 CEST Run: 1 Event: 7088
curv error not pos-def
[  1.20015e+07    -85.2074     -619841    -432.288     23.3266
      -85.2074  0.00102829     4.40068  0.00285653   0.0036607
       -619841     4.40068       32013     22.3076    -1.20509
      -432.288  0.00285653     22.3076  -0.0927757 -0.00283378
       23.3266   0.0036607    -1.20509 -0.00283378   0.0346327 ]
%MSG
%MSG-w BasicTrajectoryState:  TrackProducer:hltCtfL1IsoWithMaterialTracks  03-Sep-2013 10:24:05 CEST Run: 1 Event: 7088
local error not pos-def
[  1.20015e+07      622507       49334     433.213    -2.40044
        622507       32289     2558.92     22.4515   -0.126553
         49334     2558.92     202.799     1.77878  0.00472508
       433.213     22.4515     1.77878  -0.0931734   -0.011806
      -2.40044   -0.126553  0.00472508   -0.011806   0.0839144 ]
%MSG
%MSG-w BasicTrajectoryState:  TrackProducer:hltCtfActivityWithMaterialTracks  03-Sep-2013 10:24:05 CEST Run: 1 Event: 7088
curv error not pos-def
[  1.20015e+07    -85.2074     -619841    -432.288     23.3266
      -85.2074  0.00102829     4.40068  0.00285653   0.0036607
       -619841     4.40068       32013     22.3076    -1.20509
      -432.288  0.00285653     22.3076  -0.0927757 -0.00283378
       23.3266   0.0036607    -1.20509 -0.00283378   0.0346327 ]
%MSG
%MSG-w BasicTrajectoryState:  TrackProducer:hltCtfActivityWithMaterialTracks  03-Sep-2013 10:24:05 CEST Run: 1 Event: 7088
local error not pos-def
[  1.20015e+07      622507       49334     433.213    -2.40044
        622507       32289     2558.92     22.4515   -0.126553
         49334     2558.92     202.799     1.77878  0.00472508
       433.213     22.4515     1.77878  -0.0931734   -0.011806
      -2.40044   -0.126553  0.00472508   -0.011806   0.0839144 ]
%MSG
03-Sep-2013 10:24:54 CEST  Closed file root://eoscms//eos/cms/store/relval/CMSSW_5_3_11_patch3/RelValTTbar/GEN-SIM-DIGI-RAW-HLTDEBUG/PU_START53_LV2_09Jul2013-v1/00000/5662E8DD-08E9-E211-A7AC-002618943950.root?svcClass=default

=============================================

MessageLogger Summary

 type     category        sev    module        subroutine        count    total
 ---- -------------------- -- ---------------- ----------------  -----    -----
    1 BasicTrajectoryState -w TrackProducer:hl                       2        2
    2 BasicTrajectoryState -w TrackProducer:hl                       2        2
    3 SiStripQuality       -w EventSetupRecord                       1        1
    4 fileAction           -s file_close                             1        1
    5 fileAction           -s file_open                              2        2

 type    category    Examples: run/evt        run/evt          run/evt
 ---- -------------------- ---------------- ---------------- ----------------
    1 BasicTrajectoryState 1/7088           1/7088           
    2 BasicTrajectoryState 1/7088           1/7088           
    3 SiStripQuality       Run: 1                            
    4 fileAction           PostEndRun                        
    5 fileAction           pre-events       pre-events       

Severity    # Occurrences   Total Occurrences
--------    -------------   -----------------
Warning                 5                   5
System                  3                   3
>>> END OF printout of 73 lines from stdout+stderr
>>> Parse FrameworkJobReport crab_fjr.xml
Result of parsing the FrameworkJobReport crab_fjr.xml: Popularity start
lumisRange : 1::119,122-123,125,141-142::1;
lumisParentRange : 
Basename : /store/relval/CMSSW_5_3_11_patch3/RelValTTbar/GEN-SIM-DIGI-RAW-HLTDEBUG/PU_START53_LV2_09Jul2013-v1/00000/
BasenameParent : 
parentFiles : 
inputBlocks : /RelValTTbar/CMSSW_5_3_11_patch3-PU_START53_LV2_09Jul2013-v1/GEN-SIM-DIGI-RAW-HLTDEBUG#bc03e9fc-e90e-11e2-95e5-00221959e7c0
inputFiles : 5662E8DD-08E9-E211-A7AC-002618943950.root::1::EDM::Local::1;
Popularity stop
Extracted ExitStatus from FrameworkJobReport parsing output: 0
>>> Executable succeded  0
ExeExitCode=0
EXECUTABLE_EXIT_STATUS = 0
>>> current directory /home/grid/cms667/home_cream_847934873/CREAM847934873/CMSSW_5_3_11_patch6
>>>  (SOFTWARE_DIR): /home/grid/cms667/home_cream_847934873/CREAM847934873/CMSSW_5_3_11_patch6
>>> (WORKING_DIR): 
>>> current directory content:
total 2346888
drwxr-xr-x 3 cms667 zh       4096 Sep  3 10:06 .SCRAM
-rw------- 1 cms667 zh    3842683 Sep  3 10:06 CMSSW.py.pkl
drwxr-xr-x 3 cms667 zh       4096 Sep  3 10:06 bin
drwxr-xr-x 3 cms667 zh       4096 Sep  3 10:06 cfipython
drwxr-xr-x 4 cms667 zh       4096 Sep  3 10:06 config
-rw------- 1 cms667 zh         18 Sep  3 10:25 cpu_timing.txt
drwxr-xr-x 2 cms667 zh       4096 Sep  3 10:06 doc
-rw------- 1 cms667 zh       5041 Sep  3 10:25 executable.out
drwxr-xr-x 2 cms667 zh       4096 Sep  3 10:06 include
drwx------ 3 cms667 zh       4096 Aug 26 18:31 lib
drwxr-xr-x 3 cms667 zh       4096 Sep  3 10:06 logs
drwxr-xr-x 3 cms667 zh       4096 Sep  3 10:06 objs
-rw------- 1 cms667 zh 2393002168 Sep  3 10:24 output.root
-rw------- 1 cms667 zh        104 Sep  3 10:06 pset.py
-rw------- 1 cms667 zh    3843364 Sep  3 10:06 pset.py.pkl
-rw------- 1 cms667 zh        289 Sep  3 10:06 pset.pyc
drwxr-xr-x 2 cms667 zh       4096 Sep  3 10:06 python
-rw------- 1 cms667 zh        440 Sep  3 10:25 report.log
drwx------ 5 cms667 zh       4096 Sep  3 10:06 src
drwxr-xr-x 3 cms667 zh       4096 Sep  3 10:06 test
drwxr-xr-x 3 cms667 zh       4096 Sep  3 10:06 tmp
>>> current directory /home/grid/cms667/home_cream_847934873/CREAM847934873/CMSSW_5_3_11_patch6
>>> (SOFTWARE_DIR): /home/grid/cms667/home_cream_847934873/CREAM847934873/CMSSW_5_3_11_patch6
>>> (WORKING_DIR): 
>>> current directory content:
total 2346888
drwxr-xr-x 3 cms667 zh       4096 Sep  3 10:06 .SCRAM
-rw------- 1 cms667 zh    3842683 Sep  3 10:06 CMSSW.py.pkl
drwxr-xr-x 3 cms667 zh       4096 Sep  3 10:06 bin
drwxr-xr-x 3 cms667 zh       4096 Sep  3 10:06 cfipython
drwxr-xr-x 4 cms667 zh       4096 Sep  3 10:06 config
-rw------- 1 cms667 zh         18 Sep  3 10:25 cpu_timing.txt
drwxr-xr-x 2 cms667 zh       4096 Sep  3 10:06 doc
-rw------- 1 cms667 zh       5041 Sep  3 10:25 executable.out
drwxr-xr-x 2 cms667 zh       4096 Sep  3 10:06 include
drwx------ 3 cms667 zh       4096 Aug 26 18:31 lib
drwxr-xr-x 3 cms667 zh       4096 Sep  3 10:06 logs
drwxr-xr-x 3 cms667 zh       4096 Sep  3 10:06 objs
-rw------- 1 cms667 zh 2393002168 Sep  3 10:24 output_20_1_u7I.root
-rw------- 1 cms667 zh        104 Sep  3 10:06 pset.py
-rw------- 1 cms667 zh    3843364 Sep  3 10:06 pset.py.pkl
-rw------- 1 cms667 zh        289 Sep  3 10:06 pset.pyc
drwxr-xr-x 2 cms667 zh       4096 Sep  3 10:06 python
-rw------- 1 cms667 zh        440 Sep  3 10:25 report.log
drwx------ 5 cms667 zh       4096 Sep  3 10:06 src
drwxr-xr-x 3 cms667 zh       4096 Sep  3 10:06 test
drwxr-xr-x 3 cms667 zh       4096 Sep  3 10:06 tmp
>>> current directory (RUNTIME_AREA):  /home/grid/cms667/home_cream_847934873/CREAM847934873
SE = srm-cms.cern.ch
SE_PATH = /srm/managerv2?SFN=/castor/cern.ch/user/m/marfin//53xRelVal2011Redigi/
LFNBaseName = /53xRelVal2011Redigi/marfin/RelValTTbar/53xRelVal2011Redigi/844a175eacc74cc51be2e7d71ca2539e/
USER = marfin
endpoint = srm://srm-cms.cern.ch:8443/srm/managerv2?SFN=/castor/cern.ch/user/m/marfin//53xRelVal2011Redigi/marfin/RelValTTbar/53xRelVal2011Redigi/844a175eacc74cc51be2e7d71ca2539e/
>>> Copy output files from WN = lxbsq2022.cern.ch to /srm/managerv2?SFN=/castor/cern.ch/user/m/marfin//53xRelVal2011Redigi/ :
python cmscp.py  --destination srm://srm-cms.cern.ch:8443/srm/managerv2?SFN=/castor/cern.ch/user/m/marfin//53xRelVal2011Redigi/marfin/RelValTTbar/53xRelVal2011Redigi/844a175eacc74cc51be2e7d71ca2539e/ --inputFileList /home/grid/cms667/home_cream_847934873/CREAM847934873/CMSSW_5_3_11_patch6/output_20_1_u7I.root --middleware LCG --se_name srm-cms.cern.ch --for_lfn /53xRelVal2011Redigi/marfin/RelValTTbar/53xRelVal2011Redigi/844a175eacc74cc51be2e7d71ca2539e/    
******************************************************
localSeName  =  srm-eoscms.cern.ch
remoteSeName =  srm-cms.cern.ch
******************************************************
{"/home/grid/cms667/home_cream_847934873/CREAM847934873/CMSSW_5_3_11_patch6/output_20_1_u7I.root": {"endpoint": "srm://srm-cms.cern.ch:8443/srm/managerv2?SFN=/castor/cern.ch/user/m/marfin//53xRelVal2011Redigi/marfin/RelValTTbar/53xRelVal2011Redigi/844a175eacc74cc51be2e7d71ca2539e/", "surl_for_grid": "", "reason": "Copy succedeed with srm-lcg utils", "erCode": "0", "se_name": "srm-cms.cern.ch", "for_lfn": "/53xRelVal2011Redigi/marfin/RelValTTbar/53xRelVal2011Redigi/844a175eacc74cc51be2e7d71ca2539e/"}}/home/grid/cms667/home_cream_847934873/CREAM847934873
-------- cat /home/grid/cms667/home_cream_847934873/CREAM847934873/cmscpReport.sh 
#!/bin/bash
echo "Report for File: /home/grid/cms667/home_cream_847934873/CREAM847934873/CMSSW_5_3_11_patch6/output_20_1_u7I.root"
echo "LFN: /53xRelVal2011Redigi/marfin/RelValTTbar/53xRelVal2011Redigi/844a175eacc74cc51be2e7d71ca2539e/output_20_1_u7I.root"
echo "StorageElement: srm-cms.cern.ch"
echo "StageOutExitStatusReason = 'Copy succedeed with srm-lcg utils'" | tee -a $RUNTIME_AREA/$repo
echo "StageOutSE = srm-cms.cern.ch" >> $RUNTIME_AREA/$repo

export StageOutExitStatus=0
echo "StageOutExitStatus = 0" | tee -a $RUNTIME_AREA/$repo
-------- end of /home/grid/cms667/home_cream_847934873/CREAM847934873/cmscpReport.sh 
Report for File: /home/grid/cms667/home_cream_847934873/CREAM847934873/CMSSW_5_3_11_patch6/output_20_1_u7I.root
LFN: /53xRelVal2011Redigi/marfin/RelValTTbar/53xRelVal2011Redigi/844a175eacc74cc51be2e7d71ca2539e/output_20_1_u7I.root
StorageElement: srm-cms.cern.ch
StageOutExitStatusReason = 'Copy succedeed with srm-lcg utils'
StageOutExitStatus = 0
>>> current dir: /home/grid/cms667/home_cream_847934873/CREAM847934873
>>> current dir content:
total 6096
-rwx------  1 cms667 zh   13669 Sep  3 10:06 .BrokerInfo
-rw-------  1 cms667 zh    4016 Sep  3 10:26 .SEinteraction.log
-rwx------  1 cms667 zh       0 Sep  3 10:06 .tmp_file
-rw-------  1 cms667 zh     105 Sep  3 09:05 CMSSW.py
-rw-------  1 cms667 zh 3842683 Sep  3 09:05 CMSSW.py.pkl
-rwx------  1 cms667 zh   27957 Sep  3 10:06 CMSSW.sh
-rwx------  1 cms667 zh       0 Sep  3 10:06 CMSSW_20.stderr
-rwx---r--  1 cms667 zh   19333 Sep  3 10:26 CMSSW_20.stdout
drwxr-xr-x 15 cms667 zh    4096 Sep  3 10:25 CMSSW_5_3_11_patch6
-rw-------  1 cms667 zh     484 Sep  3 10:06 CacheEnv.sh
-rw-------  1 cms667 zh    7291 Jun  9  2010 DashboardAPI.py
-rw-------  1 cms667 zh    6493 Sep  3 10:06 DashboardAPI.pyc
drwx------  3 cms667 zh    4096 Aug 20 17:36 IMProv
-rw-------  1 cms667 zh    2748 Mar  8  2006 Logger.py
-rw-------  1 cms667 zh    3223 Sep  3 10:06 Logger.pyc
-rw-------  1 cms667 zh   24524 Mar 28  2008 ProcInfo.py
-rw-------  1 cms667 zh   22846 Sep  3 10:06 ProcInfo.pyc
drwx------  7 cms667 zh    4096 Sep  3 10:06 ProdCommon
drwx------  3 cms667 zh    4096 Sep  3 10:06 WMCore
-rw-------  1 cms667 zh    3898 Sep  3 10:25 Watchdog_20.log
-rw-------  1 cms667 zh   32895 Mar 28  2008 apmon.py
-rw-------  1 cms667 zh   28120 Sep  3 10:06 apmon.pyc
-rwx------  1 cms667 zh   10416 Sep  3 10:06 arguments.xml
-rwx------  1 cms667 zh   38507 Aug  6 23:12 cmscp.py
-rw-------  1 cms667 zh     542 Sep  3 10:26 cmscpReport.sh
-rw-------  1 cms667 zh     634 Sep  3 09:05 crab.cfg
-rwx------  1 cms667 zh    8610 Apr  2 15:44 crabWatchdog.sh
-rwx---r--  1 cms667 zh  632253 Sep  3 10:25 crab_fjr_20.xml
-rwx------  1 cms667 zh 1214804 Sep  3 10:06 default.tgz
-rwx------  1 cms667 zh    4488 May 12  2012 fillCrabFjr.py
-rw-------  1 cms667 zh     320 Sep  3 10:06 inputsReport.txt
-rw-------  1 cms667 zh     254 Sep  3 10:26 jobreport.txt
lrwxrwxrwx  1 cms667 zh      94 Sep  3 10:25 output.root -> /home/grid/cms667/home_cream_847934873/CREAM847934873/CMSSW_5_3_11_patch6/output_20_1_u7I.root
-rw-------  1 cms667 zh   17352 Jan 20  2012 parseCrabFjr.py
-rw-------  1 cms667 zh     265 Sep  3 10:06 report.log
-rwx--x--x  1 cms667 zh    1497 May 27  2009 report.py
-rw-------  1 cms667 zh     505 Sep  3 10:26 resultCopyFile
-rwx------  1 cms667 zh    8387 Mar 23  2011 writeCfg.py
>>> Modify Job Report:
CMSSW_VERSION = CMSSW_5_3_11_patch6
ProcessedDataset = 53xRelVal2011Redigi
/home/grid/cms667/home_cream_847934873/CREAM847934873/ProdCommon/FwkJobRep/ModifyJobReport.py fjr /home/grid/cms667/home_cream_847934873/CREAM847934873/crab_fjr_20.xml json /home/grid/cms667/home_cream_847934873/CREAM847934873/resultCopyFile n_job 20_1_u7I PrimaryDataset RelValTTbar  ApplicationFamily cmsRun ApplicationName cmsRun cmssw_version CMSSW_5_3_11_patch6 psethash 844a175eacc74cc51be2e7d71ca2539e UserProcessedDataset marfin-53xRelVal2011Redigi-844a175eacc74cc51be2e7d71ca2539e
inputDict =  {u'/home/grid/cms667/home_cream_847934873/CREAM847934873/CMSSW_5_3_11_patch6/output_20_1_u7I.root': {u'endpoint': u'srm://srm-cms.cern.ch:8443/srm/managerv2?SFN=/castor/cern.ch/user/m/marfin//53xRelVal2011Redigi/marfin/RelValTTbar/53xRelVal2011Redigi/844a175eacc74cc51be2e7d71ca2539e/', u'surl_for_grid': u'', u'reason': u'Copy succedeed with srm-lcg utils', u'erCode': u'0', u'se_name': u'srm-cms.cern.ch', u'for_lfn': u'/53xRelVal2011Redigi/marfin/RelValTTbar/53xRelVal2011Redigi/844a175eacc74cc51be2e7d71ca2539e/'}}
diz_filter =  {u'output.root': u''}
UserProcessedDataset =  marfin-53xRelVal2011Redigi-844a175eacc74cc51be2e7d71ca2539e
file_name in inputDict =  /home/grid/cms667/home_cream_847934873/CREAM847934873/CMSSW_5_3_11_patch6/output_20_1_u7I.root
(size) os.stat(filename)[6] =  2393002168
checksum =  2506274984
filter =  
    file =  output_20_1_u7I.root
    newPfn =  srm://srm-cms.cern.ch:8443/srm/managerv2?SFN=/castor/cern.ch/user/m/marfin//53xRelVal2011Redigi/marfin/RelValTTbar/53xRelVal2011Redigi/844a175eacc74cc51be2e7d71ca2539e/output_20_1_u7I.root
    newLfn =  /53xRelVal2011Redigi/marfin/RelValTTbar/53xRelVal2011Redigi/844a175eacc74cc51be2e7d71ca2539e/output_20_1_u7I.root
>>> crab_fjr_*.xml  permission set to 0704
Checking output files:  
will tar file crab_fjr_20.xml in  out_files_20
will tar file CMSSW_20.stdout in  out_files_20
will tar file CMSSW_20.stderr in  out_files_20
WARNING: output file Watchdog_20.log.gz not found!
>>> padding time: Wrapper lasting more than 600 seconds. No sleep required.
STOPPING WATCHDOG. CrabWatchdog PID is 6110
********** LAST 50 LINES OF WATCHDOG LOG
cms667    5988  0.1  0.0  64096  1508 ?        SN   10:06   0:00 /bin/sh ./CMSSW.sh 20 1
 
# LIMITS USED BY CRAB WATCHDOG:
# RSS  (KBytes)   : 2300000
# VSZ  (KBytes)   : 100000000
# DISK (MBytes)   : 19000
# CPU TIME        : 720h:0m:0s
# WALL CLOCK TIME : 21h:50m:0s
 
# FOLLOWING PRINTOUT TRACKS MAXIMUM VALUES OF RESOURCES USE
# ONE LINE IS PRINTED EACH TIME A MAXIMUM CHANGES
# IF CHANGE WAS IN RSS OR VSZ ALSO PROCID AND COMMAND ARE PRINTED
# THERE IS NO PRINTOUT FOR CPU/WALL TIME INCREASE
 
# TIME			PID	RSS(KB)	VSZ(KB)	Dsk(MB)	tCPU(s)	tWALL(s)	COMMAND
 Sep 03 10:06:19 CEST	5985	1140	63844	0	0	0	sh -c "./CMSSW.sh" 20 1$* > "CMSSW_20.stdout" 2> "CMSSW_20.stderr"  
 Sep 03 10:06:19 CEST	5988	1508	64096	0	0	0	/bin/sh ./CMSSW.sh 20 1       
 Sep 03 10:06:19 CEST	6122	19352	87788	0	0	0	edmConfigHash pset.py         
 Sep 03 10:06:19 CEST	---	19352	87788	18	----	----	----
 Sep 03 10:07:19 CEST	6302	609416	853904	18	23	61	cmsRun -j /home/grid/cms667/home_cream_847934873/CREAM847934873/crab_fjr_20.xml -p pset.py      
 Sep 03 10:07:19 CEST	---	609416	853904	22	----	----	----
 Sep 03 10:08:20 CEST	6302	1807020	2252972	22	64	121	cmsRun -j /home/grid/cms667/home_cream_847934873/CREAM847934873/crab_fjr_20.xml -p pset.py      
 Sep 03 10:08:20 CEST	---	1807020	2252972	63	----	----	----
 Sep 03 10:09:20 CEST	6302	1855008	2302636	63	122	181	cmsRun -j /home/grid/cms667/home_cream_847934873/CREAM847934873/crab_fjr_20.xml -p pset.py      
 Sep 03 10:09:20 CEST	---	1855008	2302636	189	----	----	----
 Sep 03 10:10:20 CEST	---	1855008	2302636	328	----	----	----
 Sep 03 10:11:20 CEST	6302	1862784	2302636	328	238	302	cmsRun -j /home/grid/cms667/home_cream_847934873/CREAM847934873/crab_fjr_20.xml -p pset.py      
 Sep 03 10:11:20 CEST	---	1862784	2302636	462	----	----	----
 Sep 03 10:12:21 CEST	6302	1864864	2302636	462	296	362	cmsRun -j /home/grid/cms667/home_cream_847934873/CREAM847934873/crab_fjr_20.xml -p pset.py      
 Sep 03 10:12:21 CEST	---	1864864	2302636	592	----	----	----
 Sep 03 10:13:21 CEST	6302	1885120	2306736	592	354	422	cmsRun -j /home/grid/cms667/home_cream_847934873/CREAM847934873/crab_fjr_20.xml -p pset.py      
 Sep 03 10:13:21 CEST	---	1885120	2306736	728	----	----	----
 Sep 03 10:14:21 CEST	---	1885120	2306736	861	----	----	----
 Sep 03 10:15:22 CEST	---	1885120	2306736	1000	----	----	----
 Sep 03 10:16:22 CEST	---	1885120	2306736	1127	----	----	----
 Sep 03 10:17:22 CEST	---	1885120	2306736	1265	----	----	----
 Sep 03 10:18:22 CEST	6302	1908780	2333360	1265	647	724	cmsRun -j /home/grid/cms667/home_cream_847934873/CREAM847934873/crab_fjr_20.xml -p pset.py      
 Sep 03 10:18:22 CEST	---	1908780	2333360	1401	----	----	----
 Sep 03 10:19:23 CEST	6302	1926880	2373552	1401	705	784	cmsRun -j /home/grid/cms667/home_cream_847934873/CREAM847934873/crab_fjr_20.xml -p pset.py      
 Sep 03 10:19:23 CEST	---	1926880	2373552	1540	----	----	----
 Sep 03 10:20:23 CEST	6302	1935748	2382512	1540	764	844	cmsRun -j /home/grid/cms667/home_cream_847934873/CREAM847934873/crab_fjr_20.xml -p pset.py      
 Sep 03 10:20:23 CEST	---	1935748	2382512	1669	----	----	----
 Sep 03 10:21:23 CEST	6302	1935748	2382768	1669	822	905	cmsRun -j /home/grid/cms667/home_cream_847934873/CREAM847934873/crab_fjr_20.xml -p pset.py      
 Sep 03 10:21:23 CEST	---	1935748	2382768	1807	----	----	----
 Sep 03 10:22:24 CEST	---	1935748	2382768	1949	----	----	----
# TIME			PID	RSS(KB)	VSZ(KB)	Dsk(MB)	tCPU(s)	tWALL(s)	COMMAND
 Sep 03 10:23:24 CEST	---	1935748	2382768	2090	----	----	----
 Sep 03 10:24:24 CEST	6302	1937752	2386096	2090	998	1085	cmsRun -j /home/grid/cms667/home_cream_847934873/CREAM847934873/crab_fjr_20.xml -p pset.py      
 Sep 03 10:24:24 CEST	---	1937752	2386096	2225	----	----	----
 Sep 03 10:25:24 CEST	---	1937752	2386096	2307	----	----	----
********** WATCHDOG LOG ENDED
ZIPPING WATCHDOG LOG
Disk space used:
du -sh /home/grid/cms667/home_cream_847934873/CREAM847934873
2.3G	/home/grid/cms667/home_cream_847934873/CREAM847934873
Found unusual stderr, rename for OSB
