This script was generated by crab (version 2.9.0).
Running ./CMSSW.sh with 2 positional parameters: 8 1
Today is Wed Sep  4 10:46:00 CEST 2013
Job submitted on host lxbsq0722.cern.ch
Linux lxbsq0722.cern.ch 2.6.18-308.1.1.el5 #1 SMP Wed Mar 7 19:25:07 CET 2012 x86_64 x86_64 x86_64 GNU/Linux
>>> current directory (RUNTIME_AREA): /home/grid/cms667/home_cream_322760616/CREAM322760616
>>> current user: uid=52545(cms667) gid=1399(zh) groups=1399(zh),1102898772 context=system_u:system_r:initrc_t
>>> directory permission set to 0700
>>> umask set to:  u=rwx,g=,o=
>>> stdout stderr permission set to 0704
>>> voms proxy information:
subject   : /C=DE/O=GermanGrid/OU=DESY/CN=Ihar Marfin/CN=proxy/CN=proxy/CN=proxy/CN=limited proxy
issuer    : /C=DE/O=GermanGrid/OU=DESY/CN=Ihar Marfin/CN=proxy/CN=proxy/CN=proxy
identity  : /C=DE/O=GermanGrid/OU=DESY/CN=Ihar Marfin/CN=proxy/CN=proxy/CN=proxy
type      : limited proxy
strength  : 1024 bits
path      : /home/grid/cms667/home_cream_322760616/cream_322760616.proxy
timeleft  : 189:14:04
key usage : 
=== VO cms extension information ===
VO        : cms
subject   : /C=DE/O=GermanGrid/OU=DESY/CN=Ihar Marfin
issuer    : /DC=ch/DC=cern/OU=computers/CN=lcg-voms.cern.ch
attribute : /cms/Role=NULL/Capability=NULL
attribute : /cms/dcms/Role=NULL/Capability=NULL
timeleft  : 189:15:28
uri       : lcg-voms.cern.ch:15002
>>> tar --no-same-permissions -xf /home/grid/cms667/home_cream_322760616/CREAM322760616/default.tgz :
Successful untar
>>> Include /home/grid/cms667/home_cream_322760616/CREAM322760616 in PYTHONPATH:
strip arguments
env var CRAB_UNIQUE_JOB_ID set to: marfin_crab_0_130904_104334_n47rd1_8_1_7BW
out_files_8
>>> list of expected files on output sandbox
output files: crab_fjr_8.xml CMSSW_8.stdout CMSSW_8.stderr Watchdog_8.log.gz
>>> GridFlavour discovery: 
GridFlavour=LCG
>>> SyncSite discovery: 
not reporting SyncSite
>>> SyncCE discovery: 
getting SyncCE from CE_ID
SyncCE=ce203.cern.ch:8443/cream-lsf-grid_cms
>>> info for dashboard:
***** Cat /home/grid/cms667/home_cream_322760616/CREAM322760616/jobreport.txt *****
MonitorJobID=8_https://wms311.cern.ch:9000/Fq5lxzwncQc_l5tAkF6O6g
SyncGridJobId=https://wms311.cern.ch:9000/Fq5lxzwncQc_l5tAkF6O6g
MonitorID=marfin_crab_0_130904_104334_n47rd1
GridFlavour=LCG
SyncCE=ce203.cern.ch:8443/cream-lsf-grid_cms
***** End Cat jobreport *****
Parameters sent to Dashboard.
>>> setup environment
set SCRAM ARCH to slc5_amd64_gcc462
SCRAM_ARCH = slc5_amd64_gcc462
>>> setup CMS LCG environment:
set SCRAM ARCH and BUILD_ARCH to slc5_amd64_gcc462 ###
Sourcing environment... 
sourcing /afs/cern.ch/project/gd/apps/cms/cmsset_default.sh
==> setup cms environment ok
>>> specific cmssw setup environment:
CMSSW_VERSION =  CMSSW_5_3_11_patch6
>>> current directory (SOFTWARE_DIR): /home/grid/cms667/home_cream_322760616/CREAM322760616/CMSSW_5_3_11_patch6
PreserveSeeds: <>
IncrementSeeds:<>
{"output.root": ""}
WNHostName=lxbsq0722.cern.ch
>>> info for dashboard:
***** Cat /home/grid/cms667/home_cream_322760616/CREAM322760616/jobreport.txt *****
MonitorJobID=8_https://wms311.cern.ch:9000/Fq5lxzwncQc_l5tAkF6O6g
MonitorID=marfin_crab_0_130904_104334_n47rd1
WNHostName=lxbsq0722.cern.ch
***** End Cat jobreport *****
Parameters sent to Dashboard.
crabWatchdog started as process 22241
>>> moving CMSSW software directories in /home/grid/cms667/home_cream_322760616/CREAM322760616/CMSSW_5_3_11_patch6
mv: cannot stat `/home/grid/cms667/home_cream_322760616/CREAM322760616/module/': No such file or directory
>>> Include /home/grid/cms667/home_cream_322760616/CREAM322760616 in PYTHONPATH:
PYTHONPATH=/home/grid/cms667/home_cream_322760616/CREAM322760616/:/pool/grid/cms667/home_cream_322760616/CREAM322760616/CMSSW_5_3_11_patch6/python:/pool/grid/cms667/home_cream_322760616/CREAM322760616/CMSSW_5_3_11_patch6/lib/slc5_amd64_gcc462:/afs/cern.ch/cms/slc5_amd64_gcc462/cms/cmssw-patch/CMSSW_5_3_11_patch6/python:/afs/cern.ch/cms/slc5_amd64_gcc462/cms/cmssw-patch/CMSSW_5_3_11_patch6/lib/slc5_amd64_gcc462:/afs/cern.ch/cms/slc5_amd64_gcc462/cms/cmssw/CMSSW_5_3_11/bin/slc5_amd64_gcc462:/afs/cern.ch/cms/slc5_amd64_gcc462/cms/cmssw/CMSSW_5_3_11/lib/slc5_amd64_gcc462:/afs/cern.ch/cms/slc5_amd64_gcc462/cms/coral/CORAL_2_3_21-cms35/slc5_amd64_gcc462/python:/afs/cern.ch/cms/slc5_amd64_gcc462/cms/coral/CORAL_2_3_21-cms35/slc5_amd64_gcc462/lib:/afs/cern.ch/cms/slc5_amd64_gcc462/external/pyqt/4.8.1/lib/python2.6/site-packages:/afs/cern.ch/cms/slc5_amd64_gcc462/external/py2-scipy/0.8.0/lib/python2.6/site-packages:/afs/cern.ch/cms/slc5_amd64_gcc462/external/py2-matplotlib/1.0.1/lib/python2.6/site-packages:/afs/cern.ch/cms/slc5_amd64_gcc462/external/python-ldap/2.3.5/lib/python2.6/site-packages:/afs/cern.ch/cms/slc5_amd64_gcc462/external/sip/4.11.2/lib/python2.6/site-packages:/afs/cern.ch/cms/slc5_amd64_gcc462/external/py2-pycurl/7.19.0/lib/python2.6/site-packages:/afs/cern.ch/cms/slc5_amd64_gcc462/external/py2-numpy/1.6.1/lib/python2.6/site-packages:/afs/cern.ch/cms/slc5_amd64_gcc462/external/py2-ipython/0.10/lib/python2.6/site-packages:/afs/cern.ch/cms/slc5_amd64_gcc462/external/py2-cx-oracle/5.1-cms11/lib/python2.6/site-packages:/afs/cern.ch/cms/slc5_amd64_gcc462/external/py2-cjson/1.0.5/lib/python2.6/site-packages:/afs/cern.ch/cms/slc5_amd64_gcc462/cms/das-client/1.9.5/bin:/afs/cern.ch/cms/slc5_amd64_gcc462/external/elementtree/1.2.6/share/lib/python2.6/site-packages:/afs/cern.ch/cms/slc5_amd64_gcc462/external/rivet/1.8.2/lib/python2.6/site-packages:/afs/cern.ch/cms/slc5_amd64_gcc462/external/pyminuit2/0.0.1-cms39/lib/python2.6/site-packages:/afs/cern.ch/cms/slc5_amd64_gcc462/external/professor/1.0.0-cms40/lib/python2.6/site-packages:/afs/cern.ch/cms/slc5_amd64_gcc462/lcg/root/5.32.00-cms21/lib:/afs/cern.ch/cms/slc5_amd64_gcc462/cms/dbs-client/DBS_2_1_9-cms3/lib:/afs/cern.ch/cms/slc5_amd64_gcc462/cms/dbs-client/DBS_2_1_9-cms3/lib/DBSAPI:/afs/cern.ch/cms/slc5_amd64_gcc462/external/cvs2git/5419/lib:/home/grid/cms667/home_cream_322760616/CREAM322760616/
 
# LIMITS USED BY CRAB WATCHDOG:
# RSS  (KBytes)   : 2300000
# VSZ  (KBytes)   : 100000000
# DISK (MBytes)   : 19000
# CPU TIME        : 720h:0m:0s
# WALL CLOCK TIME : 21h:50m:0s
 
844a175eacc74cc51be2e7d71ca2539e
PSETHASH = 844a175eacc74cc51be2e7d71ca2539e
/home/grid/cms667/home_cream_322760616/CREAM322760616/writeCfg.py pset.py pset.py
Importing .py file
Setting parameters
RandomNumberGeneratorService found, will attempt to change seeds
inputBlocks=/RelValTTbar/CMSSW_5_3_11_patch3-PU_START53_LV2_09Jul2013-v1/GEN-SIM-DIGI-RAW-HLTDEBUG#bc03e9fc-e90e-11e2-95e5-00221959e7c0
inputFiles=/store/relval/CMSSW_5_3_11_patch3/RelValTTbar/GEN-SIM-DIGI-RAW-HLTDEBUG/PU_START53_LV2_09Jul2013-v1/00000/0E1C7EF4-08E9-E211-A46B-003048678C26.root;/store/relval/CMSSW_5_3_11_patch3/RelValTTbar/GEN-SIM-DIGI-RAW-HLTDEBUG/PU_START53_LV2_09Jul2013-v1/00000/4C4FC573-08E9-E211-A22D-002618943901.root;/store/relval/CMSSW_5_3_11_patch3/RelValTTbar/GEN-SIM-DIGI-RAW-HLTDEBUG/PU_START53_LV2_09Jul2013-v1/00000/FAA932F3-08E9-E211-B34F-00259059649C.root
parentFiles=
lumisRange=
>>> Executable cmsRun
/afs/cern.ch/cms/slc5_amd64_gcc462/cms/cmssw-patch/CMSSW_5_3_11_patch6/bin/slc5_amd64_gcc462/cmsRun
ok executable found
>>> info for dashboard:
***** Cat /home/grid/cms667/home_cream_322760616/CREAM322760616/jobreport.txt *****
MonitorJobID=8_https://wms311.cern.ch:9000/Fq5lxzwncQc_l5tAkF6O6g
MonitorID=marfin_crab_0_130904_104334_n47rd1
ExeStart=cmsRun
***** End Cat jobreport *****
Parameters sent to Dashboard.
>>> cmsRun started at Wed Sep  4 08:46:21 UTC 2013
>>> cmsRun ended at Wed Sep  4 09:17:21 UTC 2013
>>> crab_fjr_*.xml  permission set to 0704
>>> info for dashboard:
***** Cat /home/grid/cms667/home_cream_322760616/CREAM322760616/jobreport.txt *****
MonitorJobID=8_https://wms311.cern.ch:9000/Fq5lxzwncQc_l5tAkF6O6g
MonitorID=marfin_crab_0_130904_104334_n47rd1
ExeEnd=cmsRun
***** End Cat jobreport *****
Parameters sent to Dashboard.
TIME_EXE = 1860 sec
>>> cmsRun wrote 76 lines of stdout+stderr
>>> START OF printout of 76 lines from stdout+stderr
04-Sep-2013 10:46:42 CEST  Initiating request to open file root://eoscms//eos/cms/store/relval/CMSSW_5_3_11_patch3/RelValTTbar/GEN-SIM-DIGI-RAW-HLTDEBUG/PU_START53_LV2_09Jul2013-v1/00000/0E1C7EF4-08E9-E211-A46B-003048678C26.root?svcClass=default
130904 10:46:43 22741 Xrd: GoToAnotherServer: Going to: lxfsrf55c01.cern.ch:1095
04-Sep-2013 10:46:48 CEST  Successfully opened file root://eoscms//eos/cms/store/relval/CMSSW_5_3_11_patch3/RelValTTbar/GEN-SIM-DIGI-RAW-HLTDEBUG/PU_START53_LV2_09Jul2013-v1/00000/0E1C7EF4-08E9-E211-A46B-003048678C26.root?svcClass=default
%MSG-w SiStripQuality:  EventSetupRecordDataGetter:hltGetConditions@beginRun  04-Sep-2013 10:47:56 CEST Run: 1
The cabling should always include the active feds in runInfo and possibly have some morethere are instead 59 feds only active in runInfo
%MSG
Begin processing the 1st record. Run 1, Event 2016, LumiSection 41 at 04-Sep-2013 10:48:15.571 CEST
DTTSPhi::addTracoT: preview not present in TRACO trigger or its code=0  trigger not added!
04-Sep-2013 10:51:18 CEST  Closed file root://eoscms//eos/cms/store/relval/CMSSW_5_3_11_patch3/RelValTTbar/GEN-SIM-DIGI-RAW-HLTDEBUG/PU_START53_LV2_09Jul2013-v1/00000/0E1C7EF4-08E9-E211-A46B-003048678C26.root?svcClass=default
04-Sep-2013 10:51:18 CEST  Initiating request to open file root://eoscms//eos/cms/store/relval/CMSSW_5_3_11_patch3/RelValTTbar/GEN-SIM-DIGI-RAW-HLTDEBUG/PU_START53_LV2_09Jul2013-v1/00000/4C4FC573-08E9-E211-A22D-002618943901.root?svcClass=default
130904 10:51:18 22741 Xrd: GoToAnotherServer: Going to: lxfssl4305.cern.ch:1095
04-Sep-2013 10:51:19 CEST  Successfully opened file root://eoscms//eos/cms/store/relval/CMSSW_5_3_11_patch3/RelValTTbar/GEN-SIM-DIGI-RAW-HLTDEBUG/PU_START53_LV2_09Jul2013-v1/00000/4C4FC573-08E9-E211-A22D-002618943901.root?svcClass=default
130904 10:56:42 22741 Xrd: XrdClientMessage::ReadRaw: Failed to read header (8 bytes).
DTTSPhi::addTracoT: preview not present in TRACO trigger or its code=0  trigger not added!
DTTSPhi::addTracoT: preview not present in TRACO trigger or its code=0  trigger not added!
%MSG-w BasicTrajectoryState:   ElectronSeedProducer:hltActivityStartUpElectronPixelSeeds  04-Sep-2013 10:57:40 CEST Run: 1 Event: 718
local error not pos-def
[            1           0           0           0           0
             0-3.18755e-17-6.24654e-17 3.78115e-12-1.89305e-09
             0-6.24654e-17 3.78986e-14-1.89305e-09 1.14776e-06
             0 3.78115e-12-1.89305e-09 0.000114644  -0.0573972
             0-1.89305e-09 1.14776e-06  -0.0573972     34.8002 ]
%MSG
%MSG-w BasicTrajectoryState:   ElectronSeedProducer:hltActivityStartUpElectronPixelSeeds  04-Sep-2013 10:57:40 CEST Run: 1 Event: 718
curv error not pos-def
[            1           0           0           0           0
             0 3.78985e-14-2.46537e-11-2.42485e-09 1.14776e-06
             0-2.46537e-11-3.01792e-06 1.78089e-06-0.000746897
             0-2.42485e-09 1.78089e-06 0.000175304  -0.0735213
             0 1.14776e-06-0.000746897  -0.0735213     34.8001 ]
%MSG
Begin processing the 101st record. Run 1, Event 816, LumiSection 17 at 04-Sep-2013 10:59:45.325 CEST
DTTSPhi::addTracoT: preview not present in TRACO trigger or its code=0  trigger not added!
Begin processing the 201st record. Run 1, Event 916, LumiSection 19 at 04-Sep-2013 11:04:06.552 CEST
DTTSPhi::addTracoT: preview not present in TRACO trigger or its code=0  trigger not added!
Begin processing the 301st record. Run 1, Event 1166, LumiSection 24 at 04-Sep-2013 11:08:15.615 CEST
DTTSPhi::addTracoT: preview not present in TRACO trigger or its code=0  trigger not added!
DTTSPhi::addTracoT: preview not present in TRACO trigger or its code=0  trigger not added!
DTTSPhi::addTracoT: preview not present in TRACO trigger or its code=0  trigger not added!
DTTSPhi::addTracoT: preview not present in TRACO trigger or its code=0  trigger not added!
130904 11:11:42 22741 Xrd: XrdClientMessage::ReadRaw: Failed to read header (8 bytes).
Begin processing the 401st record. Run 1, Event 1316, LumiSection 27 at 04-Sep-2013 11:12:17.146 CEST
04-Sep-2013 11:13:45 CEST  Closed file root://eoscms//eos/cms/store/relval/CMSSW_5_3_11_patch3/RelValTTbar/GEN-SIM-DIGI-RAW-HLTDEBUG/PU_START53_LV2_09Jul2013-v1/00000/4C4FC573-08E9-E211-A22D-002618943901.root?svcClass=default
04-Sep-2013 11:13:45 CEST  Initiating request to open file root://eoscms//eos/cms/store/relval/CMSSW_5_3_11_patch3/RelValTTbar/GEN-SIM-DIGI-RAW-HLTDEBUG/PU_START53_LV2_09Jul2013-v1/00000/FAA932F3-08E9-E211-B34F-00259059649C.root?svcClass=default
130904 11:13:45 001 Xrd: CheckErrorStatus: Server [eoscms] declared: session not found(error code: 3011)
130904 11:13:45 22741 Xrd: GoToAnotherServer: Going to: lxfsre05a05.cern.ch:1095
04-Sep-2013 11:13:45 CEST  Successfully opened file root://eoscms//eos/cms/store/relval/CMSSW_5_3_11_patch3/RelValTTbar/GEN-SIM-DIGI-RAW-HLTDEBUG/PU_START53_LV2_09Jul2013-v1/00000/FAA932F3-08E9-E211-B34F-00259059649C.root?svcClass=default
DTTSPhi::addTracoT: preview not present in TRACO trigger or its code=0  trigger not added!
DTTSPhi::addTracoT: preview not present in TRACO trigger or its code=0  trigger not added!
DTTSPhi::addTracoT: preview not present in TRACO trigger or its code=0  trigger not added!
DTTSPhi::addTracoT: preview not present in TRACO trigger or its code=0  trigger not added!
DTTSPhi::addTracoT: preview not present in TRACO trigger or its code=0  trigger not added!
04-Sep-2013 11:17:09 CEST  Closed file root://eoscms//eos/cms/store/relval/CMSSW_5_3_11_patch3/RelValTTbar/GEN-SIM-DIGI-RAW-HLTDEBUG/PU_START53_LV2_09Jul2013-v1/00000/FAA932F3-08E9-E211-B34F-00259059649C.root?svcClass=default

=============================================

MessageLogger Summary

 type     category        sev    module        subroutine        count    total
 ---- -------------------- -- ---------------- ----------------  -----    -----
    1 BasicTrajectoryState -w ElectronSeedProd                       2        2
    2 SiStripQuality       -w EventSetupRecord                       1        1
    3 fileAction           -s file_close                             3        3
    4 fileAction           -s file_open                              6        6

 type    category    Examples: run/evt        run/evt          run/evt
 ---- -------------------- ---------------- ---------------- ----------------
    1 BasicTrajectoryState 1/718            1/718            
    2 SiStripQuality       Run: 1                            
    3 fileAction           PostProcessEvent PostProcessEvent PostEndRun
    4 fileAction           pre-events       pre-events       PostProcessEvent

Severity    # Occurrences   Total Occurrences
--------    -------------   -----------------
Warning                 3                   3
System                  9                   9
>>> END OF printout of 76 lines from stdout+stderr
>>> Parse FrameworkJobReport crab_fjr.xml
Result of parsing the FrameworkJobReport crab_fjr.xml: Popularity start
lumisRange : 1::15,17-19,23-24,26-27::1;1::::2;1::::3;
lumisParentRange : 
Basename : /store/relval/CMSSW_5_3_11_patch3/RelValTTbar/GEN-SIM-DIGI-RAW-HLTDEBUG/PU_START53_LV2_09Jul2013-v1/00000/
BasenameParent : 
parentFiles : 
inputBlocks : /RelValTTbar/CMSSW_5_3_11_patch3-PU_START53_LV2_09Jul2013-v1/GEN-SIM-DIGI-RAW-HLTDEBUG#bc03e9fc-e90e-11e2-95e5-00221959e7c0
inputFiles : 4C4FC573-08E9-E211-A22D-002618943901.root::1::EDM::Local::1;FAA932F3-08E9-E211-B34F-00259059649C.root::1::EDM::Local::2;0E1C7EF4-08E9-E211-A46B-003048678C26.root::1::EDM::Local::3;
Popularity stop
Extracted ExitStatus from FrameworkJobReport parsing output: 0
>>> Executable succeded  0
ExeExitCode=0
EXECUTABLE_EXIT_STATUS = 0
>>> current directory /home/grid/cms667/home_cream_322760616/CREAM322760616/CMSSW_5_3_11_patch6
>>>  (SOFTWARE_DIR): /home/grid/cms667/home_cream_322760616/CREAM322760616/CMSSW_5_3_11_patch6
>>> (WORKING_DIR): 
>>> current directory content:
total 4033980
drwxr-xr-x 3 cms667 zh       4096 Sep  4 10:46 .SCRAM
-rw------- 1 cms667 zh    3842679 Sep  4 10:46 CMSSW.py.pkl
drwxr-xr-x 3 cms667 zh       4096 Sep  4 10:46 bin
drwxr-xr-x 3 cms667 zh       4096 Sep  4 10:46 cfipython
drwxr-xr-x 4 cms667 zh       4096 Sep  4 10:46 config
-rw------- 1 cms667 zh         18 Sep  4 11:17 cpu_timing.txt
drwxr-xr-x 2 cms667 zh       4096 Sep  4 10:46 doc
-rw------- 1 cms667 zh       6806 Sep  4 11:17 executable.out
drwxr-xr-x 2 cms667 zh       4096 Sep  4 10:46 include
drwx------ 3 cms667 zh       4096 Aug 26 18:31 lib
drwxr-xr-x 3 cms667 zh       4096 Sep  4 10:46 logs
drwxr-xr-x 3 cms667 zh       4096 Sep  4 10:46 objs
-rw------- 1 cms667 zh 4118897892 Sep  4 11:17 output.root
-rw------- 1 cms667 zh        104 Sep  4 10:46 pset.py
-rw------- 1 cms667 zh    3843681 Sep  4 10:46 pset.py.pkl
-rw------- 1 cms667 zh        289 Sep  4 10:46 pset.pyc
drwxr-xr-x 2 cms667 zh       4096 Sep  4 10:46 python
-rw------- 1 cms667 zh        437 Sep  4 11:17 report.log
drwx------ 5 cms667 zh       4096 Sep  4 10:46 src
drwxr-xr-x 3 cms667 zh       4096 Sep  4 10:46 test
drwxr-xr-x 3 cms667 zh       4096 Sep  4 10:46 tmp
>>> current directory /home/grid/cms667/home_cream_322760616/CREAM322760616/CMSSW_5_3_11_patch6
>>> (SOFTWARE_DIR): /home/grid/cms667/home_cream_322760616/CREAM322760616/CMSSW_5_3_11_patch6
>>> (WORKING_DIR): 
>>> current directory content:
total 4033980
drwxr-xr-x 3 cms667 zh       4096 Sep  4 10:46 .SCRAM
-rw------- 1 cms667 zh    3842679 Sep  4 10:46 CMSSW.py.pkl
drwxr-xr-x 3 cms667 zh       4096 Sep  4 10:46 bin
drwxr-xr-x 3 cms667 zh       4096 Sep  4 10:46 cfipython
drwxr-xr-x 4 cms667 zh       4096 Sep  4 10:46 config
-rw------- 1 cms667 zh         18 Sep  4 11:17 cpu_timing.txt
drwxr-xr-x 2 cms667 zh       4096 Sep  4 10:46 doc
-rw------- 1 cms667 zh       6806 Sep  4 11:17 executable.out
drwxr-xr-x 2 cms667 zh       4096 Sep  4 10:46 include
drwx------ 3 cms667 zh       4096 Aug 26 18:31 lib
drwxr-xr-x 3 cms667 zh       4096 Sep  4 10:46 logs
drwxr-xr-x 3 cms667 zh       4096 Sep  4 10:46 objs
-rw------- 1 cms667 zh 4118897892 Sep  4 11:17 output_8_1_7BW.root
-rw------- 1 cms667 zh        104 Sep  4 10:46 pset.py
-rw------- 1 cms667 zh    3843681 Sep  4 10:46 pset.py.pkl
-rw------- 1 cms667 zh        289 Sep  4 10:46 pset.pyc
drwxr-xr-x 2 cms667 zh       4096 Sep  4 10:46 python
-rw------- 1 cms667 zh        437 Sep  4 11:17 report.log
drwx------ 5 cms667 zh       4096 Sep  4 10:46 src
drwxr-xr-x 3 cms667 zh       4096 Sep  4 10:46 test
drwxr-xr-x 3 cms667 zh       4096 Sep  4 10:46 tmp
>>> current directory (RUNTIME_AREA):  /home/grid/cms667/home_cream_322760616/CREAM322760616
SE = srm-cms.cern.ch
SE_PATH = /srm/v2/server?SFN=/eos/cms/store/user/marfin/RelValTTbar/53xRelVal2011Redigi/844a175eacc74cc51be2e7d71ca2539e/
LFNBaseName = /store/user/marfin/RelValTTbar/53xRelVal2011Redigi/844a175eacc74cc51be2e7d71ca2539e/
USER = marfin
endpoint = srm://srm-eoscms.cern.ch:8443/srm/v2/server?SFN=/eos/cms/store/user/marfin/RelValTTbar/53xRelVal2011Redigi/844a175eacc74cc51be2e7d71ca2539e/
>>> Copy output files from WN = lxbsq0722.cern.ch to /srm/v2/server?SFN=/eos/cms/store/user/marfin/RelValTTbar/53xRelVal2011Redigi/844a175eacc74cc51be2e7d71ca2539e/ :
python cmscp.py  --destination srm://srm-eoscms.cern.ch:8443/srm/v2/server?SFN=/eos/cms/store/user/marfin/RelValTTbar/53xRelVal2011Redigi/844a175eacc74cc51be2e7d71ca2539e/ --inputFileList /home/grid/cms667/home_cream_322760616/CREAM322760616/CMSSW_5_3_11_patch6/output_8_1_7BW.root --middleware LCG --se_name srm-cms.cern.ch --for_lfn /store/user/marfin/RelValTTbar/53xRelVal2011Redigi/844a175eacc74cc51be2e7d71ca2539e/    
******************************************************
localSeName  =  srm-eoscms.cern.ch
remoteSeName =  srm-cms.cern.ch
******************************************************
{"/home/grid/cms667/home_cream_322760616/CREAM322760616/CMSSW_5_3_11_patch6/output_8_1_7BW.root": {"endpoint": "srm://srm-eoscms.cern.ch:8443/srm/v2/server?SFN=/eos/cms/store/user/marfin/RelValTTbar/53xRelVal2011Redigi/844a175eacc74cc51be2e7d71ca2539e/", "surl_for_grid": "", "reason": "Problem copying /home/grid/cms667/home_cream_322760616/CREAM322760616/CMSSW_5_3_11_patch6/output_8_1_7BW.root file'Permission denied!'\nERROR: problems removing partially staged file output_8_1_7BW.root'Error deleting [output_8_1_7BW.root]'", "erCode": "60307", "se_name": "srm-cms.cern.ch", "for_lfn": "/copy_problem/"}}/home/grid/cms667/home_cream_322760616/CREAM322760616
-------- cat /home/grid/cms667/home_cream_322760616/CREAM322760616/cmscpReport.sh 
#!/bin/bash
echo "Report for File: /home/grid/cms667/home_cream_322760616/CREAM322760616/CMSSW_5_3_11_patch6/output_8_1_7BW.root"
echo "LFN: /copy_problem/output_8_1_7BW.root"
echo "StorageElement: srm-cms.cern.ch"
echo "StageOutExitStatusReason = 'Problem copying /home/grid/cms667/home_cream_322760616/CREAM322760616/CMSSW_5_3_11_patch6/output_8_1_7BW.root file Permission denied! 
ERROR: problems removing partially staged file output_8_1_7BW.root Error deleting [output_8_1_7BW.root] '" | tee -a $RUNTIME_AREA/$repo
echo "StageOutSE = srm-cms.cern.ch" >> $RUNTIME_AREA/$repo

export StageOutExitStatus=60307
echo "StageOutExitStatus = 60307" | tee -a $RUNTIME_AREA/$repo
-------- end of /home/grid/cms667/home_cream_322760616/CREAM322760616/cmscpReport.sh 
Report for File: /home/grid/cms667/home_cream_322760616/CREAM322760616/CMSSW_5_3_11_patch6/output_8_1_7BW.root
LFN: /copy_problem/output_8_1_7BW.root
StorageElement: srm-cms.cern.ch
StageOutExitStatusReason = 'Problem copying /home/grid/cms667/home_cream_322760616/CREAM322760616/CMSSW_5_3_11_patch6/output_8_1_7BW.root file Permission denied! 
ERROR: problems removing partially staged file output_8_1_7BW.root Error deleting [output_8_1_7BW.root] '
StageOutExitStatus = 60307
Problem copying file to srm-cms.cern.ch /srm/v2/server?SFN=/eos/cms/store/user/marfin/RelValTTbar/53xRelVal2011Redigi/844a175eacc74cc51be2e7d71ca2539e/
########## contents of SE interaction
2013-09-04 11:17:39.971861:
Executed:	unset LD_LIBRARY_PATH; unset GLITE_ENV_SET; export PATH=/usr/bin:/bin; source /etc/profile; source /home/grid/cms667/home_cream_322760616/CREAM322760616/CacheEnv.sh ; lcg-ls -b -D srmv2 --srm-timeout 2400 --sendreceive-timeout 2400 --connect-timeout 300 --verbose srm://srm-eoscms.cern.ch:8443/srm/v2/server?SFN=/eos/cms/store/user/marfin/RelValTTbar/53xRelVal2011Redigi/844a175eacc74cc51be2e7d71ca2539e/output_8_1_7BW.root
Done with exit code:	1
and output:
SE type: SRMv2
/eos/cms/store/user/marfin/RelValTTbar/53xRelVal2011Redigi/844a175eacc74cc51be2e7d71ca2539e/output_8_1_7BW.root: [SE][Ls][SRM_INVALID_PATH] No such file or directory.


2013-09-04 11:18:15.972009:
Executed:	unset LD_LIBRARY_PATH; unset GLITE_ENV_SET; export PATH=/usr/bin:/bin; source /etc/profile; source /home/grid/cms667/home_cream_322760616/CREAM322760616/CacheEnv.sh ;  lcg-cp  --verbose  --vo=cms  -b -D srmv2 --srm-timeout 2400 --sendreceive-timeout 2400 --connect-timeout 300 --verbose file:///home/grid/cms667/home_cream_322760616/CREAM322760616/CMSSW_5_3_11_patch6/output_8_1_7BW.root srm://srm-eoscms.cern.ch:8443/srm/v2/server?SFN=/eos/cms/store/user/marfin/RelValTTbar/53xRelVal2011Redigi/844a175eacc74cc51be2e7d71ca2539e/output_8_1_7BW.root
Done with exit code:	1
and output:
Using grid catalog type: UNKNOWN
Using grid catalog : (null)
VO name: cms
Checksum type: None
Destination SE type: SRMv2
[SE][Mkdir][SRM_FAILURE] httpg://srm-eoscms.cern.ch:8443/srm/v2/server: srm://srm-eoscms.cern.ch:8443/srm/v2/server?SFN=/eos/cms/store/user/marfin/RelValTTbar/53xRelVal2011Redigi/844a175eacc74cc51be2e7d71ca2539e: Error:/bin/mkdir: cannot create directory `/eos/cms/store/user/marfin': Permission denied
Ref-u marfin  /bin/mkdir /eos/cms/store/user/marfin
[SE][PrepareToPut][SRM_FAILURE] httpg://srm-eoscms.cern.ch:8443/srm/v2/server: <none>
lcg_cp: Invalid argument


2013-09-04 11:18:27.972991:
Executed:	unset LD_LIBRARY_PATH; unset GLITE_ENV_SET; export PATH=/usr/bin:/bin; source /etc/profile; source /home/grid/cms667/home_cream_322760616/CREAM322760616/CacheEnv.sh ; lcg-del  --verbose  --vo=cms  -b -D srmv2 --srm-timeout 2400 --sendreceive-timeout 2400 --connect-timeout 300 --verbose --nolfc srm://srm-eoscms.cern.ch:8443/srm/v2/server?SFN=/eos/cms/store/user/marfin/RelValTTbar/53xRelVal2011Redigi/844a175eacc74cc51be2e7d71ca2539e/output_8_1_7BW.root
Done with exit code:	1
and output:
VO name: cms
SE type: SRMv2
srm://srm-eoscms.cern.ch:8443/srm/v2/server?SFN=/eos/cms/store/user/marfin/RelValTTbar/53xRelVal2011Redigi/844a175eacc74cc51be2e7d71ca2539e/output_8_1_7BW.root: [SE][srmRm][SRM_FAILURE] Error:/bin/rm: cannot remove `/eos/cms/store/user/marfin/RelValTTbar/53xRelVal2011Redigi/844a175eacc74cc51be2e7d71ca2539e/output_8_1_7BW.root': No such file or directory
Ref-u marfin  /bin/rm /eos/cms/store/user/marfin/RelValTTbar/53xRelVal2011Redigi/844a175eacc74cc51be2e7d71ca2539e/output_8_1_7BW.root



#####################################
>>> current dir: /home/grid/cms667/home_cream_322760616/CREAM322760616
>>> current dir content:
total 6400
-rwx------  1 cms667 zh   13669 Sep  4 10:45 .BrokerInfo
-rw-------  1 cms667 zh    2940 Sep  4 11:18 .SEinteraction.log
-rwx------  1 cms667 zh       0 Sep  4 10:45 .tmp_file
-rw-------  1 cms667 zh     105 Sep  4 10:43 CMSSW.py
-rw-------  1 cms667 zh 3842679 Sep  4 10:43 CMSSW.py.pkl
-rwx------  1 cms667 zh   27940 Sep  4 10:45 CMSSW.sh
drwxr-xr-x 15 cms667 zh    4096 Sep  4 11:17 CMSSW_5_3_11_patch6
-rwx------  1 cms667 zh       0 Sep  4 10:46 CMSSW_8.stderr
-rwx---r--  1 cms667 zh   25053 Sep  4 11:19 CMSSW_8.stdout
-rw-------  1 cms667 zh     484 Sep  4 10:46 CacheEnv.sh
-rw-------  1 cms667 zh    7291 Jun  9  2010 DashboardAPI.py
-rw-------  1 cms667 zh    6493 Sep  4 10:46 DashboardAPI.pyc
drwx------  3 cms667 zh    4096 Aug 20 17:36 IMProv
-rw-------  1 cms667 zh    2748 Mar  8  2006 Logger.py
-rw-------  1 cms667 zh    3223 Sep  4 10:46 Logger.pyc
-rw-------  1 cms667 zh   24524 Mar 28  2008 ProcInfo.py
-rw-------  1 cms667 zh   22846 Sep  4 10:46 ProcInfo.pyc
drwx------  7 cms667 zh    4096 Sep  4 10:46 ProdCommon
drwx------  3 cms667 zh    4096 Sep  4 10:46 WMCore
-rw-------  1 cms667 zh    5048 Sep  4 11:17 Watchdog_8.log
-rw-------  1 cms667 zh   32895 Mar 28  2008 apmon.py
-rw-------  1 cms667 zh   28120 Sep  4 10:46 apmon.pyc
-rwx------  1 cms667 zh   10416 Sep  4 10:45 arguments.xml
-rwx------  1 cms667 zh   38507 Aug  6 23:12 cmscp.py
-rw-------  1 cms667 zh     675 Sep  4 11:19 cmscpReport.sh
-rw-------  1 cms667 zh     536 Sep  4 10:43 crab.cfg
-rwx------  1 cms667 zh    8610 Apr  2 15:44 crabWatchdog.sh
-rwx---r--  1 cms667 zh  931257 Sep  4 11:17 crab_fjr_8.xml
-rwx------  1 cms667 zh 1216362 Sep  4 10:45 default.tgz
-rwx------  1 cms667 zh    4488 May 12  2012 fillCrabFjr.py
-rw-------  1 cms667 zh     616 Sep  4 10:46 inputsReport.txt
-rw-------  1 cms667 zh     463 Sep  4 11:19 jobreport.txt
lrwxrwxrwx  1 cms667 zh      93 Sep  4 11:17 output.root -> /home/grid/cms667/home_cream_322760616/CREAM322760616/CMSSW_5_3_11_patch6/output_8_1_7BW.root
-rw-------  1 cms667 zh   17352 Jan 20  2012 parseCrabFjr.py
-rw-------  1 cms667 zh     264 Sep  4 10:46 report.log
-rwx--x--x  1 cms667 zh    1497 May 27  2009 report.py
-rw-------  1 cms667 zh     608 Sep  4 11:19 resultCopyFile
-rwx------  1 cms667 zh    8387 Mar 23  2011 writeCfg.py
>>> Modify Job Report:
CMSSW_VERSION = CMSSW_5_3_11_patch6
ProcessedDataset = 53xRelVal2011Redigi
/home/grid/cms667/home_cream_322760616/CREAM322760616/ProdCommon/FwkJobRep/ModifyJobReport.py fjr /home/grid/cms667/home_cream_322760616/CREAM322760616/crab_fjr_8.xml json /home/grid/cms667/home_cream_322760616/CREAM322760616/resultCopyFile n_job 8_1_7BW PrimaryDataset RelValTTbar  ApplicationFamily cmsRun ApplicationName cmsRun cmssw_version CMSSW_5_3_11_patch6 psethash 844a175eacc74cc51be2e7d71ca2539e UserProcessedDataset marfin-53xRelVal2011Redigi-844a175eacc74cc51be2e7d71ca2539e
inputDict =  {u'/home/grid/cms667/home_cream_322760616/CREAM322760616/CMSSW_5_3_11_patch6/output_8_1_7BW.root': {u'endpoint': u'srm://srm-eoscms.cern.ch:8443/srm/v2/server?SFN=/eos/cms/store/user/marfin/RelValTTbar/53xRelVal2011Redigi/844a175eacc74cc51be2e7d71ca2539e/', u'surl_for_grid': u'', u'reason': u"Problem copying /home/grid/cms667/home_cream_322760616/CREAM322760616/CMSSW_5_3_11_patch6/output_8_1_7BW.root file'Permission denied!'\nERROR: problems removing partially staged file output_8_1_7BW.root'Error deleting [output_8_1_7BW.root]'", u'erCode': u'60307', u'se_name': u'srm-cms.cern.ch', u'for_lfn': u'/copy_problem/'}}
diz_filter =  {u'output.root': u''}
UserProcessedDataset =  marfin-53xRelVal2011Redigi-844a175eacc74cc51be2e7d71ca2539e
file_name in inputDict =  /home/grid/cms667/home_cream_322760616/CREAM322760616/CMSSW_5_3_11_patch6/output_8_1_7BW.root
(size) os.stat(filename)[6] =  4118897892
checksum =  2873147310
filter =  
    file =  output_8_1_7BW.root
    newPfn =  srm://srm-eoscms.cern.ch:8443/srm/v2/server?SFN=/eos/cms/store/user/marfin/RelValTTbar/53xRelVal2011Redigi/844a175eacc74cc51be2e7d71ca2539e/output_8_1_7BW.root
    newLfn =  /copy_problem/output_8_1_7BW.root
>>> crab_fjr_*.xml  permission set to 0704
Checking output files:  
will tar file crab_fjr_8.xml in  out_files_8
will tar file CMSSW_8.stdout in  out_files_8
will tar file CMSSW_8.stderr in  out_files_8
WARNING: output file Watchdog_8.log.gz not found!
>>> padding time: Wrapper lasting more than 600 seconds. No sleep required.
STOPPING WATCHDOG. CrabWatchdog PID is 22241
********** LAST 50 LINES OF WATCHDOG LOG
# TIME			PID	RSS(KB)	VSZ(KB)	Dsk(MB)	tCPU(s)	tWALL(s)	COMMAND
 Sep 04 10:46:04 CEST	22058	1136	63848	0	0	0	sh -c "./CMSSW.sh" 8 1$* > "CMSSW_8.stdout" 2> "CMSSW_8.stderr"  
 Sep 04 10:46:04 CEST	22061	1504	64100	0	0	0	/bin/sh ./CMSSW.sh 8 1       
 Sep 04 10:46:04 CEST	22249	26108	92084	0	0	0	edmConfigHash pset.py         
 Sep 04 10:46:04 CEST	---	26108	92084	18	----	----	----
 Sep 04 10:47:04 CEST	22741	498356	707604	18	23	61	cmsRun -j /home/grid/cms667/home_cream_322760616/CREAM322760616/crab_fjr_8.xml -p pset.py      
 Sep 04 10:47:04 CEST	---	498356	707604	22	----	----	----
 Sep 04 10:48:05 CEST	22741	1124256	1422756	22	58	122	cmsRun -j /home/grid/cms667/home_cream_322760616/CREAM322760616/crab_fjr_8.xml -p pset.py      
 Sep 04 10:49:06 CEST	22741	1794524	2254904	22	105	182	cmsRun -j /home/grid/cms667/home_cream_322760616/CREAM322760616/crab_fjr_8.xml -p pset.py      
 Sep 04 10:49:06 CEST	---	1794524	2254904	89	----	----	----
 Sep 04 10:50:06 CEST	22741	1804012	2254904	89	164	243	cmsRun -j /home/grid/cms667/home_cream_322760616/CREAM322760616/crab_fjr_8.xml -p pset.py      
 Sep 04 10:50:06 CEST	---	1804012	2254904	204	----	----	----
 Sep 04 10:51:07 CEST	22741	1825004	2264380	204	224	303	cmsRun -j /home/grid/cms667/home_cream_322760616/CREAM322760616/crab_fjr_8.xml -p pset.py      
 Sep 04 10:51:07 CEST	---	1825004	2264380	310	----	----	----
 Sep 04 10:52:07 CEST	---	1825004	2264380	686	----	----	----
 Sep 04 10:53:07 CEST	---	1825004	2264380	1142	----	----	----
 Sep 04 10:54:08 CEST	---	1825004	2264380	1617	----	----	----
 Sep 04 10:55:08 CEST	---	1825004	2264380	2172	----	----	----
 Sep 04 10:56:09 CEST	---	1825004	2264380	2738	----	----	----
 Sep 04 10:57:09 CEST	22741	1825004	2298176	2738	351	665	cmsRun -j /home/grid/cms667/home_cream_322760616/CREAM322760616/crab_fjr_8.xml -p pset.py      
 Sep 04 10:57:09 CEST	---	1825004	2298176	3144	----	----	----
 Sep 04 10:58:09 CEST	22741	1832824	2298176	3144	410	726	cmsRun -j /home/grid/cms667/home_cream_322760616/CREAM322760616/crab_fjr_8.xml -p pset.py      
 Sep 04 10:58:09 CEST	---	1832824	2298176	3171	----	----	----
 Sep 04 10:59:10 CEST	22741	1837708	2298176	3171	470	786	cmsRun -j /home/grid/cms667/home_cream_322760616/CREAM322760616/crab_fjr_8.xml -p pset.py      
 Sep 04 10:59:10 CEST	---	1837708	2298176	3198	----	----	----
 Sep 04 11:00:10 CEST	---	1837708	2298176	3225	----	----	----
 Sep 04 11:01:11 CEST	---	1837708	2298176	3252	----	----	----
 Sep 04 11:02:11 CEST	22741	1842176	2298176	3252	649	968	cmsRun -j /home/grid/cms667/home_cream_322760616/CREAM322760616/crab_fjr_8.xml -p pset.py      
 Sep 04 11:02:11 CEST	---	1842176	2298176	3277	----	----	----
 Sep 04 11:03:12 CEST	---	1842176	2298176	3305	----	----	----
 Sep 04 11:04:12 CEST	---	1842176	2298176	3333	----	----	----
# TIME			PID	RSS(KB)	VSZ(KB)	Dsk(MB)	tCPU(s)	tWALL(s)	COMMAND
 Sep 04 11:05:13 CEST	---	1842176	2298176	3360	----	----	----
 Sep 04 11:06:13 CEST	---	1842176	2298176	3387	----	----	----
 Sep 04 11:07:13 CEST	22741	1844496	2298176	3387	947	1270	cmsRun -j /home/grid/cms667/home_cream_322760616/CREAM322760616/crab_fjr_8.xml -p pset.py      
 Sep 04 11:07:13 CEST	---	1844496	2298176	3413	----	----	----
 Sep 04 11:08:14 CEST	---	1844496	2298176	3442	----	----	----
 Sep 04 11:09:14 CEST	---	1844496	2298176	3471	----	----	----
 Sep 04 11:10:15 CEST	22741	1847296	2299968	3471	1126	1451	cmsRun -j /home/grid/cms667/home_cream_322760616/CREAM322760616/crab_fjr_8.xml -p pset.py      
 Sep 04 11:10:15 CEST	---	1847296	2299968	3501	----	----	----
 Sep 04 11:11:15 CEST	---	1847296	2299968	3528	----	----	----
 Sep 04 11:12:16 CEST	22741	1852240	2306624	3528	1245	1572	cmsRun -j /home/grid/cms667/home_cream_322760616/CREAM322760616/crab_fjr_8.xml -p pset.py      
 Sep 04 11:12:16 CEST	---	1852240	2306624	3555	----	----	----
 Sep 04 11:13:16 CEST	---	1852240	2306624	3583	----	----	----
 Sep 04 11:14:16 CEST	22741	2012688	2431044	3583	1360	1693	cmsRun -j /home/grid/cms667/home_cream_322760616/CREAM322760616/crab_fjr_8.xml -p pset.py      
 Sep 04 11:14:16 CEST	---	2012688	2431044	3636	----	----	----
 Sep 04 11:15:17 CEST	---	2012688	2431044	3745	----	----	----
 Sep 04 11:16:17 CEST	22741	2013464	2431044	3745	1478	1814	cmsRun -j /home/grid/cms667/home_cream_322760616/CREAM322760616/crab_fjr_8.xml -p pset.py      
 Sep 04 11:16:17 CEST	---	2013464	2431044	3847	----	----	----
 Sep 04 11:17:18 CEST	---	2013464	2431044	3955	----	----	----
********** WATCHDOG LOG ENDED
ZIPPING WATCHDOG LOG
Disk space used:
du -sh /home/grid/cms667/home_cream_322760616/CREAM322760616
3.9G	/home/grid/cms667/home_cream_322760616/CREAM322760616
Found unusual stderr, rename for OSB
