This script was generated by crab (version 2.9.0).
Running ./CMSSW.sh with 2 positional parameters: 14 1
Today is Wed Sep  4 10:44:58 CEST 2013
Job submitted on host lxbrb1807.cern.ch
Linux lxbrb1807.cern.ch 2.6.18-348.16.1.el5 #1 SMP Wed Aug 21 09:03:55 CEST 2013 x86_64 x86_64 x86_64 GNU/Linux
>>> current directory (RUNTIME_AREA): /home/grid/cms667/home_cream_135791102/CREAM135791102
>>> current user: uid=52545(cms667) gid=1399(zh) groups=1399(zh),1092215503 context=system_u:system_r:initrc_t
>>> directory permission set to 0700
>>> umask set to:  u=rwx,g=,o=
>>> stdout stderr permission set to 0704
>>> voms proxy information:
subject   : /C=DE/O=GermanGrid/OU=DESY/CN=Ihar Marfin/CN=proxy/CN=proxy/CN=proxy/CN=limited proxy
issuer    : /C=DE/O=GermanGrid/OU=DESY/CN=Ihar Marfin/CN=proxy/CN=proxy/CN=proxy
identity  : /C=DE/O=GermanGrid/OU=DESY/CN=Ihar Marfin/CN=proxy/CN=proxy/CN=proxy
type      : limited proxy
strength  : 1024 bits
path      : /home/grid/cms667/home_cream_135791102/cream_135791102.proxy
timeleft  : 189:14:09
key usage : 
=== VO cms extension information ===
VO        : cms
subject   : /C=DE/O=GermanGrid/OU=DESY/CN=Ihar Marfin
issuer    : /DC=ch/DC=cern/OU=computers/CN=lcg-voms.cern.ch
attribute : /cms/Role=NULL/Capability=NULL
attribute : /cms/dcms/Role=NULL/Capability=NULL
timeleft  : 189:16:30
uri       : lcg-voms.cern.ch:15002
>>> tar --no-same-permissions -xf /home/grid/cms667/home_cream_135791102/CREAM135791102/default.tgz :
Successful untar
>>> Include /home/grid/cms667/home_cream_135791102/CREAM135791102 in PYTHONPATH:
strip arguments
env var CRAB_UNIQUE_JOB_ID set to: marfin_crab_0_130904_104334_n47rd1_14_1_mj1
out_files_14
>>> list of expected files on output sandbox
output files: crab_fjr_14.xml CMSSW_14.stdout CMSSW_14.stderr Watchdog_14.log.gz
>>> GridFlavour discovery: 
GridFlavour=LCG
>>> SyncSite discovery: 
not reporting SyncSite
>>> SyncCE discovery: 
getting SyncCE from CE_ID
SyncCE=ce202.cern.ch:8443/cream-lsf-grid_cms
>>> info for dashboard:
***** Cat /home/grid/cms667/home_cream_135791102/CREAM135791102/jobreport.txt *****
MonitorJobID=14_https://wms311.cern.ch:9000/LN1bngJMK8jWkqxXGV5GrQ
SyncGridJobId=https://wms311.cern.ch:9000/LN1bngJMK8jWkqxXGV5GrQ
MonitorID=marfin_crab_0_130904_104334_n47rd1
GridFlavour=LCG
SyncCE=ce202.cern.ch:8443/cream-lsf-grid_cms
***** End Cat jobreport *****
Parameters sent to Dashboard.
>>> setup environment
set SCRAM ARCH to slc5_amd64_gcc462
SCRAM_ARCH = slc5_amd64_gcc462
>>> setup CMS LCG environment:
set SCRAM ARCH and BUILD_ARCH to slc5_amd64_gcc462 ###
Sourcing environment... 
sourcing /afs/cern.ch/project/gd/apps/cms/cmsset_default.sh
==> setup cms environment ok
>>> specific cmssw setup environment:
CMSSW_VERSION =  CMSSW_5_3_11_patch6
>>> current directory (SOFTWARE_DIR): /home/grid/cms667/home_cream_135791102/CREAM135791102/CMSSW_5_3_11_patch6
PreserveSeeds: <>
IncrementSeeds:<>
{"output.root": ""}
WNHostName=lxbrb1807.cern.ch
>>> info for dashboard:
***** Cat /home/grid/cms667/home_cream_135791102/CREAM135791102/jobreport.txt *****
MonitorJobID=14_https://wms311.cern.ch:9000/LN1bngJMK8jWkqxXGV5GrQ
MonitorID=marfin_crab_0_130904_104334_n47rd1
WNHostName=lxbrb1807.cern.ch
***** End Cat jobreport *****
Parameters sent to Dashboard.
crabWatchdog started as process 6402
>>> moving CMSSW software directories in /home/grid/cms667/home_cream_135791102/CREAM135791102/CMSSW_5_3_11_patch6
mv: cannot stat `/home/grid/cms667/home_cream_135791102/CREAM135791102/module/': No such file or directory
>>> Include /home/grid/cms667/home_cream_135791102/CREAM135791102 in PYTHONPATH:
PYTHONPATH=/home/grid/cms667/home_cream_135791102/CREAM135791102/:/pool/grid/cms667/home_cream_135791102/CREAM135791102/CMSSW_5_3_11_patch6/python:/pool/grid/cms667/home_cream_135791102/CREAM135791102/CMSSW_5_3_11_patch6/lib/slc5_amd64_gcc462:/afs/cern.ch/cms/slc5_amd64_gcc462/cms/cmssw-patch/CMSSW_5_3_11_patch6/python:/afs/cern.ch/cms/slc5_amd64_gcc462/cms/cmssw-patch/CMSSW_5_3_11_patch6/lib/slc5_amd64_gcc462:/afs/cern.ch/cms/slc5_amd64_gcc462/cms/cmssw/CMSSW_5_3_11/bin/slc5_amd64_gcc462:/afs/cern.ch/cms/slc5_amd64_gcc462/cms/cmssw/CMSSW_5_3_11/lib/slc5_amd64_gcc462:/afs/cern.ch/cms/slc5_amd64_gcc462/cms/coral/CORAL_2_3_21-cms35/slc5_amd64_gcc462/python:/afs/cern.ch/cms/slc5_amd64_gcc462/cms/coral/CORAL_2_3_21-cms35/slc5_amd64_gcc462/lib:/afs/cern.ch/cms/slc5_amd64_gcc462/external/pyqt/4.8.1/lib/python2.6/site-packages:/afs/cern.ch/cms/slc5_amd64_gcc462/external/py2-scipy/0.8.0/lib/python2.6/site-packages:/afs/cern.ch/cms/slc5_amd64_gcc462/external/py2-matplotlib/1.0.1/lib/python2.6/site-packages:/afs/cern.ch/cms/slc5_amd64_gcc462/external/python-ldap/2.3.5/lib/python2.6/site-packages:/afs/cern.ch/cms/slc5_amd64_gcc462/external/sip/4.11.2/lib/python2.6/site-packages:/afs/cern.ch/cms/slc5_amd64_gcc462/external/py2-pycurl/7.19.0/lib/python2.6/site-packages:/afs/cern.ch/cms/slc5_amd64_gcc462/external/py2-numpy/1.6.1/lib/python2.6/site-packages:/afs/cern.ch/cms/slc5_amd64_gcc462/external/py2-ipython/0.10/lib/python2.6/site-packages:/afs/cern.ch/cms/slc5_amd64_gcc462/external/py2-cx-oracle/5.1-cms11/lib/python2.6/site-packages:/afs/cern.ch/cms/slc5_amd64_gcc462/external/py2-cjson/1.0.5/lib/python2.6/site-packages:/afs/cern.ch/cms/slc5_amd64_gcc462/cms/das-client/1.9.5/bin:/afs/cern.ch/cms/slc5_amd64_gcc462/external/elementtree/1.2.6/share/lib/python2.6/site-packages:/afs/cern.ch/cms/slc5_amd64_gcc462/external/rivet/1.8.2/lib/python2.6/site-packages:/afs/cern.ch/cms/slc5_amd64_gcc462/external/pyminuit2/0.0.1-cms39/lib/python2.6/site-packages:/afs/cern.ch/cms/slc5_amd64_gcc462/external/professor/1.0.0-cms40/lib/python2.6/site-packages:/afs/cern.ch/cms/slc5_amd64_gcc462/lcg/root/5.32.00-cms21/lib:/afs/cern.ch/cms/slc5_amd64_gcc462/cms/dbs-client/DBS_2_1_9-cms3/lib:/afs/cern.ch/cms/slc5_amd64_gcc462/cms/dbs-client/DBS_2_1_9-cms3/lib/DBSAPI:/afs/cern.ch/cms/slc5_amd64_gcc462/external/cvs2git/5419/lib:/home/grid/cms667/home_cream_135791102/CREAM135791102/
 
# LIMITS USED BY CRAB WATCHDOG:
# RSS  (KBytes)   : 2300000
# VSZ  (KBytes)   : 100000000
# DISK (MBytes)   : 19000
# CPU TIME        : 720h:0m:0s
# WALL CLOCK TIME : 21h:50m:0s
 
844a175eacc74cc51be2e7d71ca2539e
PSETHASH = 844a175eacc74cc51be2e7d71ca2539e
/home/grid/cms667/home_cream_135791102/CREAM135791102/writeCfg.py pset.py pset.py
Importing .py file
Setting parameters
RandomNumberGeneratorService found, will attempt to change seeds
inputBlocks=/RelValTTbar/CMSSW_5_3_11_patch3-PU_START53_LV2_09Jul2013-v1/GEN-SIM-DIGI-RAW-HLTDEBUG#bc03e9fc-e90e-11e2-95e5-00221959e7c0
inputFiles=/store/relval/CMSSW_5_3_11_patch3/RelValTTbar/GEN-SIM-DIGI-RAW-HLTDEBUG/PU_START53_LV2_09Jul2013-v1/00000/485AB0AE-08E9-E211-9B9A-0026189438AC.root;/store/relval/CMSSW_5_3_11_patch3/RelValTTbar/GEN-SIM-DIGI-RAW-HLTDEBUG/PU_START53_LV2_09Jul2013-v1/00000/E475BAC4-08E9-E211-A2F2-00261894393E.root
parentFiles=
lumisRange=
>>> Executable cmsRun
/afs/cern.ch/cms/slc5_amd64_gcc462/cms/cmssw-patch/CMSSW_5_3_11_patch6/bin/slc5_amd64_gcc462/cmsRun
ok executable found
>>> info for dashboard:
***** Cat /home/grid/cms667/home_cream_135791102/CREAM135791102/jobreport.txt *****
MonitorJobID=14_https://wms311.cern.ch:9000/LN1bngJMK8jWkqxXGV5GrQ
MonitorID=marfin_crab_0_130904_104334_n47rd1
ExeStart=cmsRun
***** End Cat jobreport *****
Parameters sent to Dashboard.
>>> cmsRun started at Wed Sep  4 08:45:21 UTC 2013
>>> cmsRun ended at Wed Sep  4 09:23:27 UTC 2013
>>> crab_fjr_*.xml  permission set to 0704
>>> info for dashboard:
***** Cat /home/grid/cms667/home_cream_135791102/CREAM135791102/jobreport.txt *****
MonitorJobID=14_https://wms311.cern.ch:9000/LN1bngJMK8jWkqxXGV5GrQ
MonitorID=marfin_crab_0_130904_104334_n47rd1
ExeEnd=cmsRun
***** End Cat jobreport *****
Parameters sent to Dashboard.
TIME_EXE = 2286 sec
>>> cmsRun wrote 177 lines of stdout+stderr
>>> START OF printout of 177 lines from stdout+stderr
04-Sep-2013 10:46:11 CEST  Initiating request to open file root://eoscms//eos/cms/store/relval/CMSSW_5_3_11_patch3/RelValTTbar/GEN-SIM-DIGI-RAW-HLTDEBUG/PU_START53_LV2_09Jul2013-v1/00000/485AB0AE-08E9-E211-9B9A-0026189438AC.root?svcClass=default
130904 10:46:11 6563 Xrd: GoToAnotherServer: Going to: lxfsrf47c01.cern.ch:1095
04-Sep-2013 10:46:17 CEST  Successfully opened file root://eoscms//eos/cms/store/relval/CMSSW_5_3_11_patch3/RelValTTbar/GEN-SIM-DIGI-RAW-HLTDEBUG/PU_START53_LV2_09Jul2013-v1/00000/485AB0AE-08E9-E211-9B9A-0026189438AC.root?svcClass=default
%MSG-w SiStripQuality:  EventSetupRecordDataGetter:hltGetConditions@beginRun  04-Sep-2013 10:47:11 CEST Run: 1
The cabling should always include the active feds in runInfo and possibly have some morethere are instead 59 feds only active in runInfo
%MSG
Begin processing the 1st record. Run 1, Event 4154, LumiSection 84 at 04-Sep-2013 10:47:29.206 CEST
DTTSPhi::addTracoT: preview not present in TRACO trigger or its code=0  trigger not added!
DTTSPhi::addTracoT: preview not present in TRACO trigger or its code=0  trigger not added!
DTTSPhi::addTracoT: preview not present in TRACO trigger or its code=0  trigger not added!
DTTSPhi::addTracoT: preview not present in TRACO trigger or its code=0  trigger not added!
DTTSPhi::addTracoT: preview not present in TRACO trigger or its code=0  trigger not added!
DTTSPhi::addTracoT: preview not present in TRACO trigger or its code=0  trigger not added!
DTTSPhi::addTracoT: preview not present in TRACO trigger or its code=0  trigger not added!
Begin processing the 101st record. Run 1, Event 4404, LumiSection 89 at 04-Sep-2013 10:55:01.266 CEST
DTTSPhi::addTracoT: preview not present in TRACO trigger or its code=0  trigger not added!
DTTSPhi::addTracoT: preview not present in TRACO trigger or its code=0  trigger not added!
%MSG-w BasicTrajectoryState:  TrackProducer:hltCtf3HitL1IsoWithMaterialTracks  04-Sep-2013 10:59:02 CEST Run: 1 Event: 4655
curv error not pos-def
[    2.743e+07    -51.2533     -933883     115.182     6.80041
      -51.2533  0.00249895       1.745-9.86806e-05   0.0143093
       -933883       1.745       31795    -3.92268   -0.231405
       115.182-9.86806e-05    -3.92268  -0.0063958 0.000721895
       6.80041   0.0143093   -0.231405 0.000721895    0.085356 ]
%MSG
%MSG-w BasicTrajectoryState:  TrackProducer:hltCtf3HitL1IsoWithMaterialTracks  04-Sep-2013 10:59:02 CEST Run: 1 Event: 4655
local error not pos-def
[    2.743e+07      940264     18357.4    -115.575    -9.23751
        940264     32231.1     629.269    -3.96296   -0.316552
       18357.4     629.269     12.2883  -0.0772476  0.00941362
      -115.575    -3.96296  -0.0772476  -0.0064395 0.000619124
      -9.23751   -0.316552  0.00941362 0.000619124   0.0901498 ]
%MSG
DTTSPhi::addTracoT: preview not present in TRACO trigger or its code=0  trigger not added!
Begin processing the 201st record. Run 1, Event 4854, LumiSection 98 at 04-Sep-2013 11:02:44.795 CEST
DTTSPhi::addTracoT: preview not present in TRACO trigger or its code=0  trigger not added!
%MSG-w BasicTrajectoryState:  TrackProducer:hltCtfL1NonIsoWithMaterialTracks  04-Sep-2013 11:04:58 CEST Run: 1 Event: 4884
curv error not pos-def
[  3.87827e+07     83.9844-1.28504e+06     107.716    -3.78153
       83.9844  0.00532802    -2.78275 0.000390835   0.0298368
  -1.28504e+06    -2.78275     42579.1    -3.59968    0.125457
       107.716 0.000390835    -3.59968   -0.176823 0.000938601
      -3.78153   0.0298368    0.125457 0.000938601    0.173101 ]
%MSG
%MSG-w BasicTrajectoryState:  TrackProducer:hltCtfL1NonIsoWithMaterialTracks  04-Sep-2013 11:04:58 CEST Run: 1 Event: 4884
local error not pos-def
[  3.87827e+07 1.28909e+06       -3459     107.885     3.48956
   1.28909e+06     42847.5    -114.973      3.6167    0.116075
         -3459    -114.973    0.313694 -0.00954799  -0.0303125
       107.885      3.6167 -0.00954799   -0.177379-0.000455121
       3.48956    0.116075  -0.0303125-0.000455121    0.173525 ]
%MSG
%MSG-w BasicTrajectoryState:  TrackProducer:hltCtfL1NonIsoWithMaterialTracks  04-Sep-2013 11:04:58 CEST Run: 1 Event: 4884
local error not pos-def
[  3.29888e-06  1.6397e-06 7.48633e-09-3.59214e-05-6.83406e-07
    1.6397e-06-2.70021e-08 6.72819e-09 3.08636e-06-2.56298e-07
   7.48633e-09 6.72819e-09 1.32319e-06 2.22088e-06 -4.2667e-05
  -3.59214e-05 3.08636e-06 2.22088e-06 6.32248e-06 8.09621e-07
  -6.83406e-07-2.56298e-07 -4.2667e-05 8.09621e-07  0.00163034 ]
%MSG
%MSG-w BasicTrajectoryState:  TrackProducer:hltCtfL1NonIsoWithMaterialTracks  04-Sep-2013 11:04:58 CEST Run: 1 Event: 4884
curv error not pos-def
[  3.29888e-06 1.57383e-08-1.62602e-06-3.57244e-05 8.65881e-07
   1.57383e-08 1.30257e-06-3.83503e-09 2.20715e-06 4.22719e-05
  -1.62602e-06-3.83503e-09-2.71672e-08-3.03514e-06-1.46717e-07
  -3.57244e-05 2.20715e-06-3.03514e-06 6.25331e-06-8.27675e-07
   8.65881e-07 4.22719e-05-1.46717e-07-8.27675e-07  0.00162647 ]
%MSG
%MSG-w BasicTrajectoryState:  TrackProducer:hltCtfActivityWithMaterialTracks  04-Sep-2013 11:04:59 CEST Run: 1 Event: 4884
curv error not pos-def
[  3.87827e+07     83.9844-1.28504e+06     107.716    -3.78153
       83.9844  0.00532802    -2.78275 0.000390835   0.0298368
  -1.28504e+06    -2.78275     42579.1    -3.59968    0.125457
       107.716 0.000390835    -3.59968   -0.176823 0.000938601
      -3.78153   0.0298368    0.125457 0.000938601    0.173101 ]
%MSG
%MSG-w BasicTrajectoryState:  TrackProducer:hltCtfActivityWithMaterialTracks  04-Sep-2013 11:04:59 CEST Run: 1 Event: 4884
local error not pos-def
[  3.87827e+07 1.28909e+06       -3459     107.885     3.48956
   1.28909e+06     42847.5    -114.973      3.6167    0.116075
         -3459    -114.973    0.313694 -0.00954799  -0.0303125
       107.885      3.6167 -0.00954799   -0.177379-0.000455121
       3.48956    0.116075  -0.0303125-0.000455121    0.173525 ]
%MSG
%MSG-w BasicTrajectoryState:  TrackProducer:hltCtfActivityWithMaterialTracks  04-Sep-2013 11:04:59 CEST Run: 1 Event: 4884
local error not pos-def
[  3.29888e-06  1.6397e-06 7.48633e-09-3.59214e-05-6.83406e-07
    1.6397e-06-2.70021e-08 6.72819e-09 3.08636e-06-2.56298e-07
   7.48633e-09 6.72819e-09 1.32319e-06 2.22088e-06 -4.2667e-05
  -3.59214e-05 3.08636e-06 2.22088e-06 6.32248e-06 8.09621e-07
  -6.83406e-07-2.56298e-07 -4.2667e-05 8.09621e-07  0.00163034 ]
%MSG
%MSG-w BasicTrajectoryState:  TrackProducer:hltCtfActivityWithMaterialTracks  04-Sep-2013 11:04:59 CEST Run: 1 Event: 4884
curv error not pos-def
[  3.29888e-06 1.57383e-08-1.62602e-06-3.57244e-05 8.65881e-07
   1.57383e-08 1.30257e-06-3.83503e-09 2.20715e-06 4.22719e-05
  -1.62602e-06-3.83503e-09-2.71672e-08-3.03514e-06-1.46717e-07
  -3.57244e-05 2.20715e-06-3.03514e-06 6.25331e-06-8.27675e-07
   8.65881e-07 4.22719e-05-1.46717e-07-8.27675e-07  0.00162647 ]
%MSG
DTTSPhi::addTracoT: preview not present in TRACO trigger or its code=0  trigger not added!
130904 11:06:41 6563 Xrd: XrdClientMessage::ReadRaw: Failed to read header (8 bytes).
DTTSPhi::addTracoT: preview not present in TRACO trigger or its code=0  trigger not added!
04-Sep-2013 11:10:02 CEST  Closed file root://eoscms//eos/cms/store/relval/CMSSW_5_3_11_patch3/RelValTTbar/GEN-SIM-DIGI-RAW-HLTDEBUG/PU_START53_LV2_09Jul2013-v1/00000/485AB0AE-08E9-E211-9B9A-0026189438AC.root?svcClass=default
04-Sep-2013 11:10:02 CEST  Initiating request to open file root://eoscms//eos/cms/store/relval/CMSSW_5_3_11_patch3/RelValTTbar/GEN-SIM-DIGI-RAW-HLTDEBUG/PU_START53_LV2_09Jul2013-v1/00000/E475BAC4-08E9-E211-A2F2-00261894393E.root?svcClass=default
130904 11:10:02 001 Xrd: CheckErrorStatus: Server [eoscms] declared: session not found(error code: 3011)
130904 11:10:03 6563 Xrd: GoToAnotherServer: Going to: lxfsrc46a05.cern.ch:1095
04-Sep-2013 11:10:03 CEST  Successfully opened file root://eoscms//eos/cms/store/relval/CMSSW_5_3_11_patch3/RelValTTbar/GEN-SIM-DIGI-RAW-HLTDEBUG/PU_START53_LV2_09Jul2013-v1/00000/E475BAC4-08E9-E211-A2F2-00261894393E.root?svcClass=default
Begin processing the 301st record. Run 1, Event 1004, LumiSection 21 at 04-Sep-2013 11:10:20.961 CEST
DTTSPhi::addTracoT: preview not present in TRACO trigger or its code=0  trigger not added!
%MSG-w BasicTrajectoryState:  TrackProducer:hltCtfL1NonIsoWithMaterialTracks  04-Sep-2013 11:13:17 CEST Run: 1 Event: 1042
curv error not pos-def
[  2.52076e+06     28.2529     -175531    -158.257    -4.36224
       28.2529 0.000444305    -1.96736 -0.00175657  0.00150658
       -175531    -1.96736       12223     11.0154    0.303798
      -158.257 -0.00175657     11.0154   -0.017039 0.000510956
      -4.36224  0.00150658    0.303798 0.000510956    0.018964 ]
%MSG
%MSG-w BasicTrajectoryState:  TrackProducer:hltCtfL1NonIsoWithMaterialTracks  04-Sep-2013 11:13:17 CEST Run: 1 Event: 1042
local error not pos-def
[  2.52076e+06      175660    -8821.92    -158.317     17.2091
        175660     12240.8    -614.757    -11.0277     1.19908
      -8821.92    -614.757     30.8766    0.553902  -0.0745658
      -158.317    -11.0277    0.553902  -0.0170521-0.000202856
       17.2091     1.19908  -0.0745658-0.000202856   0.0834314 ]
%MSG
130904 11:15:10 6563 Xrd: XrdClientMessage::ReadRaw: Failed to read header (8 bytes).
DTTSPhi::addTracoT: preview not present in TRACO trigger or its code=0  trigger not added!
DTTSPhi::addTracoT: preview not present in TRACO trigger or its code=0  trigger not added!
Begin processing the 401st record. Run 1, Event 1204, LumiSection 25 at 04-Sep-2013 11:17:57.135 CEST
%MSG-w BasicTrajectoryState:   ElectronSeedProducer:hltL1NonIsoStartUpElectronPixelSeeds  04-Sep-2013 11:18:16 CEST Run: 1 Event: 1208
local error not pos-def
[            1           0           0           0           0
             0-6.39407e-17  2.9701e-16-5.21951e-11-7.42574e-09
             0  2.9701e-16 4.49591e-14-7.42577e-09-1.12363e-06
             0-5.21951e-11-7.42577e-09  0.00133966     0.18585
             0-7.42574e-09-1.12363e-06     0.18585     28.1219 ]
%MSG
%MSG-w BasicTrajectoryState:   ElectronSeedProducer:hltL1NonIsoStartUpElectronPixelSeeds  04-Sep-2013 11:18:16 CEST Run: 1 Event: 1208
curv error not pos-def
[            1           0           0           0           0
             0 4.49597e-14-7.76986e-11-6.32463e-09 1.12364e-06
             0-7.76986e-11-6.08695e-06 1.18965e-05 -0.00194322
             0-6.32463e-09 1.18965e-05  0.00100239   -0.158291
             0 1.12364e-06 -0.00194322   -0.158291     28.1222 ]
%MSG
DTTSPhi::addTracoT: preview not present in TRACO trigger or its code=0  trigger not added!
04-Sep-2013 11:23:10 CEST  Closed file root://eoscms//eos/cms/store/relval/CMSSW_5_3_11_patch3/RelValTTbar/GEN-SIM-DIGI-RAW-HLTDEBUG/PU_START53_LV2_09Jul2013-v1/00000/E475BAC4-08E9-E211-A2F2-00261894393E.root?svcClass=default

=============================================

MessageLogger Summary

 type     category        sev    module        subroutine        count    total
 ---- -------------------- -- ---------------- ----------------  -----    -----
    1 BasicTrajectoryState -w ElectronSeedProd                       2        2
    2 BasicTrajectoryState -w TrackProducer:hl                       2        2
    3 BasicTrajectoryState -w TrackProducer:hl                       4        4
    4 BasicTrajectoryState -w TrackProducer:hl                       6        6
    5 SiStripQuality       -w EventSetupRecord                       1        1
    6 fileAction           -s file_close                             2        2
    7 fileAction           -s file_open                              4        4

 type    category    Examples: run/evt        run/evt          run/evt
 ---- -------------------- ---------------- ---------------- ----------------
    1 BasicTrajectoryState 1/1208           1/1208           
    2 BasicTrajectoryState 1/4655           1/4655           
    3 BasicTrajectoryState 1/4884           1/4884           1/4884
    4 BasicTrajectoryState 1/4884           1/4884           1/1042
    5 SiStripQuality       Run: 1                            
    6 fileAction           PostProcessEvent PostEndRun       
    7 fileAction           pre-events       pre-events       PostProcessEvent

Severity    # Occurrences   Total Occurrences
--------    -------------   -----------------
Warning                15                  15
System                  6                   6
>>> END OF printout of 177 lines from stdout+stderr
>>> Parse FrameworkJobReport crab_fjr.xml
Result of parsing the FrameworkJobReport crab_fjr.xml: Popularity start
lumisRange : 1::84,88-89,94,98-99::1;1::21-22,25,31::2;
lumisParentRange : 
Basename : /store/relval/CMSSW_5_3_11_patch3/RelValTTbar/GEN-SIM-DIGI-RAW-HLTDEBUG/PU_START53_LV2_09Jul2013-v1/00000/
BasenameParent : 
parentFiles : 
inputBlocks : /RelValTTbar/CMSSW_5_3_11_patch3-PU_START53_LV2_09Jul2013-v1/GEN-SIM-DIGI-RAW-HLTDEBUG#bc03e9fc-e90e-11e2-95e5-00221959e7c0
inputFiles : 485AB0AE-08E9-E211-9B9A-0026189438AC.root::1::EDM::Local::1;E475BAC4-08E9-E211-A2F2-00261894393E.root::1::EDM::Local::2;
Popularity stop
Extracted ExitStatus from FrameworkJobReport parsing output: 0
>>> Executable succeded  0
ExeExitCode=0
EXECUTABLE_EXIT_STATUS = 0
>>> current directory /home/grid/cms667/home_cream_135791102/CREAM135791102/CMSSW_5_3_11_patch6
>>>  (SOFTWARE_DIR): /home/grid/cms667/home_cream_135791102/CREAM135791102/CMSSW_5_3_11_patch6
>>> (WORKING_DIR): 
>>> current directory content:
total 4228000
drwxr-xr-x 3 cms667 zh       4096 Sep  4 10:45 .SCRAM
-rw------- 1 cms667 zh    3842679 Sep  4 10:45 CMSSW.py.pkl
drwxr-xr-x 3 cms667 zh       4096 Sep  4 10:45 bin
drwxr-xr-x 3 cms667 zh       4096 Sep  4 10:45 cfipython
drwxr-xr-x 4 cms667 zh       4096 Sep  4 10:45 config
-rw------- 1 cms667 zh         18 Sep  4 11:23 cpu_timing.txt
drwxr-xr-x 2 cms667 zh       4096 Sep  4 10:45 doc
-rw------- 1 cms667 zh      12340 Sep  4 11:23 executable.out
drwxr-xr-x 2 cms667 zh       4096 Sep  4 10:45 include
drwx------ 3 cms667 zh       4096 Aug 26 18:31 lib
drwxr-xr-x 3 cms667 zh       4096 Sep  4 10:45 logs
drwxr-xr-x 3 cms667 zh       4096 Sep  4 10:45 objs
-rw------- 1 cms667 zh 4317366377 Sep  4 11:23 output.root
-rw------- 1 cms667 zh        104 Sep  4 10:45 pset.py
-rw------- 1 cms667 zh    3843522 Sep  4 10:45 pset.py.pkl
-rw------- 1 cms667 zh        289 Sep  4 10:45 pset.pyc
drwxr-xr-x 2 cms667 zh       4096 Sep  4 10:45 python
-rw------- 1 cms667 zh        440 Sep  4 11:23 report.log
drwx------ 5 cms667 zh       4096 Sep  4 10:44 src
drwxr-xr-x 3 cms667 zh       4096 Sep  4 10:45 test
drwxr-xr-x 3 cms667 zh       4096 Sep  4 10:45 tmp
>>> current directory /home/grid/cms667/home_cream_135791102/CREAM135791102/CMSSW_5_3_11_patch6
>>> (SOFTWARE_DIR): /home/grid/cms667/home_cream_135791102/CREAM135791102/CMSSW_5_3_11_patch6
>>> (WORKING_DIR): 
>>> current directory content:
total 4228000
drwxr-xr-x 3 cms667 zh       4096 Sep  4 10:45 .SCRAM
-rw------- 1 cms667 zh    3842679 Sep  4 10:45 CMSSW.py.pkl
drwxr-xr-x 3 cms667 zh       4096 Sep  4 10:45 bin
drwxr-xr-x 3 cms667 zh       4096 Sep  4 10:45 cfipython
drwxr-xr-x 4 cms667 zh       4096 Sep  4 10:45 config
-rw------- 1 cms667 zh         18 Sep  4 11:23 cpu_timing.txt
drwxr-xr-x 2 cms667 zh       4096 Sep  4 10:45 doc
-rw------- 1 cms667 zh      12340 Sep  4 11:23 executable.out
drwxr-xr-x 2 cms667 zh       4096 Sep  4 10:45 include
drwx------ 3 cms667 zh       4096 Aug 26 18:31 lib
drwxr-xr-x 3 cms667 zh       4096 Sep  4 10:45 logs
drwxr-xr-x 3 cms667 zh       4096 Sep  4 10:45 objs
-rw------- 1 cms667 zh 4317366377 Sep  4 11:23 output_14_1_mj1.root
-rw------- 1 cms667 zh        104 Sep  4 10:45 pset.py
-rw------- 1 cms667 zh    3843522 Sep  4 10:45 pset.py.pkl
-rw------- 1 cms667 zh        289 Sep  4 10:45 pset.pyc
drwxr-xr-x 2 cms667 zh       4096 Sep  4 10:45 python
-rw------- 1 cms667 zh        440 Sep  4 11:23 report.log
drwx------ 5 cms667 zh       4096 Sep  4 10:44 src
drwxr-xr-x 3 cms667 zh       4096 Sep  4 10:45 test
drwxr-xr-x 3 cms667 zh       4096 Sep  4 10:45 tmp
>>> current directory (RUNTIME_AREA):  /home/grid/cms667/home_cream_135791102/CREAM135791102
SE = srm-cms.cern.ch
SE_PATH = /srm/v2/server?SFN=/eos/cms/store/user/marfin/RelValTTbar/53xRelVal2011Redigi/844a175eacc74cc51be2e7d71ca2539e/
LFNBaseName = /store/user/marfin/RelValTTbar/53xRelVal2011Redigi/844a175eacc74cc51be2e7d71ca2539e/
USER = marfin
endpoint = srm://srm-eoscms.cern.ch:8443/srm/v2/server?SFN=/eos/cms/store/user/marfin/RelValTTbar/53xRelVal2011Redigi/844a175eacc74cc51be2e7d71ca2539e/
>>> Copy output files from WN = lxbrb1807.cern.ch to /srm/v2/server?SFN=/eos/cms/store/user/marfin/RelValTTbar/53xRelVal2011Redigi/844a175eacc74cc51be2e7d71ca2539e/ :
python cmscp.py  --destination srm://srm-eoscms.cern.ch:8443/srm/v2/server?SFN=/eos/cms/store/user/marfin/RelValTTbar/53xRelVal2011Redigi/844a175eacc74cc51be2e7d71ca2539e/ --inputFileList /home/grid/cms667/home_cream_135791102/CREAM135791102/CMSSW_5_3_11_patch6/output_14_1_mj1.root --middleware LCG --se_name srm-cms.cern.ch --for_lfn /store/user/marfin/RelValTTbar/53xRelVal2011Redigi/844a175eacc74cc51be2e7d71ca2539e/    
******************************************************
localSeName  =  srm-eoscms.cern.ch
remoteSeName =  srm-cms.cern.ch
******************************************************
{"/home/grid/cms667/home_cream_135791102/CREAM135791102/CMSSW_5_3_11_patch6/output_14_1_mj1.root": {"endpoint": "srm://srm-eoscms.cern.ch:8443/srm/v2/server?SFN=/eos/cms/store/user/marfin/RelValTTbar/53xRelVal2011Redigi/844a175eacc74cc51be2e7d71ca2539e/", "surl_for_grid": "", "reason": "Problem copying /home/grid/cms667/home_cream_135791102/CREAM135791102/CMSSW_5_3_11_patch6/output_14_1_mj1.root file'Permission denied!'\nERROR: problems removing partially staged file output_14_1_mj1.root'Error deleting [output_14_1_mj1.root]'", "erCode": "60307", "se_name": "srm-cms.cern.ch", "for_lfn": "/copy_problem/"}}/home/grid/cms667/home_cream_135791102/CREAM135791102
-------- cat /home/grid/cms667/home_cream_135791102/CREAM135791102/cmscpReport.sh 
#!/bin/bash
echo "Report for File: /home/grid/cms667/home_cream_135791102/CREAM135791102/CMSSW_5_3_11_patch6/output_14_1_mj1.root"
echo "LFN: /copy_problem/output_14_1_mj1.root"
echo "StorageElement: srm-cms.cern.ch"
echo "StageOutExitStatusReason = 'Problem copying /home/grid/cms667/home_cream_135791102/CREAM135791102/CMSSW_5_3_11_patch6/output_14_1_mj1.root file Permission denied! 
ERROR: problems removing partially staged file output_14_1_mj1.root Error deleting [output_14_1_mj1.root] '" | tee -a $RUNTIME_AREA/$repo
echo "StageOutSE = srm-cms.cern.ch" >> $RUNTIME_AREA/$repo

export StageOutExitStatus=60307
echo "StageOutExitStatus = 60307" | tee -a $RUNTIME_AREA/$repo
-------- end of /home/grid/cms667/home_cream_135791102/CREAM135791102/cmscpReport.sh 
Report for File: /home/grid/cms667/home_cream_135791102/CREAM135791102/CMSSW_5_3_11_patch6/output_14_1_mj1.root
LFN: /copy_problem/output_14_1_mj1.root
StorageElement: srm-cms.cern.ch
StageOutExitStatusReason = 'Problem copying /home/grid/cms667/home_cream_135791102/CREAM135791102/CMSSW_5_3_11_patch6/output_14_1_mj1.root file Permission denied! 
ERROR: problems removing partially staged file output_14_1_mj1.root Error deleting [output_14_1_mj1.root] '
StageOutExitStatus = 60307
Problem copying file to srm-cms.cern.ch /srm/v2/server?SFN=/eos/cms/store/user/marfin/RelValTTbar/53xRelVal2011Redigi/844a175eacc74cc51be2e7d71ca2539e/
########## contents of SE interaction
2013-09-04 11:23:46.942883:
Executed:	unset LD_LIBRARY_PATH; unset GLITE_ENV_SET; export PATH=/usr/bin:/bin; source /etc/profile; source /home/grid/cms667/home_cream_135791102/CREAM135791102/CacheEnv.sh ; lcg-ls -b -D srmv2 --srm-timeout 2400 --sendreceive-timeout 2400 --connect-timeout 300 --verbose srm://srm-eoscms.cern.ch:8443/srm/v2/server?SFN=/eos/cms/store/user/marfin/RelValTTbar/53xRelVal2011Redigi/844a175eacc74cc51be2e7d71ca2539e/output_14_1_mj1.root
Done with exit code:	1
and output:
SE type: SRMv2
/eos/cms/store/user/marfin/RelValTTbar/53xRelVal2011Redigi/844a175eacc74cc51be2e7d71ca2539e/output_14_1_mj1.root: [SE][Ls][SRM_INVALID_PATH] No such file or directory.


2013-09-04 11:24:22.942210:
Executed:	unset LD_LIBRARY_PATH; unset GLITE_ENV_SET; export PATH=/usr/bin:/bin; source /etc/profile; source /home/grid/cms667/home_cream_135791102/CREAM135791102/CacheEnv.sh ;  lcg-cp  --verbose  --vo=cms  -b -D srmv2 --srm-timeout 2400 --sendreceive-timeout 2400 --connect-timeout 300 --verbose file:///home/grid/cms667/home_cream_135791102/CREAM135791102/CMSSW_5_3_11_patch6/output_14_1_mj1.root srm://srm-eoscms.cern.ch:8443/srm/v2/server?SFN=/eos/cms/store/user/marfin/RelValTTbar/53xRelVal2011Redigi/844a175eacc74cc51be2e7d71ca2539e/output_14_1_mj1.root
Done with exit code:	1
and output:
Using grid catalog type: UNKNOWN
Using grid catalog : (null)
VO name: cms
Checksum type: None
Destination SE type: SRMv2
[SE][Mkdir][SRM_FAILURE] httpg://srm-eoscms.cern.ch:8443/srm/v2/server: srm://srm-eoscms.cern.ch:8443/srm/v2/server?SFN=/eos/cms/store/user/marfin/RelValTTbar/53xRelVal2011Redigi/844a175eacc74cc51be2e7d71ca2539e: Error:/bin/mkdir: cannot create directory `/eos/cms/store/user/marfin': Permission denied
Ref-u marfin  /bin/mkdir /eos/cms/store/user/marfin
[SE][PrepareToPut][SRM_FAILURE] httpg://srm-eoscms.cern.ch:8443/srm/v2/server: <none>
lcg_cp: Invalid argument


2013-09-04 11:24:34.945421:
Executed:	unset LD_LIBRARY_PATH; unset GLITE_ENV_SET; export PATH=/usr/bin:/bin; source /etc/profile; source /home/grid/cms667/home_cream_135791102/CREAM135791102/CacheEnv.sh ; lcg-del  --verbose  --vo=cms  -b -D srmv2 --srm-timeout 2400 --sendreceive-timeout 2400 --connect-timeout 300 --verbose --nolfc srm://srm-eoscms.cern.ch:8443/srm/v2/server?SFN=/eos/cms/store/user/marfin/RelValTTbar/53xRelVal2011Redigi/844a175eacc74cc51be2e7d71ca2539e/output_14_1_mj1.root
Done with exit code:	1
and output:
VO name: cms
SE type: SRMv2
srm://srm-eoscms.cern.ch:8443/srm/v2/server?SFN=/eos/cms/store/user/marfin/RelValTTbar/53xRelVal2011Redigi/844a175eacc74cc51be2e7d71ca2539e/output_14_1_mj1.root: [SE][srmRm][SRM_FAILURE] Error:/bin/rm: cannot remove `/eos/cms/store/user/marfin/RelValTTbar/53xRelVal2011Redigi/844a175eacc74cc51be2e7d71ca2539e/output_14_1_mj1.root': No such file or directory
Ref-u marfin  /bin/rm /eos/cms/store/user/marfin/RelValTTbar/53xRelVal2011Redigi/844a175eacc74cc51be2e7d71ca2539e/output_14_1_mj1.root



#####################################
>>> current dir: /home/grid/cms667/home_cream_135791102/CREAM135791102
>>> current dir content:
total 6256
-rwx------  1 cms667 zh   13669 Sep  4 10:44 .BrokerInfo
-rw-------  1 cms667 zh    2948 Sep  4 11:24 .SEinteraction.log
-rwx------  1 cms667 zh       0 Sep  4 10:44 .tmp_file
-rw-------  1 cms667 zh     105 Sep  4 10:43 CMSSW.py
-rw-------  1 cms667 zh 3842679 Sep  4 10:43 CMSSW.py.pkl
-rwx------  1 cms667 zh   27940 Sep  4 10:44 CMSSW.sh
-rwx------  1 cms667 zh       0 Sep  4 10:44 CMSSW_14.stderr
-rwx---r--  1 cms667 zh   30420 Sep  4 11:27 CMSSW_14.stdout
drwxr-xr-x 15 cms667 zh    4096 Sep  4 11:23 CMSSW_5_3_11_patch6
-rw-------  1 cms667 zh     573 Sep  4 10:45 CacheEnv.sh
-rw-------  1 cms667 zh    7291 Jun  9  2010 DashboardAPI.py
-rw-------  1 cms667 zh    6493 Sep  4 10:45 DashboardAPI.pyc
drwx------  3 cms667 zh    4096 Aug 20 17:36 IMProv
-rw-------  1 cms667 zh    2748 Mar  8  2006 Logger.py
-rw-------  1 cms667 zh    3223 Sep  4 10:45 Logger.pyc
-rw-------  1 cms667 zh   24524 Mar 28  2008 ProcInfo.py
-rw-------  1 cms667 zh   22846 Sep  4 10:45 ProcInfo.pyc
drwx------  7 cms667 zh    4096 Sep  4 10:45 ProdCommon
drwx------  3 cms667 zh    4096 Sep  4 10:44 WMCore
-rw-------  1 cms667 zh    5862 Sep  4 11:23 Watchdog_14.log
-rw-------  1 cms667 zh   32895 Mar 28  2008 apmon.py
-rw-------  1 cms667 zh   28120 Sep  4 10:45 apmon.pyc
-rwx------  1 cms667 zh   10416 Sep  4 10:44 arguments.xml
-rwx------  1 cms667 zh   38507 Aug  6 23:12 cmscp.py
-rw-------  1 cms667 zh     680 Sep  4 11:27 cmscpReport.sh
-rw-------  1 cms667 zh     536 Sep  4 10:43 crab.cfg
-rwx------  1 cms667 zh    8610 Apr  2 15:44 crabWatchdog.sh
-rwx---r--  1 cms667 zh  781843 Sep  4 11:23 crab_fjr_14.xml
-rwx------  1 cms667 zh 1216362 Sep  4 10:44 default.tgz
-rwx------  1 cms667 zh    4488 May 12  2012 fillCrabFjr.py
-rw-------  1 cms667 zh     468 Sep  4 10:45 inputsReport.txt
-rw-------  1 cms667 zh     467 Sep  4 11:27 jobreport.txt
lrwxrwxrwx  1 cms667 zh      94 Sep  4 11:23 output.root -> /home/grid/cms667/home_cream_135791102/CREAM135791102/CMSSW_5_3_11_patch6/output_14_1_mj1.root
-rw-------  1 cms667 zh   17352 Jan 20  2012 parseCrabFjr.py
-rw-------  1 cms667 zh     265 Sep  4 10:44 report.log
-rwx--x--x  1 cms667 zh    1497 May 27  2009 report.py
-rw-------  1 cms667 zh     612 Sep  4 11:27 resultCopyFile
-rwx------  1 cms667 zh    8387 Mar 23  2011 writeCfg.py
>>> Modify Job Report:
CMSSW_VERSION = CMSSW_5_3_11_patch6
ProcessedDataset = 53xRelVal2011Redigi
/home/grid/cms667/home_cream_135791102/CREAM135791102/ProdCommon/FwkJobRep/ModifyJobReport.py fjr /home/grid/cms667/home_cream_135791102/CREAM135791102/crab_fjr_14.xml json /home/grid/cms667/home_cream_135791102/CREAM135791102/resultCopyFile n_job 14_1_mj1 PrimaryDataset RelValTTbar  ApplicationFamily cmsRun ApplicationName cmsRun cmssw_version CMSSW_5_3_11_patch6 psethash 844a175eacc74cc51be2e7d71ca2539e UserProcessedDataset marfin-53xRelVal2011Redigi-844a175eacc74cc51be2e7d71ca2539e
inputDict =  {u'/home/grid/cms667/home_cream_135791102/CREAM135791102/CMSSW_5_3_11_patch6/output_14_1_mj1.root': {u'endpoint': u'srm://srm-eoscms.cern.ch:8443/srm/v2/server?SFN=/eos/cms/store/user/marfin/RelValTTbar/53xRelVal2011Redigi/844a175eacc74cc51be2e7d71ca2539e/', u'surl_for_grid': u'', u'reason': u"Problem copying /home/grid/cms667/home_cream_135791102/CREAM135791102/CMSSW_5_3_11_patch6/output_14_1_mj1.root file'Permission denied!'\nERROR: problems removing partially staged file output_14_1_mj1.root'Error deleting [output_14_1_mj1.root]'", u'erCode': u'60307', u'se_name': u'srm-cms.cern.ch', u'for_lfn': u'/copy_problem/'}}
diz_filter =  {u'output.root': u''}
UserProcessedDataset =  marfin-53xRelVal2011Redigi-844a175eacc74cc51be2e7d71ca2539e
file_name in inputDict =  /home/grid/cms667/home_cream_135791102/CREAM135791102/CMSSW_5_3_11_patch6/output_14_1_mj1.root
(size) os.stat(filename)[6] =  4317366377
checksum =  3199011661
filter =  
    file =  output_14_1_mj1.root
    newPfn =  srm://srm-eoscms.cern.ch:8443/srm/v2/server?SFN=/eos/cms/store/user/marfin/RelValTTbar/53xRelVal2011Redigi/844a175eacc74cc51be2e7d71ca2539e/output_14_1_mj1.root
    newLfn =  /copy_problem/output_14_1_mj1.root
>>> crab_fjr_*.xml  permission set to 0704
Checking output files:  
will tar file crab_fjr_14.xml in  out_files_14
will tar file CMSSW_14.stdout in  out_files_14
will tar file CMSSW_14.stderr in  out_files_14
WARNING: output file Watchdog_14.log.gz not found!
>>> padding time: Wrapper lasting more than 600 seconds. No sleep required.
STOPPING WATCHDOG. CrabWatchdog PID is 6402
********** LAST 50 LINES OF WATCHDOG LOG
 Sep 04 10:49:05 CEST	6563	1822520	2291060	75	143	242	cmsRun -j /home/grid/cms667/home_cream_135791102/CREAM135791102/crab_fjr_14.xml -p pset.py      
 Sep 04 10:49:05 CEST	---	1822520	2291060	190	----	----	----
 Sep 04 10:50:05 CEST	6563	1830024	2291060	190	202	303	cmsRun -j /home/grid/cms667/home_cream_135791102/CREAM135791102/crab_fjr_14.xml -p pset.py      
 Sep 04 10:50:05 CEST	---	1830024	2291060	313	----	----	----
 Sep 04 10:51:06 CEST	---	1830024	2291060	436	----	----	----
 Sep 04 10:52:07 CEST	---	1830024	2291060	562	----	----	----
 Sep 04 10:53:08 CEST	6563	1866436	2298744	562	379	486	cmsRun -j /home/grid/cms667/home_cream_135791102/CREAM135791102/crab_fjr_14.xml -p pset.py      
 Sep 04 10:53:08 CEST	---	1866436	2298744	673	----	----	----
 Sep 04 10:54:09 CEST	---	1866436	2298744	790	----	----	----
 Sep 04 10:55:09 CEST	---	1866436	2298744	910	----	----	----
 Sep 04 10:56:11 CEST	---	1866436	2298744	1022	----	----	----
 Sep 04 10:57:13 CEST	6563	1881148	2317176	1022	612	731	cmsRun -j /home/grid/cms667/home_cream_135791102/CREAM135791102/crab_fjr_14.xml -p pset.py      
 Sep 04 10:57:13 CEST	---	1881148	2317176	1134	----	----	----
 Sep 04 10:58:14 CEST	---	1881148	2317176	1252	----	----	----
 Sep 04 10:59:14 CEST	6563	1899804	2336888	1252	730	852	cmsRun -j /home/grid/cms667/home_cream_135791102/CREAM135791102/crab_fjr_14.xml -p pset.py      
 Sep 04 10:59:14 CEST	---	1899804	2336888	1370	----	----	----
 Sep 04 11:00:15 CEST	6563	1917108	2372216	1370	789	912	cmsRun -j /home/grid/cms667/home_cream_135791102/CREAM135791102/crab_fjr_14.xml -p pset.py      
 Sep 04 11:00:15 CEST	---	1917108	2372216	1489	----	----	----
 Sep 04 11:01:15 CEST	6563	1921568	2376568	1489	848	973	cmsRun -j /home/grid/cms667/home_cream_135791102/CREAM135791102/crab_fjr_14.xml -p pset.py      
 Sep 04 11:01:15 CEST	---	1921568	2376568	1617	----	----	----
 Sep 04 11:02:16 CEST	6563	1921568	2380920	1617	908	1035	cmsRun -j /home/grid/cms667/home_cream_135791102/CREAM135791102/crab_fjr_14.xml -p pset.py      
 Sep 04 11:02:16 CEST	---	1921568	2380920	1739	----	----	----
# TIME			PID	RSS(KB)	VSZ(KB)	Dsk(MB)	tCPU(s)	tWALL(s)	COMMAND
 Sep 04 11:03:18 CEST	6563	1935524	2404472	1739	967	1095	cmsRun -j /home/grid/cms667/home_cream_135791102/CREAM135791102/crab_fjr_14.xml -p pset.py      
 Sep 04 11:03:18 CEST	---	1935524	2404472	1852	----	----	----
 Sep 04 11:04:19 CEST	---	1935524	2404472	1972	----	----	----
 Sep 04 11:05:20 CEST	---	1935524	2404472	2082	----	----	----
 Sep 04 11:06:21 CEST	6563	1949364	2430840	2082	1146	1279	cmsRun -j /home/grid/cms667/home_cream_135791102/CREAM135791102/crab_fjr_14.xml -p pset.py      
 Sep 04 11:06:21 CEST	---	1949364	2430840	2200	----	----	----
 Sep 04 11:07:22 CEST	---	1949364	2430840	2319	----	----	----
 Sep 04 11:08:22 CEST	---	1949364	2430840	2444	----	----	----
 Sep 04 11:09:23 CEST	---	1949364	2430840	2569	----	----	----
 Sep 04 11:10:24 CEST	---	1949364	2430840	2679	----	----	----
 Sep 04 11:11:25 CEST	---	1949364	2430840	2794	----	----	----
 Sep 04 11:12:25 CEST	---	1949364	2430840	2914	----	----	----
 Sep 04 11:13:26 CEST	---	1949364	2430840	3023	----	----	----
 Sep 04 11:14:27 CEST	---	1949364	2430840	3135	----	----	----
 Sep 04 11:15:27 CEST	6563	1991080	2440832	3135	1675	1825	cmsRun -j /home/grid/cms667/home_cream_135791102/CREAM135791102/crab_fjr_14.xml -p pset.py      
 Sep 04 11:15:27 CEST	---	1991080	2440832	3258	----	----	----
 Sep 04 11:16:28 CEST	6563	2013596	2447744	3258	1733	1886	cmsRun -j /home/grid/cms667/home_cream_135791102/CREAM135791102/crab_fjr_14.xml -p pset.py      
 Sep 04 11:16:28 CEST	---	2013596	2447744	3366	----	----	----
 Sep 04 11:17:29 CEST	6563	2021124	2464128	3366	1792	1946	cmsRun -j /home/grid/cms667/home_cream_135791102/CREAM135791102/crab_fjr_14.xml -p pset.py      
 Sep 04 11:17:29 CEST	---	2021124	2464128	3481	----	----	----
 Sep 04 11:18:29 CEST	6563	2044652	2488192	3481	1851	2007	cmsRun -j /home/grid/cms667/home_cream_135791102/CREAM135791102/crab_fjr_14.xml -p pset.py      
 Sep 04 11:18:29 CEST	---	2044652	2488192	3592	----	----	----
 Sep 04 11:19:30 CEST	---	2044652	2488192	3710	----	----	----
 Sep 04 11:20:31 CEST	---	2044652	2488192	3823	----	----	----
 Sep 04 11:21:32 CEST	---	2044652	2488192	3934	----	----	----
 Sep 04 11:22:33 CEST	---	2044652	2488192	4055	----	----	----
 Sep 04 11:23:33 CEST	---	2044652	2488192	4144	----	----	----
********** WATCHDOG LOG ENDED
ZIPPING WATCHDOG LOG
Disk space used:
du -sh /home/grid/cms667/home_cream_135791102/CREAM135791102
4.1G	/home/grid/cms667/home_cream_135791102/CREAM135791102
Found unusual stderr, rename for OSB
