This script was generated by crab (version 2.9.0).
Running ./CMSSW.sh with 2 positional parameters: 9 1
Today is Wed Sep  4 10:45:53 CEST 2013
Job submitted on host lxbrg1803.cern.ch
Linux lxbrg1803.cern.ch 2.6.18-348.12.1.el5 #1 SMP Thu Jul 11 09:25:22 CEST 2013 x86_64 x86_64 x86_64 GNU/Linux
>>> current directory (RUNTIME_AREA): /home/grid/cms667/home_cream_378429721/CREAM378429721
>>> current user: uid=52545(cms667) gid=1399(zh) groups=1399(zh),1091808437 context=system_u:system_r:initrc_t
>>> directory permission set to 0700
>>> umask set to:  u=rwx,g=,o=
>>> stdout stderr permission set to 0704
>>> voms proxy information:
subject   : /C=DE/O=GermanGrid/OU=DESY/CN=Ihar Marfin/CN=proxy/CN=proxy/CN=proxy/CN=limited proxy
issuer    : /C=DE/O=GermanGrid/OU=DESY/CN=Ihar Marfin/CN=proxy/CN=proxy/CN=proxy
identity  : /C=DE/O=GermanGrid/OU=DESY/CN=Ihar Marfin/CN=proxy/CN=proxy/CN=proxy
type      : limited proxy
strength  : 1024 bits
path      : /home/grid/cms667/home_cream_378429721/cream_378429721.proxy
timeleft  : 189:13:14
key usage : 
=== VO cms extension information ===
VO        : cms
subject   : /C=DE/O=GermanGrid/OU=DESY/CN=Ihar Marfin
issuer    : /DC=ch/DC=cern/OU=computers/CN=lcg-voms.cern.ch
attribute : /cms/Role=NULL/Capability=NULL
attribute : /cms/dcms/Role=NULL/Capability=NULL
timeleft  : 189:15:35
uri       : lcg-voms.cern.ch:15002
>>> tar --no-same-permissions -xf /home/grid/cms667/home_cream_378429721/CREAM378429721/default.tgz :
Successful untar
>>> Include /home/grid/cms667/home_cream_378429721/CREAM378429721 in PYTHONPATH:
strip arguments
env var CRAB_UNIQUE_JOB_ID set to: marfin_crab_0_130904_104334_n47rd1_9_1_IRw
out_files_9
>>> list of expected files on output sandbox
output files: crab_fjr_9.xml CMSSW_9.stdout CMSSW_9.stderr Watchdog_9.log.gz
>>> GridFlavour discovery: 
GridFlavour=LCG
>>> SyncSite discovery: 
not reporting SyncSite
>>> SyncCE discovery: 
getting SyncCE from CE_ID
SyncCE=ce202.cern.ch:8443/cream-lsf-grid_cms
>>> info for dashboard:
***** Cat /home/grid/cms667/home_cream_378429721/CREAM378429721/jobreport.txt *****
MonitorJobID=9_https://wms311.cern.ch:9000/0svcfD5ioX8L1mWNtcKbxQ
SyncGridJobId=https://wms311.cern.ch:9000/0svcfD5ioX8L1mWNtcKbxQ
MonitorID=marfin_crab_0_130904_104334_n47rd1
GridFlavour=LCG
SyncCE=ce202.cern.ch:8443/cream-lsf-grid_cms
***** End Cat jobreport *****
Parameters sent to Dashboard.
>>> setup environment
set SCRAM ARCH to slc5_amd64_gcc462
SCRAM_ARCH = slc5_amd64_gcc462
>>> setup CMS LCG environment:
set SCRAM ARCH and BUILD_ARCH to slc5_amd64_gcc462 ###
Sourcing environment... 
sourcing /afs/cern.ch/project/gd/apps/cms/cmsset_default.sh
==> setup cms environment ok
>>> specific cmssw setup environment:
CMSSW_VERSION =  CMSSW_5_3_11_patch6
>>> current directory (SOFTWARE_DIR): /home/grid/cms667/home_cream_378429721/CREAM378429721/CMSSW_5_3_11_patch6
PreserveSeeds: <>
IncrementSeeds:<>
{"output.root": ""}
WNHostName=lxbrg1803.cern.ch
>>> info for dashboard:
***** Cat /home/grid/cms667/home_cream_378429721/CREAM378429721/jobreport.txt *****
MonitorJobID=9_https://wms311.cern.ch:9000/0svcfD5ioX8L1mWNtcKbxQ
MonitorID=marfin_crab_0_130904_104334_n47rd1
WNHostName=lxbrg1803.cern.ch
***** End Cat jobreport *****
Parameters sent to Dashboard.
crabWatchdog started as process 22583
>>> moving CMSSW software directories in /home/grid/cms667/home_cream_378429721/CREAM378429721/CMSSW_5_3_11_patch6
mv: cannot stat `/home/grid/cms667/home_cream_378429721/CREAM378429721/module/': No such file or directory
>>> Include /home/grid/cms667/home_cream_378429721/CREAM378429721 in PYTHONPATH:
PYTHONPATH=/home/grid/cms667/home_cream_378429721/CREAM378429721/:/pool/grid/cms667/home_cream_378429721/CREAM378429721/CMSSW_5_3_11_patch6/python:/pool/grid/cms667/home_cream_378429721/CREAM378429721/CMSSW_5_3_11_patch6/lib/slc5_amd64_gcc462:/afs/cern.ch/cms/slc5_amd64_gcc462/cms/cmssw-patch/CMSSW_5_3_11_patch6/python:/afs/cern.ch/cms/slc5_amd64_gcc462/cms/cmssw-patch/CMSSW_5_3_11_patch6/lib/slc5_amd64_gcc462:/afs/cern.ch/cms/slc5_amd64_gcc462/cms/cmssw/CMSSW_5_3_11/bin/slc5_amd64_gcc462:/afs/cern.ch/cms/slc5_amd64_gcc462/cms/cmssw/CMSSW_5_3_11/lib/slc5_amd64_gcc462:/afs/cern.ch/cms/slc5_amd64_gcc462/cms/coral/CORAL_2_3_21-cms35/slc5_amd64_gcc462/python:/afs/cern.ch/cms/slc5_amd64_gcc462/cms/coral/CORAL_2_3_21-cms35/slc5_amd64_gcc462/lib:/afs/cern.ch/cms/slc5_amd64_gcc462/external/pyqt/4.8.1/lib/python2.6/site-packages:/afs/cern.ch/cms/slc5_amd64_gcc462/external/py2-scipy/0.8.0/lib/python2.6/site-packages:/afs/cern.ch/cms/slc5_amd64_gcc462/external/py2-matplotlib/1.0.1/lib/python2.6/site-packages:/afs/cern.ch/cms/slc5_amd64_gcc462/external/python-ldap/2.3.5/lib/python2.6/site-packages:/afs/cern.ch/cms/slc5_amd64_gcc462/external/sip/4.11.2/lib/python2.6/site-packages:/afs/cern.ch/cms/slc5_amd64_gcc462/external/py2-pycurl/7.19.0/lib/python2.6/site-packages:/afs/cern.ch/cms/slc5_amd64_gcc462/external/py2-numpy/1.6.1/lib/python2.6/site-packages:/afs/cern.ch/cms/slc5_amd64_gcc462/external/py2-ipython/0.10/lib/python2.6/site-packages:/afs/cern.ch/cms/slc5_amd64_gcc462/external/py2-cx-oracle/5.1-cms11/lib/python2.6/site-packages:/afs/cern.ch/cms/slc5_amd64_gcc462/external/py2-cjson/1.0.5/lib/python2.6/site-packages:/afs/cern.ch/cms/slc5_amd64_gcc462/cms/das-client/1.9.5/bin:/afs/cern.ch/cms/slc5_amd64_gcc462/external/elementtree/1.2.6/share/lib/python2.6/site-packages:/afs/cern.ch/cms/slc5_amd64_gcc462/external/rivet/1.8.2/lib/python2.6/site-packages:/afs/cern.ch/cms/slc5_amd64_gcc462/external/pyminuit2/0.0.1-cms39/lib/python2.6/site-packages:/afs/cern.ch/cms/slc5_amd64_gcc462/external/professor/1.0.0-cms40/lib/python2.6/site-packages:/afs/cern.ch/cms/slc5_amd64_gcc462/lcg/root/5.32.00-cms21/lib:/afs/cern.ch/cms/slc5_amd64_gcc462/cms/dbs-client/DBS_2_1_9-cms3/lib:/afs/cern.ch/cms/slc5_amd64_gcc462/cms/dbs-client/DBS_2_1_9-cms3/lib/DBSAPI:/afs/cern.ch/cms/slc5_amd64_gcc462/external/cvs2git/5419/lib:/home/grid/cms667/home_cream_378429721/CREAM378429721/
 
# LIMITS USED BY CRAB WATCHDOG:
# RSS  (KBytes)   : 2300000
# VSZ  (KBytes)   : 100000000
# DISK (MBytes)   : 19000
# CPU TIME        : 720h:0m:0s
# WALL CLOCK TIME : 21h:50m:0s
 
844a175eacc74cc51be2e7d71ca2539e
PSETHASH = 844a175eacc74cc51be2e7d71ca2539e
/home/grid/cms667/home_cream_378429721/CREAM378429721/writeCfg.py pset.py pset.py
Importing .py file
Setting parameters
RandomNumberGeneratorService found, will attempt to change seeds
inputBlocks=/RelValTTbar/CMSSW_5_3_11_patch3-PU_START53_LV2_09Jul2013-v1/GEN-SIM-DIGI-RAW-HLTDEBUG#bc03e9fc-e90e-11e2-95e5-00221959e7c0
inputFiles=/store/relval/CMSSW_5_3_11_patch3/RelValTTbar/GEN-SIM-DIGI-RAW-HLTDEBUG/PU_START53_LV2_09Jul2013-v1/00000/FAA932F3-08E9-E211-B34F-00259059649C.root;/store/relval/CMSSW_5_3_11_patch3/RelValTTbar/GEN-SIM-DIGI-RAW-HLTDEBUG/PU_START53_LV2_09Jul2013-v1/00000/78602AE5-08E9-E211-819C-00259059649C.root
parentFiles=
lumisRange=
>>> Executable cmsRun
/afs/cern.ch/cms/slc5_amd64_gcc462/cms/cmssw-patch/CMSSW_5_3_11_patch6/bin/slc5_amd64_gcc462/cmsRun
ok executable found
>>> info for dashboard:
***** Cat /home/grid/cms667/home_cream_378429721/CREAM378429721/jobreport.txt *****
MonitorJobID=9_https://wms311.cern.ch:9000/0svcfD5ioX8L1mWNtcKbxQ
MonitorID=marfin_crab_0_130904_104334_n47rd1
ExeStart=cmsRun
***** End Cat jobreport *****
Parameters sent to Dashboard.
>>> cmsRun started at Wed Sep  4 08:46:24 UTC 2013
>>> cmsRun ended at Wed Sep  4 09:26:40 UTC 2013
>>> crab_fjr_*.xml  permission set to 0704
>>> info for dashboard:
***** Cat /home/grid/cms667/home_cream_378429721/CREAM378429721/jobreport.txt *****
MonitorJobID=9_https://wms311.cern.ch:9000/0svcfD5ioX8L1mWNtcKbxQ
MonitorID=marfin_crab_0_130904_104334_n47rd1
ExeEnd=cmsRun
***** End Cat jobreport *****
Parameters sent to Dashboard.
TIME_EXE = 2416 sec
>>> cmsRun wrote 129 lines of stdout+stderr
>>> START OF printout of 129 lines from stdout+stderr
04-Sep-2013 10:47:19 CEST  Initiating request to open file root://eoscms//eos/cms/store/relval/CMSSW_5_3_11_patch3/RelValTTbar/GEN-SIM-DIGI-RAW-HLTDEBUG/PU_START53_LV2_09Jul2013-v1/00000/FAA932F3-08E9-E211-B34F-00259059649C.root?svcClass=default
130904 10:47:19 22825 Xrd: GoToAnotherServer: Going to: lxfsre05a05.cern.ch:1095
04-Sep-2013 10:47:24 CEST  Successfully opened file root://eoscms//eos/cms/store/relval/CMSSW_5_3_11_patch3/RelValTTbar/GEN-SIM-DIGI-RAW-HLTDEBUG/PU_START53_LV2_09Jul2013-v1/00000/FAA932F3-08E9-E211-B34F-00259059649C.root?svcClass=default
%MSG-w SiStripQuality:  EventSetupRecordDataGetter:hltGetConditions@beginRun  04-Sep-2013 10:48:23 CEST Run: 1
The cabling should always include the active feds in runInfo and possibly have some morethere are instead 59 feds only active in runInfo
%MSG
Begin processing the 1st record. Run 1, Event 5889, LumiSection 118 at 04-Sep-2013 10:48:42.981 CEST
%MSG-w Muon:  L3MuonProducer:hltL3MuonsOIHit 04-Sep-2013 10:52:02 CEST  Run: 1 Event: 5979
     Failed to load tracker track trajectory
%MSG
%MSG-w RecoMuon:  L3MuonProducer:hltL3MuonsOIHit 04-Sep-2013 10:52:02 CEST  Run: 1 Event: 5979
     Failed to load tracker track trajectory
%MSG
%MSG-w GlobalMuon:  L3MuonProducer:hltL3MuonsOIHit 04-Sep-2013 10:52:02 CEST  Run: 1 Event: 5979
     Failed to load tracker track trajectory
%MSG
%MSG-w GlobalTrajectoryBuilderBase:  L3MuonProducer:hltL3MuonsOIHit  04-Sep-2013 10:52:02 CEST Run: 1 Event: 5979
     Failed to load tracker track trajectory
%MSG
DTTSPhi::addTracoT: preview not present in TRACO trigger or its code=0  trigger not added!
DTTSPhi::addTracoT: preview not present in TRACO trigger or its code=0  trigger not added!
DTTSPhi::addTracoT: preview not present in TRACO trigger or its code=0  trigger not added!
DTTSPhi::addTracoT: preview not present in TRACO trigger or its code=0  trigger not added!
DTTSPhi::addTracoT: preview not present in TRACO trigger or its code=0  trigger not added!
Begin processing the 101st record. Run 1, Event 6039, LumiSection 121 at 04-Sep-2013 10:57:00.889 CEST
DTTSPhi::addTracoT: preview not present in TRACO trigger or its code=0  trigger not added!
DTTSPhi::addTracoT: preview not present in TRACO trigger or its code=0  trigger not added!
%MSG-w BasicTrajectoryState:   TrackProducer:hltCtf3HitL1NonIsoWithMaterialTracks 04-Sep-2013 11:02:11 CEST  Run: 1 Event: 6254
curv error not pos-def
[   4.9127e+07     263.433-1.62696e+06     265.412    -13.9441
       263.433  0.00195148    -8.72424  0.00133066  0.00304915
  -1.62696e+06    -8.72424     53880.7    -8.79321      0.4617
       265.412  0.00133066    -8.79321  -0.0183396-0.000602133
      -13.9441  0.00304915      0.4617-0.000602133   0.0181141 ]
%MSG
%MSG-w BasicTrajectoryState:   TrackProducer:hltCtf3HitL1NonIsoWithMaterialTracks 04-Sep-2013 11:02:11 CEST  Run: 1 Event: 6254
local error not pos-def
[   4.9127e+07 1.62708e+06      2062.2     265.422       14.35
   1.62708e+06     53888.5     68.2996     8.79417    0.475182
        2062.2     68.2996   0.0871212   0.0110513 -0.00259854
       265.422     8.79417   0.0110513   -0.018341 0.000586804
         14.35    0.475182 -0.00259854 0.000586804   0.0184106 ]
%MSG
DTTSPhi::addTracoT: preview not present in TRACO trigger or its code=0  trigger not added!
Begin processing the 201st record. Run 1, Event 6289, LumiSection 126 at 04-Sep-2013 11:04:47.813 CEST
DTTSPhi::addTracoT: preview not present in TRACO trigger or its code=0  trigger not added!
DTTSPhi::addTracoT: preview not present in TRACO trigger or its code=0  trigger not added!
130904 11:07:49 22825 Xrd: XrdClientMessage::ReadRaw: Failed to read header (8 bytes).
Begin processing the 301st record. Run 1, Event 6439, LumiSection 129 at 04-Sep-2013 11:12:53.826 CEST
%MSG-w BasicTrajectoryState:   TrackProducer:hltBLifetimeRegionalCtfWithMaterialTracksRAzr  04-Sep-2013 11:13:10 CEST Run: 1 Event: 6443
curv error not pos-def
[  4.28168e+07    -728.533-1.44461e+06    -97.8848     79.8527
      -728.533   0.0148625     24.5801   0.0011947   0.0132047
  -1.44461e+06     24.5801     48739.9     3.30182    -2.69463
      -97.8848   0.0011947     3.30182 -0.00410044  -0.0029698
       79.8527   0.0132047    -2.69463  -0.0029698   0.0861504 ]
%MSG
%MSG-w BasicTrajectoryState:   TrackProducer:hltBLifetimeRegionalCtfWithMaterialTracksRAzr  04-Sep-2013 11:13:10 CEST Run: 1 Event: 6443
local error not pos-def
[  4.28168e+07 1.44462e+06     102.307    -97.8851     -81.258
   1.44462e+06     48741.2     3.45188    -3.30187    -2.74213
       102.307     3.45188  0.00288175-0.000720238  -0.0155079
      -97.8851    -3.30187-0.000720238  -0.0041005  0.00301718
       -81.258    -2.74213  -0.0155079  0.00301718   0.0890856 ]
%MSG
%MSG-w BasicTrajectoryState:   TrackProducer:hltBLifetimeRegionalCtfWithMaterialTracksSingleTop  04-Sep-2013 11:13:10 CEST Run: 1 Event: 6443
curv error not pos-def
[  4.28168e+07    -728.533-1.44461e+06    -97.8848     79.8527
      -728.533   0.0148625     24.5801   0.0011947   0.0132047
  -1.44461e+06     24.5801     48739.9     3.30182    -2.69463
      -97.8848   0.0011947     3.30182 -0.00410044  -0.0029698
       79.8527   0.0132047    -2.69463  -0.0029698   0.0861504 ]
%MSG
%MSG-w BasicTrajectoryState:   TrackProducer:hltBLifetimeRegionalCtfWithMaterialTracksSingleTop  04-Sep-2013 11:13:10 CEST Run: 1 Event: 6443
local error not pos-def
[  4.28168e+07 1.44462e+06     102.307    -97.8851     -81.258
   1.44462e+06     48741.2     3.45188    -3.30187    -2.74213
       102.307     3.45188  0.00288175-0.000720238  -0.0155079
      -97.8851    -3.30187-0.000720238  -0.0041005  0.00301718
       -81.258    -2.74213  -0.0155079  0.00301718   0.0890856 ]
%MSG
DTTSPhi::addTracoT: preview not present in TRACO trigger or its code=0  trigger not added!
04-Sep-2013 11:17:34 CEST  Closed file root://eoscms//eos/cms/store/relval/CMSSW_5_3_11_patch3/RelValTTbar/GEN-SIM-DIGI-RAW-HLTDEBUG/PU_START53_LV2_09Jul2013-v1/00000/FAA932F3-08E9-E211-B34F-00259059649C.root?svcClass=default
04-Sep-2013 11:17:34 CEST  Initiating request to open file root://eoscms//eos/cms/store/relval/CMSSW_5_3_11_patch3/RelValTTbar/GEN-SIM-DIGI-RAW-HLTDEBUG/PU_START53_LV2_09Jul2013-v1/00000/78602AE5-08E9-E211-819C-00259059649C.root?svcClass=default
130904 11:17:34 001 Xrd: CheckErrorStatus: Server [eoscms] declared: session not found(error code: 3011)
130904 11:17:34 22825 Xrd: GoToAnotherServer: Going to: lxfssl4209.cern.ch:1095
04-Sep-2013 11:17:34 CEST  Successfully opened file root://eoscms//eos/cms/store/relval/CMSSW_5_3_11_patch3/RelValTTbar/GEN-SIM-DIGI-RAW-HLTDEBUG/PU_START53_LV2_09Jul2013-v1/00000/78602AE5-08E9-E211-819C-00259059649C.root?svcClass=default
DTTSPhi::addTracoT: preview not present in TRACO trigger or its code=0  trigger not added!
DTTSPhi::addTracoT: preview not present in TRACO trigger or its code=0  trigger not added!
Begin processing the 401st record. Run 1, Event 2839, LumiSection 57 at 04-Sep-2013 11:20:35.960 CEST
130904 11:22:49 22825 Xrd: XrdClientMessage::ReadRaw: Failed to read header (8 bytes).
DTTSPhi::addTracoT: preview not present in TRACO trigger or its code=0  trigger not added!
DTTSPhi::addTracoT: preview not present in TRACO trigger or its code=0  trigger not added!
04-Sep-2013 11:26:24 CEST  Closed file root://eoscms//eos/cms/store/relval/CMSSW_5_3_11_patch3/RelValTTbar/GEN-SIM-DIGI-RAW-HLTDEBUG/PU_START53_LV2_09Jul2013-v1/00000/78602AE5-08E9-E211-819C-00259059649C.root?svcClass=default

=============================================

MessageLogger Summary

 type     category        sev    module        subroutine        count    total
 ---- -------------------- -- ---------------- ----------------  -----    -----
    1 BasicTrajectoryState -w TrackProducer:hl                       2        2
    2 BasicTrajectoryState -w TrackProducer:hl                       2        2
    3 BasicTrajectoryState -w TrackProducer:hl                       2        2
    4 GlobalMuon           -w L3MuonProducer:h                       1        1
    5 GlobalTrajectoryBuil -w L3MuonProducer:h                       1        1
    6 Muon                 -w L3MuonProducer:h                       1        1
    7 RecoMuon             -w L3MuonProducer:h                       1        1
    8 SiStripQuality       -w EventSetupRecord                       1        1
    9 fileAction           -s file_close                             2        2
   10 fileAction           -s file_open                              4        4

 type    category    Examples: run/evt        run/evt          run/evt
 ---- -------------------- ---------------- ---------------- ----------------
    1 BasicTrajectoryState 1/6443           1/6443           
    2 BasicTrajectoryState 1/6443           1/6443           
    3 BasicTrajectoryState 1/6254           1/6254           
    4 GlobalMuon           1/5979                            
    5 GlobalTrajectoryBuilderBase 1/5979                            
    6 Muon                 1/5979                            
    7 RecoMuon             1/5979                            
    8 SiStripQuality       Run: 1                            
    9 fileAction           PostProcessEvent PostEndRun       
   10 fileAction           pre-events       pre-events       PostProcessEvent

Severity    # Occurrences   Total Occurrences
--------    -------------   -----------------
Warning                11                  11
System                  6                   6
>>> END OF printout of 129 lines from stdout+stderr
>>> Parse FrameworkJobReport crab_fjr.xml
Result of parsing the FrameworkJobReport crab_fjr.xml: Popularity start
lumisRange : 1::118,120-121,124,126-127,129,132::1;1::57-59::2;
lumisParentRange : 
Basename : /store/relval/CMSSW_5_3_11_patch3/RelValTTbar/GEN-SIM-DIGI-RAW-HLTDEBUG/PU_START53_LV2_09Jul2013-v1/00000/
BasenameParent : 
parentFiles : 
inputBlocks : /RelValTTbar/CMSSW_5_3_11_patch3-PU_START53_LV2_09Jul2013-v1/GEN-SIM-DIGI-RAW-HLTDEBUG#bc03e9fc-e90e-11e2-95e5-00221959e7c0
inputFiles : FAA932F3-08E9-E211-B34F-00259059649C.root::1::EDM::Local::1;78602AE5-08E9-E211-819C-00259059649C.root::1::EDM::Local::2;
Popularity stop
Extracted ExitStatus from FrameworkJobReport parsing output: 0
>>> Executable succeded  0
ExeExitCode=0
EXECUTABLE_EXIT_STATUS = 0
>>> current directory /home/grid/cms667/home_cream_378429721/CREAM378429721/CMSSW_5_3_11_patch6
>>>  (SOFTWARE_DIR): /home/grid/cms667/home_cream_378429721/CREAM378429721/CMSSW_5_3_11_patch6
>>> (WORKING_DIR): 
>>> current directory content:
total 4150344
drwxr-xr-x 3 cms667 zh       4096 Sep  4 10:45 .SCRAM
-rw------- 1 cms667 zh    3842679 Sep  4 10:46 CMSSW.py.pkl
drwxr-xr-x 3 cms667 zh       4096 Sep  4 10:45 bin
drwxr-xr-x 3 cms667 zh       4096 Sep  4 10:45 cfipython
drwxr-xr-x 4 cms667 zh       4096 Sep  4 10:45 config
-rw------- 1 cms667 zh         19 Sep  4 11:26 cpu_timing.txt
drwxr-xr-x 2 cms667 zh       4096 Sep  4 10:45 doc
-rw------- 1 cms667 zh       9485 Sep  4 11:26 executable.out
drwxr-xr-x 2 cms667 zh       4096 Sep  4 10:45 include
drwx------ 3 cms667 zh       4096 Aug 26 18:31 lib
drwxr-xr-x 3 cms667 zh       4096 Sep  4 10:45 logs
drwxr-xr-x 3 cms667 zh       4096 Sep  4 10:45 objs
-rw------- 1 cms667 zh 4237935867 Sep  4 11:26 output.root
-rw------- 1 cms667 zh        104 Sep  4 10:46 pset.py
-rw------- 1 cms667 zh    3843521 Sep  4 10:46 pset.py.pkl
-rw------- 1 cms667 zh        289 Sep  4 10:46 pset.pyc
drwxr-xr-x 2 cms667 zh       4096 Sep  4 10:45 python
-rw------- 1 cms667 zh        437 Sep  4 11:26 report.log
drwx------ 5 cms667 zh       4096 Sep  4 10:45 src
drwxr-xr-x 3 cms667 zh       4096 Sep  4 10:45 test
drwxr-xr-x 3 cms667 zh       4096 Sep  4 10:45 tmp
>>> current directory /home/grid/cms667/home_cream_378429721/CREAM378429721/CMSSW_5_3_11_patch6
>>> (SOFTWARE_DIR): /home/grid/cms667/home_cream_378429721/CREAM378429721/CMSSW_5_3_11_patch6
>>> (WORKING_DIR): 
>>> current directory content:
total 4150344
drwxr-xr-x 3 cms667 zh       4096 Sep  4 10:45 .SCRAM
-rw------- 1 cms667 zh    3842679 Sep  4 10:46 CMSSW.py.pkl
drwxr-xr-x 3 cms667 zh       4096 Sep  4 10:45 bin
drwxr-xr-x 3 cms667 zh       4096 Sep  4 10:45 cfipython
drwxr-xr-x 4 cms667 zh       4096 Sep  4 10:45 config
-rw------- 1 cms667 zh         19 Sep  4 11:26 cpu_timing.txt
drwxr-xr-x 2 cms667 zh       4096 Sep  4 10:45 doc
-rw------- 1 cms667 zh       9485 Sep  4 11:26 executable.out
drwxr-xr-x 2 cms667 zh       4096 Sep  4 10:45 include
drwx------ 3 cms667 zh       4096 Aug 26 18:31 lib
drwxr-xr-x 3 cms667 zh       4096 Sep  4 10:45 logs
drwxr-xr-x 3 cms667 zh       4096 Sep  4 10:45 objs
-rw------- 1 cms667 zh 4237935867 Sep  4 11:26 output_9_1_IRw.root
-rw------- 1 cms667 zh        104 Sep  4 10:46 pset.py
-rw------- 1 cms667 zh    3843521 Sep  4 10:46 pset.py.pkl
-rw------- 1 cms667 zh        289 Sep  4 10:46 pset.pyc
drwxr-xr-x 2 cms667 zh       4096 Sep  4 10:45 python
-rw------- 1 cms667 zh        437 Sep  4 11:26 report.log
drwx------ 5 cms667 zh       4096 Sep  4 10:45 src
drwxr-xr-x 3 cms667 zh       4096 Sep  4 10:45 test
drwxr-xr-x 3 cms667 zh       4096 Sep  4 10:45 tmp
>>> current directory (RUNTIME_AREA):  /home/grid/cms667/home_cream_378429721/CREAM378429721
SE = srm-cms.cern.ch
SE_PATH = /srm/v2/server?SFN=/eos/cms/store/user/marfin/RelValTTbar/53xRelVal2011Redigi/844a175eacc74cc51be2e7d71ca2539e/
LFNBaseName = /store/user/marfin/RelValTTbar/53xRelVal2011Redigi/844a175eacc74cc51be2e7d71ca2539e/
USER = marfin
endpoint = srm://srm-eoscms.cern.ch:8443/srm/v2/server?SFN=/eos/cms/store/user/marfin/RelValTTbar/53xRelVal2011Redigi/844a175eacc74cc51be2e7d71ca2539e/
>>> Copy output files from WN = lxbrg1803.cern.ch to /srm/v2/server?SFN=/eos/cms/store/user/marfin/RelValTTbar/53xRelVal2011Redigi/844a175eacc74cc51be2e7d71ca2539e/ :
python cmscp.py  --destination srm://srm-eoscms.cern.ch:8443/srm/v2/server?SFN=/eos/cms/store/user/marfin/RelValTTbar/53xRelVal2011Redigi/844a175eacc74cc51be2e7d71ca2539e/ --inputFileList /home/grid/cms667/home_cream_378429721/CREAM378429721/CMSSW_5_3_11_patch6/output_9_1_IRw.root --middleware LCG --se_name srm-cms.cern.ch --for_lfn /store/user/marfin/RelValTTbar/53xRelVal2011Redigi/844a175eacc74cc51be2e7d71ca2539e/    
******************************************************
localSeName  =  srm-eoscms.cern.ch
remoteSeName =  srm-cms.cern.ch
******************************************************
{"/home/grid/cms667/home_cream_378429721/CREAM378429721/CMSSW_5_3_11_patch6/output_9_1_IRw.root": {"endpoint": "srm://srm-eoscms.cern.ch:8443/srm/v2/server?SFN=/eos/cms/store/user/marfin/RelValTTbar/53xRelVal2011Redigi/844a175eacc74cc51be2e7d71ca2539e/", "surl_for_grid": "", "reason": "Problem copying /home/grid/cms667/home_cream_378429721/CREAM378429721/CMSSW_5_3_11_patch6/output_9_1_IRw.root file'Permission denied!'\nERROR: problems removing partially staged file output_9_1_IRw.root'Error deleting [output_9_1_IRw.root]'", "erCode": "60307", "se_name": "srm-cms.cern.ch", "for_lfn": "/copy_problem/"}}/home/grid/cms667/home_cream_378429721/CREAM378429721
-------- cat /home/grid/cms667/home_cream_378429721/CREAM378429721/cmscpReport.sh 
#!/bin/bash
echo "Report for File: /home/grid/cms667/home_cream_378429721/CREAM378429721/CMSSW_5_3_11_patch6/output_9_1_IRw.root"
echo "LFN: /copy_problem/output_9_1_IRw.root"
echo "StorageElement: srm-cms.cern.ch"
echo "StageOutExitStatusReason = 'Problem copying /home/grid/cms667/home_cream_378429721/CREAM378429721/CMSSW_5_3_11_patch6/output_9_1_IRw.root file Permission denied! 
ERROR: problems removing partially staged file output_9_1_IRw.root Error deleting [output_9_1_IRw.root] '" | tee -a $RUNTIME_AREA/$repo
echo "StageOutSE = srm-cms.cern.ch" >> $RUNTIME_AREA/$repo

export StageOutExitStatus=60307
echo "StageOutExitStatus = 60307" | tee -a $RUNTIME_AREA/$repo
-------- end of /home/grid/cms667/home_cream_378429721/CREAM378429721/cmscpReport.sh 
Report for File: /home/grid/cms667/home_cream_378429721/CREAM378429721/CMSSW_5_3_11_patch6/output_9_1_IRw.root
LFN: /copy_problem/output_9_1_IRw.root
StorageElement: srm-cms.cern.ch
StageOutExitStatusReason = 'Problem copying /home/grid/cms667/home_cream_378429721/CREAM378429721/CMSSW_5_3_11_patch6/output_9_1_IRw.root file Permission denied! 
ERROR: problems removing partially staged file output_9_1_IRw.root Error deleting [output_9_1_IRw.root] '
StageOutExitStatus = 60307
Problem copying file to srm-cms.cern.ch /srm/v2/server?SFN=/eos/cms/store/user/marfin/RelValTTbar/53xRelVal2011Redigi/844a175eacc74cc51be2e7d71ca2539e/
########## contents of SE interaction
2013-09-04 11:27:01.287221:
Executed:	unset LD_LIBRARY_PATH; unset GLITE_ENV_SET; export PATH=/usr/bin:/bin; source /etc/profile; source /home/grid/cms667/home_cream_378429721/CREAM378429721/CacheEnv.sh ; lcg-ls -b -D srmv2 --srm-timeout 2400 --sendreceive-timeout 2400 --connect-timeout 300 --verbose srm://srm-eoscms.cern.ch:8443/srm/v2/server?SFN=/eos/cms/store/user/marfin/RelValTTbar/53xRelVal2011Redigi/844a175eacc74cc51be2e7d71ca2539e/output_9_1_IRw.root
Done with exit code:	1
and output:
SE type: SRMv2
/eos/cms/store/user/marfin/RelValTTbar/53xRelVal2011Redigi/844a175eacc74cc51be2e7d71ca2539e/output_9_1_IRw.root: [SE][Ls][SRM_INVALID_PATH] No such file or directory.


2013-09-04 11:27:37.296225:
Executed:	unset LD_LIBRARY_PATH; unset GLITE_ENV_SET; export PATH=/usr/bin:/bin; source /etc/profile; source /home/grid/cms667/home_cream_378429721/CREAM378429721/CacheEnv.sh ;  lcg-cp  --verbose  --vo=cms  -b -D srmv2 --srm-timeout 2400 --sendreceive-timeout 2400 --connect-timeout 300 --verbose file:///home/grid/cms667/home_cream_378429721/CREAM378429721/CMSSW_5_3_11_patch6/output_9_1_IRw.root srm://srm-eoscms.cern.ch:8443/srm/v2/server?SFN=/eos/cms/store/user/marfin/RelValTTbar/53xRelVal2011Redigi/844a175eacc74cc51be2e7d71ca2539e/output_9_1_IRw.root
Done with exit code:	1
and output:
Using grid catalog type: UNKNOWN
Using grid catalog : (null)
VO name: cms
Checksum type: None
Destination SE type: SRMv2
[SE][Mkdir][SRM_FAILURE] httpg://srm-eoscms.cern.ch:8443/srm/v2/server: srm://srm-eoscms.cern.ch:8443/srm/v2/server?SFN=/eos/cms/store/user/marfin/RelValTTbar/53xRelVal2011Redigi/844a175eacc74cc51be2e7d71ca2539e: Error:/bin/mkdir: cannot create directory `/eos/cms/store/user/marfin': Permission denied
Ref-u marfin  /bin/mkdir /eos/cms/store/user/marfin
[SE][PrepareToPut][SRM_FAILURE] httpg://srm-eoscms.cern.ch:8443/srm/v2/server: <none>
lcg_cp: Invalid argument


2013-09-04 11:27:49.301968:
Executed:	unset LD_LIBRARY_PATH; unset GLITE_ENV_SET; export PATH=/usr/bin:/bin; source /etc/profile; source /home/grid/cms667/home_cream_378429721/CREAM378429721/CacheEnv.sh ; lcg-del  --verbose  --vo=cms  -b -D srmv2 --srm-timeout 2400 --sendreceive-timeout 2400 --connect-timeout 300 --verbose --nolfc srm://srm-eoscms.cern.ch:8443/srm/v2/server?SFN=/eos/cms/store/user/marfin/RelValTTbar/53xRelVal2011Redigi/844a175eacc74cc51be2e7d71ca2539e/output_9_1_IRw.root
Done with exit code:	1
and output:
VO name: cms
SE type: SRMv2
srm://srm-eoscms.cern.ch:8443/srm/v2/server?SFN=/eos/cms/store/user/marfin/RelValTTbar/53xRelVal2011Redigi/844a175eacc74cc51be2e7d71ca2539e/output_9_1_IRw.root: [SE][srmRm][SRM_FAILURE] Error:/bin/rm: cannot remove `/eos/cms/store/user/marfin/RelValTTbar/53xRelVal2011Redigi/844a175eacc74cc51be2e7d71ca2539e/output_9_1_IRw.root': No such file or directory
Ref-u marfin  /bin/rm /eos/cms/store/user/marfin/RelValTTbar/53xRelVal2011Redigi/844a175eacc74cc51be2e7d71ca2539e/output_9_1_IRw.root



#####################################
>>> current dir: /home/grid/cms667/home_cream_378429721/CREAM378429721
>>> current dir content:
total 6252
-rwx------  1 cms667 zh   13669 Sep  4 10:45 .BrokerInfo
-rw-------  1 cms667 zh    2940 Sep  4 11:27 .SEinteraction.log
-rwx------  1 cms667 zh       0 Sep  4 10:45 .tmp_file
-rw-------  1 cms667 zh     105 Sep  4 10:43 CMSSW.py
-rw-------  1 cms667 zh 3842679 Sep  4 10:43 CMSSW.py.pkl
-rwx------  1 cms667 zh   27940 Sep  4 10:45 CMSSW.sh
drwxr-xr-x 15 cms667 zh    4096 Sep  4 11:26 CMSSW_5_3_11_patch6
-rwx------  1 cms667 zh       0 Sep  4 10:45 CMSSW_9.stderr
-rwx---r--  1 cms667 zh   27539 Sep  4 11:32 CMSSW_9.stdout
-rw-------  1 cms667 zh     573 Sep  4 10:45 CacheEnv.sh
-rw-------  1 cms667 zh    7291 Jun  9  2010 DashboardAPI.py
-rw-------  1 cms667 zh    6493 Sep  4 10:46 DashboardAPI.pyc
drwx------  3 cms667 zh    4096 Aug 20 17:36 IMProv
-rw-------  1 cms667 zh    2748 Mar  8  2006 Logger.py
-rw-------  1 cms667 zh    3223 Sep  4 10:46 Logger.pyc
-rw-------  1 cms667 zh   24524 Mar 28  2008 ProcInfo.py
-rw-------  1 cms667 zh   22846 Sep  4 10:46 ProcInfo.pyc
drwx------  7 cms667 zh    4096 Sep  4 10:46 ProdCommon
drwx------  3 cms667 zh    4096 Sep  4 10:45 WMCore
-rw-------  1 cms667 zh    6901 Sep  4 11:26 Watchdog_9.log
-rw-------  1 cms667 zh   32895 Mar 28  2008 apmon.py
-rw-------  1 cms667 zh   28120 Sep  4 10:46 apmon.pyc
-rwx------  1 cms667 zh   10416 Sep  4 10:45 arguments.xml
-rwx------  1 cms667 zh   38507 Aug  6 23:12 cmscp.py
-rw-------  1 cms667 zh     675 Sep  4 11:32 cmscpReport.sh
-rw-------  1 cms667 zh     536 Sep  4 10:43 crab.cfg
-rwx------  1 cms667 zh    8610 Apr  2 15:44 crabWatchdog.sh
-rwx---r--  1 cms667 zh  781886 Sep  4 11:26 crab_fjr_9.xml
-rwx------  1 cms667 zh 1216362 Sep  4 10:45 default.tgz
-rwx------  1 cms667 zh    4488 May 12  2012 fillCrabFjr.py
-rw-------  1 cms667 zh     468 Sep  4 10:46 inputsReport.txt
-rw-------  1 cms667 zh     463 Sep  4 11:32 jobreport.txt
lrwxrwxrwx  1 cms667 zh      93 Sep  4 11:26 output.root -> /home/grid/cms667/home_cream_378429721/CREAM378429721/CMSSW_5_3_11_patch6/output_9_1_IRw.root
-rw-------  1 cms667 zh   17352 Jan 20  2012 parseCrabFjr.py
-rw-------  1 cms667 zh     264 Sep  4 10:45 report.log
-rwx--x--x  1 cms667 zh    1497 May 27  2009 report.py
-rw-------  1 cms667 zh     608 Sep  4 11:32 resultCopyFile
-rwx------  1 cms667 zh    8387 Mar 23  2011 writeCfg.py
>>> Modify Job Report:
CMSSW_VERSION = CMSSW_5_3_11_patch6
ProcessedDataset = 53xRelVal2011Redigi
/home/grid/cms667/home_cream_378429721/CREAM378429721/ProdCommon/FwkJobRep/ModifyJobReport.py fjr /home/grid/cms667/home_cream_378429721/CREAM378429721/crab_fjr_9.xml json /home/grid/cms667/home_cream_378429721/CREAM378429721/resultCopyFile n_job 9_1_IRw PrimaryDataset RelValTTbar  ApplicationFamily cmsRun ApplicationName cmsRun cmssw_version CMSSW_5_3_11_patch6 psethash 844a175eacc74cc51be2e7d71ca2539e UserProcessedDataset marfin-53xRelVal2011Redigi-844a175eacc74cc51be2e7d71ca2539e
inputDict =  {u'/home/grid/cms667/home_cream_378429721/CREAM378429721/CMSSW_5_3_11_patch6/output_9_1_IRw.root': {u'endpoint': u'srm://srm-eoscms.cern.ch:8443/srm/v2/server?SFN=/eos/cms/store/user/marfin/RelValTTbar/53xRelVal2011Redigi/844a175eacc74cc51be2e7d71ca2539e/', u'surl_for_grid': u'', u'reason': u"Problem copying /home/grid/cms667/home_cream_378429721/CREAM378429721/CMSSW_5_3_11_patch6/output_9_1_IRw.root file'Permission denied!'\nERROR: problems removing partially staged file output_9_1_IRw.root'Error deleting [output_9_1_IRw.root]'", u'erCode': u'60307', u'se_name': u'srm-cms.cern.ch', u'for_lfn': u'/copy_problem/'}}
diz_filter =  {u'output.root': u''}
UserProcessedDataset =  marfin-53xRelVal2011Redigi-844a175eacc74cc51be2e7d71ca2539e
file_name in inputDict =  /home/grid/cms667/home_cream_378429721/CREAM378429721/CMSSW_5_3_11_patch6/output_9_1_IRw.root
(size) os.stat(filename)[6] =  4237935867
checksum =  2599990603
filter =  
    file =  output_9_1_IRw.root
    newPfn =  srm://srm-eoscms.cern.ch:8443/srm/v2/server?SFN=/eos/cms/store/user/marfin/RelValTTbar/53xRelVal2011Redigi/844a175eacc74cc51be2e7d71ca2539e/output_9_1_IRw.root
    newLfn =  /copy_problem/output_9_1_IRw.root
>>> crab_fjr_*.xml  permission set to 0704
Checking output files:  
will tar file crab_fjr_9.xml in  out_files_9
will tar file CMSSW_9.stdout in  out_files_9
will tar file CMSSW_9.stderr in  out_files_9
WARNING: output file Watchdog_9.log.gz not found!
>>> padding time: Wrapper lasting more than 600 seconds. No sleep required.
STOPPING WATCHDOG. CrabWatchdog PID is 22583
********** LAST 50 LINES OF WATCHDOG LOG
 Sep 04 10:54:09 CEST	22825	1868120	2292340	490	370	487	cmsRun -j /home/grid/cms667/home_cream_378429721/CREAM378429721/crab_fjr_9.xml -p pset.py      
 Sep 04 10:54:09 CEST	---	1868120	2292340	588	----	----	----
 Sep 04 10:55:10 CEST	22825	1878980	2304632	588	428	548	cmsRun -j /home/grid/cms667/home_cream_378429721/CREAM378429721/crab_fjr_9.xml -p pset.py      
 Sep 04 10:55:10 CEST	---	1878980	2304632	700	----	----	----
 Sep 04 10:56:11 CEST	22825	1880588	2306168	700	487	609	cmsRun -j /home/grid/cms667/home_cream_378429721/CREAM378429721/crab_fjr_9.xml -p pset.py      
 Sep 04 10:56:11 CEST	---	1880588	2306168	815	----	----	----
 Sep 04 10:57:12 CEST	22825	1885792	2312312	815	539	669	cmsRun -j /home/grid/cms667/home_cream_378429721/CREAM378429721/crab_fjr_9.xml -p pset.py      
 Sep 04 10:57:12 CEST	---	1885792	2312312	908	----	----	----
 Sep 04 10:58:13 CEST	22825	1893408	2321272	908	591	731	cmsRun -j /home/grid/cms667/home_cream_378429721/CREAM378429721/crab_fjr_9.xml -p pset.py      
 Sep 04 10:58:13 CEST	---	1893408	2321272	1011	----	----	----
 Sep 04 10:59:14 CEST	---	1893408	2321272	1115	----	----	----
 Sep 04 11:00:15 CEST	---	1893408	2321272	1231	----	----	----
 Sep 04 11:01:16 CEST	---	1893408	2321272	1347	----	----	----
 Sep 04 11:02:16 CEST	22825	1920616	2372216	1347	824	974	cmsRun -j /home/grid/cms667/home_cream_378429721/CREAM378429721/crab_fjr_9.xml -p pset.py      
 Sep 04 11:02:16 CEST	---	1920616	2372216	1459	----	----	----
 Sep 04 11:03:18 CEST	---	1920616	2372216	1574	----	----	----
 Sep 04 11:04:18 CEST	---	1920616	2372216	1679	----	----	----
 Sep 04 11:05:19 CEST	---	1920616	2372216	1787	----	----	----
 Sep 04 11:06:20 CEST	22825	1921688	2373496	1787	1058	1218	cmsRun -j /home/grid/cms667/home_cream_378429721/CREAM378429721/crab_fjr_9.xml -p pset.py      
 Sep 04 11:06:20 CEST	---	1921688	2373496	1894	----	----	----
 Sep 04 11:07:21 CEST	---	1921688	2373496	2004	----	----	----
 Sep 04 11:08:22 CEST	22825	1939604	2408056	2004	1176	1339	cmsRun -j /home/grid/cms667/home_cream_378429721/CREAM378429721/crab_fjr_9.xml -p pset.py      
 Sep 04 11:08:22 CEST	---	1939604	2408056	2118	----	----	----
 Sep 04 11:09:23 CEST	---	1939604	2408056	2229	----	----	----
 Sep 04 11:10:23 CEST	22825	1942996	2410104	2229	1285	1461	cmsRun -j /home/grid/cms667/home_cream_378429721/CREAM378429721/crab_fjr_9.xml -p pset.py      
 Sep 04 11:10:23 CEST	---	1942996	2410104	2325	----	----	----
 Sep 04 11:11:24 CEST	22825	1947688	2415224	2325	1342	1522	cmsRun -j /home/grid/cms667/home_cream_378429721/CREAM378429721/crab_fjr_9.xml -p pset.py      
 Sep 04 11:11:24 CEST	---	1947688	2415224	2418	----	----	----
 Sep 04 11:12:25 CEST	---	1947688	2415224	2528	----	----	----
 Sep 04 11:13:26 CEST	---	1947688	2415224	2638	----	----	----
 Sep 04 11:14:27 CEST	22825	1954492	2422904	2638	1518	1704	cmsRun -j /home/grid/cms667/home_cream_378429721/CREAM378429721/crab_fjr_9.xml -p pset.py      
 Sep 04 11:14:27 CEST	---	1954492	2422904	2747	----	----	----
 Sep 04 11:15:27 CEST	---	1954492	2422904	2856	----	----	----
 Sep 04 11:16:28 CEST	---	1954492	2422904	2965	----	----	----
 Sep 04 11:17:29 CEST	---	1954492	2422904	3073	----	----	----
 Sep 04 11:18:30 CEST	22825	1991288	2459520	3073	1753	1948	cmsRun -j /home/grid/cms667/home_cream_378429721/CREAM378429721/crab_fjr_9.xml -p pset.py      
 Sep 04 11:18:30 CEST	---	1991288	2459520	3164	----	----	----
 Sep 04 11:19:31 CEST	22825	2004116	2459520	3164	1813	2009	cmsRun -j /home/grid/cms667/home_cream_378429721/CREAM378429721/crab_fjr_9.xml -p pset.py      
 Sep 04 11:19:31 CEST	---	2004116	2459520	3279	----	----	----
 Sep 04 11:20:32 CEST	22825	2017320	2463104	3279	1872	2070	cmsRun -j /home/grid/cms667/home_cream_378429721/CREAM378429721/crab_fjr_9.xml -p pset.py      
 Sep 04 11:20:32 CEST	---	2017320	2463104	3391	----	----	----
 Sep 04 11:21:34 CEST	---	2017320	2463104	3503	----	----	----
 Sep 04 11:22:35 CEST	22825	2018580	2463872	3503	1991	2192	cmsRun -j /home/grid/cms667/home_cream_378429721/CREAM378429721/crab_fjr_9.xml -p pset.py      
 Sep 04 11:22:35 CEST	---	2018580	2463872	3618	----	----	----
# TIME			PID	RSS(KB)	VSZ(KB)	Dsk(MB)	tCPU(s)	tWALL(s)	COMMAND
 Sep 04 11:23:36 CEST	---	2018580	2463872	3726	----	----	----
 Sep 04 11:24:37 CEST	22825	2021236	2463872	3726	2109	2314	cmsRun -j /home/grid/cms667/home_cream_378429721/CREAM378429721/crab_fjr_9.xml -p pset.py      
 Sep 04 11:24:37 CEST	---	2021236	2463872	3848	----	----	----
 Sep 04 11:25:37 CEST	---	2021236	2463872	3959	----	----	----
 Sep 04 11:26:38 CEST	---	2021236	2463872	4068	----	----	----
********** WATCHDOG LOG ENDED
ZIPPING WATCHDOG LOG
Disk space used:
du -sh /home/grid/cms667/home_cream_378429721/CREAM378429721
4.0G	/home/grid/cms667/home_cream_378429721/CREAM378429721
Found unusual stderr, rename for OSB
