This script was generated by crab (version 2.9.0).
Running ./CMSSW.sh with 2 positional parameters: 5 1
Today is Wed Sep  4 10:46:01 CEST 2013
Job submitted on host lxbsq2906.cern.ch
Linux lxbsq2906.cern.ch 2.6.18-308.1.1.el5 #1 SMP Wed Mar 7 19:25:07 CET 2012 x86_64 x86_64 x86_64 GNU/Linux
>>> current directory (RUNTIME_AREA): /home/grid/cms667/home_cream_446278330/CREAM446278330
>>> current user: uid=52545(cms667) gid=1399(zh) groups=1399(zh),1101952759 context=system_u:system_r:initrc_t
>>> directory permission set to 0700
>>> umask set to:  u=rwx,g=,o=
>>> stdout stderr permission set to 0704
>>> voms proxy information:
subject   : /C=DE/O=GermanGrid/OU=DESY/CN=Ihar Marfin/CN=proxy/CN=proxy/CN=proxy/CN=limited proxy
issuer    : /C=DE/O=GermanGrid/OU=DESY/CN=Ihar Marfin/CN=proxy/CN=proxy/CN=proxy
identity  : /C=DE/O=GermanGrid/OU=DESY/CN=Ihar Marfin/CN=proxy/CN=proxy/CN=proxy
type      : limited proxy
strength  : 1024 bits
path      : /home/grid/cms667/home_cream_446278330/cream_446278330.proxy
timeleft  : 189:13:59
key usage : 
=== VO cms extension information ===
VO        : cms
subject   : /C=DE/O=GermanGrid/OU=DESY/CN=Ihar Marfin
issuer    : /DC=ch/DC=cern/OU=computers/CN=lcg-voms.cern.ch
attribute : /cms/Role=NULL/Capability=NULL
attribute : /cms/dcms/Role=NULL/Capability=NULL
timeleft  : 189:15:27
uri       : lcg-voms.cern.ch:15002
>>> tar --no-same-permissions -xf /home/grid/cms667/home_cream_446278330/CREAM446278330/default.tgz :
Successful untar
>>> Include /home/grid/cms667/home_cream_446278330/CREAM446278330 in PYTHONPATH:
strip arguments
env var CRAB_UNIQUE_JOB_ID set to: marfin_crab_0_130904_104334_n47rd1_5_1_eNM
out_files_5
>>> list of expected files on output sandbox
output files: crab_fjr_5.xml CMSSW_5.stdout CMSSW_5.stderr Watchdog_5.log.gz
>>> GridFlavour discovery: 
GridFlavour=LCG
>>> SyncSite discovery: 
not reporting SyncSite
>>> SyncCE discovery: 
getting SyncCE from CE_ID
SyncCE=ce201.cern.ch:8443/cream-lsf-grid_cms
>>> info for dashboard:
***** Cat /home/grid/cms667/home_cream_446278330/CREAM446278330/jobreport.txt *****
MonitorJobID=5_https://wms311.cern.ch:9000/V4D4Dl11_JqNhXXTir6bZg
SyncGridJobId=https://wms311.cern.ch:9000/V4D4Dl11_JqNhXXTir6bZg
MonitorID=marfin_crab_0_130904_104334_n47rd1
GridFlavour=LCG
SyncCE=ce201.cern.ch:8443/cream-lsf-grid_cms
***** End Cat jobreport *****
Parameters sent to Dashboard.
>>> setup environment
set SCRAM ARCH to slc5_amd64_gcc462
SCRAM_ARCH = slc5_amd64_gcc462
>>> setup CMS LCG environment:
set SCRAM ARCH and BUILD_ARCH to slc5_amd64_gcc462 ###
Sourcing environment... 
sourcing /afs/cern.ch/project/gd/apps/cms/cmsset_default.sh
==> setup cms environment ok
>>> specific cmssw setup environment:
CMSSW_VERSION =  CMSSW_5_3_11_patch6
>>> current directory (SOFTWARE_DIR): /home/grid/cms667/home_cream_446278330/CREAM446278330/CMSSW_5_3_11_patch6
PreserveSeeds: <>
IncrementSeeds:<>
{"output.root": ""}
WNHostName=lxbsq2906.cern.ch
>>> info for dashboard:
***** Cat /home/grid/cms667/home_cream_446278330/CREAM446278330/jobreport.txt *****
MonitorJobID=5_https://wms311.cern.ch:9000/V4D4Dl11_JqNhXXTir6bZg
MonitorID=marfin_crab_0_130904_104334_n47rd1
WNHostName=lxbsq2906.cern.ch
***** End Cat jobreport *****
Parameters sent to Dashboard.
crabWatchdog started as process 5719
>>> moving CMSSW software directories in /home/grid/cms667/home_cream_446278330/CREAM446278330/CMSSW_5_3_11_patch6
mv: cannot stat `/home/grid/cms667/home_cream_446278330/CREAM446278330/module/': No such file or directory
>>> Include /home/grid/cms667/home_cream_446278330/CREAM446278330 in PYTHONPATH:
PYTHONPATH=/home/grid/cms667/home_cream_446278330/CREAM446278330/:/pool/grid/cms667/home_cream_446278330/CREAM446278330/CMSSW_5_3_11_patch6/python:/pool/grid/cms667/home_cream_446278330/CREAM446278330/CMSSW_5_3_11_patch6/lib/slc5_amd64_gcc462:/afs/cern.ch/cms/slc5_amd64_gcc462/cms/cmssw-patch/CMSSW_5_3_11_patch6/python:/afs/cern.ch/cms/slc5_amd64_gcc462/cms/cmssw-patch/CMSSW_5_3_11_patch6/lib/slc5_amd64_gcc462:/afs/cern.ch/cms/slc5_amd64_gcc462/cms/cmssw/CMSSW_5_3_11/bin/slc5_amd64_gcc462:/afs/cern.ch/cms/slc5_amd64_gcc462/cms/cmssw/CMSSW_5_3_11/lib/slc5_amd64_gcc462:/afs/cern.ch/cms/slc5_amd64_gcc462/cms/coral/CORAL_2_3_21-cms35/slc5_amd64_gcc462/python:/afs/cern.ch/cms/slc5_amd64_gcc462/cms/coral/CORAL_2_3_21-cms35/slc5_amd64_gcc462/lib:/afs/cern.ch/cms/slc5_amd64_gcc462/external/pyqt/4.8.1/lib/python2.6/site-packages:/afs/cern.ch/cms/slc5_amd64_gcc462/external/py2-scipy/0.8.0/lib/python2.6/site-packages:/afs/cern.ch/cms/slc5_amd64_gcc462/external/py2-matplotlib/1.0.1/lib/python2.6/site-packages:/afs/cern.ch/cms/slc5_amd64_gcc462/external/python-ldap/2.3.5/lib/python2.6/site-packages:/afs/cern.ch/cms/slc5_amd64_gcc462/external/sip/4.11.2/lib/python2.6/site-packages:/afs/cern.ch/cms/slc5_amd64_gcc462/external/py2-pycurl/7.19.0/lib/python2.6/site-packages:/afs/cern.ch/cms/slc5_amd64_gcc462/external/py2-numpy/1.6.1/lib/python2.6/site-packages:/afs/cern.ch/cms/slc5_amd64_gcc462/external/py2-ipython/0.10/lib/python2.6/site-packages:/afs/cern.ch/cms/slc5_amd64_gcc462/external/py2-cx-oracle/5.1-cms11/lib/python2.6/site-packages:/afs/cern.ch/cms/slc5_amd64_gcc462/external/py2-cjson/1.0.5/lib/python2.6/site-packages:/afs/cern.ch/cms/slc5_amd64_gcc462/cms/das-client/1.9.5/bin:/afs/cern.ch/cms/slc5_amd64_gcc462/external/elementtree/1.2.6/share/lib/python2.6/site-packages:/afs/cern.ch/cms/slc5_amd64_gcc462/external/rivet/1.8.2/lib/python2.6/site-packages:/afs/cern.ch/cms/slc5_amd64_gcc462/external/pyminuit2/0.0.1-cms39/lib/python2.6/site-packages:/afs/cern.ch/cms/slc5_amd64_gcc462/external/professor/1.0.0-cms40/lib/python2.6/site-packages:/afs/cern.ch/cms/slc5_amd64_gcc462/lcg/root/5.32.00-cms21/lib:/afs/cern.ch/cms/slc5_amd64_gcc462/cms/dbs-client/DBS_2_1_9-cms3/lib:/afs/cern.ch/cms/slc5_amd64_gcc462/cms/dbs-client/DBS_2_1_9-cms3/lib/DBSAPI:/afs/cern.ch/cms/slc5_amd64_gcc462/external/cvs2git/5419/lib:/home/grid/cms667/home_cream_446278330/CREAM446278330/
 
# LIMITS USED BY CRAB WATCHDOG:
# RSS  (KBytes)   : 2300000
# VSZ  (KBytes)   : 100000000
# DISK (MBytes)   : 19000
# CPU TIME        : 720h:0m:0s
# WALL CLOCK TIME : 21h:50m:0s
 
844a175eacc74cc51be2e7d71ca2539e
PSETHASH = 844a175eacc74cc51be2e7d71ca2539e
/home/grid/cms667/home_cream_446278330/CREAM446278330/writeCfg.py pset.py pset.py
Importing .py file
Setting parameters
RandomNumberGeneratorService found, will attempt to change seeds
inputBlocks=/RelValTTbar/CMSSW_5_3_11_patch3-PU_START53_LV2_09Jul2013-v1/GEN-SIM-DIGI-RAW-HLTDEBUG#bc03e9fc-e90e-11e2-95e5-00221959e7c0
inputFiles=/store/relval/CMSSW_5_3_11_patch3/RelValTTbar/GEN-SIM-DIGI-RAW-HLTDEBUG/PU_START53_LV2_09Jul2013-v1/00000/EA64FDAF-08E9-E211-BC4B-003048678C62.root;/store/relval/CMSSW_5_3_11_patch3/RelValTTbar/GEN-SIM-DIGI-RAW-HLTDEBUG/PU_START53_LV2_09Jul2013-v1/00000/F236B393-08E9-E211-A5E6-003048679214.root
parentFiles=
lumisRange=
>>> Executable cmsRun
/afs/cern.ch/cms/slc5_amd64_gcc462/cms/cmssw-patch/CMSSW_5_3_11_patch6/bin/slc5_amd64_gcc462/cmsRun
ok executable found
>>> info for dashboard:
***** Cat /home/grid/cms667/home_cream_446278330/CREAM446278330/jobreport.txt *****
MonitorJobID=5_https://wms311.cern.ch:9000/V4D4Dl11_JqNhXXTir6bZg
MonitorID=marfin_crab_0_130904_104334_n47rd1
ExeStart=cmsRun
***** End Cat jobreport *****
Parameters sent to Dashboard.
>>> cmsRun started at Wed Sep  4 08:46:31 UTC 2013
>>> cmsRun ended at Wed Sep  4 09:28:15 UTC 2013
>>> crab_fjr_*.xml  permission set to 0704
>>> info for dashboard:
***** Cat /home/grid/cms667/home_cream_446278330/CREAM446278330/jobreport.txt *****
MonitorJobID=5_https://wms311.cern.ch:9000/V4D4Dl11_JqNhXXTir6bZg
MonitorID=marfin_crab_0_130904_104334_n47rd1
ExeEnd=cmsRun
***** End Cat jobreport *****
Parameters sent to Dashboard.
TIME_EXE = 2504 sec
>>> cmsRun wrote 144 lines of stdout+stderr
>>> START OF printout of 144 lines from stdout+stderr
04-Sep-2013 10:46:58 CEST  Initiating request to open file root://eoscms//eos/cms/store/relval/CMSSW_5_3_11_patch3/RelValTTbar/GEN-SIM-DIGI-RAW-HLTDEBUG/PU_START53_LV2_09Jul2013-v1/00000/EA64FDAF-08E9-E211-BC4B-003048678C62.root?svcClass=default
130904 10:46:58 6118 Xrd: GoToAnotherServer: Going to: lxfsra22a04.cern.ch:1095
04-Sep-2013 10:47:08 CEST  Successfully opened file root://eoscms//eos/cms/store/relval/CMSSW_5_3_11_patch3/RelValTTbar/GEN-SIM-DIGI-RAW-HLTDEBUG/PU_START53_LV2_09Jul2013-v1/00000/EA64FDAF-08E9-E211-BC4B-003048678C62.root?svcClass=default
%MSG-w SiStripQuality:  EventSetupRecordDataGetter:hltGetConditions@beginRun  04-Sep-2013 10:48:25 CEST Run: 1
The cabling should always include the active feds in runInfo and possibly have some morethere are instead 59 feds only active in runInfo
%MSG
Begin processing the 1st record. Run 1, Event 7547, LumiSection 151 at 04-Sep-2013 10:48:47.196 CEST
DTTSPhi::addTracoT: preview not present in TRACO trigger or its code=0  trigger not added!
DTTSPhi::addTracoT: preview not present in TRACO trigger or its code=0  trigger not added!
DTTSPhi::addTracoT: preview not present in TRACO trigger or its code=0  trigger not added!
DTTSPhi::addTracoT: preview not present in TRACO trigger or its code=0  trigger not added!
Begin processing the 101st record. Run 1, Event 7847, LumiSection 157 at 04-Sep-2013 10:57:41.423 CEST
%MSG-w BasicTrajectoryState:   TrackProducer:hltCtf3HitL1NonIsoWithMaterialTracks 04-Sep-2013 10:58:49 CEST  Run: 1 Event: 7862
curv error not pos-def
[  6.05446e+06     12.9525     -304828    -379.866    -2.46613
       12.9525   0.0019106   -0.652123-0.000778437   0.0165862
       -304828   -0.652123     15347.4     19.1162    0.124213
      -379.866-0.000778437     19.1162  -0.0291851 0.000466388
      -2.46613   0.0165862    0.124213 0.000466388    0.146215 ]
%MSG
%MSG-w BasicTrajectoryState:   TrackProducer:hltCtf3HitL1NonIsoWithMaterialTracks 04-Sep-2013 10:58:49 CEST  Run: 1 Event: 7862
local error not pos-def
[  6.05446e+06      304848    -2755.12    -379.878     7.22871
        304848     15349.4    -138.723    -19.1181    0.363979
      -2755.12    -138.723     1.26389    0.172862  -0.0620025
      -379.878    -19.1181    0.172862  -0.0291869-0.000447896
       7.22871    0.363979  -0.0620025-0.000447896     0.33954 ]
%MSG
%MSG-w BasicTrajectoryState:   TrackProducer:hltCtf3HitL1NonIsoWithMaterialTracks 04-Sep-2013 10:58:49 CEST  Run: 1 Event: 7862
local error not pos-def
[  0.000136445-3.94057e-05  6.4456e-05 -0.00235103 0.000169925
  -3.94057e-05 2.28948e-05-3.75643e-05  0.00136072-0.000100289
    6.4456e-05-3.75643e-05-3.16569e-06 0.000183371-8.01445e-05
   -0.00235103  0.00136072 0.000183371  -0.0220134  0.00165182
   0.000169925-0.000100289-8.01445e-05  0.00165182  0.00241556 ]
%MSG
%MSG-w BasicTrajectoryState:   TrackProducer:hltCtf3HitL1NonIsoWithMaterialTracks 04-Sep-2013 10:58:49 CEST  Run: 1 Event: 7862
curv error not pos-def
[  0.000136445-2.49273e-05-4.07166e-05  0.00230015-0.000242942
  -2.49273e-05-3.80095e-06 1.34857e-05 0.000214702-2.24222e-06
  -4.07166e-05 1.34857e-05 2.43395e-05 -0.00124652 0.000122098
    0.00230015 0.000214702 -0.00124652  -0.0210709   0.0021852
  -0.000242942-2.24222e-06 0.000122098   0.0021852  0.00093722 ]
%MSG
%MSG-w BasicTrajectoryState:   TrackProducer:hltCtf3HitL1NonIsoWithMaterialTracks 04-Sep-2013 10:58:49 CEST  Run: 1 Event: 7862
local error not pos-def
[ -0.000114338 5.54313e-05-1.38362e-05  0.00458325 -0.00133131
   5.54313e-05 2.43918e-05-6.04018e-06  0.00199662 -0.00058341
  -1.38362e-05-6.04018e-06 1.43389e-06 0.000190447-0.000106299
    0.00458325  0.00199662 0.000190447  -0.0244275  0.00717324
   -0.00133131 -0.00058341-0.000106299  0.00717324  0.00195707 ]
%MSG
%MSG-w BasicTrajectoryState:   TrackProducer:hltCtf3HitL1NonIsoWithMaterialTracks 04-Sep-2013 10:58:49 CEST  Run: 1 Event: 7862
curv error not pos-def
[ -0.000114338 -1.6721e-06-6.37675e-05   0.0045222 0.000334704
   -1.6721e-06 8.74803e-09 6.41399e-08 0.000239959 3.29433e-05
  -6.37675e-05 6.41399e-08 3.14501e-05 -0.00186598 -0.00015354
     0.0045222 0.000239959 -0.00186598  -0.0237811 -0.00181136
   0.000334704 3.29433e-05 -0.00015354 -0.00181136  0.00167589 ]
%MSG
%MSG-w BasicTrajectoryState:   TrackProducer:hltCtf3HitL1NonIsoWithMaterialTracks 04-Sep-2013 10:58:49 CEST  Run: 1 Event: 7862
local error not pos-def
[  7.97785e-05-3.13821e-05  6.9482e-06 -0.00661618 0.000411397
  -3.13821e-05 1.02046e-05-2.09803e-06  0.00207382 -0.00013135
    6.9482e-06-2.09803e-06 1.59008e-06 0.000536578-6.92186e-05
   -0.00661618  0.00207382 0.000536578  -0.0168005  0.00107894
   0.000411397 -0.00013135-6.92186e-05  0.00107894 0.000884752 ]
%MSG
%MSG-w BasicTrajectoryState:   TrackProducer:hltCtf3HitL1NonIsoWithMaterialTracks 04-Sep-2013 10:58:49 CEST  Run: 1 Event: 7862
curv error not pos-def
[  7.97785e-05-3.92758e-06-3.16552e-05  0.00660541 0.000555174
  -3.92758e-06 3.64587e-07 1.11764e-06 0.000175956 2.51331e-05
  -3.16552e-05 1.11764e-06 1.04176e-05 -0.00206264-0.000177976
    0.00660541 0.000175956 -0.00206264  -0.0167459 -0.00143012
   0.000555174 2.51331e-05-0.000177976 -0.00143012 0.000296086 ]
%MSG
DTTSPhi::addTracoT: preview not present in TRACO trigger or its code=0  trigger not added!
DTTSPhi::addTracoT: preview not present in TRACO trigger or its code=0  trigger not added!
DTTSPhi::addTracoT: preview not present in TRACO trigger or its code=0  trigger not added!
DTTSPhi::addTracoT: preview not present in TRACO trigger or its code=0  trigger not added!
DTTSPhi::addTracoT: preview not present in TRACO trigger or its code=0  trigger not added!
Begin processing the 201st record. Run 1, Event 7997, LumiSection 160 at 04-Sep-2013 11:05:41.368 CEST
130904 11:07:28 6118 Xrd: XrdClientMessage::ReadRaw: Failed to read header (8 bytes).
04-Sep-2013 11:09:55 CEST  Closed file root://eoscms//eos/cms/store/relval/CMSSW_5_3_11_patch3/RelValTTbar/GEN-SIM-DIGI-RAW-HLTDEBUG/PU_START53_LV2_09Jul2013-v1/00000/EA64FDAF-08E9-E211-BC4B-003048678C62.root?svcClass=default
04-Sep-2013 11:09:55 CEST  Initiating request to open file root://eoscms//eos/cms/store/relval/CMSSW_5_3_11_patch3/RelValTTbar/GEN-SIM-DIGI-RAW-HLTDEBUG/PU_START53_LV2_09Jul2013-v1/00000/F236B393-08E9-E211-A5E6-003048679214.root?svcClass=default
130904 11:09:55 001 Xrd: CheckErrorStatus: Server [eoscms] declared: session not found(error code: 3011)
130904 11:09:55 6118 Xrd: GoToAnotherServer: Going to: lxfsre66c02.cern.ch:1095
04-Sep-2013 11:09:55 CEST  Successfully opened file root://eoscms//eos/cms/store/relval/CMSSW_5_3_11_patch3/RelValTTbar/GEN-SIM-DIGI-RAW-HLTDEBUG/PU_START53_LV2_09Jul2013-v1/00000/F236B393-08E9-E211-A5E6-003048679214.root?svcClass=default
DTTSPhi::addTracoT: preview not present in TRACO trigger or its code=0  trigger not added!
Begin processing the 301st record. Run 1, Event 2147, LumiSection 43 at 04-Sep-2013 11:13:43.171 CEST
DTTSPhi::addTracoT: preview not present in TRACO trigger or its code=0  trigger not added!
%MSG-w Muon:  L3MuonProducer:hltL3MuonsOIHit 04-Sep-2013 11:14:43 CEST  Run: 1 Event: 2159
     Failed to load tracker track trajectory
%MSG
%MSG-w RecoMuon:  L3MuonProducer:hltL3MuonsOIHit 04-Sep-2013 11:14:43 CEST  Run: 1 Event: 2159
     Failed to load tracker track trajectory
%MSG
%MSG-w GlobalMuon:  L3MuonProducer:hltL3MuonsOIHit 04-Sep-2013 11:14:43 CEST  Run: 1 Event: 2159
     Failed to load tracker track trajectory
%MSG
%MSG-w GlobalTrajectoryBuilderBase:  L3MuonProducer:hltL3MuonsOIHit  04-Sep-2013 11:14:43 CEST Run: 1 Event: 2159
     Failed to load tracker track trajectory
%MSG
130904 11:14:58 6118 Xrd: XrdClientMessage::ReadRaw: Failed to read header (8 bytes).
DTTSPhi::addTracoT: preview not present in TRACO trigger or its code=0  trigger not added!
DTTSPhi::addTracoT: preview not present in TRACO trigger or its code=0  trigger not added!
Begin processing the 401st record. Run 1, Event 2247, LumiSection 45 at 04-Sep-2013 11:21:44.473 CEST
DTTSPhi::addTracoT: preview not present in TRACO trigger or its code=0  trigger not added!
DTTSPhi::addTracoT: preview not present in TRACO trigger or its code=0  trigger not added!
DTTSPhi::addTracoT: preview not present in TRACO trigger or its code=0  trigger not added!
DTTSPhi::addTracoT: preview not present in TRACO trigger or its code=0  trigger not added!
DTTSPhi::addTracoT: preview not present in TRACO trigger or its code=0  trigger not added!
04-Sep-2013 11:28:00 CEST  Closed file root://eoscms//eos/cms/store/relval/CMSSW_5_3_11_patch3/RelValTTbar/GEN-SIM-DIGI-RAW-HLTDEBUG/PU_START53_LV2_09Jul2013-v1/00000/F236B393-08E9-E211-A5E6-003048679214.root?svcClass=default

=============================================

MessageLogger Summary

 type     category        sev    module        subroutine        count    total
 ---- -------------------- -- ---------------- ----------------  -----    -----
    1 BasicTrajectoryState -w TrackProducer:hl                       8        8
    2 GlobalMuon           -w L3MuonProducer:h                       1        1
    3 GlobalTrajectoryBuil -w L3MuonProducer:h                       1        1
    4 Muon                 -w L3MuonProducer:h                       1        1
    5 RecoMuon             -w L3MuonProducer:h                       1        1
    6 SiStripQuality       -w EventSetupRecord                       1        1
    7 fileAction           -s file_close                             2        2
    8 fileAction           -s file_open                              4        4

 type    category    Examples: run/evt        run/evt          run/evt
 ---- -------------------- ---------------- ---------------- ----------------
    1 BasicTrajectoryState 1/7862           1/7862           1/7862
    2 GlobalMuon           1/2159                            
    3 GlobalTrajectoryBuilderBase 1/2159                            
    4 Muon                 1/2159                            
    5 RecoMuon             1/2159                            
    6 SiStripQuality       Run: 1                            
    7 fileAction           PostProcessEvent PostEndRun       
    8 fileAction           pre-events       pre-events       PostProcessEvent

Severity    # Occurrences   Total Occurrences
--------    -------------   -----------------
Warning                13                  13
System                  6                   6
>>> END OF printout of 144 lines from stdout+stderr
>>> Parse FrameworkJobReport crab_fjr.xml
Result of parsing the FrameworkJobReport crab_fjr.xml: Popularity start
lumisRange : 1::151,156-158,160,164::1;1::43-45,48-49::2;
lumisParentRange : 
Basename : /store/relval/CMSSW_5_3_11_patch3/RelValTTbar/GEN-SIM-DIGI-RAW-HLTDEBUG/PU_START53_LV2_09Jul2013-v1/00000/
BasenameParent : 
parentFiles : 
inputBlocks : /RelValTTbar/CMSSW_5_3_11_patch3-PU_START53_LV2_09Jul2013-v1/GEN-SIM-DIGI-RAW-HLTDEBUG#bc03e9fc-e90e-11e2-95e5-00221959e7c0
inputFiles : EA64FDAF-08E9-E211-BC4B-003048678C62.root::1::EDM::Local::1;F236B393-08E9-E211-A5E6-003048679214.root::1::EDM::Local::2;
Popularity stop
Extracted ExitStatus from FrameworkJobReport parsing output: 0
>>> Executable succeded  0
ExeExitCode=0
EXECUTABLE_EXIT_STATUS = 0
>>> current directory /home/grid/cms667/home_cream_446278330/CREAM446278330/CMSSW_5_3_11_patch6
>>>  (SOFTWARE_DIR): /home/grid/cms667/home_cream_446278330/CREAM446278330/CMSSW_5_3_11_patch6
>>> (WORKING_DIR): 
>>> current directory content:
total 4201240
drwxr-xr-x 3 cms667 zh       4096 Sep  4 10:46 .SCRAM
-rw------- 1 cms667 zh    3842679 Sep  4 10:46 CMSSW.py.pkl
drwxr-xr-x 3 cms667 zh       4096 Sep  4 10:46 bin
drwxr-xr-x 3 cms667 zh       4096 Sep  4 10:46 cfipython
drwxr-xr-x 4 cms667 zh       4096 Sep  4 10:46 config
-rw------- 1 cms667 zh         18 Sep  4 11:28 cpu_timing.txt
drwxr-xr-x 2 cms667 zh       4096 Sep  4 10:46 doc
-rw------- 1 cms667 zh      10377 Sep  4 11:28 executable.out
drwxr-xr-x 2 cms667 zh       4096 Sep  4 10:46 include
drwx------ 3 cms667 zh       4096 Aug 26 18:31 lib
drwxr-xr-x 3 cms667 zh       4096 Sep  4 10:46 logs
drwxr-xr-x 3 cms667 zh       4096 Sep  4 10:46 objs
-rw------- 1 cms667 zh 4290004220 Sep  4 11:28 output.root
-rw------- 1 cms667 zh        104 Sep  4 10:46 pset.py
-rw------- 1 cms667 zh    3843524 Sep  4 10:46 pset.py.pkl
-rw------- 1 cms667 zh        289 Sep  4 10:46 pset.pyc
drwxr-xr-x 2 cms667 zh       4096 Sep  4 10:46 python
-rw------- 1 cms667 zh        437 Sep  4 11:28 report.log
drwx------ 5 cms667 zh       4096 Sep  4 10:46 src
drwxr-xr-x 3 cms667 zh       4096 Sep  4 10:46 test
drwxr-xr-x 3 cms667 zh       4096 Sep  4 10:46 tmp
>>> current directory /home/grid/cms667/home_cream_446278330/CREAM446278330/CMSSW_5_3_11_patch6
>>> (SOFTWARE_DIR): /home/grid/cms667/home_cream_446278330/CREAM446278330/CMSSW_5_3_11_patch6
>>> (WORKING_DIR): 
>>> current directory content:
total 4201240
drwxr-xr-x 3 cms667 zh       4096 Sep  4 10:46 .SCRAM
-rw------- 1 cms667 zh    3842679 Sep  4 10:46 CMSSW.py.pkl
drwxr-xr-x 3 cms667 zh       4096 Sep  4 10:46 bin
drwxr-xr-x 3 cms667 zh       4096 Sep  4 10:46 cfipython
drwxr-xr-x 4 cms667 zh       4096 Sep  4 10:46 config
-rw------- 1 cms667 zh         18 Sep  4 11:28 cpu_timing.txt
drwxr-xr-x 2 cms667 zh       4096 Sep  4 10:46 doc
-rw------- 1 cms667 zh      10377 Sep  4 11:28 executable.out
drwxr-xr-x 2 cms667 zh       4096 Sep  4 10:46 include
drwx------ 3 cms667 zh       4096 Aug 26 18:31 lib
drwxr-xr-x 3 cms667 zh       4096 Sep  4 10:46 logs
drwxr-xr-x 3 cms667 zh       4096 Sep  4 10:46 objs
-rw------- 1 cms667 zh 4290004220 Sep  4 11:28 output_5_1_eNM.root
-rw------- 1 cms667 zh        104 Sep  4 10:46 pset.py
-rw------- 1 cms667 zh    3843524 Sep  4 10:46 pset.py.pkl
-rw------- 1 cms667 zh        289 Sep  4 10:46 pset.pyc
drwxr-xr-x 2 cms667 zh       4096 Sep  4 10:46 python
-rw------- 1 cms667 zh        437 Sep  4 11:28 report.log
drwx------ 5 cms667 zh       4096 Sep  4 10:46 src
drwxr-xr-x 3 cms667 zh       4096 Sep  4 10:46 test
drwxr-xr-x 3 cms667 zh       4096 Sep  4 10:46 tmp
>>> current directory (RUNTIME_AREA):  /home/grid/cms667/home_cream_446278330/CREAM446278330
SE = srm-cms.cern.ch
SE_PATH = /srm/v2/server?SFN=/eos/cms/store/user/marfin/RelValTTbar/53xRelVal2011Redigi/844a175eacc74cc51be2e7d71ca2539e/
LFNBaseName = /store/user/marfin/RelValTTbar/53xRelVal2011Redigi/844a175eacc74cc51be2e7d71ca2539e/
USER = marfin
endpoint = srm://srm-eoscms.cern.ch:8443/srm/v2/server?SFN=/eos/cms/store/user/marfin/RelValTTbar/53xRelVal2011Redigi/844a175eacc74cc51be2e7d71ca2539e/
>>> Copy output files from WN = lxbsq2906.cern.ch to /srm/v2/server?SFN=/eos/cms/store/user/marfin/RelValTTbar/53xRelVal2011Redigi/844a175eacc74cc51be2e7d71ca2539e/ :
python cmscp.py  --destination srm://srm-eoscms.cern.ch:8443/srm/v2/server?SFN=/eos/cms/store/user/marfin/RelValTTbar/53xRelVal2011Redigi/844a175eacc74cc51be2e7d71ca2539e/ --inputFileList /home/grid/cms667/home_cream_446278330/CREAM446278330/CMSSW_5_3_11_patch6/output_5_1_eNM.root --middleware LCG --se_name srm-cms.cern.ch --for_lfn /store/user/marfin/RelValTTbar/53xRelVal2011Redigi/844a175eacc74cc51be2e7d71ca2539e/    
******************************************************
localSeName  =  srm-eoscms.cern.ch
remoteSeName =  srm-cms.cern.ch
******************************************************
{"/home/grid/cms667/home_cream_446278330/CREAM446278330/CMSSW_5_3_11_patch6/output_5_1_eNM.root": {"endpoint": "srm://srm-eoscms.cern.ch:8443/srm/v2/server?SFN=/eos/cms/store/user/marfin/RelValTTbar/53xRelVal2011Redigi/844a175eacc74cc51be2e7d71ca2539e/", "surl_for_grid": "", "reason": "Problem copying /home/grid/cms667/home_cream_446278330/CREAM446278330/CMSSW_5_3_11_patch6/output_5_1_eNM.root file'Permission denied!'\nERROR: problems removing partially staged file output_5_1_eNM.root'Error deleting [output_5_1_eNM.root]'", "erCode": "60307", "se_name": "srm-cms.cern.ch", "for_lfn": "/copy_problem/"}}/home/grid/cms667/home_cream_446278330/CREAM446278330
-------- cat /home/grid/cms667/home_cream_446278330/CREAM446278330/cmscpReport.sh 
#!/bin/bash
echo "Report for File: /home/grid/cms667/home_cream_446278330/CREAM446278330/CMSSW_5_3_11_patch6/output_5_1_eNM.root"
echo "LFN: /copy_problem/output_5_1_eNM.root"
echo "StorageElement: srm-cms.cern.ch"
echo "StageOutExitStatusReason = 'Problem copying /home/grid/cms667/home_cream_446278330/CREAM446278330/CMSSW_5_3_11_patch6/output_5_1_eNM.root file Permission denied! 
ERROR: problems removing partially staged file output_5_1_eNM.root Error deleting [output_5_1_eNM.root] '" | tee -a $RUNTIME_AREA/$repo
echo "StageOutSE = srm-cms.cern.ch" >> $RUNTIME_AREA/$repo

export StageOutExitStatus=60307
echo "StageOutExitStatus = 60307" | tee -a $RUNTIME_AREA/$repo
-------- end of /home/grid/cms667/home_cream_446278330/CREAM446278330/cmscpReport.sh 
Report for File: /home/grid/cms667/home_cream_446278330/CREAM446278330/CMSSW_5_3_11_patch6/output_5_1_eNM.root
LFN: /copy_problem/output_5_1_eNM.root
StorageElement: srm-cms.cern.ch
StageOutExitStatusReason = 'Problem copying /home/grid/cms667/home_cream_446278330/CREAM446278330/CMSSW_5_3_11_patch6/output_5_1_eNM.root file Permission denied! 
ERROR: problems removing partially staged file output_5_1_eNM.root Error deleting [output_5_1_eNM.root] '
StageOutExitStatus = 60307
Problem copying file to srm-cms.cern.ch /srm/v2/server?SFN=/eos/cms/store/user/marfin/RelValTTbar/53xRelVal2011Redigi/844a175eacc74cc51be2e7d71ca2539e/
########## contents of SE interaction
2013-09-04 11:28:34.165440:
Executed:	unset LD_LIBRARY_PATH; unset GLITE_ENV_SET; export PATH=/usr/bin:/bin; source /etc/profile; source /home/grid/cms667/home_cream_446278330/CREAM446278330/CacheEnv.sh ; lcg-ls -b -D srmv2 --srm-timeout 2400 --sendreceive-timeout 2400 --connect-timeout 300 --verbose srm://srm-eoscms.cern.ch:8443/srm/v2/server?SFN=/eos/cms/store/user/marfin/RelValTTbar/53xRelVal2011Redigi/844a175eacc74cc51be2e7d71ca2539e/output_5_1_eNM.root
Done with exit code:	1
and output:
SE type: SRMv2
/eos/cms/store/user/marfin/RelValTTbar/53xRelVal2011Redigi/844a175eacc74cc51be2e7d71ca2539e/output_5_1_eNM.root: [SE][Ls][SRM_INVALID_PATH] No such file or directory.


2013-09-04 11:29:10.169171:
Executed:	unset LD_LIBRARY_PATH; unset GLITE_ENV_SET; export PATH=/usr/bin:/bin; source /etc/profile; source /home/grid/cms667/home_cream_446278330/CREAM446278330/CacheEnv.sh ;  lcg-cp  --verbose  --vo=cms  -b -D srmv2 --srm-timeout 2400 --sendreceive-timeout 2400 --connect-timeout 300 --verbose file:///home/grid/cms667/home_cream_446278330/CREAM446278330/CMSSW_5_3_11_patch6/output_5_1_eNM.root srm://srm-eoscms.cern.ch:8443/srm/v2/server?SFN=/eos/cms/store/user/marfin/RelValTTbar/53xRelVal2011Redigi/844a175eacc74cc51be2e7d71ca2539e/output_5_1_eNM.root
Done with exit code:	1
and output:
Using grid catalog type: UNKNOWN
Using grid catalog : (null)
VO name: cms
Checksum type: None
Destination SE type: SRMv2
[SE][Mkdir][SRM_FAILURE] httpg://srm-eoscms.cern.ch:8443/srm/v2/server: srm://srm-eoscms.cern.ch:8443/srm/v2/server?SFN=/eos/cms/store/user/marfin/RelValTTbar/53xRelVal2011Redigi/844a175eacc74cc51be2e7d71ca2539e: Error:/bin/mkdir: cannot create directory `/eos/cms/store/user/marfin': Permission denied
Ref-u marfin  /bin/mkdir /eos/cms/store/user/marfin
[SE][PrepareToPut][SRM_FAILURE] httpg://srm-eoscms.cern.ch:8443/srm/v2/server: <none>
lcg_cp: Invalid argument


2013-09-04 11:29:22.173160:
Executed:	unset LD_LIBRARY_PATH; unset GLITE_ENV_SET; export PATH=/usr/bin:/bin; source /etc/profile; source /home/grid/cms667/home_cream_446278330/CREAM446278330/CacheEnv.sh ; lcg-del  --verbose  --vo=cms  -b -D srmv2 --srm-timeout 2400 --sendreceive-timeout 2400 --connect-timeout 300 --verbose --nolfc srm://srm-eoscms.cern.ch:8443/srm/v2/server?SFN=/eos/cms/store/user/marfin/RelValTTbar/53xRelVal2011Redigi/844a175eacc74cc51be2e7d71ca2539e/output_5_1_eNM.root
Done with exit code:	1
and output:
VO name: cms
SE type: SRMv2
srm://srm-eoscms.cern.ch:8443/srm/v2/server?SFN=/eos/cms/store/user/marfin/RelValTTbar/53xRelVal2011Redigi/844a175eacc74cc51be2e7d71ca2539e/output_5_1_eNM.root: [SE][srmRm][SRM_FAILURE] Error:/bin/rm: cannot remove `/eos/cms/store/user/marfin/RelValTTbar/53xRelVal2011Redigi/844a175eacc74cc51be2e7d71ca2539e/output_5_1_eNM.root': No such file or directory
Ref-u marfin  /bin/rm /eos/cms/store/user/marfin/RelValTTbar/53xRelVal2011Redigi/844a175eacc74cc51be2e7d71ca2539e/output_5_1_eNM.root



#####################################
>>> current dir: /home/grid/cms667/home_cream_446278330/CREAM446278330
>>> current dir content:
total 6252
-rwx------  1 cms667 zh   13669 Sep  4 10:46 .BrokerInfo
-rw-------  1 cms667 zh    2940 Sep  4 11:29 .SEinteraction.log
-rwx------  1 cms667 zh       0 Sep  4 10:45 .tmp_file
-rw-------  1 cms667 zh     105 Sep  4 10:43 CMSSW.py
-rw-------  1 cms667 zh 3842679 Sep  4 10:43 CMSSW.py.pkl
-rwx------  1 cms667 zh   27940 Sep  4 10:45 CMSSW.sh
-rwx------  1 cms667 zh       0 Sep  4 10:46 CMSSW_5.stderr
-rwx---r--  1 cms667 zh   28421 Sep  4 11:31 CMSSW_5.stdout
drwxr-xr-x 15 cms667 zh    4096 Sep  4 11:28 CMSSW_5_3_11_patch6
-rw-------  1 cms667 zh     484 Sep  4 10:46 CacheEnv.sh
-rw-------  1 cms667 zh    7291 Jun  9  2010 DashboardAPI.py
-rw-------  1 cms667 zh    6493 Sep  4 10:46 DashboardAPI.pyc
drwx------  3 cms667 zh    4096 Aug 20 17:36 IMProv
-rw-------  1 cms667 zh    2748 Mar  8  2006 Logger.py
-rw-------  1 cms667 zh    3223 Sep  4 10:46 Logger.pyc
-rw-------  1 cms667 zh   24524 Mar 28  2008 ProcInfo.py
-rw-------  1 cms667 zh   22846 Sep  4 10:46 ProcInfo.pyc
drwx------  7 cms667 zh    4096 Sep  4 10:46 ProdCommon
drwx------  3 cms667 zh    4096 Sep  4 10:46 WMCore
-rw-------  1 cms667 zh    6996 Sep  4 11:28 Watchdog_5.log
-rw-------  1 cms667 zh   32895 Mar 28  2008 apmon.py
-rw-------  1 cms667 zh   28120 Sep  4 10:46 apmon.pyc
-rwx------  1 cms667 zh   10416 Sep  4 10:45 arguments.xml
-rwx------  1 cms667 zh   38507 Aug  6 23:12 cmscp.py
-rw-------  1 cms667 zh     675 Sep  4 11:31 cmscpReport.sh
-rw-------  1 cms667 zh     536 Sep  4 10:43 crab.cfg
-rwx------  1 cms667 zh    8610 Apr  2 15:44 crabWatchdog.sh
-rwx---r--  1 cms667 zh  781916 Sep  4 11:28 crab_fjr_5.xml
-rwx------  1 cms667 zh 1216362 Sep  4 10:45 default.tgz
-rwx------  1 cms667 zh    4488 May 12  2012 fillCrabFjr.py
-rw-------  1 cms667 zh     468 Sep  4 10:46 inputsReport.txt
-rw-------  1 cms667 zh     463 Sep  4 11:31 jobreport.txt
lrwxrwxrwx  1 cms667 zh      93 Sep  4 11:28 output.root -> /home/grid/cms667/home_cream_446278330/CREAM446278330/CMSSW_5_3_11_patch6/output_5_1_eNM.root
-rw-------  1 cms667 zh   17352 Jan 20  2012 parseCrabFjr.py
-rw-------  1 cms667 zh     264 Sep  4 10:46 report.log
-rwx--x--x  1 cms667 zh    1497 May 27  2009 report.py
-rw-------  1 cms667 zh     608 Sep  4 11:31 resultCopyFile
-rwx------  1 cms667 zh    8387 Mar 23  2011 writeCfg.py
>>> Modify Job Report:
CMSSW_VERSION = CMSSW_5_3_11_patch6
ProcessedDataset = 53xRelVal2011Redigi
/home/grid/cms667/home_cream_446278330/CREAM446278330/ProdCommon/FwkJobRep/ModifyJobReport.py fjr /home/grid/cms667/home_cream_446278330/CREAM446278330/crab_fjr_5.xml json /home/grid/cms667/home_cream_446278330/CREAM446278330/resultCopyFile n_job 5_1_eNM PrimaryDataset RelValTTbar  ApplicationFamily cmsRun ApplicationName cmsRun cmssw_version CMSSW_5_3_11_patch6 psethash 844a175eacc74cc51be2e7d71ca2539e UserProcessedDataset marfin-53xRelVal2011Redigi-844a175eacc74cc51be2e7d71ca2539e
inputDict =  {u'/home/grid/cms667/home_cream_446278330/CREAM446278330/CMSSW_5_3_11_patch6/output_5_1_eNM.root': {u'endpoint': u'srm://srm-eoscms.cern.ch:8443/srm/v2/server?SFN=/eos/cms/store/user/marfin/RelValTTbar/53xRelVal2011Redigi/844a175eacc74cc51be2e7d71ca2539e/', u'surl_for_grid': u'', u'reason': u"Problem copying /home/grid/cms667/home_cream_446278330/CREAM446278330/CMSSW_5_3_11_patch6/output_5_1_eNM.root file'Permission denied!'\nERROR: problems removing partially staged file output_5_1_eNM.root'Error deleting [output_5_1_eNM.root]'", u'erCode': u'60307', u'se_name': u'srm-cms.cern.ch', u'for_lfn': u'/copy_problem/'}}
diz_filter =  {u'output.root': u''}
UserProcessedDataset =  marfin-53xRelVal2011Redigi-844a175eacc74cc51be2e7d71ca2539e
file_name in inputDict =  /home/grid/cms667/home_cream_446278330/CREAM446278330/CMSSW_5_3_11_patch6/output_5_1_eNM.root
(size) os.stat(filename)[6] =  4290004220
checksum =  816893860
filter =  
    file =  output_5_1_eNM.root
    newPfn =  srm://srm-eoscms.cern.ch:8443/srm/v2/server?SFN=/eos/cms/store/user/marfin/RelValTTbar/53xRelVal2011Redigi/844a175eacc74cc51be2e7d71ca2539e/output_5_1_eNM.root
    newLfn =  /copy_problem/output_5_1_eNM.root
>>> crab_fjr_*.xml  permission set to 0704
Checking output files:  
will tar file crab_fjr_5.xml in  out_files_5
will tar file CMSSW_5.stdout in  out_files_5
will tar file CMSSW_5.stderr in  out_files_5
WARNING: output file Watchdog_5.log.gz not found!
>>> padding time: Wrapper lasting more than 600 seconds. No sleep required.
STOPPING WATCHDOG. CrabWatchdog PID is 5719
********** LAST 50 LINES OF WATCHDOG LOG
 Sep 04 10:55:16 CEST	---	1857192	2277800	610	----	----	----
 Sep 04 10:56:16 CEST	6118	1861828	2277800	610	486	604	cmsRun -j /home/grid/cms667/home_cream_446278330/CREAM446278330/crab_fjr_5.xml -p pset.py      
 Sep 04 10:56:16 CEST	---	1861828	2277800	717	----	----	----
 Sep 04 10:57:16 CEST	6118	1868476	2284972	717	545	665	cmsRun -j /home/grid/cms667/home_cream_446278330/CREAM446278330/crab_fjr_5.xml -p pset.py      
 Sep 04 10:57:16 CEST	---	1868476	2284972	824	----	----	----
 Sep 04 10:58:17 CEST	6118	1874284	2289580	824	604	725	cmsRun -j /home/grid/cms667/home_cream_446278330/CREAM446278330/crab_fjr_5.xml -p pset.py      
 Sep 04 10:58:17 CEST	---	1874284	2289580	939	----	----	----
 Sep 04 10:59:17 CEST	6118	1889916	2307500	939	663	785	cmsRun -j /home/grid/cms667/home_cream_446278330/CREAM446278330/crab_fjr_5.xml -p pset.py      
 Sep 04 10:59:17 CEST	---	1889916	2307500	1043	----	----	----
 Sep 04 11:00:18 CEST	---	1889916	2307500	1148	----	----	----
 Sep 04 11:01:18 CEST	6118	1890024	2308524	1148	780	906	cmsRun -j /home/grid/cms667/home_cream_446278330/CREAM446278330/crab_fjr_5.xml -p pset.py      
 Sep 04 11:01:18 CEST	---	1890024	2308524	1248	----	----	----
# TIME			PID	RSS(KB)	VSZ(KB)	Dsk(MB)	tCPU(s)	tWALL(s)	COMMAND
 Sep 04 11:02:18 CEST	6118	1892324	2310572	1248	839	967	cmsRun -j /home/grid/cms667/home_cream_446278330/CREAM446278330/crab_fjr_5.xml -p pset.py      
 Sep 04 11:02:18 CEST	---	1892324	2310572	1370	----	----	----
 Sep 04 11:03:19 CEST	6118	1917832	2363052	1370	896	1027	cmsRun -j /home/grid/cms667/home_cream_446278330/CREAM446278330/crab_fjr_5.xml -p pset.py      
 Sep 04 11:03:19 CEST	---	1917832	2363052	1472	----	----	----
 Sep 04 11:04:19 CEST	6118	1928020	2374060	1472	954	1088	cmsRun -j /home/grid/cms667/home_cream_446278330/CREAM446278330/crab_fjr_5.xml -p pset.py      
 Sep 04 11:04:19 CEST	---	1928020	2374060	1569	----	----	----
 Sep 04 11:05:20 CEST	6118	1928624	2375852	1569	1013	1148	cmsRun -j /home/grid/cms667/home_cream_446278330/CREAM446278330/crab_fjr_5.xml -p pset.py      
 Sep 04 11:05:20 CEST	---	1928624	2375852	1685	----	----	----
 Sep 04 11:06:20 CEST	---	1928624	2375852	1796	----	----	----
 Sep 04 11:07:20 CEST	---	1928624	2375852	1900	----	----	----
 Sep 04 11:08:21 CEST	6118	1944996	2392492	1900	1187	1329	cmsRun -j /home/grid/cms667/home_cream_446278330/CREAM446278330/crab_fjr_5.xml -p pset.py      
 Sep 04 11:08:21 CEST	---	1944996	2392492	2019	----	----	----
 Sep 04 11:09:21 CEST	6118	1951680	2413228	2019	1246	1390	cmsRun -j /home/grid/cms667/home_cream_446278330/CREAM446278330/crab_fjr_5.xml -p pset.py      
 Sep 04 11:09:21 CEST	---	1951680	2413228	2132	----	----	----
 Sep 04 11:10:22 CEST	---	1951680	2413228	2230	----	----	----
 Sep 04 11:11:22 CEST	6118	1951680	2422452	2230	1361	1510	cmsRun -j /home/grid/cms667/home_cream_446278330/CREAM446278330/crab_fjr_5.xml -p pset.py      
 Sep 04 11:11:22 CEST	---	1951680	2422452	2332	----	----	----
 Sep 04 11:12:23 CEST	---	1951680	2422452	2450	----	----	----
 Sep 04 11:13:23 CEST	---	1951680	2422452	2546	----	----	----
 Sep 04 11:14:23 CEST	---	1951680	2422452	2649	----	----	----
 Sep 04 11:15:24 CEST	---	1951680	2422452	2767	----	----	----
 Sep 04 11:16:24 CEST	---	1951680	2422452	2870	----	----	----
 Sep 04 11:17:25 CEST	---	1951680	2422452	2985	----	----	----
 Sep 04 11:18:25 CEST	---	1951680	2422452	3103	----	----	----
 Sep 04 11:19:26 CEST	6118	2030428	2482100	3103	1833	1994	cmsRun -j /home/grid/cms667/home_cream_446278330/CREAM446278330/crab_fjr_5.xml -p pset.py      
 Sep 04 11:19:26 CEST	---	2030428	2482100	3214	----	----	----
 Sep 04 11:20:26 CEST	6118	2030628	2482100	3214	1891	2054	cmsRun -j /home/grid/cms667/home_cream_446278330/CREAM446278330/crab_fjr_5.xml -p pset.py      
 Sep 04 11:20:26 CEST	---	2030628	2482100	3326	----	----	----
 Sep 04 11:21:26 CEST	---	2030628	2482100	3438	----	----	----
 Sep 04 11:22:27 CEST	6118	2051568	2500276	3438	2008	2175	cmsRun -j /home/grid/cms667/home_cream_446278330/CREAM446278330/crab_fjr_5.xml -p pset.py      
 Sep 04 11:22:27 CEST	---	2051568	2500276	3555	----	----	----
 Sep 04 11:23:27 CEST	---	2051568	2500276	3660	----	----	----
 Sep 04 11:24:28 CEST	---	2051568	2500276	3758	----	----	----
 Sep 04 11:25:28 CEST	---	2051568	2500276	3859	----	----	----
 Sep 04 11:26:29 CEST	---	2051568	2500276	3949	----	----	----
 Sep 04 11:27:29 CEST	---	2051568	2500276	4047	----	----	----
 Sep 04 11:28:29 CEST	---	2051568	2500276	4118	----	----	----
********** WATCHDOG LOG ENDED
ZIPPING WATCHDOG LOG
Disk space used:
du -sh /home/grid/cms667/home_cream_446278330/CREAM446278330
4.1G	/home/grid/cms667/home_cream_446278330/CREAM446278330
Found unusual stderr, rename for OSB
