This script was generated by crab (version 2.9.0).
Running ./CMSSW.sh with 2 positional parameters: 18 1
Today is Wed Sep  4 10:45:32 CEST 2013
Job submitted on host lxbsq2030.cern.ch
Linux lxbsq2030.cern.ch 2.6.18-308.16.1.el5 #1 SMP Thu Oct 4 14:02:28 CEST 2012 x86_64 x86_64 x86_64 GNU/Linux
>>> current directory (RUNTIME_AREA): /home/grid/cms667/home_cream_092985634/CREAM092985634
>>> current user: uid=52545(cms667) gid=1399(zh) groups=1399(zh),1105859715 context=system_u:system_r:initrc_t
>>> directory permission set to 0700
>>> umask set to:  u=rwx,g=,o=
>>> stdout stderr permission set to 0704
>>> voms proxy information:
subject   : /C=DE/O=GermanGrid/OU=DESY/CN=Ihar Marfin/CN=proxy/CN=proxy/CN=proxy/CN=limited proxy
issuer    : /C=DE/O=GermanGrid/OU=DESY/CN=Ihar Marfin/CN=proxy/CN=proxy/CN=proxy
identity  : /C=DE/O=GermanGrid/OU=DESY/CN=Ihar Marfin/CN=proxy/CN=proxy/CN=proxy
type      : limited proxy
strength  : 1024 bits
path      : /home/grid/cms667/home_cream_092985634/cream_092985634.proxy
timeleft  : 189:13:37
key usage : 
=== VO cms extension information ===
VO        : cms
subject   : /C=DE/O=GermanGrid/OU=DESY/CN=Ihar Marfin
issuer    : /DC=ch/DC=cern/OU=computers/CN=lcg-voms.cern.ch
attribute : /cms/Role=NULL/Capability=NULL
attribute : /cms/dcms/Role=NULL/Capability=NULL
timeleft  : 189:15:56
uri       : lcg-voms.cern.ch:15002
>>> tar --no-same-permissions -xf /home/grid/cms667/home_cream_092985634/CREAM092985634/default.tgz :
Successful untar
>>> Include /home/grid/cms667/home_cream_092985634/CREAM092985634 in PYTHONPATH:
strip arguments
env var CRAB_UNIQUE_JOB_ID set to: marfin_crab_0_130904_104334_n47rd1_18_1_TvW
out_files_18
>>> list of expected files on output sandbox
output files: crab_fjr_18.xml CMSSW_18.stdout CMSSW_18.stderr Watchdog_18.log.gz
>>> GridFlavour discovery: 
GridFlavour=LCG
>>> SyncSite discovery: 
not reporting SyncSite
>>> SyncCE discovery: 
getting SyncCE from CE_ID
SyncCE=ce207.cern.ch:8443/cream-lsf-grid_cms
>>> info for dashboard:
***** Cat /home/grid/cms667/home_cream_092985634/CREAM092985634/jobreport.txt *****
MonitorJobID=18_https://wms311.cern.ch:9000/y3vQkuZgyXUgtJIk31EbzQ
SyncGridJobId=https://wms311.cern.ch:9000/y3vQkuZgyXUgtJIk31EbzQ
MonitorID=marfin_crab_0_130904_104334_n47rd1
GridFlavour=LCG
SyncCE=ce207.cern.ch:8443/cream-lsf-grid_cms
***** End Cat jobreport *****
Parameters sent to Dashboard.
>>> setup environment
set SCRAM ARCH to slc5_amd64_gcc462
SCRAM_ARCH = slc5_amd64_gcc462
>>> setup CMS LCG environment:
set SCRAM ARCH and BUILD_ARCH to slc5_amd64_gcc462 ###
Sourcing environment... 
sourcing /afs/cern.ch/project/gd/apps/cms/cmsset_default.sh
==> setup cms environment ok
>>> specific cmssw setup environment:
CMSSW_VERSION =  CMSSW_5_3_11_patch6
>>> current directory (SOFTWARE_DIR): /home/grid/cms667/home_cream_092985634/CREAM092985634/CMSSW_5_3_11_patch6
PreserveSeeds: <>
IncrementSeeds:<>
{"output.root": ""}
WNHostName=lxbsq2030.cern.ch
>>> info for dashboard:
***** Cat /home/grid/cms667/home_cream_092985634/CREAM092985634/jobreport.txt *****
MonitorJobID=18_https://wms311.cern.ch:9000/y3vQkuZgyXUgtJIk31EbzQ
MonitorID=marfin_crab_0_130904_104334_n47rd1
WNHostName=lxbsq2030.cern.ch
***** End Cat jobreport *****
Parameters sent to Dashboard.
crabWatchdog started as process 2582
>>> moving CMSSW software directories in /home/grid/cms667/home_cream_092985634/CREAM092985634/CMSSW_5_3_11_patch6
mv: cannot stat `/home/grid/cms667/home_cream_092985634/CREAM092985634/module/': No such file or directory
>>> Include /home/grid/cms667/home_cream_092985634/CREAM092985634 in PYTHONPATH:
PYTHONPATH=/home/grid/cms667/home_cream_092985634/CREAM092985634/:/pool/grid/cms667/home_cream_092985634/CREAM092985634/CMSSW_5_3_11_patch6/python:/pool/grid/cms667/home_cream_092985634/CREAM092985634/CMSSW_5_3_11_patch6/lib/slc5_amd64_gcc462:/afs/cern.ch/cms/slc5_amd64_gcc462/cms/cmssw-patch/CMSSW_5_3_11_patch6/python:/afs/cern.ch/cms/slc5_amd64_gcc462/cms/cmssw-patch/CMSSW_5_3_11_patch6/lib/slc5_amd64_gcc462:/afs/cern.ch/cms/slc5_amd64_gcc462/cms/cmssw/CMSSW_5_3_11/bin/slc5_amd64_gcc462:/afs/cern.ch/cms/slc5_amd64_gcc462/cms/cmssw/CMSSW_5_3_11/lib/slc5_amd64_gcc462:/afs/cern.ch/cms/slc5_amd64_gcc462/cms/coral/CORAL_2_3_21-cms35/slc5_amd64_gcc462/python:/afs/cern.ch/cms/slc5_amd64_gcc462/cms/coral/CORAL_2_3_21-cms35/slc5_amd64_gcc462/lib:/afs/cern.ch/cms/slc5_amd64_gcc462/external/pyqt/4.8.1/lib/python2.6/site-packages:/afs/cern.ch/cms/slc5_amd64_gcc462/external/py2-scipy/0.8.0/lib/python2.6/site-packages:/afs/cern.ch/cms/slc5_amd64_gcc462/external/py2-matplotlib/1.0.1/lib/python2.6/site-packages:/afs/cern.ch/cms/slc5_amd64_gcc462/external/python-ldap/2.3.5/lib/python2.6/site-packages:/afs/cern.ch/cms/slc5_amd64_gcc462/external/sip/4.11.2/lib/python2.6/site-packages:/afs/cern.ch/cms/slc5_amd64_gcc462/external/py2-pycurl/7.19.0/lib/python2.6/site-packages:/afs/cern.ch/cms/slc5_amd64_gcc462/external/py2-numpy/1.6.1/lib/python2.6/site-packages:/afs/cern.ch/cms/slc5_amd64_gcc462/external/py2-ipython/0.10/lib/python2.6/site-packages:/afs/cern.ch/cms/slc5_amd64_gcc462/external/py2-cx-oracle/5.1-cms11/lib/python2.6/site-packages:/afs/cern.ch/cms/slc5_amd64_gcc462/external/py2-cjson/1.0.5/lib/python2.6/site-packages:/afs/cern.ch/cms/slc5_amd64_gcc462/cms/das-client/1.9.5/bin:/afs/cern.ch/cms/slc5_amd64_gcc462/external/elementtree/1.2.6/share/lib/python2.6/site-packages:/afs/cern.ch/cms/slc5_amd64_gcc462/external/rivet/1.8.2/lib/python2.6/site-packages:/afs/cern.ch/cms/slc5_amd64_gcc462/external/pyminuit2/0.0.1-cms39/lib/python2.6/site-packages:/afs/cern.ch/cms/slc5_amd64_gcc462/external/professor/1.0.0-cms40/lib/python2.6/site-packages:/afs/cern.ch/cms/slc5_amd64_gcc462/lcg/root/5.32.00-cms21/lib:/afs/cern.ch/cms/slc5_amd64_gcc462/cms/dbs-client/DBS_2_1_9-cms3/lib:/afs/cern.ch/cms/slc5_amd64_gcc462/cms/dbs-client/DBS_2_1_9-cms3/lib/DBSAPI:/afs/cern.ch/cms/slc5_amd64_gcc462/external/cvs2git/5419/lib:/home/grid/cms667/home_cream_092985634/CREAM092985634/
 
# LIMITS USED BY CRAB WATCHDOG:
# RSS  (KBytes)   : 2300000
# VSZ  (KBytes)   : 100000000
# DISK (MBytes)   : 19000
# CPU TIME        : 720h:0m:0s
# WALL CLOCK TIME : 21h:50m:0s
 
844a175eacc74cc51be2e7d71ca2539e
PSETHASH = 844a175eacc74cc51be2e7d71ca2539e
/home/grid/cms667/home_cream_092985634/CREAM092985634/writeCfg.py pset.py pset.py
Importing .py file
Setting parameters
RandomNumberGeneratorService found, will attempt to change seeds
inputBlocks=/RelValTTbar/CMSSW_5_3_11_patch3-PU_START53_LV2_09Jul2013-v1/GEN-SIM-DIGI-RAW-HLTDEBUG#bc03e9fc-e90e-11e2-95e5-00221959e7c0
inputFiles=/store/relval/CMSSW_5_3_11_patch3/RelValTTbar/GEN-SIM-DIGI-RAW-HLTDEBUG/PU_START53_LV2_09Jul2013-v1/00000/EEFEBFCC-08E9-E211-9987-00261894393B.root;/store/relval/CMSSW_5_3_11_patch3/RelValTTbar/GEN-SIM-DIGI-RAW-HLTDEBUG/PU_START53_LV2_09Jul2013-v1/00000/7E4AC3A7-08E9-E211-B239-00261894380A.root;/store/relval/CMSSW_5_3_11_patch3/RelValTTbar/GEN-SIM-DIGI-RAW-HLTDEBUG/PU_START53_LV2_09Jul2013-v1/00000/305BFBC0-08E9-E211-9196-00261894389C.root
parentFiles=
lumisRange=
>>> Executable cmsRun
/afs/cern.ch/cms/slc5_amd64_gcc462/cms/cmssw-patch/CMSSW_5_3_11_patch6/bin/slc5_amd64_gcc462/cmsRun
ok executable found
>>> info for dashboard:
***** Cat /home/grid/cms667/home_cream_092985634/CREAM092985634/jobreport.txt *****
MonitorJobID=18_https://wms311.cern.ch:9000/y3vQkuZgyXUgtJIk31EbzQ
MonitorID=marfin_crab_0_130904_104334_n47rd1
ExeStart=cmsRun
***** End Cat jobreport *****
Parameters sent to Dashboard.
>>> cmsRun started at Wed Sep  4 08:45:47 UTC 2013
>>> cmsRun ended at Wed Sep  4 09:18:39 UTC 2013
>>> crab_fjr_*.xml  permission set to 0704
>>> info for dashboard:
***** Cat /home/grid/cms667/home_cream_092985634/CREAM092985634/jobreport.txt *****
MonitorJobID=18_https://wms311.cern.ch:9000/y3vQkuZgyXUgtJIk31EbzQ
MonitorID=marfin_crab_0_130904_104334_n47rd1
ExeEnd=cmsRun
***** End Cat jobreport *****
Parameters sent to Dashboard.
TIME_EXE = 1972 sec
>>> cmsRun wrote 108 lines of stdout+stderr
>>> START OF printout of 108 lines from stdout+stderr
04-Sep-2013 10:46:02 CEST  Initiating request to open file root://eoscms//eos/cms/store/relval/CMSSW_5_3_11_patch3/RelValTTbar/GEN-SIM-DIGI-RAW-HLTDEBUG/PU_START53_LV2_09Jul2013-v1/00000/EEFEBFCC-08E9-E211-9987-00261894393B.root?svcClass=default
130904 10:46:02 2745 Xrd: GoToAnotherServer: Going to: lxfsre15a08.cern.ch:1095
04-Sep-2013 10:46:04 CEST  Successfully opened file root://eoscms//eos/cms/store/relval/CMSSW_5_3_11_patch3/RelValTTbar/GEN-SIM-DIGI-RAW-HLTDEBUG/PU_START53_LV2_09Jul2013-v1/00000/EEFEBFCC-08E9-E211-9987-00261894393B.root?svcClass=default
%MSG-w SiStripQuality:  EventSetupRecordDataGetter:hltGetConditions@beginRun  04-Sep-2013 10:46:45 CEST Run: 1
The cabling should always include the active feds in runInfo and possibly have some morethere are instead 59 feds only active in runInfo
%MSG
Begin processing the 1st record. Run 1, Event 6996, LumiSection 140 at 04-Sep-2013 10:47:02.025 CEST
%MSG-w BasicTrajectoryState:   TrackProducer:hltBLifetimeRegionalCtfWithMaterialTracksbbPhi  04-Sep-2013 10:47:06 CEST Run: 1 Event: 6996
local error not pos-def
[  2.05509e-07-1.44995e-07 8.35629e-07 3.57628e-07 -5.1856e-06
  -1.44995e-07 1.10595e-07-1.01188e-06 8.75443e-08 7.15256e-06
   8.35629e-07-1.01188e-06-1.81841e-07 9.48086e-07 1.96099e-05
   3.57628e-07 8.75443e-08 9.48086e-07 1.52588e-05 0.000180244
   -5.1856e-06 7.15256e-06 1.96099e-05 0.000180244 0.000778198 ]
%MSG
%MSG-w BasicTrajectoryState:   TrackProducer:hltBLifetimeRegionalCtfWithMaterialTracksbbPhi  04-Sep-2013 10:47:06 CEST Run: 1 Event: 6996
curv error not pos-def
[   1.2767e-07-1.10346e-06 -9.2085e-08-2.38797e-07 1.88249e-05
  -1.10346e-06-1.37899e-08  7.3236e-07 2.12461e-07 2.49256e-06
   -9.2085e-08  7.3236e-07 3.88291e-08 6.55048e-07-1.20296e-05
  -2.38797e-07 2.12461e-07 6.55048e-07 2.89602e-05-0.000218434
   1.88249e-05 2.49256e-06-1.20296e-05-0.000218434 0.000181264 ]
%MSG
%MSG-w BasicTrajectoryState:   TrackProducer:hltBLifetimeRegionalCtfWithMaterialTracksbbPhi  04-Sep-2013 10:47:06 CEST Run: 1 Event: 6996
local error not pos-def
[  7.09591e-07-8.76071e-08 2.83626e-06 1.26967e-06 7.90693e-05
  -8.76071e-08 8.41055e-08-1.00079e-06-1.37854e-06-2.85972e-05
   2.83626e-06-1.00079e-06-8.34771e-08-4.73105e-07-1.68057e-05
   1.26967e-06-1.37854e-06-4.73105e-07 1.90092e-05 0.000233963
   7.90693e-05-2.85972e-05-1.68057e-05 0.000233963 0.000178635 ]
%MSG
%MSG-w BasicTrajectoryState:   TrackProducer:hltBLifetimeRegionalCtfWithMaterialTracksbbPhi  04-Sep-2013 10:47:06 CEST Run: 1 Event: 6996
curv error not pos-def
[  7.09591e-07-1.15612e-06-2.33758e-08-1.17421e-06 5.17785e-05
  -1.15612e-06 1.29328e-07 3.58125e-07  4.6154e-08 1.18624e-06
  -2.33758e-08 3.58125e-07 2.94497e-08 9.46726e-07-1.57333e-05
  -1.17421e-06  4.6154e-08 9.46726e-07 1.62634e-05-0.000137689
   5.17785e-05 1.18624e-06-1.57333e-05-0.000137689-8.90909e-06 ]
%MSG
%MSG-w BasicTrajectoryState:   TrackProducer:hltBLifetimeRegionalCtfWithMaterialTracksRAzr  04-Sep-2013 10:47:06 CEST Run: 1 Event: 6996
local error not pos-def
[  4.78864e-07-2.23663e-08-2.57068e-06-6.71949e-07-4.30942e-05
  -2.23663e-08 4.59113e-09-1.80444e-06 1.68802e-08 -2.9929e-05
  -2.57068e-06-1.80444e-06-1.24099e-07 6.15488e-07 1.13435e-06
  -6.71949e-07 1.68802e-08 6.15488e-07 2.08206e-05-0.000516891
  -4.30942e-05 -2.9929e-05 1.13435e-06-0.000516891 0.000206798 ]
%MSG
%MSG-w BasicTrajectoryState:   TrackProducer:hltBLifetimeRegionalCtfWithMaterialTracksRAzr  04-Sep-2013 10:47:06 CEST Run: 1 Event: 6996
curv error not pos-def
[  4.78864e-07 1.08975e-06 4.84259e-08 6.54834e-07 2.83383e-05
   1.08975e-06 1.43246e-07-7.26467e-07   2.531e-07 2.40863e-06
   4.84259e-08-7.26467e-07-3.16038e-08-2.98612e-07-1.86782e-05
   6.54834e-07   2.531e-07-2.98612e-07 1.97839e-05-0.000336034
   2.83383e-05 2.40863e-06-1.86782e-05-0.000336034 0.000205271 ]
%MSG
04-Sep-2013 10:47:26 CEST  Closed file root://eoscms//eos/cms/store/relval/CMSSW_5_3_11_patch3/RelValTTbar/GEN-SIM-DIGI-RAW-HLTDEBUG/PU_START53_LV2_09Jul2013-v1/00000/EEFEBFCC-08E9-E211-9987-00261894393B.root?svcClass=default
04-Sep-2013 10:47:26 CEST  Initiating request to open file root://eoscms//eos/cms/store/relval/CMSSW_5_3_11_patch3/RelValTTbar/GEN-SIM-DIGI-RAW-HLTDEBUG/PU_START53_LV2_09Jul2013-v1/00000/7E4AC3A7-08E9-E211-B239-00261894380A.root?svcClass=default
130904 10:47:26 2745 Xrd: GoToAnotherServer: Going to: lxfsrk50c03.cern.ch:1095
04-Sep-2013 10:47:26 CEST  Successfully opened file root://eoscms//eos/cms/store/relval/CMSSW_5_3_11_patch3/RelValTTbar/GEN-SIM-DIGI-RAW-HLTDEBUG/PU_START53_LV2_09Jul2013-v1/00000/7E4AC3A7-08E9-E211-B239-00261894380A.root?svcClass=default
130904 10:52:32 2745 Xrd: XrdClientMessage::ReadRaw: Failed to read header (8 bytes).
DTTSPhi::addTracoT: preview not present in TRACO trigger or its code=0  trigger not added!
Begin processing the 101st record. Run 1, Event 2096, LumiSection 42 at 04-Sep-2013 10:55:44.865 CEST
DTTSPhi::addTracoT: preview not present in TRACO trigger or its code=0  trigger not added!
DTTSPhi::addTracoT: preview not present in TRACO trigger or its code=0  trigger not added!
DTTSPhi::addTracoT: preview not present in TRACO trigger or its code=0  trigger not added!
DTTSPhi::addTracoT: preview not present in TRACO trigger or its code=0  trigger not added!
DTTSPhi::addTracoT: preview not present in TRACO trigger or its code=0  trigger not added!
DTTSPhi::addTracoT: preview not present in TRACO trigger or its code=0  trigger not added!
DTTSPhi::addTracoT: preview not present in TRACO trigger or its code=0  trigger not added!
Begin processing the 201st record. Run 1, Event 2746, LumiSection 55 at 04-Sep-2013 10:58:56.370 CEST
DTTSPhi::addTracoT: preview not present in TRACO trigger or its code=0  trigger not added!
DTTSPhi::addTracoT: preview not present in TRACO trigger or its code=0  trigger not added!
Begin processing the 301st record. Run 1, Event 3496, LumiSection 70 at 04-Sep-2013 11:02:05.595 CEST
DTTSPhi::addTracoT: preview not present in TRACO trigger or its code=0  trigger not added!
Begin processing the 401st record. Run 1, Event 3646, LumiSection 73 at 04-Sep-2013 11:05:17.639 CEST
04-Sep-2013 11:05:26 CEST  Closed file root://eoscms//eos/cms/store/relval/CMSSW_5_3_11_patch3/RelValTTbar/GEN-SIM-DIGI-RAW-HLTDEBUG/PU_START53_LV2_09Jul2013-v1/00000/7E4AC3A7-08E9-E211-B239-00261894380A.root?svcClass=default
04-Sep-2013 11:05:26 CEST  Initiating request to open file root://eoscms//eos/cms/store/relval/CMSSW_5_3_11_patch3/RelValTTbar/GEN-SIM-DIGI-RAW-HLTDEBUG/PU_START53_LV2_09Jul2013-v1/00000/305BFBC0-08E9-E211-9196-00261894389C.root?svcClass=default
130904 11:05:26 2745 Xrd: GoToAnotherServer: Going to: lxfssl4205.cern.ch:1095
04-Sep-2013 11:05:27 CEST  Successfully opened file root://eoscms//eos/cms/store/relval/CMSSW_5_3_11_patch3/RelValTTbar/GEN-SIM-DIGI-RAW-HLTDEBUG/PU_START53_LV2_09Jul2013-v1/00000/305BFBC0-08E9-E211-9196-00261894389C.root?svcClass=default
DTTSPhi::addTracoT: preview not present in TRACO trigger or its code=0  trigger not added!
130904 11:10:32 2745 Xrd: XrdClientMessage::ReadRaw: Failed to read header (8 bytes).
DTTSPhi::addTracoT: preview not present in TRACO trigger or its code=0  trigger not added!
04-Sep-2013 11:18:29 CEST  Closed file root://eoscms//eos/cms/store/relval/CMSSW_5_3_11_patch3/RelValTTbar/GEN-SIM-DIGI-RAW-HLTDEBUG/PU_START53_LV2_09Jul2013-v1/00000/305BFBC0-08E9-E211-9196-00261894389C.root?svcClass=default

=============================================

MessageLogger Summary

 type     category        sev    module        subroutine        count    total
 ---- -------------------- -- ---------------- ----------------  -----    -----
    1 BasicTrajectoryState -w TrackProducer:hl                       2        2
    2 BasicTrajectoryState -w TrackProducer:hl                       4        4
    3 SiStripQuality       -w EventSetupRecord                       1        1
    4 fileAction           -s file_close                             3        3
    5 fileAction           -s file_open                              6        6

 type    category    Examples: run/evt        run/evt          run/evt
 ---- -------------------- ---------------- ---------------- ----------------
    1 BasicTrajectoryState 1/6996           1/6996           
    2 BasicTrajectoryState 1/6996           1/6996           1/6996
    3 SiStripQuality       Run: 1                            
    4 fileAction           PostProcessEvent PostProcessEvent PostEndRun
    5 fileAction           pre-events       pre-events       PostProcessEvent

Severity    # Occurrences   Total Occurrences
--------    -------------   -----------------
Warning                 7                   7
System                  9                   9
>>> END OF printout of 108 lines from stdout+stderr
>>> Parse FrameworkJobReport crab_fjr.xml
Result of parsing the FrameworkJobReport crab_fjr.xml: Popularity start
lumisRange : 1::::1;1::143-144::2;1::38,42,52,55,62,70-71,73::3;
lumisParentRange : 
Basename : /store/relval/CMSSW_5_3_11_patch3/RelValTTbar/GEN-SIM-DIGI-RAW-HLTDEBUG/PU_START53_LV2_09Jul2013-v1/00000/
BasenameParent : 
parentFiles : 
inputBlocks : /RelValTTbar/CMSSW_5_3_11_patch3-PU_START53_LV2_09Jul2013-v1/GEN-SIM-DIGI-RAW-HLTDEBUG#bc03e9fc-e90e-11e2-95e5-00221959e7c0
inputFiles : EEFEBFCC-08E9-E211-9987-00261894393B.root::1::EDM::Local::1;305BFBC0-08E9-E211-9196-00261894389C.root::1::EDM::Local::2;7E4AC3A7-08E9-E211-B239-00261894380A.root::1::EDM::Local::3;
Popularity stop
Extracted ExitStatus from FrameworkJobReport parsing output: 0
>>> Executable succeded  0
ExeExitCode=0
EXECUTABLE_EXIT_STATUS = 0
>>> current directory /home/grid/cms667/home_cream_092985634/CREAM092985634/CMSSW_5_3_11_patch6
>>>  (SOFTWARE_DIR): /home/grid/cms667/home_cream_092985634/CREAM092985634/CMSSW_5_3_11_patch6
>>> (WORKING_DIR): 
>>> current directory content:
total 4051104
drwxr-xr-x 3 cms667 zh       4096 Sep  4 10:45 .SCRAM
-rw------- 1 cms667 zh    3842679 Sep  4 10:45 CMSSW.py.pkl
drwxr-xr-x 3 cms667 zh       4096 Sep  4 10:45 bin
drwxr-xr-x 3 cms667 zh       4096 Sep  4 10:45 cfipython
drwxr-xr-x 4 cms667 zh       4096 Sep  4 10:45 config
-rw------- 1 cms667 zh         18 Sep  4 11:18 cpu_timing.txt
drwxr-xr-x 2 cms667 zh       4096 Sep  4 10:45 doc
-rw------- 1 cms667 zh       8696 Sep  4 11:18 executable.out
drwxr-xr-x 2 cms667 zh       4096 Sep  4 10:45 include
drwx------ 3 cms667 zh       4096 Aug 26 18:31 lib
drwxr-xr-x 3 cms667 zh       4096 Sep  4 10:45 logs
drwxr-xr-x 3 cms667 zh       4096 Sep  4 10:45 objs
-rw------- 1 cms667 zh 4136415113 Sep  4 11:18 output.root
-rw------- 1 cms667 zh        104 Sep  4 10:45 pset.py
-rw------- 1 cms667 zh    3843681 Sep  4 10:45 pset.py.pkl
-rw------- 1 cms667 zh        289 Sep  4 10:45 pset.pyc
drwxr-xr-x 2 cms667 zh       4096 Sep  4 10:45 python
-rw------- 1 cms667 zh        440 Sep  4 11:18 report.log
drwx------ 5 cms667 zh       4096 Sep  4 10:45 src
drwxr-xr-x 3 cms667 zh       4096 Sep  4 10:45 test
drwxr-xr-x 3 cms667 zh       4096 Sep  4 10:45 tmp
>>> current directory /home/grid/cms667/home_cream_092985634/CREAM092985634/CMSSW_5_3_11_patch6
>>> (SOFTWARE_DIR): /home/grid/cms667/home_cream_092985634/CREAM092985634/CMSSW_5_3_11_patch6
>>> (WORKING_DIR): 
>>> current directory content:
total 4051104
drwxr-xr-x 3 cms667 zh       4096 Sep  4 10:45 .SCRAM
-rw------- 1 cms667 zh    3842679 Sep  4 10:45 CMSSW.py.pkl
drwxr-xr-x 3 cms667 zh       4096 Sep  4 10:45 bin
drwxr-xr-x 3 cms667 zh       4096 Sep  4 10:45 cfipython
drwxr-xr-x 4 cms667 zh       4096 Sep  4 10:45 config
-rw------- 1 cms667 zh         18 Sep  4 11:18 cpu_timing.txt
drwxr-xr-x 2 cms667 zh       4096 Sep  4 10:45 doc
-rw------- 1 cms667 zh       8696 Sep  4 11:18 executable.out
drwxr-xr-x 2 cms667 zh       4096 Sep  4 10:45 include
drwx------ 3 cms667 zh       4096 Aug 26 18:31 lib
drwxr-xr-x 3 cms667 zh       4096 Sep  4 10:45 logs
drwxr-xr-x 3 cms667 zh       4096 Sep  4 10:45 objs
-rw------- 1 cms667 zh 4136415113 Sep  4 11:18 output_18_1_TvW.root
-rw------- 1 cms667 zh        104 Sep  4 10:45 pset.py
-rw------- 1 cms667 zh    3843681 Sep  4 10:45 pset.py.pkl
-rw------- 1 cms667 zh        289 Sep  4 10:45 pset.pyc
drwxr-xr-x 2 cms667 zh       4096 Sep  4 10:45 python
-rw------- 1 cms667 zh        440 Sep  4 11:18 report.log
drwx------ 5 cms667 zh       4096 Sep  4 10:45 src
drwxr-xr-x 3 cms667 zh       4096 Sep  4 10:45 test
drwxr-xr-x 3 cms667 zh       4096 Sep  4 10:45 tmp
>>> current directory (RUNTIME_AREA):  /home/grid/cms667/home_cream_092985634/CREAM092985634
SE = srm-cms.cern.ch
SE_PATH = /srm/v2/server?SFN=/eos/cms/store/user/marfin/RelValTTbar/53xRelVal2011Redigi/844a175eacc74cc51be2e7d71ca2539e/
LFNBaseName = /store/user/marfin/RelValTTbar/53xRelVal2011Redigi/844a175eacc74cc51be2e7d71ca2539e/
USER = marfin
endpoint = srm://srm-eoscms.cern.ch:8443/srm/v2/server?SFN=/eos/cms/store/user/marfin/RelValTTbar/53xRelVal2011Redigi/844a175eacc74cc51be2e7d71ca2539e/
>>> Copy output files from WN = lxbsq2030.cern.ch to /srm/v2/server?SFN=/eos/cms/store/user/marfin/RelValTTbar/53xRelVal2011Redigi/844a175eacc74cc51be2e7d71ca2539e/ :
python cmscp.py  --destination srm://srm-eoscms.cern.ch:8443/srm/v2/server?SFN=/eos/cms/store/user/marfin/RelValTTbar/53xRelVal2011Redigi/844a175eacc74cc51be2e7d71ca2539e/ --inputFileList /home/grid/cms667/home_cream_092985634/CREAM092985634/CMSSW_5_3_11_patch6/output_18_1_TvW.root --middleware LCG --se_name srm-cms.cern.ch --for_lfn /store/user/marfin/RelValTTbar/53xRelVal2011Redigi/844a175eacc74cc51be2e7d71ca2539e/    
******************************************************
localSeName  =  srm-eoscms.cern.ch
remoteSeName =  srm-cms.cern.ch
******************************************************
{"/home/grid/cms667/home_cream_092985634/CREAM092985634/CMSSW_5_3_11_patch6/output_18_1_TvW.root": {"endpoint": "srm://srm-eoscms.cern.ch:8443/srm/v2/server?SFN=/eos/cms/store/user/marfin/RelValTTbar/53xRelVal2011Redigi/844a175eacc74cc51be2e7d71ca2539e/", "surl_for_grid": "", "reason": "Problem copying /home/grid/cms667/home_cream_092985634/CREAM092985634/CMSSW_5_3_11_patch6/output_18_1_TvW.root file'Permission denied!'\nERROR: problems removing partially staged file output_18_1_TvW.root'Error deleting [output_18_1_TvW.root]'", "erCode": "60307", "se_name": "srm-cms.cern.ch", "for_lfn": "/copy_problem/"}}/home/grid/cms667/home_cream_092985634/CREAM092985634
-------- cat /home/grid/cms667/home_cream_092985634/CREAM092985634/cmscpReport.sh 
#!/bin/bash
echo "Report for File: /home/grid/cms667/home_cream_092985634/CREAM092985634/CMSSW_5_3_11_patch6/output_18_1_TvW.root"
echo "LFN: /copy_problem/output_18_1_TvW.root"
echo "StorageElement: srm-cms.cern.ch"
echo "StageOutExitStatusReason = 'Problem copying /home/grid/cms667/home_cream_092985634/CREAM092985634/CMSSW_5_3_11_patch6/output_18_1_TvW.root file Permission denied! 
ERROR: problems removing partially staged file output_18_1_TvW.root Error deleting [output_18_1_TvW.root] '" | tee -a $RUNTIME_AREA/$repo
echo "StageOutSE = srm-cms.cern.ch" >> $RUNTIME_AREA/$repo

export StageOutExitStatus=60307
echo "StageOutExitStatus = 60307" | tee -a $RUNTIME_AREA/$repo
-------- end of /home/grid/cms667/home_cream_092985634/CREAM092985634/cmscpReport.sh 
Report for File: /home/grid/cms667/home_cream_092985634/CREAM092985634/CMSSW_5_3_11_patch6/output_18_1_TvW.root
LFN: /copy_problem/output_18_1_TvW.root
StorageElement: srm-cms.cern.ch
StageOutExitStatusReason = 'Problem copying /home/grid/cms667/home_cream_092985634/CREAM092985634/CMSSW_5_3_11_patch6/output_18_1_TvW.root file Permission denied! 
ERROR: problems removing partially staged file output_18_1_TvW.root Error deleting [output_18_1_TvW.root] '
StageOutExitStatus = 60307
Problem copying file to srm-cms.cern.ch /srm/v2/server?SFN=/eos/cms/store/user/marfin/RelValTTbar/53xRelVal2011Redigi/844a175eacc74cc51be2e7d71ca2539e/
########## contents of SE interaction
2013-09-04 11:18:56.922843:
Executed:	unset LD_LIBRARY_PATH; unset GLITE_ENV_SET; export PATH=/usr/bin:/bin; source /etc/profile; source /home/grid/cms667/home_cream_092985634/CREAM092985634/CacheEnv.sh ; lcg-ls -b -D srmv2 --srm-timeout 2400 --sendreceive-timeout 2400 --connect-timeout 300 --verbose srm://srm-eoscms.cern.ch:8443/srm/v2/server?SFN=/eos/cms/store/user/marfin/RelValTTbar/53xRelVal2011Redigi/844a175eacc74cc51be2e7d71ca2539e/output_18_1_TvW.root
Done with exit code:	1
and output:
SE type: SRMv2
/eos/cms/store/user/marfin/RelValTTbar/53xRelVal2011Redigi/844a175eacc74cc51be2e7d71ca2539e/output_18_1_TvW.root: [SE][Ls][SRM_INVALID_PATH] No such file or directory.


2013-09-04 11:19:32.924839:
Executed:	unset LD_LIBRARY_PATH; unset GLITE_ENV_SET; export PATH=/usr/bin:/bin; source /etc/profile; source /home/grid/cms667/home_cream_092985634/CREAM092985634/CacheEnv.sh ;  lcg-cp  --verbose  --vo=cms  -b -D srmv2 --srm-timeout 2400 --sendreceive-timeout 2400 --connect-timeout 300 --verbose file:///home/grid/cms667/home_cream_092985634/CREAM092985634/CMSSW_5_3_11_patch6/output_18_1_TvW.root srm://srm-eoscms.cern.ch:8443/srm/v2/server?SFN=/eos/cms/store/user/marfin/RelValTTbar/53xRelVal2011Redigi/844a175eacc74cc51be2e7d71ca2539e/output_18_1_TvW.root
Done with exit code:	1
and output:
Using grid catalog type: UNKNOWN
Using grid catalog : (null)
VO name: cms
Checksum type: None
Destination SE type: SRMv2
[SE][Mkdir][SRM_FAILURE] httpg://srm-eoscms.cern.ch:8443/srm/v2/server: srm://srm-eoscms.cern.ch:8443/srm/v2/server?SFN=/eos/cms/store/user/marfin/RelValTTbar/53xRelVal2011Redigi/844a175eacc74cc51be2e7d71ca2539e: Error:/bin/mkdir: cannot create directory `/eos/cms/store/user/marfin': Permission denied
Ref-u marfin  /bin/mkdir /eos/cms/store/user/marfin
[SE][PrepareToPut][SRM_FAILURE] httpg://srm-eoscms.cern.ch:8443/srm/v2/server: <none>
lcg_cp: Invalid argument


2013-09-04 11:19:44.927650:
Executed:	unset LD_LIBRARY_PATH; unset GLITE_ENV_SET; export PATH=/usr/bin:/bin; source /etc/profile; source /home/grid/cms667/home_cream_092985634/CREAM092985634/CacheEnv.sh ; lcg-del  --verbose  --vo=cms  -b -D srmv2 --srm-timeout 2400 --sendreceive-timeout 2400 --connect-timeout 300 --verbose --nolfc srm://srm-eoscms.cern.ch:8443/srm/v2/server?SFN=/eos/cms/store/user/marfin/RelValTTbar/53xRelVal2011Redigi/844a175eacc74cc51be2e7d71ca2539e/output_18_1_TvW.root
Done with exit code:	1
and output:
VO name: cms
SE type: SRMv2
srm://srm-eoscms.cern.ch:8443/srm/v2/server?SFN=/eos/cms/store/user/marfin/RelValTTbar/53xRelVal2011Redigi/844a175eacc74cc51be2e7d71ca2539e/output_18_1_TvW.root: [SE][srmRm][SRM_FAILURE] Error:/bin/rm: cannot remove `/eos/cms/store/user/marfin/RelValTTbar/53xRelVal2011Redigi/844a175eacc74cc51be2e7d71ca2539e/output_18_1_TvW.root': No such file or directory
Ref-u marfin  /bin/rm /eos/cms/store/user/marfin/RelValTTbar/53xRelVal2011Redigi/844a175eacc74cc51be2e7d71ca2539e/output_18_1_TvW.root



#####################################
>>> current dir: /home/grid/cms667/home_cream_092985634/CREAM092985634
>>> current dir content:
total 6400
-rwx------  1 cms667 zh   13669 Sep  4 10:45 .BrokerInfo
-rw-------  1 cms667 zh    2948 Sep  4 11:19 .SEinteraction.log
-rwx------  1 cms667 zh       0 Sep  4 10:45 .tmp_file
-rw-------  1 cms667 zh     105 Sep  4 10:43 CMSSW.py
-rw-------  1 cms667 zh 3842679 Sep  4 10:43 CMSSW.py.pkl
-rwx------  1 cms667 zh   27940 Sep  4 10:45 CMSSW.sh
-rwx------  1 cms667 zh       0 Sep  4 10:45 CMSSW_18.stderr
-rwx---r--  1 cms667 zh   26992 Sep  4 11:22 CMSSW_18.stdout
drwxr-xr-x 15 cms667 zh    4096 Sep  4 11:18 CMSSW_5_3_11_patch6
-rw-------  1 cms667 zh     484 Sep  4 10:45 CacheEnv.sh
-rw-------  1 cms667 zh    7291 Jun  9  2010 DashboardAPI.py
-rw-------  1 cms667 zh    6493 Sep  4 10:45 DashboardAPI.pyc
drwx------  3 cms667 zh    4096 Aug 20 17:36 IMProv
-rw-------  1 cms667 zh    2748 Mar  8  2006 Logger.py
-rw-------  1 cms667 zh    3223 Sep  4 10:45 Logger.pyc
-rw-------  1 cms667 zh   24524 Mar 28  2008 ProcInfo.py
-rw-------  1 cms667 zh   22846 Sep  4 10:45 ProcInfo.pyc
drwx------  7 cms667 zh    4096 Sep  4 10:45 ProdCommon
drwx------  3 cms667 zh    4096 Sep  4 10:45 WMCore
-rw-------  1 cms667 zh    6252 Sep  4 11:18 Watchdog_18.log
-rw-------  1 cms667 zh   32895 Mar 28  2008 apmon.py
-rw-------  1 cms667 zh   28120 Sep  4 10:45 apmon.pyc
-rwx------  1 cms667 zh   10416 Sep  4 10:45 arguments.xml
-rwx------  1 cms667 zh   38507 Aug  6 23:12 cmscp.py
-rw-------  1 cms667 zh     680 Sep  4 11:22 cmscpReport.sh
-rw-------  1 cms667 zh     536 Sep  4 10:43 crab.cfg
-rwx------  1 cms667 zh    8610 Apr  2 15:44 crabWatchdog.sh
-rwx---r--  1 cms667 zh  931305 Sep  4 11:18 crab_fjr_18.xml
-rwx------  1 cms667 zh 1216362 Sep  4 10:45 default.tgz
-rwx------  1 cms667 zh    4488 May 12  2012 fillCrabFjr.py
-rw-------  1 cms667 zh     616 Sep  4 10:45 inputsReport.txt
-rw-------  1 cms667 zh     467 Sep  4 11:22 jobreport.txt
lrwxrwxrwx  1 cms667 zh      94 Sep  4 11:18 output.root -> /home/grid/cms667/home_cream_092985634/CREAM092985634/CMSSW_5_3_11_patch6/output_18_1_TvW.root
-rw-------  1 cms667 zh   17352 Jan 20  2012 parseCrabFjr.py
-rw-------  1 cms667 zh     265 Sep  4 10:45 report.log
-rwx--x--x  1 cms667 zh    1497 May 27  2009 report.py
-rw-------  1 cms667 zh     612 Sep  4 11:22 resultCopyFile
-rwx------  1 cms667 zh    8387 Mar 23  2011 writeCfg.py
>>> Modify Job Report:
CMSSW_VERSION = CMSSW_5_3_11_patch6
ProcessedDataset = 53xRelVal2011Redigi
/home/grid/cms667/home_cream_092985634/CREAM092985634/ProdCommon/FwkJobRep/ModifyJobReport.py fjr /home/grid/cms667/home_cream_092985634/CREAM092985634/crab_fjr_18.xml json /home/grid/cms667/home_cream_092985634/CREAM092985634/resultCopyFile n_job 18_1_TvW PrimaryDataset RelValTTbar  ApplicationFamily cmsRun ApplicationName cmsRun cmssw_version CMSSW_5_3_11_patch6 psethash 844a175eacc74cc51be2e7d71ca2539e UserProcessedDataset marfin-53xRelVal2011Redigi-844a175eacc74cc51be2e7d71ca2539e
inputDict =  {u'/home/grid/cms667/home_cream_092985634/CREAM092985634/CMSSW_5_3_11_patch6/output_18_1_TvW.root': {u'endpoint': u'srm://srm-eoscms.cern.ch:8443/srm/v2/server?SFN=/eos/cms/store/user/marfin/RelValTTbar/53xRelVal2011Redigi/844a175eacc74cc51be2e7d71ca2539e/', u'surl_for_grid': u'', u'reason': u"Problem copying /home/grid/cms667/home_cream_092985634/CREAM092985634/CMSSW_5_3_11_patch6/output_18_1_TvW.root file'Permission denied!'\nERROR: problems removing partially staged file output_18_1_TvW.root'Error deleting [output_18_1_TvW.root]'", u'erCode': u'60307', u'se_name': u'srm-cms.cern.ch', u'for_lfn': u'/copy_problem/'}}
diz_filter =  {u'output.root': u''}
UserProcessedDataset =  marfin-53xRelVal2011Redigi-844a175eacc74cc51be2e7d71ca2539e
file_name in inputDict =  /home/grid/cms667/home_cream_092985634/CREAM092985634/CMSSW_5_3_11_patch6/output_18_1_TvW.root
(size) os.stat(filename)[6] =  4136415113
checksum =  2969644039
filter =  
    file =  output_18_1_TvW.root
    newPfn =  srm://srm-eoscms.cern.ch:8443/srm/v2/server?SFN=/eos/cms/store/user/marfin/RelValTTbar/53xRelVal2011Redigi/844a175eacc74cc51be2e7d71ca2539e/output_18_1_TvW.root
    newLfn =  /copy_problem/output_18_1_TvW.root
>>> crab_fjr_*.xml  permission set to 0704
Checking output files:  
will tar file crab_fjr_18.xml in  out_files_18
will tar file CMSSW_18.stdout in  out_files_18
will tar file CMSSW_18.stderr in  out_files_18
WARNING: output file Watchdog_18.log.gz not found!
>>> padding time: Wrapper lasting more than 600 seconds. No sleep required.
STOPPING WATCHDOG. CrabWatchdog PID is 2582
********** LAST 50 LINES OF WATCHDOG LOG
 Sep 04 10:48:36 CEST	2745	1707824	2176008	109	83	181	cmsRun -j /home/grid/cms667/home_cream_092985634/CREAM092985634/crab_fjr_18.xml -p pset.py      
 Sep 04 10:48:36 CEST	---	1707824	2176008	698	----	----	----
 Sep 04 10:49:36 CEST	2745	1733424	2200328	698	97	241	cmsRun -j /home/grid/cms667/home_cream_092985634/CREAM092985634/crab_fjr_18.xml -p pset.py      
 Sep 04 10:49:36 CEST	---	1733424	2200328	1253	----	----	----
 Sep 04 10:50:36 CEST	2745	1745028	2220296	1253	111	301	cmsRun -j /home/grid/cms667/home_cream_092985634/CREAM092985634/crab_fjr_18.xml -p pset.py      
 Sep 04 10:50:36 CEST	---	1745028	2220296	1788	----	----	----
 Sep 04 10:51:37 CEST	---	1745028	2220296	2301	----	----	----
 Sep 04 10:52:37 CEST	2745	1782916	2229768	2301	138	422	cmsRun -j /home/grid/cms667/home_cream_092985634/CREAM092985634/crab_fjr_18.xml -p pset.py      
 Sep 04 10:52:37 CEST	---	1782916	2229768	2800	----	----	----
 Sep 04 10:53:37 CEST	2745	1808772	2243848	2800	187	482	cmsRun -j /home/grid/cms667/home_cream_092985634/CREAM092985634/crab_fjr_18.xml -p pset.py      
 Sep 04 10:53:37 CEST	---	1808772	2243848	2924	----	----	----
 Sep 04 10:54:37 CEST	2745	1818336	2255112	2924	247	542	cmsRun -j /home/grid/cms667/home_cream_092985634/CREAM092985634/crab_fjr_18.xml -p pset.py      
 Sep 04 10:54:37 CEST	---	1818336	2255112	2962	----	----	----
 Sep 04 10:55:38 CEST	2745	1819724	2257676	2962	307	603	cmsRun -j /home/grid/cms667/home_cream_092985634/CREAM092985634/crab_fjr_18.xml -p pset.py      
 Sep 04 10:55:38 CEST	---	1819724	2257676	3000	----	----	----
 Sep 04 10:56:38 CEST	2745	1823632	2257676	3000	366	663	cmsRun -j /home/grid/cms667/home_cream_092985634/CREAM092985634/crab_fjr_18.xml -p pset.py      
 Sep 04 10:56:38 CEST	---	1823632	2257676	3038	----	----	----
 Sep 04 10:57:38 CEST	2745	1827496	2273036	3038	426	723	cmsRun -j /home/grid/cms667/home_cream_092985634/CREAM092985634/crab_fjr_18.xml -p pset.py      
 Sep 04 10:57:38 CEST	---	1827496	2273036	3076	----	----	----
 Sep 04 10:58:38 CEST	2745	1834388	2273036	3076	485	784	cmsRun -j /home/grid/cms667/home_cream_092985634/CREAM092985634/crab_fjr_18.xml -p pset.py      
 Sep 04 10:58:38 CEST	---	1834388	2273036	3113	----	----	----
 Sep 04 10:59:39 CEST	2745	1839128	2280716	3113	544	844	cmsRun -j /home/grid/cms667/home_cream_092985634/CREAM092985634/crab_fjr_18.xml -p pset.py      
 Sep 04 10:59:39 CEST	---	1839128	2280716	3152	----	----	----
 Sep 04 11:00:39 CEST	---	1839128	2280716	3190	----	----	----
 Sep 04 11:01:39 CEST	---	1839128	2280716	3227	----	----	----
 Sep 04 11:02:39 CEST	2745	1841348	2281484	3227	722	1025	cmsRun -j /home/grid/cms667/home_cream_092985634/CREAM092985634/crab_fjr_18.xml -p pset.py      
 Sep 04 11:02:39 CEST	---	1841348	2281484	3263	----	----	----
 Sep 04 11:03:40 CEST	2745	1841348	2281740	3263	782	1085	cmsRun -j /home/grid/cms667/home_cream_092985634/CREAM092985634/crab_fjr_18.xml -p pset.py      
 Sep 04 11:03:40 CEST	---	1841348	2281740	3301	----	----	----
 Sep 04 11:04:40 CEST	2745	1844564	2287116	3301	841	1145	cmsRun -j /home/grid/cms667/home_cream_092985634/CREAM092985634/crab_fjr_18.xml -p pset.py      
 Sep 04 11:04:40 CEST	---	1844564	2287116	3338	----	----	----
 Sep 04 11:05:40 CEST	---	1844564	2287116	3367	----	----	----
 Sep 04 11:06:41 CEST	2745	2017836	2426892	3367	899	1266	cmsRun -j /home/grid/cms667/home_cream_092985634/CREAM092985634/crab_fjr_18.xml -p pset.py      
 Sep 04 11:06:41 CEST	---	2017836	2426892	3389	----	----	----
 Sep 04 11:07:41 CEST	2745	2036640	2443532	3389	916	1326	cmsRun -j /home/grid/cms667/home_cream_092985634/CREAM092985634/crab_fjr_18.xml -p pset.py      
 Sep 04 11:07:41 CEST	---	2036640	2443532	3430	----	----	----
 Sep 04 11:08:41 CEST	---	2036640	2443532	3495	----	----	----
 Sep 04 11:09:42 CEST	2745	2037508	2443532	3495	965	1447	cmsRun -j /home/grid/cms667/home_cream_092985634/CREAM092985634/crab_fjr_18.xml -p pset.py      
 Sep 04 11:09:42 CEST	---	2037508	2443532	3546	----	----	----
 Sep 04 11:10:42 CEST	---	2037508	2443532	3589	----	----	----
 Sep 04 11:11:42 CEST	2745	2041816	2443532	3589	1006	1568	cmsRun -j /home/grid/cms667/home_cream_092985634/CREAM092985634/crab_fjr_18.xml -p pset.py      
 Sep 04 11:11:42 CEST	---	2041816	2443532	3640	----	----	----
 Sep 04 11:12:43 CEST	2745	2042928	2443532	3640	1023	1628	cmsRun -j /home/grid/cms667/home_cream_092985634/CREAM092985634/crab_fjr_18.xml -p pset.py      
 Sep 04 11:12:43 CEST	---	2042928	2443532	3681	----	----	----
 Sep 04 11:13:43 CEST	---	2042928	2443532	3737	----	----	----
 Sep 04 11:14:43 CEST	---	2042928	2443532	3780	----	----	----
 Sep 04 11:15:43 CEST	---	2042928	2443532	3815	----	----	----
 Sep 04 11:16:44 CEST	---	2042928	2443532	3864	----	----	----
 Sep 04 11:17:44 CEST	---	2042928	2443532	3920	----	----	----
 Sep 04 11:18:44 CEST	---	2042928	2443532	3972	----	----	----
********** WATCHDOG LOG ENDED
ZIPPING WATCHDOG LOG
Disk space used:
du -sh /home/grid/cms667/home_cream_092985634/CREAM092985634
3.9G	/home/grid/cms667/home_cream_092985634/CREAM092985634
Found unusual stderr, rename for OSB
