This script was generated by crab (version 2.9.0).
Running ./CMSSW.sh with 2 positional parameters: 15 1
Today is Wed Sep  4 10:44:57 CEST 2013
Job submitted on host lxbst2101.cern.ch
Linux lxbst2101.cern.ch 2.6.18-308.1.1.el5 #1 SMP Wed Mar 7 19:25:07 CET 2012 x86_64 x86_64 x86_64 GNU/Linux
>>> current directory (RUNTIME_AREA): /home/grid/cms667/home_cream_039880562/CREAM039880562
>>> current user: uid=52545(cms667) gid=1399(zh) groups=1399(zh),1101576949 context=system_u:system_r:initrc_t
>>> directory permission set to 0700
>>> umask set to:  u=rwx,g=,o=
>>> stdout stderr permission set to 0704
>>> voms proxy information:
subject   : /C=DE/O=GermanGrid/OU=DESY/CN=Ihar Marfin/CN=proxy/CN=proxy/CN=proxy/CN=limited proxy
issuer    : /C=DE/O=GermanGrid/OU=DESY/CN=Ihar Marfin/CN=proxy/CN=proxy/CN=proxy
identity  : /C=DE/O=GermanGrid/OU=DESY/CN=Ihar Marfin/CN=proxy/CN=proxy/CN=proxy
type      : limited proxy
strength  : 1024 bits
path      : /home/grid/cms667/home_cream_039880562/cream_039880562.proxy
timeleft  : 189:15:03
key usage : 
=== VO cms extension information ===
VO        : cms
subject   : /C=DE/O=GermanGrid/OU=DESY/CN=Ihar Marfin
issuer    : /DC=ch/DC=cern/OU=computers/CN=lcg-voms.cern.ch
attribute : /cms/Role=NULL/Capability=NULL
attribute : /cms/dcms/Role=NULL/Capability=NULL
timeleft  : 189:16:31
uri       : lcg-voms.cern.ch:15002
>>> tar --no-same-permissions -xf /home/grid/cms667/home_cream_039880562/CREAM039880562/default.tgz :
Successful untar
>>> Include /home/grid/cms667/home_cream_039880562/CREAM039880562 in PYTHONPATH:
strip arguments
env var CRAB_UNIQUE_JOB_ID set to: marfin_crab_0_130904_104334_n47rd1_15_1_lhu
out_files_15
>>> list of expected files on output sandbox
output files: crab_fjr_15.xml CMSSW_15.stdout CMSSW_15.stderr Watchdog_15.log.gz
>>> GridFlavour discovery: 
GridFlavour=LCG
>>> SyncSite discovery: 
not reporting SyncSite
>>> SyncCE discovery: 
getting SyncCE from CE_ID
SyncCE=ce201.cern.ch:8443/cream-lsf-grid_cms
>>> info for dashboard:
***** Cat /home/grid/cms667/home_cream_039880562/CREAM039880562/jobreport.txt *****
MonitorJobID=15_https://wms311.cern.ch:9000/BYFkYrpyaIFJkjfbLH8s3A
SyncGridJobId=https://wms311.cern.ch:9000/BYFkYrpyaIFJkjfbLH8s3A
MonitorID=marfin_crab_0_130904_104334_n47rd1
GridFlavour=LCG
SyncCE=ce201.cern.ch:8443/cream-lsf-grid_cms
***** End Cat jobreport *****
Parameters sent to Dashboard.
>>> setup environment
set SCRAM ARCH to slc5_amd64_gcc462
SCRAM_ARCH = slc5_amd64_gcc462
>>> setup CMS LCG environment:
set SCRAM ARCH and BUILD_ARCH to slc5_amd64_gcc462 ###
Sourcing environment... 
sourcing /afs/cern.ch/project/gd/apps/cms/cmsset_default.sh
==> setup cms environment ok
>>> specific cmssw setup environment:
CMSSW_VERSION =  CMSSW_5_3_11_patch6
>>> current directory (SOFTWARE_DIR): /home/grid/cms667/home_cream_039880562/CREAM039880562/CMSSW_5_3_11_patch6
PreserveSeeds: <>
IncrementSeeds:<>
{"output.root": ""}
WNHostName=lxbst2101.cern.ch
>>> info for dashboard:
***** Cat /home/grid/cms667/home_cream_039880562/CREAM039880562/jobreport.txt *****
MonitorJobID=15_https://wms311.cern.ch:9000/BYFkYrpyaIFJkjfbLH8s3A
MonitorID=marfin_crab_0_130904_104334_n47rd1
WNHostName=lxbst2101.cern.ch
***** End Cat jobreport *****
Parameters sent to Dashboard.
crabWatchdog started as process 1383
>>> moving CMSSW software directories in /home/grid/cms667/home_cream_039880562/CREAM039880562/CMSSW_5_3_11_patch6
mv: cannot stat `/home/grid/cms667/home_cream_039880562/CREAM039880562/module/': No such file or directory
>>> Include /home/grid/cms667/home_cream_039880562/CREAM039880562 in PYTHONPATH:
PYTHONPATH=/home/grid/cms667/home_cream_039880562/CREAM039880562/:/pool/grid/cms667/home_cream_039880562/CREAM039880562/CMSSW_5_3_11_patch6/python:/pool/grid/cms667/home_cream_039880562/CREAM039880562/CMSSW_5_3_11_patch6/lib/slc5_amd64_gcc462:/afs/cern.ch/cms/slc5_amd64_gcc462/cms/cmssw-patch/CMSSW_5_3_11_patch6/python:/afs/cern.ch/cms/slc5_amd64_gcc462/cms/cmssw-patch/CMSSW_5_3_11_patch6/lib/slc5_amd64_gcc462:/afs/cern.ch/cms/slc5_amd64_gcc462/cms/cmssw/CMSSW_5_3_11/bin/slc5_amd64_gcc462:/afs/cern.ch/cms/slc5_amd64_gcc462/cms/cmssw/CMSSW_5_3_11/lib/slc5_amd64_gcc462:/afs/cern.ch/cms/slc5_amd64_gcc462/cms/coral/CORAL_2_3_21-cms35/slc5_amd64_gcc462/python:/afs/cern.ch/cms/slc5_amd64_gcc462/cms/coral/CORAL_2_3_21-cms35/slc5_amd64_gcc462/lib:/afs/cern.ch/cms/slc5_amd64_gcc462/external/pyqt/4.8.1/lib/python2.6/site-packages:/afs/cern.ch/cms/slc5_amd64_gcc462/external/py2-scipy/0.8.0/lib/python2.6/site-packages:/afs/cern.ch/cms/slc5_amd64_gcc462/external/py2-matplotlib/1.0.1/lib/python2.6/site-packages:/afs/cern.ch/cms/slc5_amd64_gcc462/external/python-ldap/2.3.5/lib/python2.6/site-packages:/afs/cern.ch/cms/slc5_amd64_gcc462/external/sip/4.11.2/lib/python2.6/site-packages:/afs/cern.ch/cms/slc5_amd64_gcc462/external/py2-pycurl/7.19.0/lib/python2.6/site-packages:/afs/cern.ch/cms/slc5_amd64_gcc462/external/py2-numpy/1.6.1/lib/python2.6/site-packages:/afs/cern.ch/cms/slc5_amd64_gcc462/external/py2-ipython/0.10/lib/python2.6/site-packages:/afs/cern.ch/cms/slc5_amd64_gcc462/external/py2-cx-oracle/5.1-cms11/lib/python2.6/site-packages:/afs/cern.ch/cms/slc5_amd64_gcc462/external/py2-cjson/1.0.5/lib/python2.6/site-packages:/afs/cern.ch/cms/slc5_amd64_gcc462/cms/das-client/1.9.5/bin:/afs/cern.ch/cms/slc5_amd64_gcc462/external/elementtree/1.2.6/share/lib/python2.6/site-packages:/afs/cern.ch/cms/slc5_amd64_gcc462/external/rivet/1.8.2/lib/python2.6/site-packages:/afs/cern.ch/cms/slc5_amd64_gcc462/external/pyminuit2/0.0.1-cms39/lib/python2.6/site-packages:/afs/cern.ch/cms/slc5_amd64_gcc462/external/professor/1.0.0-cms40/lib/python2.6/site-packages:/afs/cern.ch/cms/slc5_amd64_gcc462/lcg/root/5.32.00-cms21/lib:/afs/cern.ch/cms/slc5_amd64_gcc462/cms/dbs-client/DBS_2_1_9-cms3/lib:/afs/cern.ch/cms/slc5_amd64_gcc462/cms/dbs-client/DBS_2_1_9-cms3/lib/DBSAPI:/afs/cern.ch/cms/slc5_amd64_gcc462/external/cvs2git/5419/lib:/home/grid/cms667/home_cream_039880562/CREAM039880562/
 
# LIMITS USED BY CRAB WATCHDOG:
# RSS  (KBytes)   : 2300000
# VSZ  (KBytes)   : 100000000
# DISK (MBytes)   : 19000
# CPU TIME        : 720h:0m:0s
# WALL CLOCK TIME : 21h:50m:0s
 
844a175eacc74cc51be2e7d71ca2539e
PSETHASH = 844a175eacc74cc51be2e7d71ca2539e
/home/grid/cms667/home_cream_039880562/CREAM039880562/writeCfg.py pset.py pset.py
Importing .py file
Setting parameters
RandomNumberGeneratorService found, will attempt to change seeds
inputBlocks=/RelValTTbar/CMSSW_5_3_11_patch3-PU_START53_LV2_09Jul2013-v1/GEN-SIM-DIGI-RAW-HLTDEBUG#bc03e9fc-e90e-11e2-95e5-00221959e7c0
inputFiles=/store/relval/CMSSW_5_3_11_patch3/RelValTTbar/GEN-SIM-DIGI-RAW-HLTDEBUG/PU_START53_LV2_09Jul2013-v1/00000/E475BAC4-08E9-E211-A2F2-00261894393E.root;/store/relval/CMSSW_5_3_11_patch3/RelValTTbar/GEN-SIM-DIGI-RAW-HLTDEBUG/PU_START53_LV2_09Jul2013-v1/00000/7AA86696-08E9-E211-8D4D-0026189438AE.root
parentFiles=
lumisRange=
>>> Executable cmsRun
/afs/cern.ch/cms/slc5_amd64_gcc462/cms/cmssw-patch/CMSSW_5_3_11_patch6/bin/slc5_amd64_gcc462/cmsRun
ok executable found
>>> info for dashboard:
***** Cat /home/grid/cms667/home_cream_039880562/CREAM039880562/jobreport.txt *****
MonitorJobID=15_https://wms311.cern.ch:9000/BYFkYrpyaIFJkjfbLH8s3A
MonitorID=marfin_crab_0_130904_104334_n47rd1
ExeStart=cmsRun
***** End Cat jobreport *****
Parameters sent to Dashboard.
>>> cmsRun started at Wed Sep  4 08:45:23 UTC 2013
>>> cmsRun ended at Wed Sep  4 09:28:57 UTC 2013
>>> crab_fjr_*.xml  permission set to 0704
>>> info for dashboard:
***** Cat /home/grid/cms667/home_cream_039880562/CREAM039880562/jobreport.txt *****
MonitorJobID=15_https://wms311.cern.ch:9000/BYFkYrpyaIFJkjfbLH8s3A
MonitorID=marfin_crab_0_130904_104334_n47rd1
ExeEnd=cmsRun
***** End Cat jobreport *****
Parameters sent to Dashboard.
TIME_EXE = 2614 sec
>>> cmsRun wrote 155 lines of stdout+stderr
>>> START OF printout of 155 lines from stdout+stderr
04-Sep-2013 10:45:46 CEST  Initiating request to open file root://eoscms//eos/cms/store/relval/CMSSW_5_3_11_patch3/RelValTTbar/GEN-SIM-DIGI-RAW-HLTDEBUG/PU_START53_LV2_09Jul2013-v1/00000/E475BAC4-08E9-E211-A2F2-00261894393E.root?svcClass=default
130904 10:45:46 1701 Xrd: GoToAnotherServer: Going to: lxfsrd22c02.cern.ch:1095
04-Sep-2013 10:45:50 CEST  Successfully opened file root://eoscms//eos/cms/store/relval/CMSSW_5_3_11_patch3/RelValTTbar/GEN-SIM-DIGI-RAW-HLTDEBUG/PU_START53_LV2_09Jul2013-v1/00000/E475BAC4-08E9-E211-A2F2-00261894393E.root?svcClass=default
%MSG-w SiStripQuality:  EventSetupRecordDataGetter:hltGetConditions@beginRun  04-Sep-2013 10:46:46 CEST Run: 1
The cabling should always include the active feds in runInfo and possibly have some morethere are instead 59 feds only active in runInfo
%MSG
Begin processing the 1st record. Run 1, Event 1527, LumiSection 31 at 04-Sep-2013 10:47:07.567 CEST
DTTSPhi::addTracoT: preview not present in TRACO trigger or its code=0  trigger not added!
DTTSPhi::addTracoT: preview not present in TRACO trigger or its code=0  trigger not added!
DTTSPhi::addTracoT: preview not present in TRACO trigger or its code=0  trigger not added!
Begin processing the 101st record. Run 1, Event 1677, LumiSection 34 at 04-Sep-2013 10:55:57.778 CEST
%MSG-w BasicTrajectoryState:   TrackProducer:hltCtf3HitL1NonIsoWithMaterialTracks 04-Sep-2013 11:00:39 CEST  Run: 1 Event: 1781
curv error not pos-def
[  1.06389e+07    -134.851     -517432     -439.05    -18.7905
      -134.851   0.0020123     6.55822  0.00343625  0.00281508
       -517432     6.55822     25165.8     21.3344    0.910717
       -439.05  0.00343625     21.3344  -0.0919735  -0.0174736
      -18.7905  0.00281508    0.910717  -0.0174736    0.021949 ]
%MSG
%MSG-w BasicTrajectoryState:   TrackProducer:hltCtf3HitL1NonIsoWithMaterialTracks 04-Sep-2013 11:00:39 CEST  Run: 1 Event: 1781
local error not pos-def
[  1.06389e+07      518030    -19565.8    -439.304     44.1993
        518030     25223.9      -952.7    -21.3714     2.14672
      -19565.8      -952.7     35.9846    0.802518  -0.0893122
      -439.304    -21.3714    0.802518  -0.0920798   0.0293462
       44.1993     2.14672  -0.0893122   0.0293462   0.0461894 ]
%MSG
Begin processing the 201st record. Run 1, Event 1827, LumiSection 37 at 04-Sep-2013 11:04:40.019 CEST
%MSG-w BasicTrajectoryState:   ElectronSeedProducer:hltL1NonIsoStartUpElectronPixelSeeds  04-Sep-2013 11:04:41 CEST Run: 1 Event: 1827
curv error not pos-def
[            1           0           0         nan         nan
             0           1           0         nan         nan
             0           0           1         nan         nan
           nan         nan         nan         nan         nan
           nan         nan         nan         nan         nan ]
%MSG
%MSG-w BasicTrajectoryState:   ElectronSeedProducer:hltL1NonIsoStartUpElectronPixelSeeds  04-Sep-2013 11:04:41 CEST Run: 1 Event: 1827
local error not pos-def
[          nan         nan         nan         nan         nan
           nan         nan         nan         nan         nan
           nan         nan         nan         nan         nan
           nan         nan         nan         nan         nan
           nan         nan         nan         nan         nan ]
%MSG
%MSG-w BasicTrajectoryState:   ElectronSeedProducer:hltL1NonIsoStartUpElectronPixelSeeds  04-Sep-2013 11:04:41 CEST Run: 1 Event: 1827
local error not pos-def
[          nan         nan         nan         nan         nan
           nan         nan         nan         nan         nan
           nan         nan         nan         nan         nan
           nan         nan         nan         nan         nan
           nan         nan         nan         nan         nan ]
%MSG
%MSG-w BasicTrajectoryState:   ElectronSeedProducer:hltL1NonIsoStartUpElectronPixelSeeds  04-Sep-2013 11:04:41 CEST Run: 1 Event: 1827
curv error not pos-def
[          nan         nan         nan         nan         nan
           nan         nan         nan         nan         nan
           nan         nan         nan         nan         nan
           nan         nan         nan         nan         nan
           nan         nan         nan         nan         nan ]
%MSG
%MSG-w BasicTrajectoryState:   ElectronSeedProducer:hltL1NonIsoStartUpElectronPixelSeeds  04-Sep-2013 11:04:41 CEST Run: 1 Event: 1827
curv error not pos-def
[          nan         nan         nan         nan         nan
           nan         nan         nan         nan         nan
           nan         nan         nan         nan         nan
           nan         nan         nan         nan         nan
           nan         nan         nan         nan         nan ]
%MSG
%MSG-w BasicTrajectoryState:   ElectronSeedProducer:hltL1NonIsoStartUpElectronPixelSeeds  04-Sep-2013 11:04:41 CEST Run: 1 Event: 1827
local error not pos-def
[          nan         nan         nan         nan         nan
           nan         nan         nan         nan         nan
           nan         nan         nan         nan         nan
           nan         nan         nan         nan         nan
           nan         nan         nan         nan         nan ]
%MSG
DTTSPhi::addTracoT: preview not present in TRACO trigger or its code=0  trigger not added!
DTTSPhi::addTracoT: preview not present in TRACO trigger or its code=0  trigger not added!
DTTSPhi::addTracoT: preview not present in TRACO trigger or its code=0  trigger not added!
130904 11:06:16 1701 Xrd: XrdClientMessage::ReadRaw: Failed to read header (8 bytes).
04-Sep-2013 11:06:57 CEST  Closed file root://eoscms//eos/cms/store/relval/CMSSW_5_3_11_patch3/RelValTTbar/GEN-SIM-DIGI-RAW-HLTDEBUG/PU_START53_LV2_09Jul2013-v1/00000/E475BAC4-08E9-E211-A2F2-00261894393E.root?svcClass=default
04-Sep-2013 11:06:57 CEST  Initiating request to open file root://eoscms//eos/cms/store/relval/CMSSW_5_3_11_patch3/RelValTTbar/GEN-SIM-DIGI-RAW-HLTDEBUG/PU_START53_LV2_09Jul2013-v1/00000/7AA86696-08E9-E211-8D4D-0026189438AE.root?svcClass=default
130904 11:06:57 001 Xrd: CheckErrorStatus: Server [eoscms] declared: session not found(error code: 3011)
130904 11:06:57 1701 Xrd: GoToAnotherServer: Going to: lxfsrd64c03.cern.ch:1095
04-Sep-2013 11:06:57 CEST  Successfully opened file root://eoscms//eos/cms/store/relval/CMSSW_5_3_11_patch3/RelValTTbar/GEN-SIM-DIGI-RAW-HLTDEBUG/PU_START53_LV2_09Jul2013-v1/00000/7AA86696-08E9-E211-8D4D-0026189438AE.root?svcClass=default
DTTSPhi::addTracoT: preview not present in TRACO trigger or its code=0  trigger not added!
DTTSPhi::addTracoT: preview not present in TRACO trigger or its code=0  trigger not added!
DTTSPhi::addTracoT: preview not present in TRACO trigger or its code=0  trigger not added!
DTTSPhi::addTracoT: preview not present in TRACO trigger or its code=0  trigger not added!
DTTSPhi::addTracoT: preview not present in TRACO trigger or its code=0  trigger not added!
DTTSPhi::addTracoT: preview not present in TRACO trigger or its code=0  trigger not added!
130904 11:12:16 1701 Xrd: XrdClientMessage::ReadRaw: Failed to read header (8 bytes).
%MSG-w BasicTrajectoryState:   TrackProducer:hltCtf3HitL1NonIsoWithMaterialTracks 04-Sep-2013 11:12:35 CEST  Run: 1 Event: 3665
curv error not pos-def
[  4.08547e+07     -98.918-1.24191e+06     174.912     7.82141
       -98.918  0.00496099     3.00692-0.000484877   0.0251028
  -1.24191e+06     3.00692     37751.8     -5.3317   -0.237816
       174.912-0.000484877     -5.3317   -0.076875-0.000312361
       7.82141   0.0251028   -0.237816-0.000312361    0.133681 ]
%MSG
%MSG-w BasicTrajectoryState:   TrackProducer:hltCtf3HitL1NonIsoWithMaterialTracks 04-Sep-2013 11:12:35 CEST  Run: 1 Event: 3665
local error not pos-def
[  4.08547e+07  1.2423e+06     2516.72     174.939     -7.5083
    1.2423e+06     37775.4     76.5277     5.33419   -0.228351
       2516.72     76.5277    0.159893   0.0107453  -0.0261263
       174.939     5.33419   0.0107453   -0.076899 0.000152175
       -7.5083   -0.228351  -0.0261263 0.000152175    0.135583 ]
%MSG
%MSG-w BasicTrajectoryState:   TrackProducer:hltCtf3HitActivityWithMaterialTracks 04-Sep-2013 11:12:35 CEST  Run: 1 Event: 3665
curv error not pos-def
[  4.08547e+07     -98.918-1.24191e+06     174.912     7.82141
       -98.918  0.00496099     3.00692-0.000484877   0.0251028
  -1.24191e+06     3.00692     37751.8     -5.3317   -0.237816
       174.912-0.000484877     -5.3317   -0.076875-0.000312361
       7.82141   0.0251028   -0.237816-0.000312361    0.133681 ]
%MSG
%MSG-w BasicTrajectoryState:   TrackProducer:hltCtf3HitActivityWithMaterialTracks 04-Sep-2013 11:12:35 CEST  Run: 1 Event: 3665
local error not pos-def
[  4.08547e+07  1.2423e+06     2516.72     174.939     -7.5083
    1.2423e+06     37775.4     76.5277     5.33419   -0.228351
       2516.72     76.5277    0.159893   0.0107453  -0.0261263
       174.939     5.33419   0.0107453   -0.076899 0.000152175
       -7.5083   -0.228351  -0.0261263 0.000152175    0.135583 ]
%MSG
Begin processing the 301st record. Run 1, Event 3677, LumiSection 74 at 04-Sep-2013 11:13:35.152 CEST
Begin processing the 401st record. Run 1, Event 3877, LumiSection 78 at 04-Sep-2013 11:21:58.593 CEST
130904 11:27:16 1701 Xrd: XrdClientMessage::ReadRaw: Failed to read header (8 bytes).
04-Sep-2013 11:28:34 CEST  Closed file root://eoscms//eos/cms/store/relval/CMSSW_5_3_11_patch3/RelValTTbar/GEN-SIM-DIGI-RAW-HLTDEBUG/PU_START53_LV2_09Jul2013-v1/00000/7AA86696-08E9-E211-8D4D-0026189438AE.root?svcClass=default

=============================================

MessageLogger Summary

 type     category        sev    module        subroutine        count    total
 ---- -------------------- -- ---------------- ----------------  -----    -----
    1 BasicTrajectoryState -w ElectronSeedProd                       6        6
    2 BasicTrajectoryState -w TrackProducer:hl                       2        2
    3 BasicTrajectoryState -w TrackProducer:hl                       4        4
    4 SiStripQuality       -w EventSetupRecord                       1        1
    5 fileAction           -s file_close                             2        2
    6 fileAction           -s file_open                              4        4

 type    category    Examples: run/evt        run/evt          run/evt
 ---- -------------------- ---------------- ---------------- ----------------
    1 BasicTrajectoryState 1/1827           1/1827           1/1827
    2 BasicTrajectoryState 1/3665           1/3665           
    3 BasicTrajectoryState 1/1781           1/1781           1/3665
    4 SiStripQuality       Run: 1                            
    5 fileAction           PostProcessEvent PostEndRun       
    6 fileAction           pre-events       pre-events       PostProcessEvent

Severity    # Occurrences   Total Occurrences
--------    -------------   -----------------
Warning                13                  13
System                  6                   6
>>> END OF printout of 155 lines from stdout+stderr
>>> Parse FrameworkJobReport crab_fjr.xml
Result of parsing the FrameworkJobReport crab_fjr.xml: Popularity start
lumisRange : 1::31,33-34,36-37::1;1::72,74,77-78,81::2;
lumisParentRange : 
Basename : /store/relval/CMSSW_5_3_11_patch3/RelValTTbar/GEN-SIM-DIGI-RAW-HLTDEBUG/PU_START53_LV2_09Jul2013-v1/00000/
BasenameParent : 
parentFiles : 
inputBlocks : /RelValTTbar/CMSSW_5_3_11_patch3-PU_START53_LV2_09Jul2013-v1/GEN-SIM-DIGI-RAW-HLTDEBUG#bc03e9fc-e90e-11e2-95e5-00221959e7c0
inputFiles : E475BAC4-08E9-E211-A2F2-00261894393E.root::1::EDM::Local::1;7AA86696-08E9-E211-8D4D-0026189438AE.root::1::EDM::Local::2;
Popularity stop
Extracted ExitStatus from FrameworkJobReport parsing output: 0
>>> Executable succeded  0
ExeExitCode=0
EXECUTABLE_EXIT_STATUS = 0
>>> current directory /home/grid/cms667/home_cream_039880562/CREAM039880562/CMSSW_5_3_11_patch6
>>>  (SOFTWARE_DIR): /home/grid/cms667/home_cream_039880562/CREAM039880562/CMSSW_5_3_11_patch6
>>> (WORKING_DIR): 
>>> current directory content:
total 4248500
drwxr-xr-x 3 cms667 zh       4096 Sep  4 10:45 .SCRAM
-rw------- 1 cms667 zh    3842679 Sep  4 10:45 CMSSW.py.pkl
drwxr-xr-x 3 cms667 zh       4096 Sep  4 10:45 bin
drwxr-xr-x 3 cms667 zh       4096 Sep  4 10:45 cfipython
drwxr-xr-x 4 cms667 zh       4096 Sep  4 10:44 config
-rw------- 1 cms667 zh         18 Sep  4 11:28 cpu_timing.txt
drwxr-xr-x 2 cms667 zh       4096 Sep  4 10:45 doc
-rw------- 1 cms667 zh      10968 Sep  4 11:28 executable.out
drwxr-xr-x 2 cms667 zh       4096 Sep  4 10:45 include
drwx------ 3 cms667 zh       4096 Aug 26 18:31 lib
drwxr-xr-x 3 cms667 zh       4096 Sep  4 10:45 logs
drwxr-xr-x 3 cms667 zh       4096 Sep  4 10:45 objs
-rw------- 1 cms667 zh 4338346823 Sep  4 11:28 output.root
-rw------- 1 cms667 zh        104 Sep  4 10:45 pset.py
-rw------- 1 cms667 zh    3840121 Sep  4 10:45 pset.py.pkl
-rw------- 1 cms667 zh        289 Sep  4 10:45 pset.pyc
drwxr-xr-x 2 cms667 zh       4096 Sep  4 10:45 python
-rw------- 1 cms667 zh        440 Sep  4 11:29 report.log
drwx------ 5 cms667 zh       4096 Sep  4 10:44 src
drwxr-xr-x 3 cms667 zh       4096 Sep  4 10:45 test
drwxr-xr-x 3 cms667 zh       4096 Sep  4 10:45 tmp
>>> current directory /home/grid/cms667/home_cream_039880562/CREAM039880562/CMSSW_5_3_11_patch6
>>> (SOFTWARE_DIR): /home/grid/cms667/home_cream_039880562/CREAM039880562/CMSSW_5_3_11_patch6
>>> (WORKING_DIR): 
>>> current directory content:
total 4248500
drwxr-xr-x 3 cms667 zh       4096 Sep  4 10:45 .SCRAM
-rw------- 1 cms667 zh    3842679 Sep  4 10:45 CMSSW.py.pkl
drwxr-xr-x 3 cms667 zh       4096 Sep  4 10:45 bin
drwxr-xr-x 3 cms667 zh       4096 Sep  4 10:45 cfipython
drwxr-xr-x 4 cms667 zh       4096 Sep  4 10:44 config
-rw------- 1 cms667 zh         18 Sep  4 11:28 cpu_timing.txt
drwxr-xr-x 2 cms667 zh       4096 Sep  4 10:45 doc
-rw------- 1 cms667 zh      10968 Sep  4 11:28 executable.out
drwxr-xr-x 2 cms667 zh       4096 Sep  4 10:45 include
drwx------ 3 cms667 zh       4096 Aug 26 18:31 lib
drwxr-xr-x 3 cms667 zh       4096 Sep  4 10:45 logs
drwxr-xr-x 3 cms667 zh       4096 Sep  4 10:45 objs
-rw------- 1 cms667 zh 4338346823 Sep  4 11:28 output_15_1_lhu.root
-rw------- 1 cms667 zh        104 Sep  4 10:45 pset.py
-rw------- 1 cms667 zh    3840121 Sep  4 10:45 pset.py.pkl
-rw------- 1 cms667 zh        289 Sep  4 10:45 pset.pyc
drwxr-xr-x 2 cms667 zh       4096 Sep  4 10:45 python
-rw------- 1 cms667 zh        440 Sep  4 11:29 report.log
drwx------ 5 cms667 zh       4096 Sep  4 10:44 src
drwxr-xr-x 3 cms667 zh       4096 Sep  4 10:45 test
drwxr-xr-x 3 cms667 zh       4096 Sep  4 10:45 tmp
>>> current directory (RUNTIME_AREA):  /home/grid/cms667/home_cream_039880562/CREAM039880562
SE = srm-cms.cern.ch
SE_PATH = /srm/v2/server?SFN=/eos/cms/store/user/marfin/RelValTTbar/53xRelVal2011Redigi/844a175eacc74cc51be2e7d71ca2539e/
LFNBaseName = /store/user/marfin/RelValTTbar/53xRelVal2011Redigi/844a175eacc74cc51be2e7d71ca2539e/
USER = marfin
endpoint = srm://srm-eoscms.cern.ch:8443/srm/v2/server?SFN=/eos/cms/store/user/marfin/RelValTTbar/53xRelVal2011Redigi/844a175eacc74cc51be2e7d71ca2539e/
>>> Copy output files from WN = lxbst2101.cern.ch to /srm/v2/server?SFN=/eos/cms/store/user/marfin/RelValTTbar/53xRelVal2011Redigi/844a175eacc74cc51be2e7d71ca2539e/ :
python cmscp.py  --destination srm://srm-eoscms.cern.ch:8443/srm/v2/server?SFN=/eos/cms/store/user/marfin/RelValTTbar/53xRelVal2011Redigi/844a175eacc74cc51be2e7d71ca2539e/ --inputFileList /home/grid/cms667/home_cream_039880562/CREAM039880562/CMSSW_5_3_11_patch6/output_15_1_lhu.root --middleware LCG --se_name srm-cms.cern.ch --for_lfn /store/user/marfin/RelValTTbar/53xRelVal2011Redigi/844a175eacc74cc51be2e7d71ca2539e/    
******************************************************
localSeName  =  srm-eoscms.cern.ch
remoteSeName =  srm-cms.cern.ch
******************************************************
{"/home/grid/cms667/home_cream_039880562/CREAM039880562/CMSSW_5_3_11_patch6/output_15_1_lhu.root": {"endpoint": "srm://srm-eoscms.cern.ch:8443/srm/v2/server?SFN=/eos/cms/store/user/marfin/RelValTTbar/53xRelVal2011Redigi/844a175eacc74cc51be2e7d71ca2539e/", "surl_for_grid": "", "reason": "Problem copying /home/grid/cms667/home_cream_039880562/CREAM039880562/CMSSW_5_3_11_patch6/output_15_1_lhu.root file'Permission denied!'\nERROR: problems removing partially staged file output_15_1_lhu.root'Error deleting [output_15_1_lhu.root]'", "erCode": "60307", "se_name": "srm-cms.cern.ch", "for_lfn": "/copy_problem/"}}/home/grid/cms667/home_cream_039880562/CREAM039880562
-------- cat /home/grid/cms667/home_cream_039880562/CREAM039880562/cmscpReport.sh 
#!/bin/bash
echo "Report for File: /home/grid/cms667/home_cream_039880562/CREAM039880562/CMSSW_5_3_11_patch6/output_15_1_lhu.root"
echo "LFN: /copy_problem/output_15_1_lhu.root"
echo "StorageElement: srm-cms.cern.ch"
echo "StageOutExitStatusReason = 'Problem copying /home/grid/cms667/home_cream_039880562/CREAM039880562/CMSSW_5_3_11_patch6/output_15_1_lhu.root file Permission denied! 
ERROR: problems removing partially staged file output_15_1_lhu.root Error deleting [output_15_1_lhu.root] '" | tee -a $RUNTIME_AREA/$repo
echo "StageOutSE = srm-cms.cern.ch" >> $RUNTIME_AREA/$repo

export StageOutExitStatus=60307
echo "StageOutExitStatus = 60307" | tee -a $RUNTIME_AREA/$repo
-------- end of /home/grid/cms667/home_cream_039880562/CREAM039880562/cmscpReport.sh 
Report for File: /home/grid/cms667/home_cream_039880562/CREAM039880562/CMSSW_5_3_11_patch6/output_15_1_lhu.root
LFN: /copy_problem/output_15_1_lhu.root
StorageElement: srm-cms.cern.ch
StageOutExitStatusReason = 'Problem copying /home/grid/cms667/home_cream_039880562/CREAM039880562/CMSSW_5_3_11_patch6/output_15_1_lhu.root file Permission denied! 
ERROR: problems removing partially staged file output_15_1_lhu.root Error deleting [output_15_1_lhu.root] '
StageOutExitStatus = 60307
Problem copying file to srm-cms.cern.ch /srm/v2/server?SFN=/eos/cms/store/user/marfin/RelValTTbar/53xRelVal2011Redigi/844a175eacc74cc51be2e7d71ca2539e/
########## contents of SE interaction
2013-09-04 11:29:24.212211:
Executed:	unset LD_LIBRARY_PATH; unset GLITE_ENV_SET; export PATH=/usr/bin:/bin; source /etc/profile; source /home/grid/cms667/home_cream_039880562/CREAM039880562/CacheEnv.sh ; lcg-ls -b -D srmv2 --srm-timeout 2400 --sendreceive-timeout 2400 --connect-timeout 300 --verbose srm://srm-eoscms.cern.ch:8443/srm/v2/server?SFN=/eos/cms/store/user/marfin/RelValTTbar/53xRelVal2011Redigi/844a175eacc74cc51be2e7d71ca2539e/output_15_1_lhu.root
Done with exit code:	1
and output:
SE type: SRMv2
/eos/cms/store/user/marfin/RelValTTbar/53xRelVal2011Redigi/844a175eacc74cc51be2e7d71ca2539e/output_15_1_lhu.root: [SE][Ls][SRM_INVALID_PATH] No such file or directory.


2013-09-04 11:30:00.226749:
Executed:	unset LD_LIBRARY_PATH; unset GLITE_ENV_SET; export PATH=/usr/bin:/bin; source /etc/profile; source /home/grid/cms667/home_cream_039880562/CREAM039880562/CacheEnv.sh ;  lcg-cp  --verbose  --vo=cms  -b -D srmv2 --srm-timeout 2400 --sendreceive-timeout 2400 --connect-timeout 300 --verbose file:///home/grid/cms667/home_cream_039880562/CREAM039880562/CMSSW_5_3_11_patch6/output_15_1_lhu.root srm://srm-eoscms.cern.ch:8443/srm/v2/server?SFN=/eos/cms/store/user/marfin/RelValTTbar/53xRelVal2011Redigi/844a175eacc74cc51be2e7d71ca2539e/output_15_1_lhu.root
Done with exit code:	1
and output:
Using grid catalog type: UNKNOWN
Using grid catalog : (null)
VO name: cms
Checksum type: None
Destination SE type: SRMv2
[SE][Mkdir][SRM_FAILURE] httpg://srm-eoscms.cern.ch:8443/srm/v2/server: srm://srm-eoscms.cern.ch:8443/srm/v2/server?SFN=/eos/cms/store/user/marfin/RelValTTbar/53xRelVal2011Redigi/844a175eacc74cc51be2e7d71ca2539e: Error:/bin/mkdir: cannot create directory `/eos/cms/store/user/marfin': Permission denied
Ref-u marfin  /bin/mkdir /eos/cms/store/user/marfin
[SE][PrepareToPut][SRM_FAILURE] httpg://srm-eoscms.cern.ch:8443/srm/v2/server: <none>
lcg_cp: Invalid argument


2013-09-04 11:30:12.227785:
Executed:	unset LD_LIBRARY_PATH; unset GLITE_ENV_SET; export PATH=/usr/bin:/bin; source /etc/profile; source /home/grid/cms667/home_cream_039880562/CREAM039880562/CacheEnv.sh ; lcg-del  --verbose  --vo=cms  -b -D srmv2 --srm-timeout 2400 --sendreceive-timeout 2400 --connect-timeout 300 --verbose --nolfc srm://srm-eoscms.cern.ch:8443/srm/v2/server?SFN=/eos/cms/store/user/marfin/RelValTTbar/53xRelVal2011Redigi/844a175eacc74cc51be2e7d71ca2539e/output_15_1_lhu.root
Done with exit code:	1
and output:
VO name: cms
SE type: SRMv2
srm://srm-eoscms.cern.ch:8443/srm/v2/server?SFN=/eos/cms/store/user/marfin/RelValTTbar/53xRelVal2011Redigi/844a175eacc74cc51be2e7d71ca2539e/output_15_1_lhu.root: [SE][srmRm][SRM_FAILURE] Error:/bin/rm: cannot remove `/eos/cms/store/user/marfin/RelValTTbar/53xRelVal2011Redigi/844a175eacc74cc51be2e7d71ca2539e/output_15_1_lhu.root': No such file or directory
Ref-u marfin  /bin/rm /eos/cms/store/user/marfin/RelValTTbar/53xRelVal2011Redigi/844a175eacc74cc51be2e7d71ca2539e/output_15_1_lhu.root



#####################################
>>> current dir: /home/grid/cms667/home_cream_039880562/CREAM039880562
>>> current dir content:
total 6256
-rwx------  1 cms667 zh   13669 Sep  4 10:44 .BrokerInfo
-rw-------  1 cms667 zh    2948 Sep  4 11:30 .SEinteraction.log
-rwx------  1 cms667 zh       0 Sep  4 10:44 .tmp_file
-rw-------  1 cms667 zh     105 Sep  4 10:43 CMSSW.py
-rw-------  1 cms667 zh 3842679 Sep  4 10:43 CMSSW.py.pkl
-rwx------  1 cms667 zh   27940 Sep  4 10:44 CMSSW.sh
-rwx------  1 cms667 zh       0 Sep  4 10:44 CMSSW_15.stderr
-rwx---r--  1 cms667 zh   29045 Sep  4 11:34 CMSSW_15.stdout
drwxr-xr-x 15 cms667 zh    4096 Sep  4 11:29 CMSSW_5_3_11_patch6
-rw-------  1 cms667 zh     484 Sep  4 10:44 CacheEnv.sh
-rw-------  1 cms667 zh    7291 Jun  9  2010 DashboardAPI.py
-rw-------  1 cms667 zh    6493 Sep  4 10:45 DashboardAPI.pyc
drwx------  3 cms667 zh    4096 Aug 20 17:36 IMProv
-rw-------  1 cms667 zh    2748 Mar  8  2006 Logger.py
-rw-------  1 cms667 zh    3223 Sep  4 10:45 Logger.pyc
-rw-------  1 cms667 zh   24524 Mar 28  2008 ProcInfo.py
-rw-------  1 cms667 zh   22846 Sep  4 10:45 ProcInfo.pyc
drwx------  7 cms667 zh    4096 Sep  4 10:45 ProdCommon
drwx------  3 cms667 zh    4096 Sep  4 10:44 WMCore
-rw-------  1 cms667 zh    6629 Sep  4 11:29 Watchdog_15.log
-rw-------  1 cms667 zh   32895 Mar 28  2008 apmon.py
-rw-------  1 cms667 zh   28120 Sep  4 10:45 apmon.pyc
-rwx------  1 cms667 zh   10416 Sep  4 10:44 arguments.xml
-rwx------  1 cms667 zh   38507 Aug  6 23:12 cmscp.py
-rw-------  1 cms667 zh     680 Sep  4 11:34 cmscpReport.sh
-rw-------  1 cms667 zh     536 Sep  4 10:43 crab.cfg
-rwx------  1 cms667 zh    8610 Apr  2 15:44 crabWatchdog.sh
-rwx---r--  1 cms667 zh  781864 Sep  4 11:28 crab_fjr_15.xml
-rwx------  1 cms667 zh 1216362 Sep  4 10:44 default.tgz
-rwx------  1 cms667 zh    4488 May 12  2012 fillCrabFjr.py
-rw-------  1 cms667 zh     468 Sep  4 10:45 inputsReport.txt
-rw-------  1 cms667 zh     467 Sep  4 11:34 jobreport.txt
lrwxrwxrwx  1 cms667 zh      94 Sep  4 11:29 output.root -> /home/grid/cms667/home_cream_039880562/CREAM039880562/CMSSW_5_3_11_patch6/output_15_1_lhu.root
-rw-------  1 cms667 zh   17352 Jan 20  2012 parseCrabFjr.py
-rw-------  1 cms667 zh     265 Sep  4 10:44 report.log
-rwx--x--x  1 cms667 zh    1497 May 27  2009 report.py
-rw-------  1 cms667 zh     612 Sep  4 11:34 resultCopyFile
-rwx------  1 cms667 zh    8387 Mar 23  2011 writeCfg.py
>>> Modify Job Report:
CMSSW_VERSION = CMSSW_5_3_11_patch6
ProcessedDataset = 53xRelVal2011Redigi
/home/grid/cms667/home_cream_039880562/CREAM039880562/ProdCommon/FwkJobRep/ModifyJobReport.py fjr /home/grid/cms667/home_cream_039880562/CREAM039880562/crab_fjr_15.xml json /home/grid/cms667/home_cream_039880562/CREAM039880562/resultCopyFile n_job 15_1_lhu PrimaryDataset RelValTTbar  ApplicationFamily cmsRun ApplicationName cmsRun cmssw_version CMSSW_5_3_11_patch6 psethash 844a175eacc74cc51be2e7d71ca2539e UserProcessedDataset marfin-53xRelVal2011Redigi-844a175eacc74cc51be2e7d71ca2539e
inputDict =  {u'/home/grid/cms667/home_cream_039880562/CREAM039880562/CMSSW_5_3_11_patch6/output_15_1_lhu.root': {u'endpoint': u'srm://srm-eoscms.cern.ch:8443/srm/v2/server?SFN=/eos/cms/store/user/marfin/RelValTTbar/53xRelVal2011Redigi/844a175eacc74cc51be2e7d71ca2539e/', u'surl_for_grid': u'', u'reason': u"Problem copying /home/grid/cms667/home_cream_039880562/CREAM039880562/CMSSW_5_3_11_patch6/output_15_1_lhu.root file'Permission denied!'\nERROR: problems removing partially staged file output_15_1_lhu.root'Error deleting [output_15_1_lhu.root]'", u'erCode': u'60307', u'se_name': u'srm-cms.cern.ch', u'for_lfn': u'/copy_problem/'}}
diz_filter =  {u'output.root': u''}
UserProcessedDataset =  marfin-53xRelVal2011Redigi-844a175eacc74cc51be2e7d71ca2539e
file_name in inputDict =  /home/grid/cms667/home_cream_039880562/CREAM039880562/CMSSW_5_3_11_patch6/output_15_1_lhu.root
(size) os.stat(filename)[6] =  4338346823
checksum =  2381052887
filter =  
    file =  output_15_1_lhu.root
    newPfn =  srm://srm-eoscms.cern.ch:8443/srm/v2/server?SFN=/eos/cms/store/user/marfin/RelValTTbar/53xRelVal2011Redigi/844a175eacc74cc51be2e7d71ca2539e/output_15_1_lhu.root
    newLfn =  /copy_problem/output_15_1_lhu.root
>>> crab_fjr_*.xml  permission set to 0704
Checking output files:  
will tar file crab_fjr_15.xml in  out_files_15
will tar file CMSSW_15.stdout in  out_files_15
will tar file CMSSW_15.stderr in  out_files_15
WARNING: output file Watchdog_15.log.gz not found!
>>> padding time: Wrapper lasting more than 600 seconds. No sleep required.
STOPPING WATCHDOG. CrabWatchdog PID is 1383
********** LAST 50 LINES OF WATCHDOG LOG
 Sep 04 10:55:08 CEST	1701	1869716	2305728	711	530	605	cmsRun -j /home/grid/cms667/home_cream_039880562/CREAM039880562/crab_fjr_15.xml -p pset.py      
 Sep 04 10:55:08 CEST	---	1869716	2305728	814	----	----	----
 Sep 04 10:56:09 CEST	---	1869716	2305728	917	----	----	----
 Sep 04 10:57:09 CEST	1701	1875320	2312128	917	649	725	cmsRun -j /home/grid/cms667/home_cream_039880562/CREAM039880562/crab_fjr_15.xml -p pset.py      
 Sep 04 10:57:09 CEST	---	1875320	2312128	1026	----	----	----
 Sep 04 10:58:09 CEST	---	1875320	2312128	1125	----	----	----
 Sep 04 10:59:10 CEST	---	1875320	2312128	1237	----	----	----
 Sep 04 11:00:10 CEST	---	1875320	2312128	1332	----	----	----
 Sep 04 11:01:11 CEST	---	1875320	2312128	1418	----	----	----
 Sep 04 11:02:12 CEST	1701	1907856	2371008	1418	942	1028	cmsRun -j /home/grid/cms667/home_cream_039880562/CREAM039880562/crab_fjr_15.xml -p pset.py      
 Sep 04 11:02:12 CEST	---	1907856	2371008	1532	----	----	----
 Sep 04 11:03:12 CEST	---	1907856	2371008	1637	----	----	----
 Sep 04 11:04:13 CEST	---	1907856	2371008	1738	----	----	----
# TIME			PID	RSS(KB)	VSZ(KB)	Dsk(MB)	tCPU(s)	tWALL(s)	COMMAND
 Sep 04 11:05:13 CEST	1701	1919036	2383040	1738	1115	1210	cmsRun -j /home/grid/cms667/home_cream_039880562/CREAM039880562/crab_fjr_15.xml -p pset.py      
 Sep 04 11:05:13 CEST	---	1919036	2383040	1816	----	----	----
 Sep 04 11:06:14 CEST	---	1919036	2383040	1924	----	----	----
 Sep 04 11:07:15 CEST	---	1919036	2383040	2011	----	----	----
 Sep 04 11:08:16 CEST	---	1919036	2383040	2101	----	----	----
 Sep 04 11:09:16 CEST	1701	1919036	2384584	2101	1351	1453	cmsRun -j /home/grid/cms667/home_cream_039880562/CREAM039880562/crab_fjr_15.xml -p pset.py      
 Sep 04 11:09:16 CEST	---	1919036	2384584	2205	----	----	----
 Sep 04 11:10:17 CEST	---	1919036	2384584	2302	----	----	----
 Sep 04 11:11:17 CEST	---	1919036	2384584	2405	----	----	----
 Sep 04 11:12:18 CEST	---	1919036	2384584	2506	----	----	----
 Sep 04 11:13:19 CEST	---	1919036	2384584	2615	----	----	----
 Sep 04 11:14:19 CEST	1701	1924428	2384584	2615	1648	1756	cmsRun -j /home/grid/cms667/home_cream_039880562/CREAM039880562/crab_fjr_15.xml -p pset.py      
 Sep 04 11:14:19 CEST	---	1924428	2384584	2726	----	----	----
 Sep 04 11:15:20 CEST	1701	1929068	2387400	2726	1708	1817	cmsRun -j /home/grid/cms667/home_cream_039880562/CREAM039880562/crab_fjr_15.xml -p pset.py      
 Sep 04 11:15:20 CEST	---	1929068	2387400	2825	----	----	----
 Sep 04 11:16:21 CEST	---	1929068	2387400	2937	----	----	----
 Sep 04 11:17:21 CEST	---	1929068	2387400	3042	----	----	----
 Sep 04 11:18:22 CEST	---	1929068	2387400	3148	----	----	----
 Sep 04 11:19:23 CEST	1701	2020900	2460616	3148	1947	2059	cmsRun -j /home/grid/cms667/home_cream_039880562/CREAM039880562/crab_fjr_15.xml -p pset.py      
 Sep 04 11:19:23 CEST	---	2020900	2460616	3247	----	----	----
 Sep 04 11:20:23 CEST	1701	2020900	2460872	3247	2006	2120	cmsRun -j /home/grid/cms667/home_cream_039880562/CREAM039880562/crab_fjr_15.xml -p pset.py      
 Sep 04 11:20:23 CEST	---	2020900	2460872	3352	----	----	----
 Sep 04 11:21:24 CEST	1701	2023420	2465224	3352	2066	2180	cmsRun -j /home/grid/cms667/home_cream_039880562/CREAM039880562/crab_fjr_15.xml -p pset.py      
 Sep 04 11:21:24 CEST	---	2023420	2465224	3455	----	----	----
 Sep 04 11:22:24 CEST	1701	2030492	2471368	3455	2125	2241	cmsRun -j /home/grid/cms667/home_cream_039880562/CREAM039880562/crab_fjr_15.xml -p pset.py      
 Sep 04 11:22:24 CEST	---	2030492	2471368	3559	----	----	----
 Sep 04 11:23:25 CEST	---	2030492	2471368	3654	----	----	----
 Sep 04 11:24:26 CEST	1701	2032032	2473160	3654	2244	2362	cmsRun -j /home/grid/cms667/home_cream_039880562/CREAM039880562/crab_fjr_15.xml -p pset.py      
 Sep 04 11:24:26 CEST	---	2032032	2473160	3747	----	----	----
 Sep 04 11:25:26 CEST	1701	2034012	2473928	3747	2304	2423	cmsRun -j /home/grid/cms667/home_cream_039880562/CREAM039880562/crab_fjr_15.xml -p pset.py      
 Sep 04 11:25:26 CEST	---	2034012	2473928	3845	----	----	----
 Sep 04 11:26:28 CEST	1701	2035696	2476488	3845	2364	2484	cmsRun -j /home/grid/cms667/home_cream_039880562/CREAM039880562/crab_fjr_15.xml -p pset.py      
 Sep 04 11:26:28 CEST	---	2035696	2476488	3940	----	----	----
 Sep 04 11:27:29 CEST	---	2035696	2476488	4041	----	----	----
 Sep 04 11:28:30 CEST	---	2035696	2476488	4138	----	----	----
 Sep 04 11:29:31 CEST	---	2035696	2476488	4164	----	----	----
********** WATCHDOG LOG ENDED
ZIPPING WATCHDOG LOG
Disk space used:
du -sh /home/grid/cms667/home_cream_039880562/CREAM039880562
4.1G	/home/grid/cms667/home_cream_039880562/CREAM039880562
Found unusual stderr, rename for OSB
