This script was generated by crab (version 2.9.0).
Running ./CMSSW.sh with 2 positional parameters: 20 1
Today is Wed Sep  4 12:17:25 CEST 2013
Job submitted on host lxbst1305.cern.ch
Linux lxbst1305.cern.ch 2.6.18-308.4.1.el5 #1 SMP Wed Apr 18 16:26:27 CEST 2012 x86_64 x86_64 x86_64 GNU/Linux
>>> current directory (RUNTIME_AREA): /home/grid/cms667/home_cream_547818151/CREAM547818151
>>> current user: uid=52545(cms667) gid=1399(zh) groups=1399(zh),1106161605 context=system_u:system_r:initrc_t
>>> directory permission set to 0700
>>> umask set to:  u=rwx,g=,o=
>>> stdout stderr permission set to 0704
>>> voms proxy information:
subject   : /C=DE/O=GermanGrid/OU=DESY/CN=Ihar Marfin/CN=proxy/CN=proxy/CN=proxy/CN=limited proxy
issuer    : /C=DE/O=GermanGrid/OU=DESY/CN=Ihar Marfin/CN=proxy/CN=proxy/CN=proxy
identity  : /C=DE/O=GermanGrid/OU=DESY/CN=Ihar Marfin/CN=proxy/CN=proxy/CN=proxy
type      : limited proxy
strength  : 1024 bits
path      : /home/grid/cms667/home_cream_547818151/cream_547818151.proxy
timeleft  : 187:42:24
key usage : 
=== VO cms extension information ===
VO        : cms
subject   : /C=DE/O=GermanGrid/OU=DESY/CN=Ihar Marfin
issuer    : /DC=ch/DC=cern/OU=computers/CN=lcg-voms.cern.ch
attribute : /cms/Role=NULL/Capability=NULL
attribute : /cms/dcms/Role=NULL/Capability=NULL
timeleft  : 187:44:03
uri       : lcg-voms.cern.ch:15002
>>> tar --no-same-permissions -xf /home/grid/cms667/home_cream_547818151/CREAM547818151/default.tgz :
Successful untar
>>> Include /home/grid/cms667/home_cream_547818151/CREAM547818151 in PYTHONPATH:
strip arguments
env var CRAB_UNIQUE_JOB_ID set to: marfin_crab_0_130904_121619_65f3cv_20_1_HJO
out_files_20
>>> list of expected files on output sandbox
output files: crab_fjr_20.xml CMSSW_20.stdout CMSSW_20.stderr Watchdog_20.log.gz
>>> GridFlavour discovery: 
GridFlavour=LCG
>>> SyncSite discovery: 
not reporting SyncSite
>>> SyncCE discovery: 
getting SyncCE from CE_ID
SyncCE=ce203.cern.ch:8443/cream-lsf-grid_cms
>>> info for dashboard:
***** Cat /home/grid/cms667/home_cream_547818151/CREAM547818151/jobreport.txt *****
MonitorJobID=20_https://wms317.cern.ch:9000/7i89fTZFsTQG-BpPXKRGGA
SyncGridJobId=https://wms317.cern.ch:9000/7i89fTZFsTQG-BpPXKRGGA
MonitorID=marfin_crab_0_130904_121619_65f3cv
GridFlavour=LCG
SyncCE=ce203.cern.ch:8443/cream-lsf-grid_cms
***** End Cat jobreport *****
Parameters sent to Dashboard.
>>> setup environment
set SCRAM ARCH to slc5_amd64_gcc462
SCRAM_ARCH = slc5_amd64_gcc462
>>> setup CMS LCG environment:
set SCRAM ARCH and BUILD_ARCH to slc5_amd64_gcc462 ###
Sourcing environment... 
sourcing /afs/cern.ch/project/gd/apps/cms/cmsset_default.sh
==> setup cms environment ok
>>> specific cmssw setup environment:
CMSSW_VERSION =  CMSSW_5_3_11_patch6
>>> current directory (SOFTWARE_DIR): /home/grid/cms667/home_cream_547818151/CREAM547818151/CMSSW_5_3_11_patch6
PreserveSeeds: <>
IncrementSeeds:<>
{"output.root": ""}
WNHostName=lxbst1305.cern.ch
>>> info for dashboard:
***** Cat /home/grid/cms667/home_cream_547818151/CREAM547818151/jobreport.txt *****
MonitorJobID=20_https://wms317.cern.ch:9000/7i89fTZFsTQG-BpPXKRGGA
MonitorID=marfin_crab_0_130904_121619_65f3cv
WNHostName=lxbst1305.cern.ch
***** End Cat jobreport *****
Parameters sent to Dashboard.
crabWatchdog started as process 2658
>>> moving CMSSW software directories in /home/grid/cms667/home_cream_547818151/CREAM547818151/CMSSW_5_3_11_patch6
mv: cannot stat `/home/grid/cms667/home_cream_547818151/CREAM547818151/module/': No such file or directory
>>> Include /home/grid/cms667/home_cream_547818151/CREAM547818151 in PYTHONPATH:
PYTHONPATH=/home/grid/cms667/home_cream_547818151/CREAM547818151/:/pool/grid/cms667/home_cream_547818151/CREAM547818151/CMSSW_5_3_11_patch6/python:/pool/grid/cms667/home_cream_547818151/CREAM547818151/CMSSW_5_3_11_patch6/lib/slc5_amd64_gcc462:/afs/cern.ch/cms/slc5_amd64_gcc462/cms/cmssw-patch/CMSSW_5_3_11_patch6/python:/afs/cern.ch/cms/slc5_amd64_gcc462/cms/cmssw-patch/CMSSW_5_3_11_patch6/lib/slc5_amd64_gcc462:/afs/cern.ch/cms/slc5_amd64_gcc462/cms/cmssw/CMSSW_5_3_11/bin/slc5_amd64_gcc462:/afs/cern.ch/cms/slc5_amd64_gcc462/cms/cmssw/CMSSW_5_3_11/lib/slc5_amd64_gcc462:/afs/cern.ch/cms/slc5_amd64_gcc462/cms/coral/CORAL_2_3_21-cms35/slc5_amd64_gcc462/python:/afs/cern.ch/cms/slc5_amd64_gcc462/cms/coral/CORAL_2_3_21-cms35/slc5_amd64_gcc462/lib:/afs/cern.ch/cms/slc5_amd64_gcc462/external/pyqt/4.8.1/lib/python2.6/site-packages:/afs/cern.ch/cms/slc5_amd64_gcc462/external/py2-scipy/0.8.0/lib/python2.6/site-packages:/afs/cern.ch/cms/slc5_amd64_gcc462/external/py2-matplotlib/1.0.1/lib/python2.6/site-packages:/afs/cern.ch/cms/slc5_amd64_gcc462/external/python-ldap/2.3.5/lib/python2.6/site-packages:/afs/cern.ch/cms/slc5_amd64_gcc462/external/sip/4.11.2/lib/python2.6/site-packages:/afs/cern.ch/cms/slc5_amd64_gcc462/external/py2-pycurl/7.19.0/lib/python2.6/site-packages:/afs/cern.ch/cms/slc5_amd64_gcc462/external/py2-numpy/1.6.1/lib/python2.6/site-packages:/afs/cern.ch/cms/slc5_amd64_gcc462/external/py2-ipython/0.10/lib/python2.6/site-packages:/afs/cern.ch/cms/slc5_amd64_gcc462/external/py2-cx-oracle/5.1-cms11/lib/python2.6/site-packages:/afs/cern.ch/cms/slc5_amd64_gcc462/external/py2-cjson/1.0.5/lib/python2.6/site-packages:/afs/cern.ch/cms/slc5_amd64_gcc462/cms/das-client/1.9.5/bin:/afs/cern.ch/cms/slc5_amd64_gcc462/external/elementtree/1.2.6/share/lib/python2.6/site-packages:/afs/cern.ch/cms/slc5_amd64_gcc462/external/rivet/1.8.2/lib/python2.6/site-packages:/afs/cern.ch/cms/slc5_amd64_gcc462/external/pyminuit2/0.0.1-cms39/lib/python2.6/site-packages:/afs/cern.ch/cms/slc5_amd64_gcc462/external/professor/1.0.0-cms40/lib/python2.6/site-packages:/afs/cern.ch/cms/slc5_amd64_gcc462/lcg/root/5.32.00-cms21/lib:/afs/cern.ch/cms/slc5_amd64_gcc462/cms/dbs-client/DBS_2_1_9-cms3/lib:/afs/cern.ch/cms/slc5_amd64_gcc462/cms/dbs-client/DBS_2_1_9-cms3/lib/DBSAPI:/afs/cern.ch/cms/slc5_amd64_gcc462/external/cvs2git/5419/lib:/home/grid/cms667/home_cream_547818151/CREAM547818151/
 
# LIMITS USED BY CRAB WATCHDOG:
# RSS  (KBytes)   : 2300000
# VSZ  (KBytes)   : 100000000
# DISK (MBytes)   : 19000
# CPU TIME        : 720h:0m:0s
# WALL CLOCK TIME : 21h:50m:0s
 
844a175eacc74cc51be2e7d71ca2539e
PSETHASH = 844a175eacc74cc51be2e7d71ca2539e
/home/grid/cms667/home_cream_547818151/CREAM547818151/writeCfg.py pset.py pset.py
Importing .py file
Setting parameters
RandomNumberGeneratorService found, will attempt to change seeds
inputBlocks=/RelValTTbar/CMSSW_5_3_11_patch3-PU_START53_LV2_09Jul2013-v1/GEN-SIM-DIGI-RAW-HLTDEBUG#bc03e9fc-e90e-11e2-95e5-00221959e7c0
inputFiles=/store/relval/CMSSW_5_3_11_patch3/RelValTTbar/GEN-SIM-DIGI-RAW-HLTDEBUG/PU_START53_LV2_09Jul2013-v1/00000/5662E8DD-08E9-E211-A7AC-002618943950.root
parentFiles=
lumisRange=
>>> Executable cmsRun
/afs/cern.ch/cms/slc5_amd64_gcc462/cms/cmssw-patch/CMSSW_5_3_11_patch6/bin/slc5_amd64_gcc462/cmsRun
ok executable found
>>> info for dashboard:
***** Cat /home/grid/cms667/home_cream_547818151/CREAM547818151/jobreport.txt *****
MonitorJobID=20_https://wms317.cern.ch:9000/7i89fTZFsTQG-BpPXKRGGA
MonitorID=marfin_crab_0_130904_121619_65f3cv
ExeStart=cmsRun
***** End Cat jobreport *****
Parameters sent to Dashboard.
>>> cmsRun started at Wed Sep  4 10:17:51 UTC 2013
>>> cmsRun ended at Wed Sep  4 10:46:41 UTC 2013
>>> crab_fjr_*.xml  permission set to 0704
>>> info for dashboard:
***** Cat /home/grid/cms667/home_cream_547818151/CREAM547818151/jobreport.txt *****
MonitorJobID=20_https://wms317.cern.ch:9000/7i89fTZFsTQG-BpPXKRGGA
MonitorID=marfin_crab_0_130904_121619_65f3cv
ExeEnd=cmsRun
***** End Cat jobreport *****
Parameters sent to Dashboard.
TIME_EXE = 1730 sec
>>> cmsRun wrote 39 lines of stdout+stderr
>>> START OF printout of 39 lines from stdout+stderr
04-Sep-2013 12:18:17 CEST  Initiating request to open file root://eoscms//eos/cms/store/relval/CMSSW_5_3_11_patch3/RelValTTbar/GEN-SIM-DIGI-RAW-HLTDEBUG/PU_START53_LV2_09Jul2013-v1/00000/5662E8DD-08E9-E211-A7AC-002618943950.root?svcClass=default
130904 12:18:17 3041 Xrd: GoToAnotherServer: Going to: lxfsre07a08.cern.ch:1095
04-Sep-2013 12:18:24 CEST  Successfully opened file root://eoscms//eos/cms/store/relval/CMSSW_5_3_11_patch3/RelValTTbar/GEN-SIM-DIGI-RAW-HLTDEBUG/PU_START53_LV2_09Jul2013-v1/00000/5662E8DD-08E9-E211-A7AC-002618943950.root?svcClass=default
%MSG-w SiStripQuality:  EventSetupRecordDataGetter:hltGetConditions@beginRun  04-Sep-2013 12:19:41 CEST Run: 1
The cabling should always include the active feds in runInfo and possibly have some morethere are instead 59 feds only active in runInfo
%MSG
Begin processing the 1st record. Run 1, Event 5942, LumiSection 119 at 04-Sep-2013 12:20:04.362 CEST
DTTSPhi::addTracoT: preview not present in TRACO trigger or its code=0  trigger not added!
DTTSPhi::addTracoT: preview not present in TRACO trigger or its code=0  trigger not added!
Begin processing the 101st record. Run 1, Event 6142, LumiSection 123 at 04-Sep-2013 12:30:17.201 CEST
130904 12:38:46 3041 Xrd: XrdClientMessage::ReadRaw: Failed to read header (8 bytes).
Begin processing the 201st record. Run 1, Event 7042, LumiSection 141 at 04-Sep-2013 12:40:29.607 CEST
DTTSPhi::addTracoT: preview not present in TRACO trigger or its code=0  trigger not added!
DTTSPhi::addTracoT: preview not present in TRACO trigger or its code=0  trigger not added!
DTTSPhi::addTracoT: preview not present in TRACO trigger or its code=0  trigger not added!
DTTSPhi::addTracoT: preview not present in TRACO trigger or its code=0  trigger not added!
DTTSPhi::addTracoT: preview not present in TRACO trigger or its code=0  trigger not added!
04-Sep-2013 12:46:27 CEST  Closed file root://eoscms//eos/cms/store/relval/CMSSW_5_3_11_patch3/RelValTTbar/GEN-SIM-DIGI-RAW-HLTDEBUG/PU_START53_LV2_09Jul2013-v1/00000/5662E8DD-08E9-E211-A7AC-002618943950.root?svcClass=default

=============================================

MessageLogger Summary

 type     category        sev    module        subroutine        count    total
 ---- -------------------- -- ---------------- ----------------  -----    -----
    1 SiStripQuality       -w EventSetupRecord                       1        1
    2 fileAction           -s file_close                             1        1
    3 fileAction           -s file_open                              2        2

 type    category    Examples: run/evt        run/evt          run/evt
 ---- -------------------- ---------------- ---------------- ----------------
    1 SiStripQuality       Run: 1                            
    2 fileAction           PostEndRun                        
    3 fileAction           pre-events       pre-events       

Severity    # Occurrences   Total Occurrences
--------    -------------   -----------------
Warning                 1                   1
System                  3                   3
>>> END OF printout of 39 lines from stdout+stderr
>>> Parse FrameworkJobReport crab_fjr.xml
Result of parsing the FrameworkJobReport crab_fjr.xml: Popularity start
lumisRange : 1::119,122-123,125,141-142::1;
lumisParentRange : 
Basename : /store/relval/CMSSW_5_3_11_patch3/RelValTTbar/GEN-SIM-DIGI-RAW-HLTDEBUG/PU_START53_LV2_09Jul2013-v1/00000/
BasenameParent : 
parentFiles : 
inputBlocks : /RelValTTbar/CMSSW_5_3_11_patch3-PU_START53_LV2_09Jul2013-v1/GEN-SIM-DIGI-RAW-HLTDEBUG#bc03e9fc-e90e-11e2-95e5-00221959e7c0
inputFiles : 5662E8DD-08E9-E211-A7AC-002618943950.root::1::EDM::Local::1;
Popularity stop
Extracted ExitStatus from FrameworkJobReport parsing output: 0
>>> Executable succeded  0
ExeExitCode=0
EXECUTABLE_EXIT_STATUS = 0
>>> current directory /home/grid/cms667/home_cream_547818151/CREAM547818151/CMSSW_5_3_11_patch6
>>>  (SOFTWARE_DIR): /home/grid/cms667/home_cream_547818151/CREAM547818151/CMSSW_5_3_11_patch6
>>> (WORKING_DIR): 
>>> current directory content:
total 2346612
drwxr-xr-x 3 cms667 zh       4096 Sep  4 12:17 .SCRAM
-rw------- 1 cms667 zh    3842683 Sep  4 12:17 CMSSW.py.pkl
drwxr-xr-x 3 cms667 zh       4096 Sep  4 12:17 bin
drwxr-xr-x 3 cms667 zh       4096 Sep  4 12:17 cfipython
drwxr-xr-x 4 cms667 zh       4096 Sep  4 12:17 config
-rw------- 1 cms667 zh         18 Sep  4 12:46 cpu_timing.txt
drwxr-xr-x 2 cms667 zh       4096 Sep  4 12:17 doc
-rw------- 1 cms667 zh       3066 Sep  4 12:46 executable.out
drwxr-xr-x 2 cms667 zh       4096 Sep  4 12:17 include
drwx------ 3 cms667 zh       4096 Aug 26 18:31 lib
drwxr-xr-x 3 cms667 zh       4096 Sep  4 12:17 logs
drwxr-xr-x 3 cms667 zh       4096 Sep  4 12:17 objs
-rw------- 1 cms667 zh 2392724190 Sep  4 12:46 output.root
-rw------- 1 cms667 zh        104 Sep  4 12:17 pset.py
-rw------- 1 cms667 zh    3843363 Sep  4 12:17 pset.py.pkl
-rw------- 1 cms667 zh        289 Sep  4 12:17 pset.pyc
drwxr-xr-x 2 cms667 zh       4096 Sep  4 12:17 python
-rw------- 1 cms667 zh        440 Sep  4 12:46 report.log
drwx------ 5 cms667 zh       4096 Sep  4 12:17 src
drwxr-xr-x 3 cms667 zh       4096 Sep  4 12:17 test
drwxr-xr-x 3 cms667 zh       4096 Sep  4 12:17 tmp
>>> current directory /home/grid/cms667/home_cream_547818151/CREAM547818151/CMSSW_5_3_11_patch6
>>> (SOFTWARE_DIR): /home/grid/cms667/home_cream_547818151/CREAM547818151/CMSSW_5_3_11_patch6
>>> (WORKING_DIR): 
>>> current directory content:
total 2346612
drwxr-xr-x 3 cms667 zh       4096 Sep  4 12:17 .SCRAM
-rw------- 1 cms667 zh    3842683 Sep  4 12:17 CMSSW.py.pkl
drwxr-xr-x 3 cms667 zh       4096 Sep  4 12:17 bin
drwxr-xr-x 3 cms667 zh       4096 Sep  4 12:17 cfipython
drwxr-xr-x 4 cms667 zh       4096 Sep  4 12:17 config
-rw------- 1 cms667 zh         18 Sep  4 12:46 cpu_timing.txt
drwxr-xr-x 2 cms667 zh       4096 Sep  4 12:17 doc
-rw------- 1 cms667 zh       3066 Sep  4 12:46 executable.out
drwxr-xr-x 2 cms667 zh       4096 Sep  4 12:17 include
drwx------ 3 cms667 zh       4096 Aug 26 18:31 lib
drwxr-xr-x 3 cms667 zh       4096 Sep  4 12:17 logs
drwxr-xr-x 3 cms667 zh       4096 Sep  4 12:17 objs
-rw------- 1 cms667 zh 2392724190 Sep  4 12:46 output_20_1_HJO.root
-rw------- 1 cms667 zh        104 Sep  4 12:17 pset.py
-rw------- 1 cms667 zh    3843363 Sep  4 12:17 pset.py.pkl
-rw------- 1 cms667 zh        289 Sep  4 12:17 pset.pyc
drwxr-xr-x 2 cms667 zh       4096 Sep  4 12:17 python
-rw------- 1 cms667 zh        440 Sep  4 12:46 report.log
drwx------ 5 cms667 zh       4096 Sep  4 12:17 src
drwxr-xr-x 3 cms667 zh       4096 Sep  4 12:17 test
drwxr-xr-x 3 cms667 zh       4096 Sep  4 12:17 tmp
>>> current directory (RUNTIME_AREA):  /home/grid/cms667/home_cream_547818151/CREAM547818151
SE = srm-cms.cern.ch
SE_PATH = /srm/managerv2?SFN=/castor/cern.ch/user/m/marfin//53xRelVal2011Redigi/
LFNBaseName = /53xRelVal2011Redigi/marfin/RelValTTbar/53xRelVal2011Redigi/844a175eacc74cc51be2e7d71ca2539e/
USER = marfin
endpoint = srm://srm-cms.cern.ch:8443/srm/managerv2?SFN=/castor/cern.ch/user/m/marfin//53xRelVal2011Redigi/marfin/RelValTTbar/53xRelVal2011Redigi/844a175eacc74cc51be2e7d71ca2539e/
>>> Copy output files from WN = lxbst1305.cern.ch to /srm/managerv2?SFN=/castor/cern.ch/user/m/marfin//53xRelVal2011Redigi/ :
python cmscp.py  --destination srm://srm-cms.cern.ch:8443/srm/managerv2?SFN=/castor/cern.ch/user/m/marfin//53xRelVal2011Redigi/marfin/RelValTTbar/53xRelVal2011Redigi/844a175eacc74cc51be2e7d71ca2539e/ --inputFileList /home/grid/cms667/home_cream_547818151/CREAM547818151/CMSSW_5_3_11_patch6/output_20_1_HJO.root --middleware LCG --se_name srm-cms.cern.ch --for_lfn /53xRelVal2011Redigi/marfin/RelValTTbar/53xRelVal2011Redigi/844a175eacc74cc51be2e7d71ca2539e/    
******************************************************
localSeName  =  srm-eoscms.cern.ch
remoteSeName =  srm-cms.cern.ch
******************************************************
{"/home/grid/cms667/home_cream_547818151/CREAM547818151/CMSSW_5_3_11_patch6/output_20_1_HJO.root": {"endpoint": "srm://srm-cms.cern.ch:8443/srm/managerv2?SFN=/castor/cern.ch/user/m/marfin//53xRelVal2011Redigi/marfin/RelValTTbar/53xRelVal2011Redigi/844a175eacc74cc51be2e7d71ca2539e/", "surl_for_grid": "", "reason": "Copy succedeed with srm-lcg utils", "erCode": "0", "se_name": "srm-cms.cern.ch", "for_lfn": "/53xRelVal2011Redigi/marfin/RelValTTbar/53xRelVal2011Redigi/844a175eacc74cc51be2e7d71ca2539e/"}}/home/grid/cms667/home_cream_547818151/CREAM547818151
-------- cat /home/grid/cms667/home_cream_547818151/CREAM547818151/cmscpReport.sh 
#!/bin/bash
echo "Report for File: /home/grid/cms667/home_cream_547818151/CREAM547818151/CMSSW_5_3_11_patch6/output_20_1_HJO.root"
echo "LFN: /53xRelVal2011Redigi/marfin/RelValTTbar/53xRelVal2011Redigi/844a175eacc74cc51be2e7d71ca2539e/output_20_1_HJO.root"
echo "StorageElement: srm-cms.cern.ch"
echo "StageOutExitStatusReason = 'Copy succedeed with srm-lcg utils'" | tee -a $RUNTIME_AREA/$repo
echo "StageOutSE = srm-cms.cern.ch" >> $RUNTIME_AREA/$repo

export StageOutExitStatus=0
echo "StageOutExitStatus = 0" | tee -a $RUNTIME_AREA/$repo
-------- end of /home/grid/cms667/home_cream_547818151/CREAM547818151/cmscpReport.sh 
Report for File: /home/grid/cms667/home_cream_547818151/CREAM547818151/CMSSW_5_3_11_patch6/output_20_1_HJO.root
LFN: /53xRelVal2011Redigi/marfin/RelValTTbar/53xRelVal2011Redigi/844a175eacc74cc51be2e7d71ca2539e/output_20_1_HJO.root
StorageElement: srm-cms.cern.ch
StageOutExitStatusReason = 'Copy succedeed with srm-lcg utils'
StageOutExitStatus = 0
>>> current dir: /home/grid/cms667/home_cream_547818151/CREAM547818151
>>> current dir content:
total 6100
-rwx------  1 cms667 zh   13669 Sep  4 12:17 .BrokerInfo
-rw-------  1 cms667 zh    3449 Sep  4 13:28 .SEinteraction.log
-rwx------  1 cms667 zh       0 Sep  4 12:17 .tmp_file
-rw-------  1 cms667 zh     105 Sep  4 12:16 CMSSW.py
-rw-------  1 cms667 zh 3842683 Sep  4 12:16 CMSSW.py.pkl
-rwx------  1 cms667 zh   27957 Sep  4 12:17 CMSSW.sh
-rwx------  1 cms667 zh       0 Sep  4 12:17 CMSSW_20.stderr
-rwx---r--  1 cms667 zh   17359 Sep  4 13:28 CMSSW_20.stdout
drwxr-xr-x 15 cms667 zh    4096 Sep  4 12:46 CMSSW_5_3_11_patch6
-rw-------  1 cms667 zh     484 Sep  4 12:17 CacheEnv.sh
-rw-------  1 cms667 zh    7291 Jun  9  2010 DashboardAPI.py
-rw-------  1 cms667 zh    6493 Sep  4 12:17 DashboardAPI.pyc
drwx------  3 cms667 zh    4096 Aug 20 17:36 IMProv
-rw-------  1 cms667 zh    2748 Mar  8  2006 Logger.py
-rw-------  1 cms667 zh    3223 Sep  4 12:17 Logger.pyc
-rw-------  1 cms667 zh   24524 Mar 28  2008 ProcInfo.py
-rw-------  1 cms667 zh   22846 Sep  4 12:17 ProcInfo.pyc
drwx------  7 cms667 zh    4096 Sep  4 12:17 ProdCommon
drwx------  3 cms667 zh    4096 Sep  4 12:17 WMCore
-rw-------  1 cms667 zh    5530 Sep  4 12:46 Watchdog_20.log
-rw-------  1 cms667 zh   32895 Mar 28  2008 apmon.py
-rw-------  1 cms667 zh   28120 Sep  4 12:17 apmon.pyc
-rwx------  1 cms667 zh   10416 Sep  4 12:17 arguments.xml
-rwx------  1 cms667 zh   38507 Aug  6 23:12 cmscp.py
-rw-------  1 cms667 zh     542 Sep  4 13:28 cmscpReport.sh
-rw-------  1 cms667 zh     633 Sep  4 12:16 crab.cfg
-rwx------  1 cms667 zh    8610 Apr  2 15:44 crabWatchdog.sh
-rwx---r--  1 cms667 zh  632252 Sep  4 12:46 crab_fjr_20.xml
-rwx------  1 cms667 zh 1216220 Sep  4 12:17 default.tgz
-rwx------  1 cms667 zh    4488 May 12  2012 fillCrabFjr.py
-rw-------  1 cms667 zh     320 Sep  4 12:17 inputsReport.txt
-rw-------  1 cms667 zh     254 Sep  4 13:28 jobreport.txt
lrwxrwxrwx  1 cms667 zh      94 Sep  4 12:46 output.root -> /home/grid/cms667/home_cream_547818151/CREAM547818151/CMSSW_5_3_11_patch6/output_20_1_HJO.root
-rw-------  1 cms667 zh   17352 Jan 20  2012 parseCrabFjr.py
-rw-------  1 cms667 zh     265 Sep  4 12:17 report.log
-rwx--x--x  1 cms667 zh    1497 May 27  2009 report.py
-rw-------  1 cms667 zh     505 Sep  4 13:28 resultCopyFile
-rwx------  1 cms667 zh    8387 Mar 23  2011 writeCfg.py
>>> Modify Job Report:
CMSSW_VERSION = CMSSW_5_3_11_patch6
ProcessedDataset = 53xRelVal2011Redigi
/home/grid/cms667/home_cream_547818151/CREAM547818151/ProdCommon/FwkJobRep/ModifyJobReport.py fjr /home/grid/cms667/home_cream_547818151/CREAM547818151/crab_fjr_20.xml json /home/grid/cms667/home_cream_547818151/CREAM547818151/resultCopyFile n_job 20_1_HJO PrimaryDataset RelValTTbar  ApplicationFamily cmsRun ApplicationName cmsRun cmssw_version CMSSW_5_3_11_patch6 psethash 844a175eacc74cc51be2e7d71ca2539e UserProcessedDataset marfin-53xRelVal2011Redigi-844a175eacc74cc51be2e7d71ca2539e
inputDict =  {u'/home/grid/cms667/home_cream_547818151/CREAM547818151/CMSSW_5_3_11_patch6/output_20_1_HJO.root': {u'endpoint': u'srm://srm-cms.cern.ch:8443/srm/managerv2?SFN=/castor/cern.ch/user/m/marfin//53xRelVal2011Redigi/marfin/RelValTTbar/53xRelVal2011Redigi/844a175eacc74cc51be2e7d71ca2539e/', u'surl_for_grid': u'', u'reason': u'Copy succedeed with srm-lcg utils', u'erCode': u'0', u'se_name': u'srm-cms.cern.ch', u'for_lfn': u'/53xRelVal2011Redigi/marfin/RelValTTbar/53xRelVal2011Redigi/844a175eacc74cc51be2e7d71ca2539e/'}}
diz_filter =  {u'output.root': u''}
UserProcessedDataset =  marfin-53xRelVal2011Redigi-844a175eacc74cc51be2e7d71ca2539e
file_name in inputDict =  /home/grid/cms667/home_cream_547818151/CREAM547818151/CMSSW_5_3_11_patch6/output_20_1_HJO.root
(size) os.stat(filename)[6] =  2392724190
checksum =  4213999634
filter =  
    file =  output_20_1_HJO.root
    newPfn =  srm://srm-cms.cern.ch:8443/srm/managerv2?SFN=/castor/cern.ch/user/m/marfin//53xRelVal2011Redigi/marfin/RelValTTbar/53xRelVal2011Redigi/844a175eacc74cc51be2e7d71ca2539e/output_20_1_HJO.root
    newLfn =  /53xRelVal2011Redigi/marfin/RelValTTbar/53xRelVal2011Redigi/844a175eacc74cc51be2e7d71ca2539e/output_20_1_HJO.root
>>> crab_fjr_*.xml  permission set to 0704
Checking output files:  
will tar file crab_fjr_20.xml in  out_files_20
will tar file CMSSW_20.stdout in  out_files_20
will tar file CMSSW_20.stderr in  out_files_20
WARNING: output file Watchdog_20.log.gz not found!
>>> padding time: Wrapper lasting more than 600 seconds. No sleep required.
STOPPING WATCHDOG. CrabWatchdog PID is 2658
********** LAST 50 LINES OF WATCHDOG LOG
 Sep 04 12:17:30 CEST	2527	1516	64116	0	0	0	/bin/sh ./CMSSW.sh 20 1       
 Sep 04 12:17:30 CEST	2670	29220	97580	0	0	0	edmConfigHash pset.py         
 Sep 04 12:17:30 CEST	---	29220	97580	18	----	----	----
 Sep 04 12:18:30 CEST	3041	469664	651232	18	22	61	cmsRun -j /home/grid/cms667/home_cream_547818151/CREAM547818151/crab_fjr_20.xml -p pset.py      
 Sep 04 12:18:30 CEST	---	469664	651232	22	----	----	----
 Sep 04 12:19:31 CEST	3041	928448	1225896	22	47	122	cmsRun -j /home/grid/cms667/home_cream_547818151/CREAM547818151/crab_fjr_20.xml -p pset.py      
 Sep 04 12:20:32 CEST	3041	1793088	2258308	22	87	182	cmsRun -j /home/grid/cms667/home_cream_547818151/CREAM547818151/crab_fjr_20.xml -p pset.py      
 Sep 04 12:20:32 CEST	---	1793088	2258308	41	----	----	----
 Sep 04 12:21:33 CEST	3041	1810204	2258308	41	144	243	cmsRun -j /home/grid/cms667/home_cream_547818151/CREAM547818151/crab_fjr_20.xml -p pset.py      
 Sep 04 12:21:33 CEST	---	1810204	2258308	126	----	----	----
 Sep 04 12:22:33 CEST	3041	1829660	2258308	126	202	304	cmsRun -j /home/grid/cms667/home_cream_547818151/CREAM547818151/crab_fjr_20.xml -p pset.py      
 Sep 04 12:22:33 CEST	---	1829660	2258308	218	----	----	----
 Sep 04 12:23:34 CEST	3041	1846672	2276996	218	261	365	cmsRun -j /home/grid/cms667/home_cream_547818151/CREAM547818151/crab_fjr_20.xml -p pset.py      
 Sep 04 12:23:34 CEST	---	1846672	2276996	307	----	----	----
 Sep 04 12:24:36 CEST	3041	1853840	2280836	307	319	426	cmsRun -j /home/grid/cms667/home_cream_547818151/CREAM547818151/crab_fjr_20.xml -p pset.py      
 Sep 04 12:24:36 CEST	---	1853840	2280836	392	----	----	----
 Sep 04 12:25:36 CEST	---	1853840	2280836	479	----	----	----
 Sep 04 12:26:37 CEST	3041	1864832	2292872	479	436	547	cmsRun -j /home/grid/cms667/home_cream_547818151/CREAM547818151/crab_fjr_20.xml -p pset.py      
 Sep 04 12:26:37 CEST	---	1864832	2292872	567	----	----	----
 Sep 04 12:27:38 CEST	3041	1886968	2314376	567	494	608	cmsRun -j /home/grid/cms667/home_cream_547818151/CREAM547818151/crab_fjr_20.xml -p pset.py      
 Sep 04 12:27:38 CEST	---	1886968	2314376	660	----	----	----
 Sep 04 12:28:38 CEST	---	1886968	2314376	743	----	----	----
 Sep 04 12:29:39 CEST	---	1886968	2314376	832	----	----	----
 Sep 04 12:30:40 CEST	---	1886968	2314376	927	----	----	----
 Sep 04 12:31:40 CEST	---	1886968	2314376	1010	----	----	----
 Sep 04 12:32:41 CEST	3041	1895888	2322312	1010	786	912	cmsRun -j /home/grid/cms667/home_cream_547818151/CREAM547818151/crab_fjr_20.xml -p pset.py      
 Sep 04 12:32:41 CEST	---	1895888	2322312	1086	----	----	----
 Sep 04 12:33:42 CEST	3041	1895888	2323336	1086	844	973	cmsRun -j /home/grid/cms667/home_cream_547818151/CREAM547818151/crab_fjr_20.xml -p pset.py      
 Sep 04 12:33:42 CEST	---	1895888	2323336	1172	----	----	----
# TIME			PID	RSS(KB)	VSZ(KB)	Dsk(MB)	tCPU(s)	tWALL(s)	COMMAND
 Sep 04 12:34:43 CEST	---	1895888	2323336	1265	----	----	----
 Sep 04 12:35:44 CEST	---	1895888	2323336	1355	----	----	----
 Sep 04 12:36:44 CEST	3041	1916116	2348424	1355	1019	1155	cmsRun -j /home/grid/cms667/home_cream_547818151/CREAM547818151/crab_fjr_20.xml -p pset.py      
 Sep 04 12:36:44 CEST	---	1916116	2348424	1443	----	----	----
 Sep 04 12:37:45 CEST	3041	1920664	2360456	1443	1077	1216	cmsRun -j /home/grid/cms667/home_cream_547818151/CREAM547818151/crab_fjr_20.xml -p pset.py      
 Sep 04 12:37:45 CEST	---	1920664	2360456	1531	----	----	----
 Sep 04 12:38:46 CEST	3041	1933168	2385544	1531	1136	1276	cmsRun -j /home/grid/cms667/home_cream_547818151/CREAM547818151/crab_fjr_20.xml -p pset.py      
 Sep 04 12:38:46 CEST	---	1933168	2385544	1615	----	----	----
 Sep 04 12:39:46 CEST	---	1933168	2385544	1700	----	----	----
 Sep 04 12:40:47 CEST	---	1933168	2385544	1789	----	----	----
 Sep 04 12:41:48 CEST	3041	1934572	2388872	1789	1313	1459	cmsRun -j /home/grid/cms667/home_cream_547818151/CREAM547818151/crab_fjr_20.xml -p pset.py      
 Sep 04 12:41:48 CEST	---	1934572	2388872	1880	----	----	----
 Sep 04 12:42:49 CEST	3041	1941084	2395016	1880	1373	1519	cmsRun -j /home/grid/cms667/home_cream_547818151/CREAM547818151/crab_fjr_20.xml -p pset.py      
 Sep 04 12:42:49 CEST	---	1941084	2395016	1968	----	----	----
 Sep 04 12:43:49 CEST	---	1941084	2395016	2060	----	----	----
 Sep 04 12:44:50 CEST	3041	1943788	2396808	2060	1489	1640	cmsRun -j /home/grid/cms667/home_cream_547818151/CREAM547818151/crab_fjr_20.xml -p pset.py      
 Sep 04 12:44:50 CEST	---	1943788	2396808	2148	----	----	----
 Sep 04 12:45:51 CEST	3041	1945704	2413448	2148	1547	1701	cmsRun -j /home/grid/cms667/home_cream_547818151/CREAM547818151/crab_fjr_20.xml -p pset.py      
 Sep 04 12:45:51 CEST	---	1945704	2413448	2236	----	----	----
 Sep 04 12:46:51 CEST	---	1945704	2413448	2307	----	----	----
********** WATCHDOG LOG ENDED
ZIPPING WATCHDOG LOG
Disk space used:
du -sh /home/grid/cms667/home_cream_547818151/CREAM547818151
2.3G	/home/grid/cms667/home_cream_547818151/CREAM547818151
Found unusual stderr, rename for OSB
`/pool/grid/cms667/home_cream_547818151/CREAM547818151/CMSSW_20.stdout' -> `CMSSW_20.stderr'
crab_fjr_20.xml
CMSSW_20.stdout
CMSSW_20.stderr
Watchdog_20.log.gz
Total Output dimension: 61493
WARNING: output files size limit is set to: 55000000
Total Output dimension 61493 is fine.
JOB_EXIT_STATUS = 0
>>> info for dashboard:
***** Cat /home/grid/cms667/home_cream_547818151/CREAM547818151/jobreport.txt *****
MonitorJobID=20_https://wms317.cern.ch:9000/7i89fTZFsTQG-BpPXKRGGA
MonitorID=marfin_crab_0_130904_121619_65f3cv
ExeTime=1730
ExeExitCode=0
StageOutExitStatusReason = 'Copy succedeed with srm-lcg utils'
StageOutSE = srm-cms.cern.ch
StageOutExitStatus = 0
CrabUserCpuTime=1549.81
CrabSysCpuTime=43.28
CrabCpuPercentage=92%
CrabWrapperTime=4275
CrabStageoutTime=2497
JobExitCode=0
***** End Cat jobreport *****
Parameters sent to Dashboard.
crab_fjr_20.xml
