This script was generated by crab (version 2.9.0).
Running ./CMSSW.sh with 2 positional parameters: 14 1
Today is Wed Sep  4 12:17:32 CEST 2013
Job submitted on host lxbsu2204.cern.ch
Linux lxbsu2204.cern.ch 2.6.18-308.24.1.el5 #1 SMP Wed Dec 5 09:45:59 CET 2012 x86_64 x86_64 x86_64 GNU/Linux
>>> current directory (RUNTIME_AREA): /home/grid/cms667/home_cream_116812011/CREAM116812011
>>> current user: uid=52545(cms667) gid=1399(zh) groups=1399(zh),1092999558 context=system_u:system_r:initrc_t
>>> directory permission set to 0700
>>> umask set to:  u=rwx,g=,o=
>>> stdout stderr permission set to 0704
>>> voms proxy information:
subject   : /C=DE/O=GermanGrid/OU=DESY/CN=Ihar Marfin/CN=proxy/CN=proxy/CN=proxy/CN=limited proxy
issuer    : /C=DE/O=GermanGrid/OU=DESY/CN=Ihar Marfin/CN=proxy/CN=proxy/CN=proxy
identity  : /C=DE/O=GermanGrid/OU=DESY/CN=Ihar Marfin/CN=proxy/CN=proxy/CN=proxy
type      : limited proxy
strength  : 1024 bits
path      : /home/grid/cms667/home_cream_116812011/cream_116812011.proxy
timeleft  : 187:42:17
key usage : 
=== VO cms extension information ===
VO        : cms
subject   : /C=DE/O=GermanGrid/OU=DESY/CN=Ihar Marfin
issuer    : /DC=ch/DC=cern/OU=computers/CN=lcg-voms.cern.ch
attribute : /cms/Role=NULL/Capability=NULL
attribute : /cms/dcms/Role=NULL/Capability=NULL
timeleft  : 187:43:56
uri       : lcg-voms.cern.ch:15002
>>> tar --no-same-permissions -xf /home/grid/cms667/home_cream_116812011/CREAM116812011/default.tgz :
Successful untar
>>> Include /home/grid/cms667/home_cream_116812011/CREAM116812011 in PYTHONPATH:
strip arguments
env var CRAB_UNIQUE_JOB_ID set to: marfin_crab_0_130904_121619_65f3cv_14_1_h4L
out_files_14
>>> list of expected files on output sandbox
output files: crab_fjr_14.xml CMSSW_14.stdout CMSSW_14.stderr Watchdog_14.log.gz
>>> GridFlavour discovery: 
GridFlavour=LCG
>>> SyncSite discovery: 
not reporting SyncSite
>>> SyncCE discovery: 
getting SyncCE from CE_ID
SyncCE=ce203.cern.ch:8443/cream-lsf-grid_cms
>>> info for dashboard:
***** Cat /home/grid/cms667/home_cream_116812011/CREAM116812011/jobreport.txt *****
MonitorJobID=14_https://wms317.cern.ch:9000/S5sSlJO_5XbrWqBf6PRjpw
SyncGridJobId=https://wms317.cern.ch:9000/S5sSlJO_5XbrWqBf6PRjpw
MonitorID=marfin_crab_0_130904_121619_65f3cv
GridFlavour=LCG
SyncCE=ce203.cern.ch:8443/cream-lsf-grid_cms
***** End Cat jobreport *****
Parameters sent to Dashboard.
>>> setup environment
set SCRAM ARCH to slc5_amd64_gcc462
SCRAM_ARCH = slc5_amd64_gcc462
>>> setup CMS LCG environment:
set SCRAM ARCH and BUILD_ARCH to slc5_amd64_gcc462 ###
Sourcing environment... 
sourcing /afs/cern.ch/project/gd/apps/cms/cmsset_default.sh
==> setup cms environment ok
>>> specific cmssw setup environment:
CMSSW_VERSION =  CMSSW_5_3_11_patch6
>>> current directory (SOFTWARE_DIR): /home/grid/cms667/home_cream_116812011/CREAM116812011/CMSSW_5_3_11_patch6
PreserveSeeds: <>
IncrementSeeds:<>
{"output.root": ""}
WNHostName=lxbsu2204.cern.ch
>>> info for dashboard:
***** Cat /home/grid/cms667/home_cream_116812011/CREAM116812011/jobreport.txt *****
MonitorJobID=14_https://wms317.cern.ch:9000/S5sSlJO_5XbrWqBf6PRjpw
MonitorID=marfin_crab_0_130904_121619_65f3cv
WNHostName=lxbsu2204.cern.ch
***** End Cat jobreport *****
Parameters sent to Dashboard.
crabWatchdog started as process 32048
>>> moving CMSSW software directories in /home/grid/cms667/home_cream_116812011/CREAM116812011/CMSSW_5_3_11_patch6
mv: cannot stat `/home/grid/cms667/home_cream_116812011/CREAM116812011/module/': No such file or directory
>>> Include /home/grid/cms667/home_cream_116812011/CREAM116812011 in PYTHONPATH:
PYTHONPATH=/home/grid/cms667/home_cream_116812011/CREAM116812011/:/pool/grid/cms667/home_cream_116812011/CREAM116812011/CMSSW_5_3_11_patch6/python:/pool/grid/cms667/home_cream_116812011/CREAM116812011/CMSSW_5_3_11_patch6/lib/slc5_amd64_gcc462:/afs/cern.ch/cms/slc5_amd64_gcc462/cms/cmssw-patch/CMSSW_5_3_11_patch6/python:/afs/cern.ch/cms/slc5_amd64_gcc462/cms/cmssw-patch/CMSSW_5_3_11_patch6/lib/slc5_amd64_gcc462:/afs/cern.ch/cms/slc5_amd64_gcc462/cms/cmssw/CMSSW_5_3_11/bin/slc5_amd64_gcc462:/afs/cern.ch/cms/slc5_amd64_gcc462/cms/cmssw/CMSSW_5_3_11/lib/slc5_amd64_gcc462:/afs/cern.ch/cms/slc5_amd64_gcc462/cms/coral/CORAL_2_3_21-cms35/slc5_amd64_gcc462/python:/afs/cern.ch/cms/slc5_amd64_gcc462/cms/coral/CORAL_2_3_21-cms35/slc5_amd64_gcc462/lib:/afs/cern.ch/cms/slc5_amd64_gcc462/external/pyqt/4.8.1/lib/python2.6/site-packages:/afs/cern.ch/cms/slc5_amd64_gcc462/external/py2-scipy/0.8.0/lib/python2.6/site-packages:/afs/cern.ch/cms/slc5_amd64_gcc462/external/py2-matplotlib/1.0.1/lib/python2.6/site-packages:/afs/cern.ch/cms/slc5_amd64_gcc462/external/python-ldap/2.3.5/lib/python2.6/site-packages:/afs/cern.ch/cms/slc5_amd64_gcc462/external/sip/4.11.2/lib/python2.6/site-packages:/afs/cern.ch/cms/slc5_amd64_gcc462/external/py2-pycurl/7.19.0/lib/python2.6/site-packages:/afs/cern.ch/cms/slc5_amd64_gcc462/external/py2-numpy/1.6.1/lib/python2.6/site-packages:/afs/cern.ch/cms/slc5_amd64_gcc462/external/py2-ipython/0.10/lib/python2.6/site-packages:/afs/cern.ch/cms/slc5_amd64_gcc462/external/py2-cx-oracle/5.1-cms11/lib/python2.6/site-packages:/afs/cern.ch/cms/slc5_amd64_gcc462/external/py2-cjson/1.0.5/lib/python2.6/site-packages:/afs/cern.ch/cms/slc5_amd64_gcc462/cms/das-client/1.9.5/bin:/afs/cern.ch/cms/slc5_amd64_gcc462/external/elementtree/1.2.6/share/lib/python2.6/site-packages:/afs/cern.ch/cms/slc5_amd64_gcc462/external/rivet/1.8.2/lib/python2.6/site-packages:/afs/cern.ch/cms/slc5_amd64_gcc462/external/pyminuit2/0.0.1-cms39/lib/python2.6/site-packages:/afs/cern.ch/cms/slc5_amd64_gcc462/external/professor/1.0.0-cms40/lib/python2.6/site-packages:/afs/cern.ch/cms/slc5_amd64_gcc462/lcg/root/5.32.00-cms21/lib:/afs/cern.ch/cms/slc5_amd64_gcc462/cms/dbs-client/DBS_2_1_9-cms3/lib:/afs/cern.ch/cms/slc5_amd64_gcc462/cms/dbs-client/DBS_2_1_9-cms3/lib/DBSAPI:/afs/cern.ch/cms/slc5_amd64_gcc462/external/cvs2git/5419/lib:/home/grid/cms667/home_cream_116812011/CREAM116812011/
 
# LIMITS USED BY CRAB WATCHDOG:
# RSS  (KBytes)   : 2300000
# VSZ  (KBytes)   : 100000000
# DISK (MBytes)   : 19000
# CPU TIME        : 720h:0m:0s
# WALL CLOCK TIME : 21h:50m:0s
 
844a175eacc74cc51be2e7d71ca2539e
PSETHASH = 844a175eacc74cc51be2e7d71ca2539e
/home/grid/cms667/home_cream_116812011/CREAM116812011/writeCfg.py pset.py pset.py
Importing .py file
Setting parameters
RandomNumberGeneratorService found, will attempt to change seeds
inputBlocks=/RelValTTbar/CMSSW_5_3_11_patch3-PU_START53_LV2_09Jul2013-v1/GEN-SIM-DIGI-RAW-HLTDEBUG#bc03e9fc-e90e-11e2-95e5-00221959e7c0
inputFiles=/store/relval/CMSSW_5_3_11_patch3/RelValTTbar/GEN-SIM-DIGI-RAW-HLTDEBUG/PU_START53_LV2_09Jul2013-v1/00000/485AB0AE-08E9-E211-9B9A-0026189438AC.root;/store/relval/CMSSW_5_3_11_patch3/RelValTTbar/GEN-SIM-DIGI-RAW-HLTDEBUG/PU_START53_LV2_09Jul2013-v1/00000/E475BAC4-08E9-E211-A2F2-00261894393E.root
parentFiles=
lumisRange=
>>> Executable cmsRun
/afs/cern.ch/cms/slc5_amd64_gcc462/cms/cmssw-patch/CMSSW_5_3_11_patch6/bin/slc5_amd64_gcc462/cmsRun
ok executable found
>>> info for dashboard:
***** Cat /home/grid/cms667/home_cream_116812011/CREAM116812011/jobreport.txt *****
MonitorJobID=14_https://wms317.cern.ch:9000/S5sSlJO_5XbrWqBf6PRjpw
MonitorID=marfin_crab_0_130904_121619_65f3cv
ExeStart=cmsRun
***** End Cat jobreport *****
Parameters sent to Dashboard.
>>> cmsRun started at Wed Sep  4 10:18:23 UTC 2013
>>> cmsRun ended at Wed Sep  4 11:18:10 UTC 2013
>>> crab_fjr_*.xml  permission set to 0704
>>> info for dashboard:
***** Cat /home/grid/cms667/home_cream_116812011/CREAM116812011/jobreport.txt *****
MonitorJobID=14_https://wms317.cern.ch:9000/S5sSlJO_5XbrWqBf6PRjpw
MonitorID=marfin_crab_0_130904_121619_65f3cv
ExeEnd=cmsRun
***** End Cat jobreport *****
Parameters sent to Dashboard.
TIME_EXE = 3587 sec
>>> cmsRun wrote 129 lines of stdout+stderr
>>> START OF printout of 129 lines from stdout+stderr
04-Sep-2013 12:19:31 CEST  Initiating request to open file root://eoscms//eos/cms/store/relval/CMSSW_5_3_11_patch3/RelValTTbar/GEN-SIM-DIGI-RAW-HLTDEBUG/PU_START53_LV2_09Jul2013-v1/00000/485AB0AE-08E9-E211-9B9A-0026189438AC.root?svcClass=default
130904 12:19:32 688 Xrd: GoToAnotherServer: Going to: lxfsrf47c01.cern.ch:1095
04-Sep-2013 12:19:48 CEST  Successfully opened file root://eoscms//eos/cms/store/relval/CMSSW_5_3_11_patch3/RelValTTbar/GEN-SIM-DIGI-RAW-HLTDEBUG/PU_START53_LV2_09Jul2013-v1/00000/485AB0AE-08E9-E211-9B9A-0026189438AC.root?svcClass=default
%MSG-w SiStripQuality:  EventSetupRecordDataGetter:hltGetConditions@beginRun  04-Sep-2013 12:22:28 CEST Run: 1
The cabling should always include the active feds in runInfo and possibly have some morethere are instead 59 feds only active in runInfo
%MSG
Begin processing the 1st record. Run 1, Event 4154, LumiSection 84 at 04-Sep-2013 12:23:07.415 CEST
DTTSPhi::addTracoT: preview not present in TRACO trigger or its code=0  trigger not added!
DTTSPhi::addTracoT: preview not present in TRACO trigger or its code=0  trigger not added!
DTTSPhi::addTracoT: preview not present in TRACO trigger or its code=0  trigger not added!
DTTSPhi::addTracoT: preview not present in TRACO trigger or its code=0  trigger not added!
DTTSPhi::addTracoT: preview not present in TRACO trigger or its code=0  trigger not added!
DTTSPhi::addTracoT: preview not present in TRACO trigger or its code=0  trigger not added!
Begin processing the 101st record. Run 1, Event 4404, LumiSection 89 at 04-Sep-2013 12:35:33.128 CEST
DTTSPhi::addTracoT: preview not present in TRACO trigger or its code=0  trigger not added!
DTTSPhi::addTracoT: preview not present in TRACO trigger or its code=0  trigger not added!
130904 12:40:01 688 Xrd: XrdClientMessage::ReadRaw: Failed to read header (8 bytes).
%MSG-w BasicTrajectoryState:  TrackProducer:hltL3TkTracksFromL2IOHit  04-Sep-2013 12:40:30 CEST Run: 1 Event: 4446
local error not pos-def
[ -1.01835e-06  1.1985e-06-7.45675e-06 -0.00152104 -0.00381142
    1.1985e-06 2.08889e-05 2.17896e-05  0.00172174  0.00334746
  -7.45675e-06 2.17896e-05 2.84855e-05 0.000625418    0.001387
   -0.00152104  0.00172174 0.000625418   0.0541686   0.0927153
   -0.00381142  0.00334746    0.001387   0.0927153   0.0632877 ]
%MSG
%MSG-w BasicTrajectoryState:  TrackProducer:hltL3TkTracksFromL2IOHit  04-Sep-2013 12:40:30 CEST Run: 1 Event: 4446
curv error not pos-def
[ -1.01835e-06  7.3109e-06 5.22709e-06  0.00151417 -0.00375918
    7.3109e-06 2.67379e-05-1.94384e-05 0.000588013 -0.00129684
   5.22709e-06-1.94384e-05 1.31882e-05 -0.00159081  0.00316295
    0.00151417 0.000588013 -0.00159081   0.0536813   -0.090821
   -0.00375918 -0.00129684  0.00316295   -0.090821   0.0599062 ]
%MSG
DTTSPhi::addTracoT: preview not present in TRACO trigger or its code=0  trigger not added!
Begin processing the 201st record. Run 1, Event 4854, LumiSection 98 at 04-Sep-2013 12:47:08.087 CEST
DTTSPhi::addTracoT: preview not present in TRACO trigger or its code=0  trigger not added!
DTTSPhi::addTracoT: preview not present in TRACO trigger or its code=0  trigger not added!
%MSG-w BasicTrajectoryState:  TrackProducer:hltCtfActivityWithMaterialTracks  04-Sep-2013 12:50:29 CEST Run: 1 Event: 4884
local error not pos-def
[  -1.4835e-06 -1.1067e-06 4.93835e-07 2.98841e-05-1.76094e-05
   -1.1067e-06 2.57352e-07  1.9601e-07-2.59014e-06-7.08674e-06
   4.93835e-07  1.9601e-07  1.1539e-06-3.76457e-06-3.52577e-05
   2.98841e-05-2.59014e-06-3.76457e-06 6.71132e-06 1.74685e-05
  -1.76094e-05-7.08674e-06-3.52577e-05 1.74685e-05  0.00135134 ]
%MSG
%MSG-w BasicTrajectoryState:  TrackProducer:hltCtfActivityWithMaterialTracks  04-Sep-2013 12:50:29 CEST Run: 1 Event: 4884
curv error not pos-def
[  -1.4835e-06 4.84655e-07 1.09953e-06 2.97246e-05 1.74419e-05
   4.84655e-07 1.13832e-06-1.92178e-07-3.72843e-06 3.50028e-05
   1.09953e-06-1.92178e-07 2.51736e-07 2.54865e-06-6.94209e-06
   2.97246e-05-3.72843e-06 2.54865e-06 6.63967e-06-1.73811e-05
   1.74419e-05 3.50028e-05-6.94209e-06-1.73811e-05  0.00134843 ]
%MSG
DTTSPhi::addTracoT: preview not present in TRACO trigger or its code=0  trigger not added!
DTTSPhi::addTracoT: preview not present in TRACO trigger or its code=0  trigger not added!
DTTSPhi::addTracoT: preview not present in TRACO trigger or its code=0  trigger not added!
DTTSPhi::addTracoT: preview not present in TRACO trigger or its code=0  trigger not added!
04-Sep-2013 12:58:02 CEST  Closed file root://eoscms//eos/cms/store/relval/CMSSW_5_3_11_patch3/RelValTTbar/GEN-SIM-DIGI-RAW-HLTDEBUG/PU_START53_LV2_09Jul2013-v1/00000/485AB0AE-08E9-E211-9B9A-0026189438AC.root?svcClass=default
04-Sep-2013 12:58:02 CEST  Initiating request to open file root://eoscms//eos/cms/store/relval/CMSSW_5_3_11_patch3/RelValTTbar/GEN-SIM-DIGI-RAW-HLTDEBUG/PU_START53_LV2_09Jul2013-v1/00000/E475BAC4-08E9-E211-A2F2-00261894393E.root?svcClass=default
130904 12:58:02 001 Xrd: CheckErrorStatus: Server [eoscms] declared: session not found(error code: 3011)
130904 12:58:02 688 Xrd: GoToAnotherServer: Going to: lxfsrc46a05.cern.ch:1095
04-Sep-2013 12:58:02 CEST  Successfully opened file root://eoscms//eos/cms/store/relval/CMSSW_5_3_11_patch3/RelValTTbar/GEN-SIM-DIGI-RAW-HLTDEBUG/PU_START53_LV2_09Jul2013-v1/00000/E475BAC4-08E9-E211-A2F2-00261894393E.root?svcClass=default
Begin processing the 301st record. Run 1, Event 1004, LumiSection 21 at 04-Sep-2013 12:58:30.166 CEST
DTTSPhi::addTracoT: preview not present in TRACO trigger or its code=0  trigger not added!
%MSG-w BasicTrajectoryState:  TrackProducer:hltCtfL1NonIsoWithMaterialTracks  04-Sep-2013 13:02:52 CEST Run: 1 Event: 1042
curv error not pos-def
[   2.6184e+06     30.0616     -182325    -163.631    -5.54637
       30.0616 0.000455319    -2.09331 -0.00220257  0.00127934
       -182325    -2.09331     12695.6     11.3915    0.385526
      -163.631 -0.00220257     11.3915 -0.00402956  -0.0035861
      -5.54637  0.00127934    0.385526  -0.0035861   0.0163829 ]
%MSG
%MSG-w BasicTrajectoryState:  TrackProducer:hltCtfL1NonIsoWithMaterialTracks  04-Sep-2013 13:02:52 CEST Run: 1 Event: 1042
local error not pos-def
[   2.6184e+06      182459    -9202.45    -163.694     20.0031
        182459     12714.4    -641.259    -11.4043     1.39235
      -9202.45    -641.259     32.3444    0.573759  -0.0825318
      -163.694    -11.4043    0.573759 -0.00403259  0.00772815
       20.0031     1.39235  -0.0825318  0.00772815   0.0712338 ]
%MSG
%MSG-w BasicTrajectoryState:  TrackProducer:hltCtfL1NonIsoWithMaterialTracks  04-Sep-2013 13:02:52 CEST Run: 1 Event: 1042
local error not pos-def
[  2.70638e-06-1.30363e-06 -1.0853e-06-6.24806e-06-2.34498e-05
  -1.30363e-06 7.05719e-07 4.76811e-07 2.01479e-06 9.53162e-06
   -1.0853e-06 4.76811e-07 1.20087e-06 7.01754e-07 -4.2849e-06
  -6.24806e-06 2.01479e-06 7.01754e-07-8.60688e-06-7.55563e-05
  -2.34498e-05 9.53162e-06 -4.2849e-06-7.55563e-05 9.20575e-05 ]
%MSG
%MSG-w BasicTrajectoryState:  TrackProducer:hltCtfL1NonIsoWithMaterialTracks  04-Sep-2013 13:02:52 CEST Run: 1 Event: 1042
curv error not pos-def
[  2.70638e-06 1.83153e-07-1.27018e-06 6.20681e-06-1.05573e-05
   1.83153e-07 5.26908e-08-7.41291e-08 6.21172e-08  6.8529e-07
  -1.27018e-06-7.41291e-08 6.74315e-07-2.02737e-06 4.25337e-06
   6.20681e-06 6.21172e-08-2.02737e-06-8.49315e-06 3.49451e-05
  -1.05573e-05  6.8529e-07 4.25337e-06 3.49451e-05 2.81182e-05 ]
%MSG
130904 13:03:30 688 Xrd: XrdClientMessage::ReadRaw: Failed to read header (8 bytes).
DTTSPhi::addTracoT: preview not present in TRACO trigger or its code=0  trigger not added!
DTTSPhi::addTracoT: preview not present in TRACO trigger or its code=0  trigger not added!
Begin processing the 401st record. Run 1, Event 1204, LumiSection 25 at 04-Sep-2013 13:09:49.276 CEST
DTTSPhi::addTracoT: preview not present in TRACO trigger or its code=0  trigger not added!
04-Sep-2013 13:17:45 CEST  Closed file root://eoscms//eos/cms/store/relval/CMSSW_5_3_11_patch3/RelValTTbar/GEN-SIM-DIGI-RAW-HLTDEBUG/PU_START53_LV2_09Jul2013-v1/00000/E475BAC4-08E9-E211-A2F2-00261894393E.root?svcClass=default

=============================================

MessageLogger Summary

 type     category        sev    module        subroutine        count    total
 ---- -------------------- -- ---------------- ----------------  -----    -----
    1 BasicTrajectoryState -w TrackProducer:hl                       2        2
    2 BasicTrajectoryState -w TrackProducer:hl                       4        4
    3 BasicTrajectoryState -w TrackProducer:hl                       2        2
    4 SiStripQuality       -w EventSetupRecord                       1        1
    5 fileAction           -s file_close                             2        2
    6 fileAction           -s file_open                              4        4

 type    category    Examples: run/evt        run/evt          run/evt
 ---- -------------------- ---------------- ---------------- ----------------
    1 BasicTrajectoryState 1/4884           1/4884           
    2 BasicTrajectoryState 1/1042           1/1042           1/1042
    3 BasicTrajectoryState 1/4446           1/4446           
    4 SiStripQuality       Run: 1                            
    5 fileAction           PostProcessEvent PostEndRun       
    6 fileAction           pre-events       pre-events       PostProcessEvent

Severity    # Occurrences   Total Occurrences
--------    -------------   -----------------
Warning                 9                   9
System                  6                   6
>>> END OF printout of 129 lines from stdout+stderr
>>> Parse FrameworkJobReport crab_fjr.xml
Result of parsing the FrameworkJobReport crab_fjr.xml: Popularity start
lumisRange : 1::84,88-89,94,98-99::1;1::21-22,25,31::2;
lumisParentRange : 
Basename : /store/relval/CMSSW_5_3_11_patch3/RelValTTbar/GEN-SIM-DIGI-RAW-HLTDEBUG/PU_START53_LV2_09Jul2013-v1/00000/
BasenameParent : 
parentFiles : 
inputBlocks : /RelValTTbar/CMSSW_5_3_11_patch3-PU_START53_LV2_09Jul2013-v1/GEN-SIM-DIGI-RAW-HLTDEBUG#bc03e9fc-e90e-11e2-95e5-00221959e7c0
inputFiles : 485AB0AE-08E9-E211-9B9A-0026189438AC.root::1::EDM::Local::1;E475BAC4-08E9-E211-A2F2-00261894393E.root::1::EDM::Local::2;
Popularity stop
Extracted ExitStatus from FrameworkJobReport parsing output: 0
>>> Executable succeded  0
ExeExitCode=0
EXECUTABLE_EXIT_STATUS = 0
>>> current directory /home/grid/cms667/home_cream_116812011/CREAM116812011/CMSSW_5_3_11_patch6
>>>  (SOFTWARE_DIR): /home/grid/cms667/home_cream_116812011/CREAM116812011/CMSSW_5_3_11_patch6
>>> (WORKING_DIR): 
>>> current directory content:
total 4229592
drwxr-xr-x 3 cms667 zh       4096 Sep  4 12:17 .SCRAM
-rw------- 1 cms667 zh    3842683 Sep  4 12:17 CMSSW.py.pkl
drwxr-xr-x 3 cms667 zh       4096 Sep  4 12:17 bin
drwxr-xr-x 3 cms667 zh       4096 Sep  4 12:17 cfipython
drwxr-xr-x 4 cms667 zh       4096 Sep  4 12:17 config
-rw------- 1 cms667 zh         18 Sep  4 13:18 cpu_timing.txt
drwxr-xr-x 2 cms667 zh       4096 Sep  4 12:17 doc
-rw------- 1 cms667 zh       9517 Sep  4 13:18 executable.out
drwxr-xr-x 2 cms667 zh       4096 Sep  4 12:17 include
drwx------ 3 cms667 zh       4096 Aug 26 18:31 lib
drwxr-xr-x 3 cms667 zh       4096 Sep  4 12:17 logs
drwxr-xr-x 3 cms667 zh       4096 Sep  4 12:17 objs
-rw------- 1 cms667 zh 4319000168 Sep  4 13:18 output.root
-rw------- 1 cms667 zh        104 Sep  4 12:18 pset.py
-rw------- 1 cms667 zh    3843524 Sep  4 12:18 pset.py.pkl
-rw------- 1 cms667 zh        289 Sep  4 12:18 pset.pyc
drwxr-xr-x 2 cms667 zh       4096 Sep  4 12:17 python
-rw------- 1 cms667 zh        440 Sep  4 13:18 report.log
drwx------ 5 cms667 zh       4096 Sep  4 12:17 src
drwxr-xr-x 3 cms667 zh       4096 Sep  4 12:17 test
drwxr-xr-x 3 cms667 zh       4096 Sep  4 12:17 tmp
>>> current directory /home/grid/cms667/home_cream_116812011/CREAM116812011/CMSSW_5_3_11_patch6
>>> (SOFTWARE_DIR): /home/grid/cms667/home_cream_116812011/CREAM116812011/CMSSW_5_3_11_patch6
>>> (WORKING_DIR): 
>>> current directory content:
total 4229592
drwxr-xr-x 3 cms667 zh       4096 Sep  4 12:17 .SCRAM
-rw------- 1 cms667 zh    3842683 Sep  4 12:17 CMSSW.py.pkl
drwxr-xr-x 3 cms667 zh       4096 Sep  4 12:17 bin
drwxr-xr-x 3 cms667 zh       4096 Sep  4 12:17 cfipython
drwxr-xr-x 4 cms667 zh       4096 Sep  4 12:17 config
-rw------- 1 cms667 zh         18 Sep  4 13:18 cpu_timing.txt
drwxr-xr-x 2 cms667 zh       4096 Sep  4 12:17 doc
-rw------- 1 cms667 zh       9517 Sep  4 13:18 executable.out
drwxr-xr-x 2 cms667 zh       4096 Sep  4 12:17 include
drwx------ 3 cms667 zh       4096 Aug 26 18:31 lib
drwxr-xr-x 3 cms667 zh       4096 Sep  4 12:17 logs
drwxr-xr-x 3 cms667 zh       4096 Sep  4 12:17 objs
-rw------- 1 cms667 zh 4319000168 Sep  4 13:18 output_14_1_h4L.root
-rw------- 1 cms667 zh        104 Sep  4 12:18 pset.py
-rw------- 1 cms667 zh    3843524 Sep  4 12:18 pset.py.pkl
-rw------- 1 cms667 zh        289 Sep  4 12:18 pset.pyc
drwxr-xr-x 2 cms667 zh       4096 Sep  4 12:17 python
-rw------- 1 cms667 zh        440 Sep  4 13:18 report.log
drwx------ 5 cms667 zh       4096 Sep  4 12:17 src
drwxr-xr-x 3 cms667 zh       4096 Sep  4 12:17 test
drwxr-xr-x 3 cms667 zh       4096 Sep  4 12:17 tmp
>>> current directory (RUNTIME_AREA):  /home/grid/cms667/home_cream_116812011/CREAM116812011
SE = srm-cms.cern.ch
SE_PATH = /srm/managerv2?SFN=/castor/cern.ch/user/m/marfin//53xRelVal2011Redigi/
LFNBaseName = /53xRelVal2011Redigi/marfin/RelValTTbar/53xRelVal2011Redigi/844a175eacc74cc51be2e7d71ca2539e/
USER = marfin
endpoint = srm://srm-cms.cern.ch:8443/srm/managerv2?SFN=/castor/cern.ch/user/m/marfin//53xRelVal2011Redigi/marfin/RelValTTbar/53xRelVal2011Redigi/844a175eacc74cc51be2e7d71ca2539e/
>>> Copy output files from WN = lxbsu2204.cern.ch to /srm/managerv2?SFN=/castor/cern.ch/user/m/marfin//53xRelVal2011Redigi/ :
python cmscp.py  --destination srm://srm-cms.cern.ch:8443/srm/managerv2?SFN=/castor/cern.ch/user/m/marfin//53xRelVal2011Redigi/marfin/RelValTTbar/53xRelVal2011Redigi/844a175eacc74cc51be2e7d71ca2539e/ --inputFileList /home/grid/cms667/home_cream_116812011/CREAM116812011/CMSSW_5_3_11_patch6/output_14_1_h4L.root --middleware LCG --se_name srm-cms.cern.ch --for_lfn /53xRelVal2011Redigi/marfin/RelValTTbar/53xRelVal2011Redigi/844a175eacc74cc51be2e7d71ca2539e/    
******************************************************
localSeName  =  srm-eoscms.cern.ch
remoteSeName =  srm-cms.cern.ch
******************************************************
{"/home/grid/cms667/home_cream_116812011/CREAM116812011/CMSSW_5_3_11_patch6/output_14_1_h4L.root": {"endpoint": "srm://srm-cms.cern.ch:8443/srm/managerv2?SFN=/castor/cern.ch/user/m/marfin//53xRelVal2011Redigi/marfin/RelValTTbar/53xRelVal2011Redigi/844a175eacc74cc51be2e7d71ca2539e/", "surl_for_grid": "", "reason": "Problem copying /home/grid/cms667/home_cream_116812011/CREAM116812011/CMSSW_5_3_11_patch6/output_14_1_h4L.root file'Error copying [/home/grid/cms667/home_cream_116812011/CREAM116812011/CMSSW_5_3_11_patch6/output_14_1_h4L.root] to [output_14_1_h4L.root]'\nERROR: problems removing partially staged file output_14_1_h4L.root'Error deleting [output_14_1_h4L.root]'", "erCode": "60307", "se_name": "srm-cms.cern.ch", "for_lfn": "/copy_problem/"}}/home/grid/cms667/home_cream_116812011/CREAM116812011
-------- cat /home/grid/cms667/home_cream_116812011/CREAM116812011/cmscpReport.sh 
#!/bin/bash
echo "Report for File: /home/grid/cms667/home_cream_116812011/CREAM116812011/CMSSW_5_3_11_patch6/output_14_1_h4L.root"
echo "LFN: /copy_problem/output_14_1_h4L.root"
echo "StorageElement: srm-cms.cern.ch"
echo "StageOutExitStatusReason = 'Problem copying /home/grid/cms667/home_cream_116812011/CREAM116812011/CMSSW_5_3_11_patch6/output_14_1_h4L.root file Error copying [/home/grid/cms667/home_cream_116812011/CREAM116812011/CMSSW_5_3_11_patch6/output_14_1_h4L.root] to [output_14_1_h4L.root] 
ERROR: problems removing partially staged file output_14_1_h4L.root Error deleting [output_14_1_h4L.root] '" | tee -a $RUNTIME_AREA/$repo
echo "StageOutSE = srm-cms.cern.ch" >> $RUNTIME_AREA/$repo

export StageOutExitStatus=60307
echo "StageOutExitStatus = 60307" | tee -a $RUNTIME_AREA/$repo
-------- end of /home/grid/cms667/home_cream_116812011/CREAM116812011/cmscpReport.sh 
Report for File: /home/grid/cms667/home_cream_116812011/CREAM116812011/CMSSW_5_3_11_patch6/output_14_1_h4L.root
LFN: /copy_problem/output_14_1_h4L.root
StorageElement: srm-cms.cern.ch
StageOutExitStatusReason = 'Problem copying /home/grid/cms667/home_cream_116812011/CREAM116812011/CMSSW_5_3_11_patch6/output_14_1_h4L.root file Error copying [/home/grid/cms667/home_cream_116812011/CREAM116812011/CMSSW_5_3_11_patch6/output_14_1_h4L.root] to [output_14_1_h4L.root] 
ERROR: problems removing partially staged file output_14_1_h4L.root Error deleting [output_14_1_h4L.root] '
StageOutExitStatus = 60307
Problem copying file to srm-cms.cern.ch /srm/managerv2?SFN=/castor/cern.ch/user/m/marfin//53xRelVal2011Redigi/
########## contents of SE interaction
2013-09-04 13:18:30.643625:
Executed:	unset LD_LIBRARY_PATH; unset GLITE_ENV_SET; export PATH=/usr/bin:/bin; source /etc/profile; source /home/grid/cms667/home_cream_116812011/CREAM116812011/CacheEnv.sh ; lcg-ls -b -D srmv2 --srm-timeout 2400 --sendreceive-timeout 2400 --connect-timeout 300 --verbose srm://srm-cms.cern.ch:8443/srm/managerv2?SFN=/castor/cern.ch/user/m/marfin//53xRelVal2011Redigi/marfin/RelValTTbar/53xRelVal2011Redigi/844a175eacc74cc51be2e7d71ca2539e/output_14_1_h4L.root
Done with exit code:	1
and output:
SE type: SRMv2
/castor/cern.ch/user/m/marfin//53xRelVal2011Redigi/marfin/RelValTTbar/53xRelVal2011Redigi/844a175eacc74cc51be2e7d71ca2539e/output_14_1_h4L.root: [SE][Ls][SRM_INVALID_PATH] No such file or directory


2013-09-04 13:58:42.564597:
Executed:	unset LD_LIBRARY_PATH; unset GLITE_ENV_SET; export PATH=/usr/bin:/bin; source /etc/profile; source /home/grid/cms667/home_cream_116812011/CREAM116812011/CacheEnv.sh ;  lcg-cp  --verbose  --vo=cms  -b -D srmv2 --srm-timeout 2400 --sendreceive-timeout 2400 --connect-timeout 300 --verbose file:///home/grid/cms667/home_cream_116812011/CREAM116812011/CMSSW_5_3_11_patch6/output_14_1_h4L.root srm://srm-cms.cern.ch:8443/srm/managerv2?SFN=/castor/cern.ch/user/m/marfin//53xRelVal2011Redigi/marfin/RelValTTbar/53xRelVal2011Redigi/844a175eacc74cc51be2e7d71ca2539e/output_14_1_h4L.root
Done with exit code:	1
and output:
Using grid catalog type: UNKNOWN
Using grid catalog : (null)
VO name: cms
Checksum type: None
Destination SE type: SRMv2
Destination SRM Request Token: 151462061
Source URL: file:/home/grid/cms667/home_cream_116812011/CREAM116812011/CMSSW_5_3_11_patch6/output_14_1_h4L.root
File size: 4319000168
Source URL for copy: file:/home/grid/cms667/home_cream_116812011/CREAM116812011/CMSSW_5_3_11_patch6/output_14_1_h4L.root
Destination URL: gsiftp://lxfsrf07c04.cern.ch:20718/e2176762-bcee-687c-e043-6ea18a890621
# streams: 1
            0 bytes      0.00 KB/sec avg      0.00 KB/sec inst            0 bytes      0.00 KB/sec avg      0.00 KB/sec instfile:/home/grid/cms667/home_cream_116812011/CREAM116812011/CMSSW_5_3_11_patch6/output_14_1_h4L.root: zero number of replicas
lcg_cp: Invalid argument


2013-09-04 13:58:54.569196:
Executed:	unset LD_LIBRARY_PATH; unset GLITE_ENV_SET; export PATH=/usr/bin:/bin; source /etc/profile; source /home/grid/cms667/home_cream_116812011/CREAM116812011/CacheEnv.sh ; lcg-del  --verbose  --vo=cms  -b -D srmv2 --srm-timeout 2400 --sendreceive-timeout 2400 --connect-timeout 300 --verbose --nolfc srm://srm-cms.cern.ch:8443/srm/managerv2?SFN=/castor/cern.ch/user/m/marfin//53xRelVal2011Redigi/marfin/RelValTTbar/53xRelVal2011Redigi/844a175eacc74cc51be2e7d71ca2539e/output_14_1_h4L.root
Done with exit code:	1
and output:
VO name: cms
SE type: SRMv2
srm://srm-cms.cern.ch:8443/srm/managerv2?SFN=/castor/cern.ch/user/m/marfin//53xRelVal2011Redigi/marfin/RelValTTbar/53xRelVal2011Redigi/844a175eacc74cc51be2e7d71ca2539e/output_14_1_h4L.root: [SE][srmRm][SRM_INVALID_PATH] No such file or directory



#####################################
>>> current dir: /home/grid/cms667/home_cream_116812011/CREAM116812011
>>> current dir content:
total 6256
-rwx------  1 cms667 zh   13669 Sep  4 12:17 .BrokerInfo
-rw-------  1 cms667 zh    3023 Sep  4 13:58 .SEinteraction.log
-rwx------  1 cms667 zh       0 Sep  4 12:17 .tmp_file
-rw-------  1 cms667 zh     105 Sep  4 12:16 CMSSW.py
-rw-------  1 cms667 zh 3842683 Sep  4 12:16 CMSSW.py.pkl
-rwx------  1 cms667 zh   27957 Sep  4 12:17 CMSSW.sh
-rwx------  1 cms667 zh       0 Sep  4 12:17 CMSSW_14.stderr
-rwx---r--  1 cms667 zh   28004 Sep  4 14:00 CMSSW_14.stdout
drwxr-xr-x 15 cms667 zh    4096 Sep  4 13:18 CMSSW_5_3_11_patch6
-rw-------  1 cms667 zh     484 Sep  4 12:17 CacheEnv.sh
-rw-------  1 cms667 zh    7291 Jun  9  2010 DashboardAPI.py
-rw-------  1 cms667 zh    6493 Sep  4 12:17 DashboardAPI.pyc
drwx------  3 cms667 zh    4096 Aug 20 17:36 IMProv
-rw-------  1 cms667 zh    2748 Mar  8  2006 Logger.py
-rw-------  1 cms667 zh    3223 Sep  4 12:17 Logger.pyc
-rw-------  1 cms667 zh   24524 Mar 28  2008 ProcInfo.py
-rw-------  1 cms667 zh   22846 Sep  4 12:17 ProcInfo.pyc
drwx------  7 cms667 zh    4096 Sep  4 12:18 ProdCommon
drwx------  3 cms667 zh    4096 Sep  4 12:17 WMCore
-rw-------  1 cms667 zh    9105 Sep  4 13:18 Watchdog_14.log
-rw-------  1 cms667 zh   32895 Mar 28  2008 apmon.py
-rw-------  1 cms667 zh   28120 Sep  4 12:17 apmon.pyc
-rwx------  1 cms667 zh   10416 Sep  4 12:17 arguments.xml
-rwx------  1 cms667 zh   38507 Aug  6 23:12 cmscp.py
-rw-------  1 cms667 zh     798 Sep  4 14:00 cmscpReport.sh
-rw-------  1 cms667 zh     633 Sep  4 12:16 crab.cfg
-rwx------  1 cms667 zh    8610 Apr  2 15:44 crabWatchdog.sh
-rwx---r--  1 cms667 zh  781842 Sep  4 13:18 crab_fjr_14.xml
-rwx------  1 cms667 zh 1216220 Sep  4 12:17 default.tgz
-rwx------  1 cms667 zh    4488 May 12  2012 fillCrabFjr.py
-rw-------  1 cms667 zh     468 Sep  4 12:18 inputsReport.txt
-rw-------  1 cms667 zh     585 Sep  4 14:00 jobreport.txt
lrwxrwxrwx  1 cms667 zh      94 Sep  4 13:18 output.root -> /home/grid/cms667/home_cream_116812011/CREAM116812011/CMSSW_5_3_11_patch6/output_14_1_h4L.root
-rw-------  1 cms667 zh   17352 Jan 20  2012 parseCrabFjr.py
-rw-------  1 cms667 zh     265 Sep  4 12:17 report.log
-rwx--x--x  1 cms667 zh    1497 May 27  2009 report.py
-rw-------  1 cms667 zh     758 Sep  4 14:00 resultCopyFile
-rwx------  1 cms667 zh    8387 Mar 23  2011 writeCfg.py
>>> Modify Job Report:
CMSSW_VERSION = CMSSW_5_3_11_patch6
ProcessedDataset = 53xRelVal2011Redigi
/home/grid/cms667/home_cream_116812011/CREAM116812011/ProdCommon/FwkJobRep/ModifyJobReport.py fjr /home/grid/cms667/home_cream_116812011/CREAM116812011/crab_fjr_14.xml json /home/grid/cms667/home_cream_116812011/CREAM116812011/resultCopyFile n_job 14_1_h4L PrimaryDataset RelValTTbar  ApplicationFamily cmsRun ApplicationName cmsRun cmssw_version CMSSW_5_3_11_patch6 psethash 844a175eacc74cc51be2e7d71ca2539e UserProcessedDataset marfin-53xRelVal2011Redigi-844a175eacc74cc51be2e7d71ca2539e
inputDict =  {u'/home/grid/cms667/home_cream_116812011/CREAM116812011/CMSSW_5_3_11_patch6/output_14_1_h4L.root': {u'endpoint': u'srm://srm-cms.cern.ch:8443/srm/managerv2?SFN=/castor/cern.ch/user/m/marfin//53xRelVal2011Redigi/marfin/RelValTTbar/53xRelVal2011Redigi/844a175eacc74cc51be2e7d71ca2539e/', u'surl_for_grid': u'', u'reason': u"Problem copying /home/grid/cms667/home_cream_116812011/CREAM116812011/CMSSW_5_3_11_patch6/output_14_1_h4L.root file'Error copying [/home/grid/cms667/home_cream_116812011/CREAM116812011/CMSSW_5_3_11_patch6/output_14_1_h4L.root] to [output_14_1_h4L.root]'\nERROR: problems removing partially staged file output_14_1_h4L.root'Error deleting [output_14_1_h4L.root]'", u'erCode': u'60307', u'se_name': u'srm-cms.cern.ch', u'for_lfn': u'/copy_problem/'}}
diz_filter =  {u'output.root': u''}
UserProcessedDataset =  marfin-53xRelVal2011Redigi-844a175eacc74cc51be2e7d71ca2539e
file_name in inputDict =  /home/grid/cms667/home_cream_116812011/CREAM116812011/CMSSW_5_3_11_patch6/output_14_1_h4L.root
(size) os.stat(filename)[6] =  4319000168
checksum =  3239343219
filter =  
    file =  output_14_1_h4L.root
    newPfn =  srm://srm-cms.cern.ch:8443/srm/managerv2?SFN=/castor/cern.ch/user/m/marfin//53xRelVal2011Redigi/marfin/RelValTTbar/53xRelVal2011Redigi/844a175eacc74cc51be2e7d71ca2539e/output_14_1_h4L.root
    newLfn =  /copy_problem/output_14_1_h4L.root
>>> crab_fjr_*.xml  permission set to 0704
Checking output files:  
will tar file crab_fjr_14.xml in  out_files_14
will tar file CMSSW_14.stdout in  out_files_14
will tar file CMSSW_14.stderr in  out_files_14
WARNING: output file Watchdog_14.log.gz not found!
>>> padding time: Wrapper lasting more than 600 seconds. No sleep required.
STOPPING WATCHDOG. CrabWatchdog PID is 32048
********** LAST 50 LINES OF WATCHDOG LOG
 Sep 04 12:42:35 CEST	---	1916684	2344624	1431	----	----	----
 Sep 04 12:43:36 CEST	688	1917972	2371248	1431	1224	1542	cmsRun -j /home/grid/cms667/home_cream_116812011/CREAM116812011/crab_fjr_14.xml -p pset.py      
 Sep 04 12:43:36 CEST	---	1917972	2371248	1510	----	----	----
 Sep 04 12:44:38 CEST	688	1929600	2396336	1510	1282	1604	cmsRun -j /home/grid/cms667/home_cream_116812011/CREAM116812011/crab_fjr_14.xml -p pset.py      
 Sep 04 12:44:38 CEST	---	1929600	2396336	1594	----	----	----
 Sep 04 12:45:39 CEST	---	1929600	2396336	1683	----	----	----
 Sep 04 12:46:43 CEST	688	1931748	2399152	1683	1404	1728	cmsRun -j /home/grid/cms667/home_cream_116812011/CREAM116812011/crab_fjr_14.xml -p pset.py      
 Sep 04 12:46:43 CEST	---	1931748	2399152	1762	----	----	----
 Sep 04 12:47:44 CEST	---	1931748	2399152	1839	----	----	----
 Sep 04 12:48:46 CEST	---	1931748	2399152	1920	----	----	----
 Sep 04 12:49:48 CEST	---	1931748	2399152	1994	----	----	----
 Sep 04 12:50:49 CEST	---	1931748	2399152	2067	----	----	----
 Sep 04 12:51:50 CEST	---	1931748	2399152	2149	----	----	----
 Sep 04 12:52:52 CEST	688	1935620	2405040	2149	1765	2098	cmsRun -j /home/grid/cms667/home_cream_116812011/CREAM116812011/crab_fjr_14.xml -p pset.py      
 Sep 04 12:52:52 CEST	---	1935620	2405040	2233	----	----	----
 Sep 04 12:53:53 CEST	688	1941136	2422704	2233	1826	2159	cmsRun -j /home/grid/cms667/home_cream_116812011/CREAM116812011/crab_fjr_14.xml -p pset.py      
 Sep 04 12:53:53 CEST	---	1941136	2422704	2312	----	----	----
 Sep 04 12:54:55 CEST	688	1956572	2440368	2312	1886	2221	cmsRun -j /home/grid/cms667/home_cream_116812011/CREAM116812011/crab_fjr_14.xml -p pset.py      
 Sep 04 12:54:55 CEST	---	1956572	2440368	2392	----	----	----
 Sep 04 12:55:57 CEST	---	1956572	2440368	2484	----	----	----
# TIME			PID	RSS(KB)	VSZ(KB)	Dsk(MB)	tCPU(s)	tWALL(s)	COMMAND
 Sep 04 12:56:58 CEST	---	1956572	2440368	2560	----	----	----
 Sep 04 12:58:00 CEST	---	1956572	2440368	2646	----	----	----
 Sep 04 12:59:01 CEST	---	1956572	2440368	2715	----	----	----
 Sep 04 13:00:03 CEST	---	1956572	2440368	2793	----	----	----
 Sep 04 13:01:04 CEST	688	1967324	2440368	2793	2245	2590	cmsRun -j /home/grid/cms667/home_cream_116812011/CREAM116812011/crab_fjr_14.xml -p pset.py      
 Sep 04 13:01:04 CEST	---	1967324	2440368	2879	----	----	----
 Sep 04 13:02:06 CEST	---	1967324	2440368	2954	----	----	----
 Sep 04 13:03:07 CEST	---	1967324	2440368	3027	----	----	----
 Sep 04 13:04:09 CEST	---	1967324	2440368	3107	----	----	----
 Sep 04 13:05:10 CEST	---	1967324	2440368	3189	----	----	----
 Sep 04 13:06:11 CEST	688	1988668	2440368	3189	2546	2897	cmsRun -j /home/grid/cms667/home_cream_116812011/CREAM116812011/crab_fjr_14.xml -p pset.py      
 Sep 04 13:06:11 CEST	---	1988668	2440368	3261	----	----	----
 Sep 04 13:07:13 CEST	688	2027508	2477496	3261	2607	2959	cmsRun -j /home/grid/cms667/home_cream_116812011/CREAM116812011/crab_fjr_14.xml -p pset.py      
 Sep 04 13:07:13 CEST	---	2027508	2477496	3337	----	----	----
 Sep 04 13:08:14 CEST	688	2031168	2478008	3337	2668	3020	cmsRun -j /home/grid/cms667/home_cream_116812011/CREAM116812011/crab_fjr_14.xml -p pset.py      
 Sep 04 13:08:14 CEST	---	2031168	2478008	3417	----	----	----
 Sep 04 13:09:16 CEST	---	2031168	2478008	3493	----	----	----
 Sep 04 13:10:18 CEST	---	2031168	2478008	3574	----	----	----
 Sep 04 13:11:19 CEST	688	2037024	2483896	3574	2850	3205	cmsRun -j /home/grid/cms667/home_cream_116812011/CREAM116812011/crab_fjr_14.xml -p pset.py      
 Sep 04 13:11:19 CEST	---	2037024	2483896	3650	----	----	----
 Sep 04 13:12:21 CEST	---	2037024	2483896	3725	----	----	----
 Sep 04 13:13:22 CEST	688	2038832	2484664	3725	2970	3328	cmsRun -j /home/grid/cms667/home_cream_116812011/CREAM116812011/crab_fjr_14.xml -p pset.py      
 Sep 04 13:13:22 CEST	---	2038832	2484664	3803	----	----	----
 Sep 04 13:14:23 CEST	---	2038832	2484664	3880	----	----	----
 Sep 04 13:15:25 CEST	---	2038832	2484664	3958	----	----	----
 Sep 04 13:16:26 CEST	688	2046464	2489784	3958	3149	3512	cmsRun -j /home/grid/cms667/home_cream_116812011/CREAM116812011/crab_fjr_14.xml -p pset.py      
 Sep 04 13:16:26 CEST	---	2046464	2489784	4033	----	----	----
 Sep 04 13:17:28 CEST	---	2046464	2489784	4104	----	----	----
 Sep 04 13:18:30 CEST	---	2046464	2489784	4146	----	----	----
********** WATCHDOG LOG ENDED
ZIPPING WATCHDOG LOG
Disk space used:
du -sh /home/grid/cms667/home_cream_116812011/CREAM116812011
4.1G	/home/grid/cms667/home_cream_116812011/CREAM116812011
Found unusual stderr, rename for OSB
