This script was generated by crab (version 2.9.0).
Running ./CMSSW.sh with 2 positional parameters: 4 1
Today is Wed Sep  4 12:17:27 CEST 2013
Job submitted on host lxbsq2031.cern.ch
Linux lxbsq2031.cern.ch 2.6.18-308.24.1.el5 #1 SMP Wed Dec 5 09:45:59 CET 2012 x86_64 x86_64 x86_64 GNU/Linux
>>> current directory (RUNTIME_AREA): /home/grid/cms667/home_cream_390559723/CREAM390559723
>>> current user: uid=52545(cms667) gid=1399(zh) groups=1399(zh),1092422294 context=system_u:system_r:initrc_t
>>> directory permission set to 0700
>>> umask set to:  u=rwx,g=,o=
>>> stdout stderr permission set to 0704
>>> voms proxy information:
subject   : /C=DE/O=GermanGrid/OU=DESY/CN=Ihar Marfin/CN=proxy/CN=proxy/CN=proxy/CN=limited proxy
issuer    : /C=DE/O=GermanGrid/OU=DESY/CN=Ihar Marfin/CN=proxy/CN=proxy/CN=proxy
identity  : /C=DE/O=GermanGrid/OU=DESY/CN=Ihar Marfin/CN=proxy/CN=proxy/CN=proxy
type      : limited proxy
strength  : 1024 bits
path      : /home/grid/cms667/home_cream_390559723/cream_390559723.proxy
timeleft  : 187:42:26
key usage : 
=== VO cms extension information ===
VO        : cms
subject   : /C=DE/O=GermanGrid/OU=DESY/CN=Ihar Marfin
issuer    : /DC=ch/DC=cern/OU=computers/CN=lcg-voms.cern.ch
attribute : /cms/Role=NULL/Capability=NULL
attribute : /cms/dcms/Role=NULL/Capability=NULL
timeleft  : 187:44:01
uri       : lcg-voms.cern.ch:15002
>>> tar --no-same-permissions -xf /home/grid/cms667/home_cream_390559723/CREAM390559723/default.tgz :
Successful untar
>>> Include /home/grid/cms667/home_cream_390559723/CREAM390559723 in PYTHONPATH:
strip arguments
env var CRAB_UNIQUE_JOB_ID set to: marfin_crab_0_130904_121619_65f3cv_4_1_WPo
out_files_4
>>> list of expected files on output sandbox
output files: crab_fjr_4.xml CMSSW_4.stdout CMSSW_4.stderr Watchdog_4.log.gz
>>> GridFlavour discovery: 
GridFlavour=LCG
>>> SyncSite discovery: 
not reporting SyncSite
>>> SyncCE discovery: 
getting SyncCE from CE_ID
SyncCE=ce202.cern.ch:8443/cream-lsf-grid_cms
>>> info for dashboard:
***** Cat /home/grid/cms667/home_cream_390559723/CREAM390559723/jobreport.txt *****
MonitorJobID=4_https://wms317.cern.ch:9000/ktbHdiDPtD-tUyRDuSWeAQ
SyncGridJobId=https://wms317.cern.ch:9000/ktbHdiDPtD-tUyRDuSWeAQ
MonitorID=marfin_crab_0_130904_121619_65f3cv
GridFlavour=LCG
SyncCE=ce202.cern.ch:8443/cream-lsf-grid_cms
***** End Cat jobreport *****
Parameters sent to Dashboard.
>>> setup environment
set SCRAM ARCH to slc5_amd64_gcc462
SCRAM_ARCH = slc5_amd64_gcc462
>>> setup CMS LCG environment:
set SCRAM ARCH and BUILD_ARCH to slc5_amd64_gcc462 ###
Sourcing environment... 
sourcing /afs/cern.ch/project/gd/apps/cms/cmsset_default.sh
==> setup cms environment ok
>>> specific cmssw setup environment:
CMSSW_VERSION =  CMSSW_5_3_11_patch6
>>> current directory (SOFTWARE_DIR): /home/grid/cms667/home_cream_390559723/CREAM390559723/CMSSW_5_3_11_patch6
PreserveSeeds: <>
IncrementSeeds:<>
{"output.root": ""}
WNHostName=lxbsq2031.cern.ch
>>> info for dashboard:
***** Cat /home/grid/cms667/home_cream_390559723/CREAM390559723/jobreport.txt *****
MonitorJobID=4_https://wms317.cern.ch:9000/ktbHdiDPtD-tUyRDuSWeAQ
MonitorID=marfin_crab_0_130904_121619_65f3cv
WNHostName=lxbsq2031.cern.ch
***** End Cat jobreport *****
Parameters sent to Dashboard.
crabWatchdog started as process 25730
>>> moving CMSSW software directories in /home/grid/cms667/home_cream_390559723/CREAM390559723/CMSSW_5_3_11_patch6
mv: cannot stat `/home/grid/cms667/home_cream_390559723/CREAM390559723/module/': No such file or directory
>>> Include /home/grid/cms667/home_cream_390559723/CREAM390559723 in PYTHONPATH:
PYTHONPATH=/home/grid/cms667/home_cream_390559723/CREAM390559723/:/pool/grid/cms667/home_cream_390559723/CREAM390559723/CMSSW_5_3_11_patch6/python:/pool/grid/cms667/home_cream_390559723/CREAM390559723/CMSSW_5_3_11_patch6/lib/slc5_amd64_gcc462:/afs/cern.ch/cms/slc5_amd64_gcc462/cms/cmssw-patch/CMSSW_5_3_11_patch6/python:/afs/cern.ch/cms/slc5_amd64_gcc462/cms/cmssw-patch/CMSSW_5_3_11_patch6/lib/slc5_amd64_gcc462:/afs/cern.ch/cms/slc5_amd64_gcc462/cms/cmssw/CMSSW_5_3_11/bin/slc5_amd64_gcc462:/afs/cern.ch/cms/slc5_amd64_gcc462/cms/cmssw/CMSSW_5_3_11/lib/slc5_amd64_gcc462:/afs/cern.ch/cms/slc5_amd64_gcc462/cms/coral/CORAL_2_3_21-cms35/slc5_amd64_gcc462/python:/afs/cern.ch/cms/slc5_amd64_gcc462/cms/coral/CORAL_2_3_21-cms35/slc5_amd64_gcc462/lib:/afs/cern.ch/cms/slc5_amd64_gcc462/external/pyqt/4.8.1/lib/python2.6/site-packages:/afs/cern.ch/cms/slc5_amd64_gcc462/external/py2-scipy/0.8.0/lib/python2.6/site-packages:/afs/cern.ch/cms/slc5_amd64_gcc462/external/py2-matplotlib/1.0.1/lib/python2.6/site-packages:/afs/cern.ch/cms/slc5_amd64_gcc462/external/python-ldap/2.3.5/lib/python2.6/site-packages:/afs/cern.ch/cms/slc5_amd64_gcc462/external/sip/4.11.2/lib/python2.6/site-packages:/afs/cern.ch/cms/slc5_amd64_gcc462/external/py2-pycurl/7.19.0/lib/python2.6/site-packages:/afs/cern.ch/cms/slc5_amd64_gcc462/external/py2-numpy/1.6.1/lib/python2.6/site-packages:/afs/cern.ch/cms/slc5_amd64_gcc462/external/py2-ipython/0.10/lib/python2.6/site-packages:/afs/cern.ch/cms/slc5_amd64_gcc462/external/py2-cx-oracle/5.1-cms11/lib/python2.6/site-packages:/afs/cern.ch/cms/slc5_amd64_gcc462/external/py2-cjson/1.0.5/lib/python2.6/site-packages:/afs/cern.ch/cms/slc5_amd64_gcc462/cms/das-client/1.9.5/bin:/afs/cern.ch/cms/slc5_amd64_gcc462/external/elementtree/1.2.6/share/lib/python2.6/site-packages:/afs/cern.ch/cms/slc5_amd64_gcc462/external/rivet/1.8.2/lib/python2.6/site-packages:/afs/cern.ch/cms/slc5_amd64_gcc462/external/pyminuit2/0.0.1-cms39/lib/python2.6/site-packages:/afs/cern.ch/cms/slc5_amd64_gcc462/external/professor/1.0.0-cms40/lib/python2.6/site-packages:/afs/cern.ch/cms/slc5_amd64_gcc462/lcg/root/5.32.00-cms21/lib:/afs/cern.ch/cms/slc5_amd64_gcc462/cms/dbs-client/DBS_2_1_9-cms3/lib:/afs/cern.ch/cms/slc5_amd64_gcc462/cms/dbs-client/DBS_2_1_9-cms3/lib/DBSAPI:/afs/cern.ch/cms/slc5_amd64_gcc462/external/cvs2git/5419/lib:/home/grid/cms667/home_cream_390559723/CREAM390559723/
 
# LIMITS USED BY CRAB WATCHDOG:
# RSS  (KBytes)   : 2300000
# VSZ  (KBytes)   : 100000000
# DISK (MBytes)   : 19000
# CPU TIME        : 720h:0m:0s
# WALL CLOCK TIME : 21h:50m:0s
 
844a175eacc74cc51be2e7d71ca2539e
PSETHASH = 844a175eacc74cc51be2e7d71ca2539e
/home/grid/cms667/home_cream_390559723/CREAM390559723/writeCfg.py pset.py pset.py
Importing .py file
Setting parameters
RandomNumberGeneratorService found, will attempt to change seeds
inputBlocks=/RelValTTbar/CMSSW_5_3_11_patch3-PU_START53_LV2_09Jul2013-v1/GEN-SIM-DIGI-RAW-HLTDEBUG#bc03e9fc-e90e-11e2-95e5-00221959e7c0
inputFiles=/store/relval/CMSSW_5_3_11_patch3/RelValTTbar/GEN-SIM-DIGI-RAW-HLTDEBUG/PU_START53_LV2_09Jul2013-v1/00000/9650F4D0-08E9-E211-9421-00261894388B.root;/store/relval/CMSSW_5_3_11_patch3/RelValTTbar/GEN-SIM-DIGI-RAW-HLTDEBUG/PU_START53_LV2_09Jul2013-v1/00000/EA64FDAF-08E9-E211-BC4B-003048678C62.root
parentFiles=
lumisRange=
>>> Executable cmsRun
/afs/cern.ch/cms/slc5_amd64_gcc462/cms/cmssw-patch/CMSSW_5_3_11_patch6/bin/slc5_amd64_gcc462/cmsRun
ok executable found
>>> info for dashboard:
***** Cat /home/grid/cms667/home_cream_390559723/CREAM390559723/jobreport.txt *****
MonitorJobID=4_https://wms317.cern.ch:9000/ktbHdiDPtD-tUyRDuSWeAQ
MonitorID=marfin_crab_0_130904_121619_65f3cv
ExeStart=cmsRun
***** End Cat jobreport *****
Parameters sent to Dashboard.
>>> cmsRun started at Wed Sep  4 10:17:58 UTC 2013
>>> cmsRun ended at Wed Sep  4 11:06:29 UTC 2013
>>> crab_fjr_*.xml  permission set to 0704
>>> info for dashboard:
***** Cat /home/grid/cms667/home_cream_390559723/CREAM390559723/jobreport.txt *****
MonitorJobID=4_https://wms317.cern.ch:9000/ktbHdiDPtD-tUyRDuSWeAQ
MonitorID=marfin_crab_0_130904_121619_65f3cv
ExeEnd=cmsRun
***** End Cat jobreport *****
Parameters sent to Dashboard.
TIME_EXE = 2911 sec
>>> cmsRun wrote 130 lines of stdout+stderr
>>> START OF printout of 130 lines from stdout+stderr
04-Sep-2013 12:18:41 CEST  Initiating request to open file root://eoscms//eos/cms/store/relval/CMSSW_5_3_11_patch3/RelValTTbar/GEN-SIM-DIGI-RAW-HLTDEBUG/PU_START53_LV2_09Jul2013-v1/00000/9650F4D0-08E9-E211-9421-00261894388B.root?svcClass=default
130904 12:18:41 25916 Xrd: GoToAnotherServer: Going to: lxfsrg19a05.cern.ch:1095
04-Sep-2013 12:18:44 CEST  Successfully opened file root://eoscms//eos/cms/store/relval/CMSSW_5_3_11_patch3/RelValTTbar/GEN-SIM-DIGI-RAW-HLTDEBUG/PU_START53_LV2_09Jul2013-v1/00000/9650F4D0-08E9-E211-9421-00261894388B.root?svcClass=default
%MSG-w SiStripQuality:  EventSetupRecordDataGetter:hltGetConditions@beginRun  04-Sep-2013 12:19:38 CEST Run: 1
The cabling should always include the active feds in runInfo and possibly have some morethere are instead 59 feds only active in runInfo
%MSG
Begin processing the 1st record. Run 1, Event 74, LumiSection 2 at 04-Sep-2013 12:19:57.784 CEST
DTTSPhi::addTracoT: preview not present in TRACO trigger or its code=0  trigger not added!
DTTSPhi::addTracoT: preview not present in TRACO trigger or its code=0  trigger not added!
%MSG-w BasicTrajectoryState:  TrackProducer:hltCtf3HitL1IsoWithMaterialTracks  04-Sep-2013 12:27:46 CEST Run: 1 Event: 353
curv error not pos-def
[  4.85139e+07     225.038-1.61429e+06     214.983    -22.2608
       225.038   0.0055993     -7.4881 0.000902441   0.0264304
  -1.61429e+06     -7.4881       53715    -7.16434    0.740621
       214.983 0.000902441    -7.16434  -0.0618383-0.000623902
      -22.2608   0.0264304    0.740621-0.000623902    0.154559 ]
%MSG
%MSG-w BasicTrajectoryState:  TrackProducer:hltCtf3HitL1IsoWithMaterialTracks  04-Sep-2013 12:27:46 CEST Run: 1 Event: 353
local error not pos-def
[  4.85139e+07 1.61993e+06     9991.17     215.358     23.6746
   1.61993e+06     54091.5     333.617     7.20195    0.790508
       9991.17     333.617     2.06229   0.0443213   -0.022122
       215.358     7.20195   0.0443213  -0.0620545 0.000254478
       23.6746    0.790508   -0.022122 0.000254478    0.156176 ]
%MSG
DTTSPhi::addTracoT: preview not present in TRACO trigger or its code=0  trigger not added!
Begin processing the 101st record. Run 1, Event 374, LumiSection 8 at 04-Sep-2013 12:29:43.115 CEST
DTTSPhi::addTracoT: preview not present in TRACO trigger or its code=0  trigger not added!
DTTSPhi::addTracoT: preview not present in TRACO trigger or its code=0  trigger not added!
DTTSPhi::addTracoT: preview not present in TRACO trigger or its code=0  trigger not added!
130904 12:39:11 25916 Xrd: XrdClientMessage::ReadRaw: Failed to read header (8 bytes).
Begin processing the 201st record. Run 1, Event 524, LumiSection 11 at 04-Sep-2013 12:39:29.369 CEST
DTTSPhi::addTracoT: preview not present in TRACO trigger or its code=0  trigger not added!
DTTSPhi::addTracoT: preview not present in TRACO trigger or its code=0  trigger not added!
DTTSPhi::addTracoT: preview not present in TRACO trigger or its code=0  trigger not added!
DTTSPhi::addTracoT: preview not present in TRACO trigger or its code=0  trigger not added!
DTTSPhi::addTracoT: preview not present in TRACO trigger or its code=0  trigger not added!
%MSG-w BasicTrajectoryState:   ElectronSeedProducer:hltActivityStartUpElectronPixelSeeds  04-Sep-2013 12:42:12 CEST Run: 1 Event: 603
local error not pos-def
[            1           0           0           0           0
             0-1.36625e-16-3.86935e-16 1.05715e-10-9.55252e-09
             0-3.86935e-16 4.49616e-14-9.55137e-09 1.12366e-06
             0 1.05715e-10-9.55137e-09  0.00689465   -0.239059
             0-9.55252e-09 1.12366e-06   -0.239059     28.1219 ]
%MSG
%MSG-w BasicTrajectoryState:   ElectronSeedProducer:hltActivityStartUpElectronPixelSeeds  04-Sep-2013 12:42:12 CEST Run: 1 Event: 603
curv error not pos-def
[            1           0           0           0           0
             0 4.49636e-14-7.70214e-11 -6.1537e-09 1.12371e-06
             0-7.70214e-11-1.30926e-05 1.78973e-05 -0.00189201
             0 -6.1537e-09 1.78973e-05  0.00570596   -0.154039
             0 1.12371e-06 -0.00189201   -0.154039     28.1231 ]
%MSG
DTTSPhi::addTracoT: preview not present in TRACO trigger or its code=0  trigger not added!
DTTSPhi::addTracoT: preview not present in TRACO trigger or its code=0  trigger not added!
DTTSPhi::addTracoT: preview not present in TRACO trigger or its code=0  trigger not added!
DTTSPhi::addTracoT: preview not present in TRACO trigger or its code=0  trigger not added!
Begin processing the 301st record. Run 1, Event 674, LumiSection 14 at 04-Sep-2013 12:48:50.171 CEST
04-Sep-2013 12:51:27 CEST  Closed file root://eoscms//eos/cms/store/relval/CMSSW_5_3_11_patch3/RelValTTbar/GEN-SIM-DIGI-RAW-HLTDEBUG/PU_START53_LV2_09Jul2013-v1/00000/9650F4D0-08E9-E211-9421-00261894388B.root?svcClass=default
04-Sep-2013 12:51:27 CEST  Initiating request to open file root://eoscms//eos/cms/store/relval/CMSSW_5_3_11_patch3/RelValTTbar/GEN-SIM-DIGI-RAW-HLTDEBUG/PU_START53_LV2_09Jul2013-v1/00000/EA64FDAF-08E9-E211-BC4B-003048678C62.root?svcClass=default
130904 12:51:27 001 Xrd: CheckErrorStatus: Server [eoscms] declared: session not found(error code: 3011)
130904 12:51:27 25916 Xrd: GoToAnotherServer: Going to: lxfsra22a04.cern.ch:1095
04-Sep-2013 12:51:27 CEST  Successfully opened file root://eoscms//eos/cms/store/relval/CMSSW_5_3_11_patch3/RelValTTbar/GEN-SIM-DIGI-RAW-HLTDEBUG/PU_START53_LV2_09Jul2013-v1/00000/EA64FDAF-08E9-E211-BC4B-003048678C62.root?svcClass=default
DTTSPhi::addTracoT: preview not present in TRACO trigger or its code=0  trigger not added!
DTTSPhi::addTracoT: preview not present in TRACO trigger or its code=0  trigger not added!
130904 12:56:42 25916 Xrd: XrdClientMessage::ReadRaw: Failed to read header (8 bytes).
%MSG-w BasicTrajectoryState:   TrackProducer:hltBLifetimeRegionalCtfWithMaterialTracksRAzr  04-Sep-2013 12:58:05 CEST Run: 1 Event: 7467
curv error not pos-def
[   2.6611e+07     1326.33 -1.2745e+06    -368.708     48.6008
       1326.33   0.0675407    -63.5231  -0.0190298   0.0144521
   -1.2745e+06    -63.5231     61040.8     17.6457    -2.32856
      -368.708  -0.0190298     17.6457  -0.0770931 -0.00580536
       48.6008   0.0144521    -2.32856 -0.00580536    0.100957 ]
%MSG
%MSG-w BasicTrajectoryState:   TrackProducer:hltBLifetimeRegionalCtfWithMaterialTracksRAzr  04-Sep-2013 12:58:05 CEST Run: 1 Event: 7467
local error not pos-def
[   2.6611e+07 1.27567e+06       31703     368.875    -55.0642
   1.27567e+06     61152.7     1519.77     17.6699    -2.64101
         31703     1519.77     37.7738    0.437943  -0.0369878
       368.875     17.6699    0.437943  -0.0771634 -0.00981786
      -55.0642    -2.64101  -0.0369878 -0.00981786    0.179648 ]
%MSG
%MSG-w BasicTrajectoryState:   TrackProducer:hltBLifetimeRegionalCtfWithMaterialTracksGammaB  04-Sep-2013 12:58:06 CEST Run: 1 Event: 7467
curv error not pos-def
[   2.6611e+07     1326.33 -1.2745e+06    -368.708     48.6008
       1326.33   0.0675407    -63.5231  -0.0190298   0.0144521
   -1.2745e+06    -63.5231     61040.8     17.6457    -2.32856
      -368.708  -0.0190298     17.6457  -0.0770931 -0.00580536
       48.6008   0.0144521    -2.32856 -0.00580536    0.100957 ]
%MSG
%MSG-w BasicTrajectoryState:   TrackProducer:hltBLifetimeRegionalCtfWithMaterialTracksGammaB  04-Sep-2013 12:58:06 CEST Run: 1 Event: 7467
local error not pos-def
[   2.6611e+07 1.27567e+06       31703     368.875    -55.0642
   1.27567e+06     61152.7     1519.77     17.6699    -2.64101
         31703     1519.77     37.7738    0.437943  -0.0369878
       368.875     17.6699    0.437943  -0.0771634 -0.00981786
      -55.0642    -2.64101  -0.0369878 -0.00981786    0.179648 ]
%MSG
DTTSPhi::addTracoT: preview not present in TRACO trigger or its code=0  trigger not added!
Begin processing the 401st record. Run 1, Event 7474, LumiSection 150 at 04-Sep-2013 12:58:43.819 CEST
04-Sep-2013 13:06:11 CEST  Closed file root://eoscms//eos/cms/store/relval/CMSSW_5_3_11_patch3/RelValTTbar/GEN-SIM-DIGI-RAW-HLTDEBUG/PU_START53_LV2_09Jul2013-v1/00000/EA64FDAF-08E9-E211-BC4B-003048678C62.root?svcClass=default

=============================================

MessageLogger Summary

 type     category        sev    module        subroutine        count    total
 ---- -------------------- -- ---------------- ----------------  -----    -----
    1 BasicTrajectoryState -w ElectronSeedProd                       2        2
    2 BasicTrajectoryState -w TrackProducer:hl                       2        2
    3 BasicTrajectoryState -w TrackProducer:hl                       2        2
    4 BasicTrajectoryState -w TrackProducer:hl                       2        2
    5 SiStripQuality       -w EventSetupRecord                       1        1
    6 fileAction           -s file_close                             2        2
    7 fileAction           -s file_open                              4        4

 type    category    Examples: run/evt        run/evt          run/evt
 ---- -------------------- ---------------- ---------------- ----------------
    1 BasicTrajectoryState 1/603            1/603            
    2 BasicTrajectoryState 1/7467           1/7467           
    3 BasicTrajectoryState 1/7467           1/7467           
    4 BasicTrajectoryState 1/353            1/353            
    5 SiStripQuality       Run: 1                            
    6 fileAction           PostProcessEvent PostEndRun       
    7 fileAction           pre-events       pre-events       PostProcessEvent

Severity    # Occurrences   Total Occurrences
--------    -------------   -----------------
Warning                 9                   9
System                  6                   6
>>> END OF printout of 130 lines from stdout+stderr
>>> Parse FrameworkJobReport crab_fjr.xml
Result of parsing the FrameworkJobReport crab_fjr.xml: Popularity start
lumisRange : 1::2-3,8-9,11,13-14::1;1::145,150-151::2;
lumisParentRange : 
Basename : /store/relval/CMSSW_5_3_11_patch3/RelValTTbar/GEN-SIM-DIGI-RAW-HLTDEBUG/PU_START53_LV2_09Jul2013-v1/00000/
BasenameParent : 
parentFiles : 
inputBlocks : /RelValTTbar/CMSSW_5_3_11_patch3-PU_START53_LV2_09Jul2013-v1/GEN-SIM-DIGI-RAW-HLTDEBUG#bc03e9fc-e90e-11e2-95e5-00221959e7c0
inputFiles : 9650F4D0-08E9-E211-9421-00261894388B.root::1::EDM::Local::1;EA64FDAF-08E9-E211-BC4B-003048678C62.root::1::EDM::Local::2;
Popularity stop
Extracted ExitStatus from FrameworkJobReport parsing output: 0
>>> Executable succeded  0
ExeExitCode=0
EXECUTABLE_EXIT_STATUS = 0
>>> current directory /home/grid/cms667/home_cream_390559723/CREAM390559723/CMSSW_5_3_11_patch6
>>>  (SOFTWARE_DIR): /home/grid/cms667/home_cream_390559723/CREAM390559723/CMSSW_5_3_11_patch6
>>> (WORKING_DIR): 
>>> current directory content:
total 4213848
drwxr-xr-x 3 cms667 zh       4096 Sep  4 12:17 .SCRAM
-rw------- 1 cms667 zh    3842683 Sep  4 12:17 CMSSW.py.pkl
drwxr-xr-x 3 cms667 zh       4096 Sep  4 12:17 bin
drwxr-xr-x 3 cms667 zh       4096 Sep  4 12:17 cfipython
drwxr-xr-x 4 cms667 zh       4096 Sep  4 12:17 config
-rw------- 1 cms667 zh         18 Sep  4 13:06 cpu_timing.txt
drwxr-xr-x 2 cms667 zh       4096 Sep  4 12:17 doc
-rw------- 1 cms667 zh       9662 Sep  4 13:06 executable.out
drwxr-xr-x 2 cms667 zh       4096 Sep  4 12:17 include
drwx------ 3 cms667 zh       4096 Aug 26 18:31 lib
drwxr-xr-x 3 cms667 zh       4096 Sep  4 12:17 logs
drwxr-xr-x 3 cms667 zh       4096 Sep  4 12:17 objs
-rw------- 1 cms667 zh 4302896032 Sep  4 13:06 output.root
-rw------- 1 cms667 zh        104 Sep  4 12:17 pset.py
-rw------- 1 cms667 zh    3843523 Sep  4 12:17 pset.py.pkl
-rw------- 1 cms667 zh        289 Sep  4 12:17 pset.pyc
drwxr-xr-x 2 cms667 zh       4096 Sep  4 12:17 python
-rw------- 1 cms667 zh        437 Sep  4 13:06 report.log
drwx------ 5 cms667 zh       4096 Sep  4 12:17 src
drwxr-xr-x 3 cms667 zh       4096 Sep  4 12:17 test
drwxr-xr-x 3 cms667 zh       4096 Sep  4 12:17 tmp
>>> current directory /home/grid/cms667/home_cream_390559723/CREAM390559723/CMSSW_5_3_11_patch6
>>> (SOFTWARE_DIR): /home/grid/cms667/home_cream_390559723/CREAM390559723/CMSSW_5_3_11_patch6
>>> (WORKING_DIR): 
>>> current directory content:
total 4213848
drwxr-xr-x 3 cms667 zh       4096 Sep  4 12:17 .SCRAM
-rw------- 1 cms667 zh    3842683 Sep  4 12:17 CMSSW.py.pkl
drwxr-xr-x 3 cms667 zh       4096 Sep  4 12:17 bin
drwxr-xr-x 3 cms667 zh       4096 Sep  4 12:17 cfipython
drwxr-xr-x 4 cms667 zh       4096 Sep  4 12:17 config
-rw------- 1 cms667 zh         18 Sep  4 13:06 cpu_timing.txt
drwxr-xr-x 2 cms667 zh       4096 Sep  4 12:17 doc
-rw------- 1 cms667 zh       9662 Sep  4 13:06 executable.out
drwxr-xr-x 2 cms667 zh       4096 Sep  4 12:17 include
drwx------ 3 cms667 zh       4096 Aug 26 18:31 lib
drwxr-xr-x 3 cms667 zh       4096 Sep  4 12:17 logs
drwxr-xr-x 3 cms667 zh       4096 Sep  4 12:17 objs
-rw------- 1 cms667 zh 4302896032 Sep  4 13:06 output_4_1_WPo.root
-rw------- 1 cms667 zh        104 Sep  4 12:17 pset.py
-rw------- 1 cms667 zh    3843523 Sep  4 12:17 pset.py.pkl
-rw------- 1 cms667 zh        289 Sep  4 12:17 pset.pyc
drwxr-xr-x 2 cms667 zh       4096 Sep  4 12:17 python
-rw------- 1 cms667 zh        437 Sep  4 13:06 report.log
drwx------ 5 cms667 zh       4096 Sep  4 12:17 src
drwxr-xr-x 3 cms667 zh       4096 Sep  4 12:17 test
drwxr-xr-x 3 cms667 zh       4096 Sep  4 12:17 tmp
>>> current directory (RUNTIME_AREA):  /home/grid/cms667/home_cream_390559723/CREAM390559723
SE = srm-cms.cern.ch
SE_PATH = /srm/managerv2?SFN=/castor/cern.ch/user/m/marfin//53xRelVal2011Redigi/
LFNBaseName = /53xRelVal2011Redigi/marfin/RelValTTbar/53xRelVal2011Redigi/844a175eacc74cc51be2e7d71ca2539e/
USER = marfin
endpoint = srm://srm-cms.cern.ch:8443/srm/managerv2?SFN=/castor/cern.ch/user/m/marfin//53xRelVal2011Redigi/marfin/RelValTTbar/53xRelVal2011Redigi/844a175eacc74cc51be2e7d71ca2539e/
>>> Copy output files from WN = lxbsq2031.cern.ch to /srm/managerv2?SFN=/castor/cern.ch/user/m/marfin//53xRelVal2011Redigi/ :
python cmscp.py  --destination srm://srm-cms.cern.ch:8443/srm/managerv2?SFN=/castor/cern.ch/user/m/marfin//53xRelVal2011Redigi/marfin/RelValTTbar/53xRelVal2011Redigi/844a175eacc74cc51be2e7d71ca2539e/ --inputFileList /home/grid/cms667/home_cream_390559723/CREAM390559723/CMSSW_5_3_11_patch6/output_4_1_WPo.root --middleware LCG --se_name srm-cms.cern.ch --for_lfn /53xRelVal2011Redigi/marfin/RelValTTbar/53xRelVal2011Redigi/844a175eacc74cc51be2e7d71ca2539e/    
******************************************************
localSeName  =  srm-eoscms.cern.ch
remoteSeName =  srm-cms.cern.ch
******************************************************
{"/home/grid/cms667/home_cream_390559723/CREAM390559723/CMSSW_5_3_11_patch6/output_4_1_WPo.root": {"endpoint": "srm://srm-cms.cern.ch:8443/srm/managerv2?SFN=/castor/cern.ch/user/m/marfin//53xRelVal2011Redigi/marfin/RelValTTbar/53xRelVal2011Redigi/844a175eacc74cc51be2e7d71ca2539e/", "surl_for_grid": "", "reason": "Copy succedeed with srm-lcg utils", "erCode": "0", "se_name": "srm-cms.cern.ch", "for_lfn": "/53xRelVal2011Redigi/marfin/RelValTTbar/53xRelVal2011Redigi/844a175eacc74cc51be2e7d71ca2539e/"}}/home/grid/cms667/home_cream_390559723/CREAM390559723
-------- cat /home/grid/cms667/home_cream_390559723/CREAM390559723/cmscpReport.sh 
#!/bin/bash
echo "Report for File: /home/grid/cms667/home_cream_390559723/CREAM390559723/CMSSW_5_3_11_patch6/output_4_1_WPo.root"
echo "LFN: /53xRelVal2011Redigi/marfin/RelValTTbar/53xRelVal2011Redigi/844a175eacc74cc51be2e7d71ca2539e/output_4_1_WPo.root"
echo "StorageElement: srm-cms.cern.ch"
echo "StageOutExitStatusReason = 'Copy succedeed with srm-lcg utils'" | tee -a $RUNTIME_AREA/$repo
echo "StageOutSE = srm-cms.cern.ch" >> $RUNTIME_AREA/$repo

export StageOutExitStatus=0
echo "StageOutExitStatus = 0" | tee -a $RUNTIME_AREA/$repo
-------- end of /home/grid/cms667/home_cream_390559723/CREAM390559723/cmscpReport.sh 
Report for File: /home/grid/cms667/home_cream_390559723/CREAM390559723/CMSSW_5_3_11_patch6/output_4_1_WPo.root
LFN: /53xRelVal2011Redigi/marfin/RelValTTbar/53xRelVal2011Redigi/844a175eacc74cc51be2e7d71ca2539e/output_4_1_WPo.root
StorageElement: srm-cms.cern.ch
StageOutExitStatusReason = 'Copy succedeed with srm-lcg utils'
StageOutExitStatus = 0
>>> current dir: /home/grid/cms667/home_cream_390559723/CREAM390559723
>>> current dir content:
total 6252
-rwx------  1 cms667 zh   13669 Sep  4 12:17 .BrokerInfo
-rw-------  1 cms667 zh    5963 Sep  4 13:48 .SEinteraction.log
-rwx------  1 cms667 zh       0 Sep  4 12:17 .tmp_file
-rw-------  1 cms667 zh     105 Sep  4 12:16 CMSSW.py
-rw-------  1 cms667 zh 3842683 Sep  4 12:16 CMSSW.py.pkl
-rwx------  1 cms667 zh   27957 Sep  4 12:17 CMSSW.sh
-rwx------  1 cms667 zh       0 Sep  4 12:17 CMSSW_4.stderr
-rwx---r--  1 cms667 zh   24159 Sep  4 13:48 CMSSW_4.stdout
drwxr-xr-x 15 cms667 zh    4096 Sep  4 13:06 CMSSW_5_3_11_patch6
-rw-------  1 cms667 zh     484 Sep  4 12:17 CacheEnv.sh
-rw-------  1 cms667 zh    7291 Jun  9  2010 DashboardAPI.py
-rw-------  1 cms667 zh    6493 Sep  4 12:17 DashboardAPI.pyc
drwx------  3 cms667 zh    4096 Aug 20 17:36 IMProv
-rw-------  1 cms667 zh    2748 Mar  8  2006 Logger.py
-rw-------  1 cms667 zh    3223 Sep  4 12:17 Logger.pyc
-rw-------  1 cms667 zh   24524 Mar 28  2008 ProcInfo.py
-rw-------  1 cms667 zh   22846 Sep  4 12:17 ProcInfo.pyc
drwx------  7 cms667 zh    4096 Sep  4 12:17 ProdCommon
drwx------  3 cms667 zh    4096 Sep  4 12:17 WMCore
-rw-------  1 cms667 zh    7160 Sep  4 13:07 Watchdog_4.log
-rw-------  1 cms667 zh   32895 Mar 28  2008 apmon.py
-rw-------  1 cms667 zh   28120 Sep  4 12:17 apmon.pyc
-rwx------  1 cms667 zh   10416 Sep  4 12:17 arguments.xml
-rwx------  1 cms667 zh   38507 Aug  6 23:12 cmscp.py
-rw-------  1 cms667 zh     540 Sep  4 13:48 cmscpReport.sh
-rw-------  1 cms667 zh     633 Sep  4 12:16 crab.cfg
-rwx------  1 cms667 zh    8610 Apr  2 15:44 crabWatchdog.sh
-rwx---r--  1 cms667 zh  781848 Sep  4 13:06 crab_fjr_4.xml
-rwx------  1 cms667 zh 1216220 Sep  4 12:17 default.tgz
-rwx------  1 cms667 zh    4488 May 12  2012 fillCrabFjr.py
-rw-------  1 cms667 zh     468 Sep  4 12:17 inputsReport.txt
-rw-------  1 cms667 zh     253 Sep  4 13:48 jobreport.txt
lrwxrwxrwx  1 cms667 zh      93 Sep  4 13:06 output.root -> /home/grid/cms667/home_cream_390559723/CREAM390559723/CMSSW_5_3_11_patch6/output_4_1_WPo.root
-rw-------  1 cms667 zh   17352 Jan 20  2012 parseCrabFjr.py
-rw-------  1 cms667 zh     264 Sep  4 12:17 report.log
-rwx--x--x  1 cms667 zh    1497 May 27  2009 report.py
-rw-------  1 cms667 zh     504 Sep  4 13:48 resultCopyFile
-rwx------  1 cms667 zh    8387 Mar 23  2011 writeCfg.py
>>> Modify Job Report:
CMSSW_VERSION = CMSSW_5_3_11_patch6
ProcessedDataset = 53xRelVal2011Redigi
/home/grid/cms667/home_cream_390559723/CREAM390559723/ProdCommon/FwkJobRep/ModifyJobReport.py fjr /home/grid/cms667/home_cream_390559723/CREAM390559723/crab_fjr_4.xml json /home/grid/cms667/home_cream_390559723/CREAM390559723/resultCopyFile n_job 4_1_WPo PrimaryDataset RelValTTbar  ApplicationFamily cmsRun ApplicationName cmsRun cmssw_version CMSSW_5_3_11_patch6 psethash 844a175eacc74cc51be2e7d71ca2539e UserProcessedDataset marfin-53xRelVal2011Redigi-844a175eacc74cc51be2e7d71ca2539e
inputDict =  {u'/home/grid/cms667/home_cream_390559723/CREAM390559723/CMSSW_5_3_11_patch6/output_4_1_WPo.root': {u'endpoint': u'srm://srm-cms.cern.ch:8443/srm/managerv2?SFN=/castor/cern.ch/user/m/marfin//53xRelVal2011Redigi/marfin/RelValTTbar/53xRelVal2011Redigi/844a175eacc74cc51be2e7d71ca2539e/', u'surl_for_grid': u'', u'reason': u'Copy succedeed with srm-lcg utils', u'erCode': u'0', u'se_name': u'srm-cms.cern.ch', u'for_lfn': u'/53xRelVal2011Redigi/marfin/RelValTTbar/53xRelVal2011Redigi/844a175eacc74cc51be2e7d71ca2539e/'}}
diz_filter =  {u'output.root': u''}
UserProcessedDataset =  marfin-53xRelVal2011Redigi-844a175eacc74cc51be2e7d71ca2539e
file_name in inputDict =  /home/grid/cms667/home_cream_390559723/CREAM390559723/CMSSW_5_3_11_patch6/output_4_1_WPo.root
(size) os.stat(filename)[6] =  4302896032
checksum =  3225074324
filter =  
    file =  output_4_1_WPo.root
    newPfn =  srm://srm-cms.cern.ch:8443/srm/managerv2?SFN=/castor/cern.ch/user/m/marfin//53xRelVal2011Redigi/marfin/RelValTTbar/53xRelVal2011Redigi/844a175eacc74cc51be2e7d71ca2539e/output_4_1_WPo.root
    newLfn =  /53xRelVal2011Redigi/marfin/RelValTTbar/53xRelVal2011Redigi/844a175eacc74cc51be2e7d71ca2539e/output_4_1_WPo.root
>>> crab_fjr_*.xml  permission set to 0704
Checking output files:  
will tar file crab_fjr_4.xml in  out_files_4
will tar file CMSSW_4.stdout in  out_files_4
will tar file CMSSW_4.stderr in  out_files_4
WARNING: output file Watchdog_4.log.gz not found!
>>> padding time: Wrapper lasting more than 600 seconds. No sleep required.
STOPPING WATCHDOG. CrabWatchdog PID is 25730
********** LAST 50 LINES OF WATCHDOG LOG
 Sep 04 12:30:43 CEST	---	1882592	2305252	965	----	----	----
 Sep 04 12:31:44 CEST	---	1882592	2305252	1065	----	----	----
 Sep 04 12:32:44 CEST	---	1882592	2305252	1157	----	----	----
 Sep 04 12:33:45 CEST	---	1882592	2305252	1249	----	----	----
 Sep 04 12:34:45 CEST	25916	1883368	2307044	1249	909	1030	cmsRun -j /home/grid/cms667/home_cream_390559723/CREAM390559723/crab_fjr_4.xml -p pset.py      
 Sep 04 12:34:45 CEST	---	1883368	2307044	1333	----	----	----
 Sep 04 12:35:46 CEST	---	1883368	2307044	1419	----	----	----
# TIME			PID	RSS(KB)	VSZ(KB)	Dsk(MB)	tCPU(s)	tWALL(s)	COMMAND
 Sep 04 12:36:46 CEST	25916	1901368	2335204	1419	1026	1151	cmsRun -j /home/grid/cms667/home_cream_390559723/CREAM390559723/crab_fjr_4.xml -p pset.py      
 Sep 04 12:36:46 CEST	---	1901368	2335204	1505	----	----	----
 Sep 04 12:37:46 CEST	25916	1912816	2357220	1505	1084	1212	cmsRun -j /home/grid/cms667/home_cream_390559723/CREAM390559723/crab_fjr_4.xml -p pset.py      
 Sep 04 12:37:46 CEST	---	1912816	2357220	1596	----	----	----
 Sep 04 12:38:47 CEST	---	1912816	2357220	1684	----	----	----
 Sep 04 12:39:48 CEST	---	1912816	2357220	1776	----	----	----
 Sep 04 12:40:48 CEST	---	1912816	2357220	1865	----	----	----
 Sep 04 12:41:49 CEST	---	1912816	2357220	1960	----	----	----
 Sep 04 12:42:49 CEST	---	1912816	2357220	2048	----	----	----
 Sep 04 12:43:50 CEST	25916	1926796	2386916	2048	1426	1575	cmsRun -j /home/grid/cms667/home_cream_390559723/CREAM390559723/crab_fjr_4.xml -p pset.py      
 Sep 04 12:43:50 CEST	---	1926796	2386916	2141	----	----	----
 Sep 04 12:44:50 CEST	---	1926796	2386916	2244	----	----	----
 Sep 04 12:45:51 CEST	25916	1930724	2389988	2244	1542	1696	cmsRun -j /home/grid/cms667/home_cream_390559723/CREAM390559723/crab_fjr_4.xml -p pset.py      
 Sep 04 12:45:51 CEST	---	1930724	2389988	2338	----	----	----
 Sep 04 12:46:51 CEST	25916	1933964	2391268	2338	1599	1757	cmsRun -j /home/grid/cms667/home_cream_390559723/CREAM390559723/crab_fjr_4.xml -p pset.py      
 Sep 04 12:46:51 CEST	---	1933964	2391268	2428	----	----	----
 Sep 04 12:47:52 CEST	25916	1939096	2397412	2428	1658	1817	cmsRun -j /home/grid/cms667/home_cream_390559723/CREAM390559723/crab_fjr_4.xml -p pset.py      
 Sep 04 12:47:52 CEST	---	1939096	2397412	2523	----	----	----
 Sep 04 12:48:52 CEST	---	1939096	2397412	2610	----	----	----
 Sep 04 12:49:53 CEST	---	1939096	2397412	2693	----	----	----
 Sep 04 12:50:54 CEST	---	1939096	2397412	2786	----	----	----
 Sep 04 12:51:54 CEST	---	1939096	2397412	2865	----	----	----
 Sep 04 12:52:55 CEST	---	1939096	2397412	2954	----	----	----
 Sep 04 12:53:55 CEST	---	1939096	2397412	3031	----	----	----
 Sep 04 12:54:56 CEST	---	1939096	2397412	3126	----	----	----
 Sep 04 12:55:56 CEST	25916	2001384	2447852	3126	2117	2302	cmsRun -j /home/grid/cms667/home_cream_390559723/CREAM390559723/crab_fjr_4.xml -p pset.py      
 Sep 04 12:55:56 CEST	---	2001384	2447852	3214	----	----	----
 Sep 04 12:56:57 CEST	25916	2001432	2447852	3214	2175	2363	cmsRun -j /home/grid/cms667/home_cream_390559723/CREAM390559723/crab_fjr_4.xml -p pset.py      
 Sep 04 12:56:57 CEST	---	2001432	2447852	3302	----	----	----
 Sep 04 12:57:58 CEST	25916	2029072	2472940	3302	2231	2424	cmsRun -j /home/grid/cms667/home_cream_390559723/CREAM390559723/crab_fjr_4.xml -p pset.py      
 Sep 04 12:57:58 CEST	---	2029072	2472940	3393	----	----	----
 Sep 04 12:58:59 CEST	---	2029072	2472940	3480	----	----	----
 Sep 04 12:59:59 CEST	---	2029072	2472940	3564	----	----	----
 Sep 04 13:01:01 CEST	25916	2058284	2498028	3564	2403	2606	cmsRun -j /home/grid/cms667/home_cream_390559723/CREAM390559723/crab_fjr_4.xml -p pset.py      
 Sep 04 13:01:01 CEST	---	2058284	2498028	3650	----	----	----
 Sep 04 13:02:01 CEST	---	2058284	2498028	3735	----	----	----
 Sep 04 13:03:02 CEST	---	2058284	2498028	3817	----	----	----
 Sep 04 13:04:02 CEST	---	2058284	2498028	3912	----	----	----
 Sep 04 13:05:03 CEST	25916	2080032	2520044	3912	2633	2848	cmsRun -j /home/grid/cms667/home_cream_390559723/CREAM390559723/crab_fjr_4.xml -p pset.py      
 Sep 04 13:05:03 CEST	---	2080032	2520044	4004	----	----	----
 Sep 04 13:06:03 CEST	---	2080032	2520044	4101	----	----	----
 Sep 04 13:07:04 CEST	---	2080032	2520044	4130	----	----	----
********** WATCHDOG LOG ENDED
ZIPPING WATCHDOG LOG
Disk space used:
du -sh /home/grid/cms667/home_cream_390559723/CREAM390559723
4.1G	/home/grid/cms667/home_cream_390559723/CREAM390559723
Found unusual stderr, rename for OSB
