This script was generated by crab (version 2.9.0).
Running ./CMSSW.sh with 2 positional parameters: 18 1
Today is Wed Sep  4 12:17:26 CEST 2013
Job submitted on host lxbsq3018.cern.ch
Linux lxbsq3018.cern.ch 2.6.18-308.16.1.el5 #1 SMP Thu Oct 4 14:02:28 CEST 2012 x86_64 x86_64 x86_64 GNU/Linux
>>> current directory (RUNTIME_AREA): /home/grid/cms667/home_cream_598758200/CREAM598758200
>>> current user: uid=52545(cms667) gid=1399(zh) groups=1399(zh),1105540845 context=system_u:system_r:initrc_t
>>> directory permission set to 0700
>>> umask set to:  u=rwx,g=,o=
>>> stdout stderr permission set to 0704
>>> voms proxy information:
subject   : /C=DE/O=GermanGrid/OU=DESY/CN=Ihar Marfin/CN=proxy/CN=proxy/CN=proxy/CN=limited proxy
issuer    : /C=DE/O=GermanGrid/OU=DESY/CN=Ihar Marfin/CN=proxy/CN=proxy/CN=proxy
identity  : /C=DE/O=GermanGrid/OU=DESY/CN=Ihar Marfin/CN=proxy/CN=proxy/CN=proxy
type      : limited proxy
strength  : 1024 bits
path      : /home/grid/cms667/home_cream_598758200/cream_598758200.proxy
timeleft  : 187:42:17
key usage : 
=== VO cms extension information ===
VO        : cms
subject   : /C=DE/O=GermanGrid/OU=DESY/CN=Ihar Marfin
issuer    : /DC=ch/DC=cern/OU=computers/CN=lcg-voms.cern.ch
attribute : /cms/Role=NULL/Capability=NULL
attribute : /cms/dcms/Role=NULL/Capability=NULL
timeleft  : 187:44:02
uri       : lcg-voms.cern.ch:15002
>>> tar --no-same-permissions -xf /home/grid/cms667/home_cream_598758200/CREAM598758200/default.tgz :
Successful untar
>>> Include /home/grid/cms667/home_cream_598758200/CREAM598758200 in PYTHONPATH:
strip arguments
env var CRAB_UNIQUE_JOB_ID set to: marfin_crab_0_130904_121619_65f3cv_18_1_d7g
out_files_18
>>> list of expected files on output sandbox
output files: crab_fjr_18.xml CMSSW_18.stdout CMSSW_18.stderr Watchdog_18.log.gz
>>> GridFlavour discovery: 
GridFlavour=LCG
>>> SyncSite discovery: 
not reporting SyncSite
>>> SyncCE discovery: 
getting SyncCE from CE_ID
SyncCE=ce207.cern.ch:8443/cream-lsf-grid_cms
>>> info for dashboard:
***** Cat /home/grid/cms667/home_cream_598758200/CREAM598758200/jobreport.txt *****
MonitorJobID=18_https://wms317.cern.ch:9000/r8XL6z7y757u_nmAfd3rlg
SyncGridJobId=https://wms317.cern.ch:9000/r8XL6z7y757u_nmAfd3rlg
MonitorID=marfin_crab_0_130904_121619_65f3cv
GridFlavour=LCG
SyncCE=ce207.cern.ch:8443/cream-lsf-grid_cms
***** End Cat jobreport *****
Parameters sent to Dashboard.
>>> setup environment
set SCRAM ARCH to slc5_amd64_gcc462
SCRAM_ARCH = slc5_amd64_gcc462
>>> setup CMS LCG environment:
set SCRAM ARCH and BUILD_ARCH to slc5_amd64_gcc462 ###
Sourcing environment... 
sourcing /afs/cern.ch/project/gd/apps/cms/cmsset_default.sh
==> setup cms environment ok
>>> specific cmssw setup environment:
CMSSW_VERSION =  CMSSW_5_3_11_patch6
>>> current directory (SOFTWARE_DIR): /home/grid/cms667/home_cream_598758200/CREAM598758200/CMSSW_5_3_11_patch6
PreserveSeeds: <>
IncrementSeeds:<>
{"output.root": ""}
WNHostName=lxbsq3018.cern.ch
>>> info for dashboard:
***** Cat /home/grid/cms667/home_cream_598758200/CREAM598758200/jobreport.txt *****
MonitorJobID=18_https://wms317.cern.ch:9000/r8XL6z7y757u_nmAfd3rlg
MonitorID=marfin_crab_0_130904_121619_65f3cv
WNHostName=lxbsq3018.cern.ch
***** End Cat jobreport *****
Parameters sent to Dashboard.
crabWatchdog started as process 7196
>>> moving CMSSW software directories in /home/grid/cms667/home_cream_598758200/CREAM598758200/CMSSW_5_3_11_patch6
mv: cannot stat `/home/grid/cms667/home_cream_598758200/CREAM598758200/module/': No such file or directory
>>> Include /home/grid/cms667/home_cream_598758200/CREAM598758200 in PYTHONPATH:
PYTHONPATH=/home/grid/cms667/home_cream_598758200/CREAM598758200/:/pool/grid/cms667/home_cream_598758200/CREAM598758200/CMSSW_5_3_11_patch6/python:/pool/grid/cms667/home_cream_598758200/CREAM598758200/CMSSW_5_3_11_patch6/lib/slc5_amd64_gcc462:/afs/cern.ch/cms/slc5_amd64_gcc462/cms/cmssw-patch/CMSSW_5_3_11_patch6/python:/afs/cern.ch/cms/slc5_amd64_gcc462/cms/cmssw-patch/CMSSW_5_3_11_patch6/lib/slc5_amd64_gcc462:/afs/cern.ch/cms/slc5_amd64_gcc462/cms/cmssw/CMSSW_5_3_11/bin/slc5_amd64_gcc462:/afs/cern.ch/cms/slc5_amd64_gcc462/cms/cmssw/CMSSW_5_3_11/lib/slc5_amd64_gcc462:/afs/cern.ch/cms/slc5_amd64_gcc462/cms/coral/CORAL_2_3_21-cms35/slc5_amd64_gcc462/python:/afs/cern.ch/cms/slc5_amd64_gcc462/cms/coral/CORAL_2_3_21-cms35/slc5_amd64_gcc462/lib:/afs/cern.ch/cms/slc5_amd64_gcc462/external/pyqt/4.8.1/lib/python2.6/site-packages:/afs/cern.ch/cms/slc5_amd64_gcc462/external/py2-scipy/0.8.0/lib/python2.6/site-packages:/afs/cern.ch/cms/slc5_amd64_gcc462/external/py2-matplotlib/1.0.1/lib/python2.6/site-packages:/afs/cern.ch/cms/slc5_amd64_gcc462/external/python-ldap/2.3.5/lib/python2.6/site-packages:/afs/cern.ch/cms/slc5_amd64_gcc462/external/sip/4.11.2/lib/python2.6/site-packages:/afs/cern.ch/cms/slc5_amd64_gcc462/external/py2-pycurl/7.19.0/lib/python2.6/site-packages:/afs/cern.ch/cms/slc5_amd64_gcc462/external/py2-numpy/1.6.1/lib/python2.6/site-packages:/afs/cern.ch/cms/slc5_amd64_gcc462/external/py2-ipython/0.10/lib/python2.6/site-packages:/afs/cern.ch/cms/slc5_amd64_gcc462/external/py2-cx-oracle/5.1-cms11/lib/python2.6/site-packages:/afs/cern.ch/cms/slc5_amd64_gcc462/external/py2-cjson/1.0.5/lib/python2.6/site-packages:/afs/cern.ch/cms/slc5_amd64_gcc462/cms/das-client/1.9.5/bin:/afs/cern.ch/cms/slc5_amd64_gcc462/external/elementtree/1.2.6/share/lib/python2.6/site-packages:/afs/cern.ch/cms/slc5_amd64_gcc462/external/rivet/1.8.2/lib/python2.6/site-packages:/afs/cern.ch/cms/slc5_amd64_gcc462/external/pyminuit2/0.0.1-cms39/lib/python2.6/site-packages:/afs/cern.ch/cms/slc5_amd64_gcc462/external/professor/1.0.0-cms40/lib/python2.6/site-packages:/afs/cern.ch/cms/slc5_amd64_gcc462/lcg/root/5.32.00-cms21/lib:/afs/cern.ch/cms/slc5_amd64_gcc462/cms/dbs-client/DBS_2_1_9-cms3/lib:/afs/cern.ch/cms/slc5_amd64_gcc462/cms/dbs-client/DBS_2_1_9-cms3/lib/DBSAPI:/afs/cern.ch/cms/slc5_amd64_gcc462/external/cvs2git/5419/lib:/home/grid/cms667/home_cream_598758200/CREAM598758200/
 
# LIMITS USED BY CRAB WATCHDOG:
# RSS  (KBytes)   : 2300000
# VSZ  (KBytes)   : 100000000
# DISK (MBytes)   : 19000
# CPU TIME        : 720h:0m:0s
# WALL CLOCK TIME : 21h:50m:0s
 
844a175eacc74cc51be2e7d71ca2539e
PSETHASH = 844a175eacc74cc51be2e7d71ca2539e
/home/grid/cms667/home_cream_598758200/CREAM598758200/writeCfg.py pset.py pset.py
Importing .py file
Setting parameters
RandomNumberGeneratorService found, will attempt to change seeds
inputBlocks=/RelValTTbar/CMSSW_5_3_11_patch3-PU_START53_LV2_09Jul2013-v1/GEN-SIM-DIGI-RAW-HLTDEBUG#bc03e9fc-e90e-11e2-95e5-00221959e7c0
inputFiles=/store/relval/CMSSW_5_3_11_patch3/RelValTTbar/GEN-SIM-DIGI-RAW-HLTDEBUG/PU_START53_LV2_09Jul2013-v1/00000/EEFEBFCC-08E9-E211-9987-00261894393B.root;/store/relval/CMSSW_5_3_11_patch3/RelValTTbar/GEN-SIM-DIGI-RAW-HLTDEBUG/PU_START53_LV2_09Jul2013-v1/00000/7E4AC3A7-08E9-E211-B239-00261894380A.root;/store/relval/CMSSW_5_3_11_patch3/RelValTTbar/GEN-SIM-DIGI-RAW-HLTDEBUG/PU_START53_LV2_09Jul2013-v1/00000/305BFBC0-08E9-E211-9196-00261894389C.root
parentFiles=
lumisRange=
>>> Executable cmsRun
/afs/cern.ch/cms/slc5_amd64_gcc462/cms/cmssw-patch/CMSSW_5_3_11_patch6/bin/slc5_amd64_gcc462/cmsRun
ok executable found
>>> info for dashboard:
***** Cat /home/grid/cms667/home_cream_598758200/CREAM598758200/jobreport.txt *****
MonitorJobID=18_https://wms317.cern.ch:9000/r8XL6z7y757u_nmAfd3rlg
MonitorID=marfin_crab_0_130904_121619_65f3cv
ExeStart=cmsRun
***** End Cat jobreport *****
Parameters sent to Dashboard.
>>> cmsRun started at Wed Sep  4 10:17:56 UTC 2013
>>> cmsRun ended at Wed Sep  4 10:47:02 UTC 2013
>>> crab_fjr_*.xml  permission set to 0704
>>> info for dashboard:
***** Cat /home/grid/cms667/home_cream_598758200/CREAM598758200/jobreport.txt *****
MonitorJobID=18_https://wms317.cern.ch:9000/r8XL6z7y757u_nmAfd3rlg
MonitorID=marfin_crab_0_130904_121619_65f3cv
ExeEnd=cmsRun
***** End Cat jobreport *****
Parameters sent to Dashboard.
TIME_EXE = 1746 sec
>>> cmsRun wrote 59 lines of stdout+stderr
>>> START OF printout of 59 lines from stdout+stderr
04-Sep-2013 12:18:25 CEST  Initiating request to open file root://eoscms//eos/cms/store/relval/CMSSW_5_3_11_patch3/RelValTTbar/GEN-SIM-DIGI-RAW-HLTDEBUG/PU_START53_LV2_09Jul2013-v1/00000/EEFEBFCC-08E9-E211-9987-00261894393B.root?svcClass=default
130904 12:18:26 7506 Xrd: GoToAnotherServer: Going to: lxfsre15a08.cern.ch:1095
04-Sep-2013 12:18:31 CEST  Successfully opened file root://eoscms//eos/cms/store/relval/CMSSW_5_3_11_patch3/RelValTTbar/GEN-SIM-DIGI-RAW-HLTDEBUG/PU_START53_LV2_09Jul2013-v1/00000/EEFEBFCC-08E9-E211-9987-00261894393B.root?svcClass=default
%MSG-w SiStripQuality:  EventSetupRecordDataGetter:hltGetConditions@beginRun  04-Sep-2013 12:19:35 CEST Run: 1
The cabling should always include the active feds in runInfo and possibly have some morethere are instead 59 feds only active in runInfo
%MSG
Begin processing the 1st record. Run 1, Event 6996, LumiSection 140 at 04-Sep-2013 12:19:57.971 CEST
04-Sep-2013 12:20:33 CEST  Closed file root://eoscms//eos/cms/store/relval/CMSSW_5_3_11_patch3/RelValTTbar/GEN-SIM-DIGI-RAW-HLTDEBUG/PU_START53_LV2_09Jul2013-v1/00000/EEFEBFCC-08E9-E211-9987-00261894393B.root?svcClass=default
04-Sep-2013 12:20:33 CEST  Initiating request to open file root://eoscms//eos/cms/store/relval/CMSSW_5_3_11_patch3/RelValTTbar/GEN-SIM-DIGI-RAW-HLTDEBUG/PU_START53_LV2_09Jul2013-v1/00000/7E4AC3A7-08E9-E211-B239-00261894380A.root?svcClass=default
130904 12:20:33 7506 Xrd: GoToAnotherServer: Going to: lxfsrk50c03.cern.ch:1095
04-Sep-2013 12:20:33 CEST  Successfully opened file root://eoscms//eos/cms/store/relval/CMSSW_5_3_11_patch3/RelValTTbar/GEN-SIM-DIGI-RAW-HLTDEBUG/PU_START53_LV2_09Jul2013-v1/00000/7E4AC3A7-08E9-E211-B239-00261894380A.root?svcClass=default
130904 12:25:56 7506 Xrd: XrdClientMessage::ReadRaw: Failed to read header (8 bytes).
DTTSPhi::addTracoT: preview not present in TRACO trigger or its code=0  trigger not added!
Begin processing the 101st record. Run 1, Event 2096, LumiSection 42 at 04-Sep-2013 12:29:16.635 CEST
DTTSPhi::addTracoT: preview not present in TRACO trigger or its code=0  trigger not added!
DTTSPhi::addTracoT: preview not present in TRACO trigger or its code=0  trigger not added!
DTTSPhi::addTracoT: preview not present in TRACO trigger or its code=0  trigger not added!
DTTSPhi::addTracoT: preview not present in TRACO trigger or its code=0  trigger not added!
DTTSPhi::addTracoT: preview not present in TRACO trigger or its code=0  trigger not added!
DTTSPhi::addTracoT: preview not present in TRACO trigger or its code=0  trigger not added!
DTTSPhi::addTracoT: preview not present in TRACO trigger or its code=0  trigger not added!
Begin processing the 201st record. Run 1, Event 2746, LumiSection 55 at 04-Sep-2013 12:33:09.860 CEST
DTTSPhi::addTracoT: preview not present in TRACO trigger or its code=0  trigger not added!
DTTSPhi::addTracoT: preview not present in TRACO trigger or its code=0  trigger not added!
DTTSPhi::addTracoT: preview not present in TRACO trigger or its code=0  trigger not added!
Begin processing the 301st record. Run 1, Event 3496, LumiSection 70 at 04-Sep-2013 12:36:56.551 CEST
DTTSPhi::addTracoT: preview not present in TRACO trigger or its code=0  trigger not added!
Begin processing the 401st record. Run 1, Event 3646, LumiSection 73 at 04-Sep-2013 12:40:52.727 CEST
130904 12:40:56 7506 Xrd: XrdClientMessage::ReadRaw: Failed to read header (8 bytes).
04-Sep-2013 12:41:03 CEST  Closed file root://eoscms//eos/cms/store/relval/CMSSW_5_3_11_patch3/RelValTTbar/GEN-SIM-DIGI-RAW-HLTDEBUG/PU_START53_LV2_09Jul2013-v1/00000/7E4AC3A7-08E9-E211-B239-00261894380A.root?svcClass=default
04-Sep-2013 12:41:03 CEST  Initiating request to open file root://eoscms//eos/cms/store/relval/CMSSW_5_3_11_patch3/RelValTTbar/GEN-SIM-DIGI-RAW-HLTDEBUG/PU_START53_LV2_09Jul2013-v1/00000/305BFBC0-08E9-E211-9196-00261894389C.root?svcClass=default
130904 12:41:03 001 Xrd: CheckErrorStatus: Server [eoscms] declared: session not found(error code: 3011)
130904 12:41:03 7506 Xrd: GoToAnotherServer: Going to: lxfssl4205.cern.ch:1095
04-Sep-2013 12:41:04 CEST  Successfully opened file root://eoscms//eos/cms/store/relval/CMSSW_5_3_11_patch3/RelValTTbar/GEN-SIM-DIGI-RAW-HLTDEBUG/PU_START53_LV2_09Jul2013-v1/00000/305BFBC0-08E9-E211-9196-00261894389C.root?svcClass=default
DTTSPhi::addTracoT: preview not present in TRACO trigger or its code=0  trigger not added!
DTTSPhi::addTracoT: preview not present in TRACO trigger or its code=0  trigger not added!
130904 12:46:26 7506 Xrd: XrdClientMessage::ReadRaw: Failed to read header (8 bytes).
04-Sep-2013 12:46:45 CEST  Closed file root://eoscms//eos/cms/store/relval/CMSSW_5_3_11_patch3/RelValTTbar/GEN-SIM-DIGI-RAW-HLTDEBUG/PU_START53_LV2_09Jul2013-v1/00000/305BFBC0-08E9-E211-9196-00261894389C.root?svcClass=default

=============================================

MessageLogger Summary

 type     category        sev    module        subroutine        count    total
 ---- -------------------- -- ---------------- ----------------  -----    -----
    1 SiStripQuality       -w EventSetupRecord                       1        1
    2 fileAction           -s file_close                             3        3
    3 fileAction           -s file_open                              6        6

 type    category    Examples: run/evt        run/evt          run/evt
 ---- -------------------- ---------------- ---------------- ----------------
    1 SiStripQuality       Run: 1                            
    2 fileAction           PostProcessEvent PostProcessEvent PostEndRun
    3 fileAction           pre-events       pre-events       PostProcessEvent

Severity    # Occurrences   Total Occurrences
--------    -------------   -----------------
Warning                 1                   1
System                  9                   9
>>> END OF printout of 59 lines from stdout+stderr
>>> Parse FrameworkJobReport crab_fjr.xml
Result of parsing the FrameworkJobReport crab_fjr.xml: Popularity start
lumisRange : 1::::1;1::143-144::2;1::38,42,52,55,62,70-71,73::3;
lumisParentRange : 
Basename : /store/relval/CMSSW_5_3_11_patch3/RelValTTbar/GEN-SIM-DIGI-RAW-HLTDEBUG/PU_START53_LV2_09Jul2013-v1/00000/
BasenameParent : 
parentFiles : 
inputBlocks : /RelValTTbar/CMSSW_5_3_11_patch3-PU_START53_LV2_09Jul2013-v1/GEN-SIM-DIGI-RAW-HLTDEBUG#bc03e9fc-e90e-11e2-95e5-00221959e7c0
inputFiles : EEFEBFCC-08E9-E211-9987-00261894393B.root::1::EDM::Local::1;305BFBC0-08E9-E211-9196-00261894389C.root::1::EDM::Local::2;7E4AC3A7-08E9-E211-B239-00261894380A.root::1::EDM::Local::3;
Popularity stop
Extracted ExitStatus from FrameworkJobReport parsing output: 0
>>> Executable succeded  0
ExeExitCode=0
EXECUTABLE_EXIT_STATUS = 0
>>> current directory /home/grid/cms667/home_cream_598758200/CREAM598758200/CMSSW_5_3_11_patch6
>>>  (SOFTWARE_DIR): /home/grid/cms667/home_cream_598758200/CREAM598758200/CMSSW_5_3_11_patch6
>>> (WORKING_DIR): 
>>> current directory content:
total 4051848
drwxr-xr-x 3 cms667 zh       4096 Sep  4 12:17 .SCRAM
-rw------- 1 cms667 zh    3842683 Sep  4 12:17 CMSSW.py.pkl
drwxr-xr-x 3 cms667 zh       4096 Sep  4 12:17 bin
drwxr-xr-x 3 cms667 zh       4096 Sep  4 12:17 cfipython
drwxr-xr-x 4 cms667 zh       4096 Sep  4 12:17 config
-rw------- 1 cms667 zh         18 Sep  4 12:47 cpu_timing.txt
drwxr-xr-x 2 cms667 zh       4096 Sep  4 12:17 doc
-rw------- 1 cms667 zh       5789 Sep  4 12:46 executable.out
drwxr-xr-x 2 cms667 zh       4096 Sep  4 12:17 include
drwx------ 3 cms667 zh       4096 Aug 26 18:31 lib
drwxr-xr-x 3 cms667 zh       4096 Sep  4 12:17 logs
drwxr-xr-x 3 cms667 zh       4096 Sep  4 12:17 objs
-rw------- 1 cms667 zh 4137180294 Sep  4 12:46 output.root
-rw------- 1 cms667 zh        104 Sep  4 12:17 pset.py
-rw------- 1 cms667 zh    3843680 Sep  4 12:17 pset.py.pkl
-rw------- 1 cms667 zh        289 Sep  4 12:17 pset.pyc
drwxr-xr-x 2 cms667 zh       4096 Sep  4 12:17 python
-rw------- 1 cms667 zh        440 Sep  4 12:47 report.log
drwx------ 5 cms667 zh       4096 Sep  4 12:17 src
drwxr-xr-x 3 cms667 zh       4096 Sep  4 12:17 test
drwxr-xr-x 3 cms667 zh       4096 Sep  4 12:17 tmp
>>> current directory /home/grid/cms667/home_cream_598758200/CREAM598758200/CMSSW_5_3_11_patch6
>>> (SOFTWARE_DIR): /home/grid/cms667/home_cream_598758200/CREAM598758200/CMSSW_5_3_11_patch6
>>> (WORKING_DIR): 
>>> current directory content:
total 4051848
drwxr-xr-x 3 cms667 zh       4096 Sep  4 12:17 .SCRAM
-rw------- 1 cms667 zh    3842683 Sep  4 12:17 CMSSW.py.pkl
drwxr-xr-x 3 cms667 zh       4096 Sep  4 12:17 bin
drwxr-xr-x 3 cms667 zh       4096 Sep  4 12:17 cfipython
drwxr-xr-x 4 cms667 zh       4096 Sep  4 12:17 config
-rw------- 1 cms667 zh         18 Sep  4 12:47 cpu_timing.txt
drwxr-xr-x 2 cms667 zh       4096 Sep  4 12:17 doc
-rw------- 1 cms667 zh       5789 Sep  4 12:46 executable.out
drwxr-xr-x 2 cms667 zh       4096 Sep  4 12:17 include
drwx------ 3 cms667 zh       4096 Aug 26 18:31 lib
drwxr-xr-x 3 cms667 zh       4096 Sep  4 12:17 logs
drwxr-xr-x 3 cms667 zh       4096 Sep  4 12:17 objs
-rw------- 1 cms667 zh 4137180294 Sep  4 12:46 output_18_1_d7g.root
-rw------- 1 cms667 zh        104 Sep  4 12:17 pset.py
-rw------- 1 cms667 zh    3843680 Sep  4 12:17 pset.py.pkl
-rw------- 1 cms667 zh        289 Sep  4 12:17 pset.pyc
drwxr-xr-x 2 cms667 zh       4096 Sep  4 12:17 python
-rw------- 1 cms667 zh        440 Sep  4 12:47 report.log
drwx------ 5 cms667 zh       4096 Sep  4 12:17 src
drwxr-xr-x 3 cms667 zh       4096 Sep  4 12:17 test
drwxr-xr-x 3 cms667 zh       4096 Sep  4 12:17 tmp
>>> current directory (RUNTIME_AREA):  /home/grid/cms667/home_cream_598758200/CREAM598758200
SE = srm-cms.cern.ch
SE_PATH = /srm/managerv2?SFN=/castor/cern.ch/user/m/marfin//53xRelVal2011Redigi/
LFNBaseName = /53xRelVal2011Redigi/marfin/RelValTTbar/53xRelVal2011Redigi/844a175eacc74cc51be2e7d71ca2539e/
USER = marfin
endpoint = srm://srm-cms.cern.ch:8443/srm/managerv2?SFN=/castor/cern.ch/user/m/marfin//53xRelVal2011Redigi/marfin/RelValTTbar/53xRelVal2011Redigi/844a175eacc74cc51be2e7d71ca2539e/
>>> Copy output files from WN = lxbsq3018.cern.ch to /srm/managerv2?SFN=/castor/cern.ch/user/m/marfin//53xRelVal2011Redigi/ :
python cmscp.py  --destination srm://srm-cms.cern.ch:8443/srm/managerv2?SFN=/castor/cern.ch/user/m/marfin//53xRelVal2011Redigi/marfin/RelValTTbar/53xRelVal2011Redigi/844a175eacc74cc51be2e7d71ca2539e/ --inputFileList /home/grid/cms667/home_cream_598758200/CREAM598758200/CMSSW_5_3_11_patch6/output_18_1_d7g.root --middleware LCG --se_name srm-cms.cern.ch --for_lfn /53xRelVal2011Redigi/marfin/RelValTTbar/53xRelVal2011Redigi/844a175eacc74cc51be2e7d71ca2539e/    
******************************************************
localSeName  =  srm-eoscms.cern.ch
remoteSeName =  srm-cms.cern.ch
******************************************************
{"/home/grid/cms667/home_cream_598758200/CREAM598758200/CMSSW_5_3_11_patch6/output_18_1_d7g.root": {"endpoint": "srm://srm-cms.cern.ch:8443/srm/managerv2?SFN=/castor/cern.ch/user/m/marfin//53xRelVal2011Redigi/marfin/RelValTTbar/53xRelVal2011Redigi/844a175eacc74cc51be2e7d71ca2539e/", "surl_for_grid": "", "reason": "Copy succedeed with srm-lcg utils", "erCode": "0", "se_name": "srm-cms.cern.ch", "for_lfn": "/53xRelVal2011Redigi/marfin/RelValTTbar/53xRelVal2011Redigi/844a175eacc74cc51be2e7d71ca2539e/"}}/home/grid/cms667/home_cream_598758200/CREAM598758200
-------- cat /home/grid/cms667/home_cream_598758200/CREAM598758200/cmscpReport.sh 
#!/bin/bash
echo "Report for File: /home/grid/cms667/home_cream_598758200/CREAM598758200/CMSSW_5_3_11_patch6/output_18_1_d7g.root"
echo "LFN: /53xRelVal2011Redigi/marfin/RelValTTbar/53xRelVal2011Redigi/844a175eacc74cc51be2e7d71ca2539e/output_18_1_d7g.root"
echo "StorageElement: srm-cms.cern.ch"
echo "StageOutExitStatusReason = 'Copy succedeed with srm-lcg utils'" | tee -a $RUNTIME_AREA/$repo
echo "StageOutSE = srm-cms.cern.ch" >> $RUNTIME_AREA/$repo

export StageOutExitStatus=0
echo "StageOutExitStatus = 0" | tee -a $RUNTIME_AREA/$repo
-------- end of /home/grid/cms667/home_cream_598758200/CREAM598758200/cmscpReport.sh 
Report for File: /home/grid/cms667/home_cream_598758200/CREAM598758200/CMSSW_5_3_11_patch6/output_18_1_d7g.root
LFN: /53xRelVal2011Redigi/marfin/RelValTTbar/53xRelVal2011Redigi/844a175eacc74cc51be2e7d71ca2539e/output_18_1_d7g.root
StorageElement: srm-cms.cern.ch
StageOutExitStatusReason = 'Copy succedeed with srm-lcg utils'
StageOutExitStatus = 0
>>> current dir: /home/grid/cms667/home_cream_598758200/CREAM598758200
>>> current dir content:
total 6400
-rwx------  1 cms667 zh   13669 Sep  4 12:17 .BrokerInfo
-rw-------  1 cms667 zh    4709 Sep  4 13:28 .SEinteraction.log
-rwx------  1 cms667 zh       0 Sep  4 12:17 .tmp_file
-rw-------  1 cms667 zh     105 Sep  4 12:16 CMSSW.py
-rw-------  1 cms667 zh 3842683 Sep  4 12:16 CMSSW.py.pkl
-rwx------  1 cms667 zh   27957 Sep  4 12:17 CMSSW.sh
-rwx------  1 cms667 zh       0 Sep  4 12:17 CMSSW_18.stderr
-rwx---r--  1 cms667 zh   20519 Sep  4 13:28 CMSSW_18.stdout
drwxr-xr-x 15 cms667 zh    4096 Sep  4 12:47 CMSSW_5_3_11_patch6
-rw-------  1 cms667 zh     484 Sep  4 12:17 CacheEnv.sh
-rw-------  1 cms667 zh    7291 Jun  9  2010 DashboardAPI.py
-rw-------  1 cms667 zh    6493 Sep  4 12:17 DashboardAPI.pyc
drwx------  3 cms667 zh    4096 Aug 20 17:36 IMProv
-rw-------  1 cms667 zh    2748 Mar  8  2006 Logger.py
-rw-------  1 cms667 zh    3223 Sep  4 12:17 Logger.pyc
-rw-------  1 cms667 zh   24524 Mar 28  2008 ProcInfo.py
-rw-------  1 cms667 zh   22846 Sep  4 12:17 ProcInfo.pyc
drwx------  7 cms667 zh    4096 Sep  4 12:17 ProdCommon
drwx------  3 cms667 zh    4096 Sep  4 12:17 WMCore
-rw-------  1 cms667 zh    5846 Sep  4 12:47 Watchdog_18.log
-rw-------  1 cms667 zh   32895 Mar 28  2008 apmon.py
-rw-------  1 cms667 zh   28120 Sep  4 12:17 apmon.pyc
-rwx------  1 cms667 zh   10416 Sep  4 12:17 arguments.xml
-rwx------  1 cms667 zh   38507 Aug  6 23:12 cmscp.py
-rw-------  1 cms667 zh     542 Sep  4 13:28 cmscpReport.sh
-rw-------  1 cms667 zh     633 Sep  4 12:16 crab.cfg
-rwx------  1 cms667 zh    8610 Apr  2 15:44 crabWatchdog.sh
-rwx---r--  1 cms667 zh  931290 Sep  4 12:46 crab_fjr_18.xml
-rwx------  1 cms667 zh 1216220 Sep  4 12:17 default.tgz
-rwx------  1 cms667 zh    4488 May 12  2012 fillCrabFjr.py
-rw-------  1 cms667 zh     616 Sep  4 12:17 inputsReport.txt
-rw-------  1 cms667 zh     254 Sep  4 13:28 jobreport.txt
lrwxrwxrwx  1 cms667 zh      94 Sep  4 12:47 output.root -> /home/grid/cms667/home_cream_598758200/CREAM598758200/CMSSW_5_3_11_patch6/output_18_1_d7g.root
-rw-------  1 cms667 zh   17352 Jan 20  2012 parseCrabFjr.py
-rw-------  1 cms667 zh     265 Sep  4 12:17 report.log
-rwx--x--x  1 cms667 zh    1497 May 27  2009 report.py
-rw-------  1 cms667 zh     505 Sep  4 13:28 resultCopyFile
-rwx------  1 cms667 zh    8387 Mar 23  2011 writeCfg.py
>>> Modify Job Report:
CMSSW_VERSION = CMSSW_5_3_11_patch6
ProcessedDataset = 53xRelVal2011Redigi
/home/grid/cms667/home_cream_598758200/CREAM598758200/ProdCommon/FwkJobRep/ModifyJobReport.py fjr /home/grid/cms667/home_cream_598758200/CREAM598758200/crab_fjr_18.xml json /home/grid/cms667/home_cream_598758200/CREAM598758200/resultCopyFile n_job 18_1_d7g PrimaryDataset RelValTTbar  ApplicationFamily cmsRun ApplicationName cmsRun cmssw_version CMSSW_5_3_11_patch6 psethash 844a175eacc74cc51be2e7d71ca2539e UserProcessedDataset marfin-53xRelVal2011Redigi-844a175eacc74cc51be2e7d71ca2539e
inputDict =  {u'/home/grid/cms667/home_cream_598758200/CREAM598758200/CMSSW_5_3_11_patch6/output_18_1_d7g.root': {u'endpoint': u'srm://srm-cms.cern.ch:8443/srm/managerv2?SFN=/castor/cern.ch/user/m/marfin//53xRelVal2011Redigi/marfin/RelValTTbar/53xRelVal2011Redigi/844a175eacc74cc51be2e7d71ca2539e/', u'surl_for_grid': u'', u'reason': u'Copy succedeed with srm-lcg utils', u'erCode': u'0', u'se_name': u'srm-cms.cern.ch', u'for_lfn': u'/53xRelVal2011Redigi/marfin/RelValTTbar/53xRelVal2011Redigi/844a175eacc74cc51be2e7d71ca2539e/'}}
diz_filter =  {u'output.root': u''}
UserProcessedDataset =  marfin-53xRelVal2011Redigi-844a175eacc74cc51be2e7d71ca2539e
file_name in inputDict =  /home/grid/cms667/home_cream_598758200/CREAM598758200/CMSSW_5_3_11_patch6/output_18_1_d7g.root
(size) os.stat(filename)[6] =  4137180294
checksum =  1998049617
filter =  
    file =  output_18_1_d7g.root
    newPfn =  srm://srm-cms.cern.ch:8443/srm/managerv2?SFN=/castor/cern.ch/user/m/marfin//53xRelVal2011Redigi/marfin/RelValTTbar/53xRelVal2011Redigi/844a175eacc74cc51be2e7d71ca2539e/output_18_1_d7g.root
    newLfn =  /53xRelVal2011Redigi/marfin/RelValTTbar/53xRelVal2011Redigi/844a175eacc74cc51be2e7d71ca2539e/output_18_1_d7g.root
>>> crab_fjr_*.xml  permission set to 0704
Checking output files:  
will tar file crab_fjr_18.xml in  out_files_18
will tar file CMSSW_18.stdout in  out_files_18
will tar file CMSSW_18.stderr in  out_files_18
WARNING: output file Watchdog_18.log.gz not found!
>>> padding time: Wrapper lasting more than 600 seconds. No sleep required.
STOPPING WATCHDOG. CrabWatchdog PID is 7196
********** LAST 50 LINES OF WATCHDOG LOG
 Sep 04 12:17:36 CEST	---	19380	86772	18	----	----	----
 Sep 04 12:18:37 CEST	7506	469896	645296	18	19	61	cmsRun -j /home/grid/cms667/home_cream_598758200/CREAM598758200/crab_fjr_18.xml -p pset.py      
 Sep 04 12:18:37 CEST	---	469896	645296	22	----	----	----
 Sep 04 12:19:37 CEST	7506	1109000	1389904	22	51	122	cmsRun -j /home/grid/cms667/home_cream_598758200/CREAM598758200/crab_fjr_18.xml -p pset.py      
 Sep 04 12:20:38 CEST	7506	1633660	2099052	22	95	182	cmsRun -j /home/grid/cms667/home_cream_598758200/CREAM598758200/crab_fjr_18.xml -p pset.py      
 Sep 04 12:20:38 CEST	---	1633660	2099052	65	----	----	----
 Sep 04 12:21:38 CEST	7506	1705496	2166124	65	114	243	cmsRun -j /home/grid/cms667/home_cream_598758200/CREAM598758200/crab_fjr_18.xml -p pset.py      
 Sep 04 12:21:38 CEST	---	1705496	2166124	590	----	----	----
 Sep 04 12:22:39 CEST	7506	1710304	2166124	590	133	303	cmsRun -j /home/grid/cms667/home_cream_598758200/CREAM598758200/crab_fjr_18.xml -p pset.py      
 Sep 04 12:22:39 CEST	---	1710304	2166124	1187	----	----	----
 Sep 04 12:23:39 CEST	7506	1742008	2207340	1187	153	363	cmsRun -j /home/grid/cms667/home_cream_598758200/CREAM598758200/crab_fjr_18.xml -p pset.py      
 Sep 04 12:23:39 CEST	---	1742008	2207340	1777	----	----	----
 Sep 04 12:24:40 CEST	7506	1742120	2207596	1777	173	424	cmsRun -j /home/grid/cms667/home_cream_598758200/CREAM598758200/crab_fjr_18.xml -p pset.py      
 Sep 04 12:24:40 CEST	---	1742120	2207596	2363	----	----	----
 Sep 04 12:25:40 CEST	7506	1802392	2265196	2363	196	484	cmsRun -j /home/grid/cms667/home_cream_598758200/CREAM598758200/crab_fjr_18.xml -p pset.py      
 Sep 04 12:25:40 CEST	---	1802392	2265196	2896	----	----	----
 Sep 04 12:26:40 CEST	7506	1811388	2265196	2896	254	545	cmsRun -j /home/grid/cms667/home_cream_598758200/CREAM598758200/crab_fjr_18.xml -p pset.py      
 Sep 04 12:26:40 CEST	---	1811388	2265196	2925	----	----	----
 Sep 04 12:27:41 CEST	7506	1820260	2265196	2925	314	605	cmsRun -j /home/grid/cms667/home_cream_598758200/CREAM598758200/crab_fjr_18.xml -p pset.py      
 Sep 04 12:27:41 CEST	---	1820260	2265196	2957	----	----	----
 Sep 04 12:28:41 CEST	7506	1821728	2265196	2957	372	666	cmsRun -j /home/grid/cms667/home_cream_598758200/CREAM598758200/crab_fjr_18.xml -p pset.py      
 Sep 04 12:28:41 CEST	---	1821728	2265196	2986	----	----	----
 Sep 04 12:29:42 CEST	---	1821728	2265196	3018	----	----	----
 Sep 04 12:30:42 CEST	7506	1825200	2265196	3018	491	786	cmsRun -j /home/grid/cms667/home_cream_598758200/CREAM598758200/crab_fjr_18.xml -p pset.py      
 Sep 04 12:30:42 CEST	---	1825200	2265196	3048	----	----	----
 Sep 04 12:31:42 CEST	---	1825200	2265196	3081	----	----	----
 Sep 04 12:32:43 CEST	7506	1834604	2265196	3081	610	907	cmsRun -j /home/grid/cms667/home_cream_598758200/CREAM598758200/crab_fjr_18.xml -p pset.py      
 Sep 04 12:32:43 CEST	---	1834604	2265196	3110	----	----	----
 Sep 04 12:33:43 CEST	7506	1835180	2265456	3110	670	968	cmsRun -j /home/grid/cms667/home_cream_598758200/CREAM598758200/crab_fjr_18.xml -p pset.py      
 Sep 04 12:33:43 CEST	---	1835180	2265456	3143	----	----	----
 Sep 04 12:34:44 CEST	7506	1840540	2272112	3143	729	1028	cmsRun -j /home/grid/cms667/home_cream_598758200/CREAM598758200/crab_fjr_18.xml -p pset.py      
 Sep 04 12:34:44 CEST	---	1840540	2272112	3175	----	----	----
 Sep 04 12:35:44 CEST	---	1840540	2272112	3206	----	----	----
 Sep 04 12:36:44 CEST	---	1840540	2272112	3237	----	----	----
 Sep 04 12:37:45 CEST	---	1840540	2272112	3268	----	----	----
 Sep 04 12:38:45 CEST	7506	1840540	2273136	3268	967	1270	cmsRun -j /home/grid/cms667/home_cream_598758200/CREAM598758200/crab_fjr_18.xml -p pset.py      
 Sep 04 12:38:45 CEST	---	1840540	2273136	3298	----	----	----
 Sep 04 12:39:46 CEST	7506	1841492	2274672	3298	1026	1330	cmsRun -j /home/grid/cms667/home_cream_598758200/CREAM598758200/crab_fjr_18.xml -p pset.py      
 Sep 04 12:39:46 CEST	---	1841492	2274672	3330	----	----	----
 Sep 04 12:40:46 CEST	---	1841492	2274672	3360	----	----	----
 Sep 04 12:41:47 CEST	7506	2036512	2436212	3360	1139	1451	cmsRun -j /home/grid/cms667/home_cream_598758200/CREAM598758200/crab_fjr_18.xml -p pset.py      
 Sep 04 12:41:47 CEST	---	2036512	2436212	3436	----	----	----
 Sep 04 12:42:47 CEST	7506	2037480	2436212	3436	1198	1511	cmsRun -j /home/grid/cms667/home_cream_598758200/CREAM598758200/crab_fjr_18.xml -p pset.py      
 Sep 04 12:42:47 CEST	---	2037480	2436212	3547	----	----	----
 Sep 04 12:43:47 CEST	7506	2047972	2436212	3547	1257	1572	cmsRun -j /home/grid/cms667/home_cream_598758200/CREAM598758200/crab_fjr_18.xml -p pset.py      
 Sep 04 12:43:47 CEST	---	2047972	2436212	3658	----	----	----
 Sep 04 12:44:48 CEST	---	2047972	2436212	3757	----	----	----
 Sep 04 12:45:48 CEST	---	2047972	2436212	3859	----	----	----
 Sep 04 12:46:49 CEST	---	2047972	2436212	3960	----	----	----
 Sep 04 12:47:49 CEST	---	2047972	2436212	3972	----	----	----
********** WATCHDOG LOG ENDED
ZIPPING WATCHDOG LOG
Disk space used:
du -sh /home/grid/cms667/home_cream_598758200/CREAM598758200
3.9G	/home/grid/cms667/home_cream_598758200/CREAM598758200
Found unusual stderr, rename for OSB
`/pool/grid/cms667/home_cream_598758200/CREAM598758200/CMSSW_18.stdout' -> `CMSSW_18.stderr'
crab_fjr_18.xml
CMSSW_18.stdout
CMSSW_18.stderr
Watchdog_18.log.gz
Total Output dimension: 84328
WARNING: output files size limit is set to: 55000000
Total Output dimension 84328 is fine.
JOB_EXIT_STATUS = 0
>>> info for dashboard:
***** Cat /home/grid/cms667/home_cream_598758200/CREAM598758200/jobreport.txt *****
MonitorJobID=18_https://wms317.cern.ch:9000/r8XL6z7y757u_nmAfd3rlg
MonitorID=marfin_crab_0_130904_121619_65f3cv
ExeTime=1746
ExeExitCode=0
StageOutExitStatusReason = 'Copy succedeed with srm-lcg utils'
StageOutSE = srm-cms.cern.ch
StageOutExitStatus = 0
CrabUserCpuTime=1384.46
CrabSysCpuTime=55.30
CrabCpuPercentage=82%
CrabWrapperTime=4311
CrabStageoutTime=2499
JobExitCode=0
***** End Cat jobreport *****
Parameters sent to Dashboard.
crab_fjr_18.xml
