This script was generated by crab (version 2.9.0).
Running ./CMSSW.sh with 2 positional parameters: 16 1
Today is Wed Sep  4 12:17:24 CEST 2013
Job submitted on host lxbsq2006.cern.ch
Linux lxbsq2006.cern.ch 2.6.18-308.24.1.el5 #1 SMP Wed Dec 5 09:45:59 CET 2012 x86_64 x86_64 x86_64 GNU/Linux
>>> current directory (RUNTIME_AREA): /home/grid/cms667/home_cream_135972047/CREAM135972047
>>> current user: uid=52545(cms667) gid=1399(zh) groups=1399(zh),1107166182 context=system_u:system_r:initrc_t
>>> directory permission set to 0700
>>> umask set to:  u=rwx,g=,o=
>>> stdout stderr permission set to 0704
>>> voms proxy information:
subject   : /C=DE/O=GermanGrid/OU=DESY/CN=Ihar Marfin/CN=proxy/CN=proxy/CN=proxy/CN=limited proxy
issuer    : /C=DE/O=GermanGrid/OU=DESY/CN=Ihar Marfin/CN=proxy/CN=proxy/CN=proxy
identity  : /C=DE/O=GermanGrid/OU=DESY/CN=Ihar Marfin/CN=proxy/CN=proxy/CN=proxy
type      : limited proxy
strength  : 1024 bits
path      : /home/grid/cms667/home_cream_135972047/cream_135972047.proxy
timeleft  : 187:42:21
key usage : 
=== VO cms extension information ===
VO        : cms
subject   : /C=DE/O=GermanGrid/OU=DESY/CN=Ihar Marfin
issuer    : /DC=ch/DC=cern/OU=computers/CN=lcg-voms.cern.ch
attribute : /cms/Role=NULL/Capability=NULL
attribute : /cms/dcms/Role=NULL/Capability=NULL
timeleft  : 187:44:04
uri       : lcg-voms.cern.ch:15002
>>> tar --no-same-permissions -xf /home/grid/cms667/home_cream_135972047/CREAM135972047/default.tgz :
Successful untar
>>> Include /home/grid/cms667/home_cream_135972047/CREAM135972047 in PYTHONPATH:
strip arguments
env var CRAB_UNIQUE_JOB_ID set to: marfin_crab_0_130904_121619_65f3cv_16_1_J2O
out_files_16
>>> list of expected files on output sandbox
output files: crab_fjr_16.xml CMSSW_16.stdout CMSSW_16.stderr Watchdog_16.log.gz
>>> GridFlavour discovery: 
GridFlavour=LCG
>>> SyncSite discovery: 
not reporting SyncSite
>>> SyncCE discovery: 
getting SyncCE from CE_ID
SyncCE=ce204.cern.ch:8443/cream-lsf-grid_cms
>>> info for dashboard:
***** Cat /home/grid/cms667/home_cream_135972047/CREAM135972047/jobreport.txt *****
MonitorJobID=16_https://wms317.cern.ch:9000/acA2oLSqZR-3AW4HTEK0uA
SyncGridJobId=https://wms317.cern.ch:9000/acA2oLSqZR-3AW4HTEK0uA
MonitorID=marfin_crab_0_130904_121619_65f3cv
GridFlavour=LCG
SyncCE=ce204.cern.ch:8443/cream-lsf-grid_cms
***** End Cat jobreport *****
Parameters sent to Dashboard.
>>> setup environment
set SCRAM ARCH to slc5_amd64_gcc462
SCRAM_ARCH = slc5_amd64_gcc462
>>> setup CMS LCG environment:
set SCRAM ARCH and BUILD_ARCH to slc5_amd64_gcc462 ###
Sourcing environment... 
sourcing /afs/cern.ch/project/gd/apps/cms/cmsset_default.sh
==> setup cms environment ok
>>> specific cmssw setup environment:
CMSSW_VERSION =  CMSSW_5_3_11_patch6
>>> current directory (SOFTWARE_DIR): /home/grid/cms667/home_cream_135972047/CREAM135972047/CMSSW_5_3_11_patch6
PreserveSeeds: <>
IncrementSeeds:<>
{"output.root": ""}
WNHostName=lxbsq2006.cern.ch
>>> info for dashboard:
***** Cat /home/grid/cms667/home_cream_135972047/CREAM135972047/jobreport.txt *****
MonitorJobID=16_https://wms317.cern.ch:9000/acA2oLSqZR-3AW4HTEK0uA
MonitorID=marfin_crab_0_130904_121619_65f3cv
WNHostName=lxbsq2006.cern.ch
***** End Cat jobreport *****
Parameters sent to Dashboard.
crabWatchdog started as process 16479
>>> moving CMSSW software directories in /home/grid/cms667/home_cream_135972047/CREAM135972047/CMSSW_5_3_11_patch6
mv: cannot stat `/home/grid/cms667/home_cream_135972047/CREAM135972047/module/': No such file or directory
>>> Include /home/grid/cms667/home_cream_135972047/CREAM135972047 in PYTHONPATH:
PYTHONPATH=/home/grid/cms667/home_cream_135972047/CREAM135972047/:/pool/grid/cms667/home_cream_135972047/CREAM135972047/CMSSW_5_3_11_patch6/python:/pool/grid/cms667/home_cream_135972047/CREAM135972047/CMSSW_5_3_11_patch6/lib/slc5_amd64_gcc462:/afs/cern.ch/cms/slc5_amd64_gcc462/cms/cmssw-patch/CMSSW_5_3_11_patch6/python:/afs/cern.ch/cms/slc5_amd64_gcc462/cms/cmssw-patch/CMSSW_5_3_11_patch6/lib/slc5_amd64_gcc462:/afs/cern.ch/cms/slc5_amd64_gcc462/cms/cmssw/CMSSW_5_3_11/bin/slc5_amd64_gcc462:/afs/cern.ch/cms/slc5_amd64_gcc462/cms/cmssw/CMSSW_5_3_11/lib/slc5_amd64_gcc462:/afs/cern.ch/cms/slc5_amd64_gcc462/cms/coral/CORAL_2_3_21-cms35/slc5_amd64_gcc462/python:/afs/cern.ch/cms/slc5_amd64_gcc462/cms/coral/CORAL_2_3_21-cms35/slc5_amd64_gcc462/lib:/afs/cern.ch/cms/slc5_amd64_gcc462/external/pyqt/4.8.1/lib/python2.6/site-packages:/afs/cern.ch/cms/slc5_amd64_gcc462/external/py2-scipy/0.8.0/lib/python2.6/site-packages:/afs/cern.ch/cms/slc5_amd64_gcc462/external/py2-matplotlib/1.0.1/lib/python2.6/site-packages:/afs/cern.ch/cms/slc5_amd64_gcc462/external/python-ldap/2.3.5/lib/python2.6/site-packages:/afs/cern.ch/cms/slc5_amd64_gcc462/external/sip/4.11.2/lib/python2.6/site-packages:/afs/cern.ch/cms/slc5_amd64_gcc462/external/py2-pycurl/7.19.0/lib/python2.6/site-packages:/afs/cern.ch/cms/slc5_amd64_gcc462/external/py2-numpy/1.6.1/lib/python2.6/site-packages:/afs/cern.ch/cms/slc5_amd64_gcc462/external/py2-ipython/0.10/lib/python2.6/site-packages:/afs/cern.ch/cms/slc5_amd64_gcc462/external/py2-cx-oracle/5.1-cms11/lib/python2.6/site-packages:/afs/cern.ch/cms/slc5_amd64_gcc462/external/py2-cjson/1.0.5/lib/python2.6/site-packages:/afs/cern.ch/cms/slc5_amd64_gcc462/cms/das-client/1.9.5/bin:/afs/cern.ch/cms/slc5_amd64_gcc462/external/elementtree/1.2.6/share/lib/python2.6/site-packages:/afs/cern.ch/cms/slc5_amd64_gcc462/external/rivet/1.8.2/lib/python2.6/site-packages:/afs/cern.ch/cms/slc5_amd64_gcc462/external/pyminuit2/0.0.1-cms39/lib/python2.6/site-packages:/afs/cern.ch/cms/slc5_amd64_gcc462/external/professor/1.0.0-cms40/lib/python2.6/site-packages:/afs/cern.ch/cms/slc5_amd64_gcc462/lcg/root/5.32.00-cms21/lib:/afs/cern.ch/cms/slc5_amd64_gcc462/cms/dbs-client/DBS_2_1_9-cms3/lib:/afs/cern.ch/cms/slc5_amd64_gcc462/cms/dbs-client/DBS_2_1_9-cms3/lib/DBSAPI:/afs/cern.ch/cms/slc5_amd64_gcc462/external/cvs2git/5419/lib:/home/grid/cms667/home_cream_135972047/CREAM135972047/
 
# LIMITS USED BY CRAB WATCHDOG:
# RSS  (KBytes)   : 2300000
# VSZ  (KBytes)   : 100000000
# DISK (MBytes)   : 19000
# CPU TIME        : 720h:0m:0s
# WALL CLOCK TIME : 21h:50m:0s
 
844a175eacc74cc51be2e7d71ca2539e
PSETHASH = 844a175eacc74cc51be2e7d71ca2539e
/home/grid/cms667/home_cream_135972047/CREAM135972047/writeCfg.py pset.py pset.py
Importing .py file
Setting parameters
RandomNumberGeneratorService found, will attempt to change seeds
inputBlocks=/RelValTTbar/CMSSW_5_3_11_patch3-PU_START53_LV2_09Jul2013-v1/GEN-SIM-DIGI-RAW-HLTDEBUG#bc03e9fc-e90e-11e2-95e5-00221959e7c0
inputFiles=/store/relval/CMSSW_5_3_11_patch3/RelValTTbar/GEN-SIM-DIGI-RAW-HLTDEBUG/PU_START53_LV2_09Jul2013-v1/00000/7AA86696-08E9-E211-8D4D-0026189438AE.root;/store/relval/CMSSW_5_3_11_patch3/RelValTTbar/GEN-SIM-DIGI-RAW-HLTDEBUG/PU_START53_LV2_09Jul2013-v1/00000/7063BCB7-08E9-E211-98A6-0026189437FE.root
parentFiles=
lumisRange=
>>> Executable cmsRun
/afs/cern.ch/cms/slc5_amd64_gcc462/cms/cmssw-patch/CMSSW_5_3_11_patch6/bin/slc5_amd64_gcc462/cmsRun
ok executable found
>>> info for dashboard:
***** Cat /home/grid/cms667/home_cream_135972047/CREAM135972047/jobreport.txt *****
MonitorJobID=16_https://wms317.cern.ch:9000/acA2oLSqZR-3AW4HTEK0uA
MonitorID=marfin_crab_0_130904_121619_65f3cv
ExeStart=cmsRun
***** End Cat jobreport *****
Parameters sent to Dashboard.
>>> cmsRun started at Wed Sep  4 10:17:49 UTC 2013
>>> cmsRun ended at Wed Sep  4 10:57:40 UTC 2013
>>> crab_fjr_*.xml  permission set to 0704
>>> info for dashboard:
***** Cat /home/grid/cms667/home_cream_135972047/CREAM135972047/jobreport.txt *****
MonitorJobID=16_https://wms317.cern.ch:9000/acA2oLSqZR-3AW4HTEK0uA
MonitorID=marfin_crab_0_130904_121619_65f3cv
ExeEnd=cmsRun
***** End Cat jobreport *****
Parameters sent to Dashboard.
TIME_EXE = 2391 sec
>>> cmsRun wrote 201 lines of stdout+stderr
>>> START OF printout of 201 lines from stdout+stderr
04-Sep-2013 12:18:30 CEST  Initiating request to open file root://eoscms//eos/cms/store/relval/CMSSW_5_3_11_patch3/RelValTTbar/GEN-SIM-DIGI-RAW-HLTDEBUG/PU_START53_LV2_09Jul2013-v1/00000/7AA86696-08E9-E211-8D4D-0026189438AE.root?svcClass=default
130904 12:18:30 16684 Xrd: GoToAnotherServer: Going to: lxfsre64c03.cern.ch:1095
04-Sep-2013 12:18:33 CEST  Successfully opened file root://eoscms//eos/cms/store/relval/CMSSW_5_3_11_patch3/RelValTTbar/GEN-SIM-DIGI-RAW-HLTDEBUG/PU_START53_LV2_09Jul2013-v1/00000/7AA86696-08E9-E211-8D4D-0026189438AE.root?svcClass=default
%MSG-w SiStripQuality:  EventSetupRecordDataGetter:hltGetConditions@beginRun  04-Sep-2013 12:19:31 CEST Run: 1
The cabling should always include the active feds in runInfo and possibly have some morethere are instead 59 feds only active in runInfo
%MSG
Begin processing the 1st record. Run 1, Event 4050, LumiSection 81 at 04-Sep-2013 12:19:49.384 CEST
DTTSPhi::addTracoT: preview not present in TRACO trigger or its code=0  trigger not added!
DTTSPhi::addTracoT: preview not present in TRACO trigger or its code=0  trigger not added!
DTTSPhi::addTracoT: preview not present in TRACO trigger or its code=0  trigger not added!
Begin processing the 101st record. Run 1, Event 4250, LumiSection 85 at 04-Sep-2013 12:27:39.905 CEST
DTTSPhi::addTracoT: preview not present in TRACO trigger or its code=0  trigger not added!
DTTSPhi::addTracoT: preview not present in TRACO trigger or its code=0  trigger not added!
%MSG-w Muon:  L3MuonProducer:hltL3MuonsOIHit 04-Sep-2013 12:31:25 CEST  Run: 1 Event: 4497
Propagation to the PCA using TSCPBuilderNoMaterial failed! This can cause a severe bug.
%MSG
%MSG-w RecoMuon:  L3MuonProducer:hltL3MuonsOIHit 04-Sep-2013 12:31:25 CEST  Run: 1 Event: 4497
Propagation to the PCA using TSCPBuilderNoMaterial failed! This can cause a severe bug.
%MSG
%MSG-w MuonUpdatorAtVertex:  L3MuonProducer:hltL3MuonsOIHit  04-Sep-2013 12:31:25 CEST Run: 1 Event: 4497
Propagation to the PCA using TSCPBuilderNoMaterial failed! This can cause a severe bug.
%MSG
04-Sep-2013 12:31:45 CEST  Closed file root://eoscms//eos/cms/store/relval/CMSSW_5_3_11_patch3/RelValTTbar/GEN-SIM-DIGI-RAW-HLTDEBUG/PU_START53_LV2_09Jul2013-v1/00000/7AA86696-08E9-E211-8D4D-0026189438AE.root?svcClass=default
04-Sep-2013 12:31:45 CEST  Initiating request to open file root://eoscms//eos/cms/store/relval/CMSSW_5_3_11_patch3/RelValTTbar/GEN-SIM-DIGI-RAW-HLTDEBUG/PU_START53_LV2_09Jul2013-v1/00000/7063BCB7-08E9-E211-98A6-0026189437FE.root?svcClass=default
130904 12:31:45 16684 Xrd: GoToAnotherServer: Going to: lxfsre07a06.cern.ch:1095
04-Sep-2013 12:31:46 CEST  Successfully opened file root://eoscms//eos/cms/store/relval/CMSSW_5_3_11_patch3/RelValTTbar/GEN-SIM-DIGI-RAW-HLTDEBUG/PU_START53_LV2_09Jul2013-v1/00000/7063BCB7-08E9-E211-98A6-0026189437FE.root?svcClass=default
DTTSPhi::addTracoT: preview not present in TRACO trigger or its code=0  trigger not added!
DTTSPhi::addTracoT: preview not present in TRACO trigger or its code=0  trigger not added!
Begin processing the 201st record. Run 1, Event 4550, LumiSection 91 at 04-Sep-2013 12:35:33.734 CEST
130904 12:37:00 16684 Xrd: XrdClientMessage::ReadRaw: Failed to read header (8 bytes).
%MSG-w BasicTrajectoryState:   ElectronSeedProducer:hltActivityStartUpElectronPixelSeeds  04-Sep-2013 12:42:53 CEST Run: 1 Event: 4789
local error not pos-def
[            1           0           0           0           0
             0-8.68084e-17 9.96148e-16-2.81978e-08 3.82026e-08
             0 9.96148e-16 1.99428e-14 3.48102e-08 7.48446e-07
             0-2.81978e-08 3.48102e-08     2.42449     1.26082
             0 3.82026e-08 7.48446e-07     1.26082     28.1288 ]
%MSG
%MSG-w BasicTrajectoryState:   ElectronSeedProducer:hltActivityStartUpElectronPixelSeeds  04-Sep-2013 12:42:53 CEST Run: 1 Event: 4789
curv error not pos-def
[            1           0           0           0           0
             0 1.99921e-14 2.23154e-11-1.91643e-09 7.50158e-07
             0 2.23154e-11-2.85461e-05  -0.0136975 0.000675934
             0-1.91643e-09  -0.0136975     2.36288   0.0450564
             0 7.50158e-07 0.000675934   0.0450564     28.1904 ]
%MSG
%MSG-w BasicTrajectoryState:   ElectronSeedProducer:hltL1IsoStartUpElectronPixelSeeds  04-Sep-2013 12:42:53 CEST Run: 1 Event: 4789
local error not pos-def
[            1           0           0           0           0
             0-8.68084e-17 9.96148e-16-2.81978e-08 3.82026e-08
             0 9.96148e-16 1.99428e-14 3.48102e-08 7.48446e-07
             0-2.81978e-08 3.48102e-08     2.42449     1.26082
             0 3.82026e-08 7.48446e-07     1.26082     28.1288 ]
%MSG
%MSG-w BasicTrajectoryState:   ElectronSeedProducer:hltL1IsoStartUpElectronPixelSeeds  04-Sep-2013 12:42:53 CEST Run: 1 Event: 4789
curv error not pos-def
[            1           0           0           0           0
             0 1.99921e-14 2.23154e-11-1.91643e-09 7.50158e-07
             0 2.23154e-11-2.85461e-05  -0.0136975 0.000675934
             0-1.91643e-09  -0.0136975     2.36288   0.0450564
             0 7.50158e-07 0.000675934   0.0450564     28.1904 ]
%MSG
Begin processing the 301st record. Run 1, Event 4800, LumiSection 96 at 04-Sep-2013 12:43:55.826 CEST
DTTSPhi::addTracoT: preview not present in TRACO trigger or its code=0  trigger not added!
DTTSPhi::addTracoT: preview not present in TRACO trigger or its code=0  trigger not added!
130904 12:51:59 16684 Xrd: XrdClientMessage::ReadRaw: Failed to read header (8 bytes).
Begin processing the 401st record. Run 1, Event 5200, LumiSection 104 at 04-Sep-2013 12:52:03.288 CEST
DTTSPhi::addTracoT: preview not present in TRACO trigger or its code=0  trigger not added!
DTTSPhi::addTracoT: preview not present in TRACO trigger or its code=0  trigger not added!
DTTSPhi::addTracoT: preview not present in TRACO trigger or its code=0  trigger not added!
DTTSPhi::addTracoT: preview not present in TRACO trigger or its code=0  trigger not added!
%MSG-w BasicTrajectoryState:   ElectronSeedProducer:hltL1NonIsoStartUpElectronPixelSeeds  04-Sep-2013 12:56:51 CEST Run: 1 Event: 5514
curv error not pos-def
[            1           0           0         nan         nan
             0           1           0         nan         nan
             0           0           1         nan         nan
           nan         nan         nan         nan         nan
           nan         nan         nan         nan         nan ]
%MSG
%MSG-w BasicTrajectoryState:   ElectronSeedProducer:hltL1NonIsoStartUpElectronPixelSeeds  04-Sep-2013 12:56:51 CEST Run: 1 Event: 5514
local error not pos-def
[          nan         nan         nan         nan         nan
           nan         nan         nan         nan         nan
           nan         nan         nan         nan         nan
           nan         nan         nan         nan         nan
           nan         nan         nan         nan         nan ]
%MSG
%MSG-w BasicTrajectoryState:   ElectronSeedProducer:hltL1NonIsoStartUpElectronPixelSeeds  04-Sep-2013 12:56:51 CEST Run: 1 Event: 5514
local error not pos-def
[          nan         nan         nan         nan         nan
           nan         nan         nan         nan         nan
           nan         nan         nan         nan         nan
           nan         nan         nan         nan         nan
           nan         nan         nan         nan         nan ]
%MSG
%MSG-w BasicTrajectoryState:   ElectronSeedProducer:hltL1NonIsoStartUpElectronPixelSeeds  04-Sep-2013 12:56:51 CEST Run: 1 Event: 5514
curv error not pos-def
[          nan         nan         nan         nan         nan
           nan         nan         nan         nan         nan
           nan         nan         nan         nan         nan
           nan         nan         nan         nan         nan
           nan         nan         nan         nan         nan ]
%MSG
%MSG-w BasicTrajectoryState:   ElectronSeedProducer:hltL1NonIsoStartUpElectronPixelSeeds  04-Sep-2013 12:56:51 CEST Run: 1 Event: 5514
curv error not pos-def
[          nan         nan         nan         nan         nan
           nan         nan         nan         nan         nan
           nan         nan         nan         nan         nan
           nan         nan         nan         nan         nan
           nan         nan         nan         nan         nan ]
%MSG
%MSG-w BasicTrajectoryState:   ElectronSeedProducer:hltL1NonIsoStartUpElectronPixelSeeds  04-Sep-2013 12:56:51 CEST Run: 1 Event: 5514
local error not pos-def
[          nan         nan         nan         nan         nan
           nan         nan         nan         nan         nan
           nan         nan         nan         nan         nan
           nan         nan         nan         nan         nan
           nan         nan         nan         nan         nan ]
%MSG
%MSG-w BasicTrajectoryState:   ElectronSeedProducer:hltActivityStartUpElectronPixelSeeds  04-Sep-2013 12:56:51 CEST Run: 1 Event: 5514
curv error not pos-def
[            1           0           0         nan         nan
             0           1           0         nan         nan
             0           0           1         nan         nan
           nan         nan         nan         nan         nan
           nan         nan         nan         nan         nan ]
%MSG
%MSG-w BasicTrajectoryState:   ElectronSeedProducer:hltActivityStartUpElectronPixelSeeds  04-Sep-2013 12:56:51 CEST Run: 1 Event: 5514
local error not pos-def
[          nan         nan         nan         nan         nan
           nan         nan         nan         nan         nan
           nan         nan         nan         nan         nan
           nan         nan         nan         nan         nan
           nan         nan         nan         nan         nan ]
%MSG
%MSG-w BasicTrajectoryState:   ElectronSeedProducer:hltActivityStartUpElectronPixelSeeds  04-Sep-2013 12:56:51 CEST Run: 1 Event: 5514
local error not pos-def
[          nan         nan         nan         nan         nan
           nan         nan         nan         nan         nan
           nan         nan         nan         nan         nan
           nan         nan         nan         nan         nan
           nan         nan         nan         nan         nan ]
%MSG
%MSG-w BasicTrajectoryState:   ElectronSeedProducer:hltActivityStartUpElectronPixelSeeds  04-Sep-2013 12:56:51 CEST Run: 1 Event: 5514
curv error not pos-def
[          nan         nan         nan         nan         nan
           nan         nan         nan         nan         nan
           nan         nan         nan         nan         nan
           nan         nan         nan         nan         nan
           nan         nan         nan         nan         nan ]
%MSG
%MSG-w BasicTrajectoryState:   ElectronSeedProducer:hltActivityStartUpElectronPixelSeeds  04-Sep-2013 12:56:51 CEST Run: 1 Event: 5514
curv error not pos-def
[          nan         nan         nan         nan         nan
           nan         nan         nan         nan         nan
           nan         nan         nan         nan         nan
           nan         nan         nan         nan         nan
           nan         nan         nan         nan         nan ]
%MSG
%MSG-w BasicTrajectoryState:   ElectronSeedProducer:hltActivityStartUpElectronPixelSeeds  04-Sep-2013 12:56:51 CEST Run: 1 Event: 5514
local error not pos-def
[          nan         nan         nan         nan         nan
           nan         nan         nan         nan         nan
           nan         nan         nan         nan         nan
           nan         nan         nan         nan         nan
           nan         nan         nan         nan         nan ]
%MSG
04-Sep-2013 12:57:27 CEST  Closed file root://eoscms//eos/cms/store/relval/CMSSW_5_3_11_patch3/RelValTTbar/GEN-SIM-DIGI-RAW-HLTDEBUG/PU_START53_LV2_09Jul2013-v1/00000/7063BCB7-08E9-E211-98A6-0026189437FE.root?svcClass=default

=============================================

MessageLogger Summary

 type     category        sev    module        subroutine        count    total
 ---- -------------------- -- ---------------- ----------------  -----    -----
    1 BasicTrajectoryState -w ElectronSeedProd                       8        8
    2 BasicTrajectoryState -w ElectronSeedProd                       2        2
    3 BasicTrajectoryState -w ElectronSeedProd                       6        6
    4 Muon                 -w L3MuonProducer:h                       1        1
    5 MuonUpdatorAtVertex  -w L3MuonProducer:h                       1        1
    6 RecoMuon             -w L3MuonProducer:h                       1        1
    7 SiStripQuality       -w EventSetupRecord                       1        1
    8 fileAction           -s file_close                             2        2
    9 fileAction           -s file_open                              4        4

 type    category    Examples: run/evt        run/evt          run/evt
 ---- -------------------- ---------------- ---------------- ----------------
    1 BasicTrajectoryState 1/4789           1/4789           1/5514
    2 BasicTrajectoryState 1/4789           1/4789           
    3 BasicTrajectoryState 1/5514           1/5514           1/5514
    4 Muon                 1/4497                            
    5 MuonUpdatorAtVertex  1/4497                            
    6 RecoMuon             1/4497                            
    7 SiStripQuality       Run: 1                            
    8 fileAction           PostProcessEvent PostEndRun       
    9 fileAction           pre-events       pre-events       PostProcessEvent

Severity    # Occurrences   Total Occurrences
--------    -------------   -----------------
Warning                20                  20
System                  6                   6
>>> END OF printout of 201 lines from stdout+stderr
>>> Parse FrameworkJobReport crab_fjr.xml
Result of parsing the FrameworkJobReport crab_fjr.xml: Popularity start
lumisRange : 1::81,83,85,90::1;1::91,93,96-97,104,109,111::2;
lumisParentRange : 
Basename : /store/relval/CMSSW_5_3_11_patch3/RelValTTbar/GEN-SIM-DIGI-RAW-HLTDEBUG/PU_START53_LV2_09Jul2013-v1/00000/7
BasenameParent : 
parentFiles : 
inputBlocks : /RelValTTbar/CMSSW_5_3_11_patch3-PU_START53_LV2_09Jul2013-v1/GEN-SIM-DIGI-RAW-HLTDEBUG#bc03e9fc-e90e-11e2-95e5-00221959e7c0
inputFiles : AA86696-08E9-E211-8D4D-0026189438AE.root::1::EDM::Local::1;063BCB7-08E9-E211-98A6-0026189437FE.root::1::EDM::Local::2;
Popularity stop
Extracted ExitStatus from FrameworkJobReport parsing output: 0
>>> Executable succeded  0
ExeExitCode=0
EXECUTABLE_EXIT_STATUS = 0
>>> current directory /home/grid/cms667/home_cream_135972047/CREAM135972047/CMSSW_5_3_11_patch6
>>>  (SOFTWARE_DIR): /home/grid/cms667/home_cream_135972047/CREAM135972047/CMSSW_5_3_11_patch6
>>> (WORKING_DIR): 
>>> current directory content:
total 4247344
drwxr-xr-x 3 cms667 zh       4096 Sep  4 12:17 .SCRAM
-rw------- 1 cms667 zh    3842683 Sep  4 12:17 CMSSW.py.pkl
drwxr-xr-x 3 cms667 zh       4096 Sep  4 12:17 bin
drwxr-xr-x 3 cms667 zh       4096 Sep  4 12:17 cfipython
drwxr-xr-x 4 cms667 zh       4096 Sep  4 12:17 config
-rw------- 1 cms667 zh         18 Sep  4 12:57 cpu_timing.txt
drwxr-xr-x 2 cms667 zh       4096 Sep  4 12:17 doc
-rw------- 1 cms667 zh      13828 Sep  4 12:57 executable.out
drwxr-xr-x 2 cms667 zh       4096 Sep  4 12:17 include
drwx------ 3 cms667 zh       4096 Aug 26 18:31 lib
drwxr-xr-x 3 cms667 zh       4096 Sep  4 12:17 logs
drwxr-xr-x 3 cms667 zh       4096 Sep  4 12:17 objs
-rw------- 1 cms667 zh 4337154274 Sep  4 12:57 output.root
-rw------- 1 cms667 zh        104 Sep  4 12:17 pset.py
-rw------- 1 cms667 zh    3843511 Sep  4 12:17 pset.py.pkl
-rw------- 1 cms667 zh        289 Sep  4 12:17 pset.pyc
drwxr-xr-x 2 cms667 zh       4096 Sep  4 12:17 python
-rw------- 1 cms667 zh        440 Sep  4 12:57 report.log
drwx------ 5 cms667 zh       4096 Sep  4 12:17 src
drwxr-xr-x 3 cms667 zh       4096 Sep  4 12:17 test
drwxr-xr-x 3 cms667 zh       4096 Sep  4 12:17 tmp
>>> current directory /home/grid/cms667/home_cream_135972047/CREAM135972047/CMSSW_5_3_11_patch6
>>> (SOFTWARE_DIR): /home/grid/cms667/home_cream_135972047/CREAM135972047/CMSSW_5_3_11_patch6
>>> (WORKING_DIR): 
>>> current directory content:
total 4247344
drwxr-xr-x 3 cms667 zh       4096 Sep  4 12:17 .SCRAM
-rw------- 1 cms667 zh    3842683 Sep  4 12:17 CMSSW.py.pkl
drwxr-xr-x 3 cms667 zh       4096 Sep  4 12:17 bin
drwxr-xr-x 3 cms667 zh       4096 Sep  4 12:17 cfipython
drwxr-xr-x 4 cms667 zh       4096 Sep  4 12:17 config
-rw------- 1 cms667 zh         18 Sep  4 12:57 cpu_timing.txt
drwxr-xr-x 2 cms667 zh       4096 Sep  4 12:17 doc
-rw------- 1 cms667 zh      13828 Sep  4 12:57 executable.out
drwxr-xr-x 2 cms667 zh       4096 Sep  4 12:17 include
drwx------ 3 cms667 zh       4096 Aug 26 18:31 lib
drwxr-xr-x 3 cms667 zh       4096 Sep  4 12:17 logs
drwxr-xr-x 3 cms667 zh       4096 Sep  4 12:17 objs
-rw------- 1 cms667 zh 4337154274 Sep  4 12:57 output_16_1_J2O.root
-rw------- 1 cms667 zh        104 Sep  4 12:17 pset.py
-rw------- 1 cms667 zh    3843511 Sep  4 12:17 pset.py.pkl
-rw------- 1 cms667 zh        289 Sep  4 12:17 pset.pyc
drwxr-xr-x 2 cms667 zh       4096 Sep  4 12:17 python
-rw------- 1 cms667 zh        440 Sep  4 12:57 report.log
drwx------ 5 cms667 zh       4096 Sep  4 12:17 src
drwxr-xr-x 3 cms667 zh       4096 Sep  4 12:17 test
drwxr-xr-x 3 cms667 zh       4096 Sep  4 12:17 tmp
>>> current directory (RUNTIME_AREA):  /home/grid/cms667/home_cream_135972047/CREAM135972047
SE = srm-cms.cern.ch
SE_PATH = /srm/managerv2?SFN=/castor/cern.ch/user/m/marfin//53xRelVal2011Redigi/
LFNBaseName = /53xRelVal2011Redigi/marfin/RelValTTbar/53xRelVal2011Redigi/844a175eacc74cc51be2e7d71ca2539e/
USER = marfin
endpoint = srm://srm-cms.cern.ch:8443/srm/managerv2?SFN=/castor/cern.ch/user/m/marfin//53xRelVal2011Redigi/marfin/RelValTTbar/53xRelVal2011Redigi/844a175eacc74cc51be2e7d71ca2539e/
>>> Copy output files from WN = lxbsq2006.cern.ch to /srm/managerv2?SFN=/castor/cern.ch/user/m/marfin//53xRelVal2011Redigi/ :
python cmscp.py  --destination srm://srm-cms.cern.ch:8443/srm/managerv2?SFN=/castor/cern.ch/user/m/marfin//53xRelVal2011Redigi/marfin/RelValTTbar/53xRelVal2011Redigi/844a175eacc74cc51be2e7d71ca2539e/ --inputFileList /home/grid/cms667/home_cream_135972047/CREAM135972047/CMSSW_5_3_11_patch6/output_16_1_J2O.root --middleware LCG --se_name srm-cms.cern.ch --for_lfn /53xRelVal2011Redigi/marfin/RelValTTbar/53xRelVal2011Redigi/844a175eacc74cc51be2e7d71ca2539e/    
******************************************************
localSeName  =  srm-eoscms.cern.ch
remoteSeName =  srm-cms.cern.ch
******************************************************
{"/home/grid/cms667/home_cream_135972047/CREAM135972047/CMSSW_5_3_11_patch6/output_16_1_J2O.root": {"endpoint": "srm://srm-cms.cern.ch:8443/srm/managerv2?SFN=/castor/cern.ch/user/m/marfin//53xRelVal2011Redigi/marfin/RelValTTbar/53xRelVal2011Redigi/844a175eacc74cc51be2e7d71ca2539e/", "surl_for_grid": "", "reason": "Copy succedeed with srm-lcg utils", "erCode": "0", "se_name": "srm-cms.cern.ch", "for_lfn": "/53xRelVal2011Redigi/marfin/RelValTTbar/53xRelVal2011Redigi/844a175eacc74cc51be2e7d71ca2539e/"}}/home/grid/cms667/home_cream_135972047/CREAM135972047
-------- cat /home/grid/cms667/home_cream_135972047/CREAM135972047/cmscpReport.sh 
#!/bin/bash
echo "Report for File: /home/grid/cms667/home_cream_135972047/CREAM135972047/CMSSW_5_3_11_patch6/output_16_1_J2O.root"
echo "LFN: /53xRelVal2011Redigi/marfin/RelValTTbar/53xRelVal2011Redigi/844a175eacc74cc51be2e7d71ca2539e/output_16_1_J2O.root"
echo "StorageElement: srm-cms.cern.ch"
echo "StageOutExitStatusReason = 'Copy succedeed with srm-lcg utils'" | tee -a $RUNTIME_AREA/$repo
echo "StageOutSE = srm-cms.cern.ch" >> $RUNTIME_AREA/$repo

export StageOutExitStatus=0
echo "StageOutExitStatus = 0" | tee -a $RUNTIME_AREA/$repo
-------- end of /home/grid/cms667/home_cream_135972047/CREAM135972047/cmscpReport.sh 
Report for File: /home/grid/cms667/home_cream_135972047/CREAM135972047/CMSSW_5_3_11_patch6/output_16_1_J2O.root
LFN: /53xRelVal2011Redigi/marfin/RelValTTbar/53xRelVal2011Redigi/844a175eacc74cc51be2e7d71ca2539e/output_16_1_J2O.root
StorageElement: srm-cms.cern.ch
StageOutExitStatusReason = 'Copy succedeed with srm-lcg utils'
StageOutExitStatus = 0
>>> current dir: /home/grid/cms667/home_cream_135972047/CREAM135972047
>>> current dir content:
total 6256
-rwx------  1 cms667 zh   13669 Sep  4 12:17 .BrokerInfo
-rw-------  1 cms667 zh    4961 Sep  4 13:39 .SEinteraction.log
-rwx------  1 cms667 zh       0 Sep  4 12:17 .tmp_file
-rw-------  1 cms667 zh     105 Sep  4 12:16 CMSSW.py
-rw-------  1 cms667 zh 3842683 Sep  4 12:16 CMSSW.py.pkl
-rwx------  1 cms667 zh   27957 Sep  4 12:17 CMSSW.sh
-rwx------  1 cms667 zh       0 Sep  4 12:17 CMSSW_16.stderr
-rwx---r--  1 cms667 zh   28349 Sep  4 13:39 CMSSW_16.stdout
drwxr-xr-x 15 cms667 zh    4096 Sep  4 12:57 CMSSW_5_3_11_patch6
-rw-------  1 cms667 zh     484 Sep  4 12:17 CacheEnv.sh
-rw-------  1 cms667 zh    7291 Jun  9  2010 DashboardAPI.py
-rw-------  1 cms667 zh    6493 Sep  4 12:17 DashboardAPI.pyc
drwx------  3 cms667 zh    4096 Aug 20 17:36 IMProv
-rw-------  1 cms667 zh    2748 Mar  8  2006 Logger.py
-rw-------  1 cms667 zh    3223 Sep  4 12:17 Logger.pyc
-rw-------  1 cms667 zh   24524 Mar 28  2008 ProcInfo.py
-rw-------  1 cms667 zh   22846 Sep  4 12:17 ProcInfo.pyc
drwx------  7 cms667 zh    4096 Sep  4 12:17 ProdCommon
drwx------  3 cms667 zh    4096 Sep  4 12:17 WMCore
-rw-------  1 cms667 zh    5784 Sep  4 12:57 Watchdog_16.log
-rw-------  1 cms667 zh   32895 Mar 28  2008 apmon.py
-rw-------  1 cms667 zh   28120 Sep  4 12:17 apmon.pyc
-rwx------  1 cms667 zh   10416 Sep  4 12:17 arguments.xml
-rwx------  1 cms667 zh   38507 Aug  6 23:12 cmscp.py
-rw-------  1 cms667 zh     542 Sep  4 13:39 cmscpReport.sh
-rw-------  1 cms667 zh     633 Sep  4 12:16 crab.cfg
-rwx------  1 cms667 zh    8610 Apr  2 15:44 crabWatchdog.sh
-rwx---r--  1 cms667 zh  781903 Sep  4 12:57 crab_fjr_16.xml
-rwx------  1 cms667 zh 1216220 Sep  4 12:17 default.tgz
-rwx------  1 cms667 zh    4488 May 12  2012 fillCrabFjr.py
-rw-------  1 cms667 zh     468 Sep  4 12:17 inputsReport.txt
-rw-------  1 cms667 zh     254 Sep  4 13:39 jobreport.txt
lrwxrwxrwx  1 cms667 zh      94 Sep  4 12:57 output.root -> /home/grid/cms667/home_cream_135972047/CREAM135972047/CMSSW_5_3_11_patch6/output_16_1_J2O.root
-rw-------  1 cms667 zh   17352 Jan 20  2012 parseCrabFjr.py
-rw-------  1 cms667 zh     265 Sep  4 12:17 report.log
-rwx--x--x  1 cms667 zh    1497 May 27  2009 report.py
-rw-------  1 cms667 zh     505 Sep  4 13:39 resultCopyFile
-rwx------  1 cms667 zh    8387 Mar 23  2011 writeCfg.py
>>> Modify Job Report:
CMSSW_VERSION = CMSSW_5_3_11_patch6
ProcessedDataset = 53xRelVal2011Redigi
/home/grid/cms667/home_cream_135972047/CREAM135972047/ProdCommon/FwkJobRep/ModifyJobReport.py fjr /home/grid/cms667/home_cream_135972047/CREAM135972047/crab_fjr_16.xml json /home/grid/cms667/home_cream_135972047/CREAM135972047/resultCopyFile n_job 16_1_J2O PrimaryDataset RelValTTbar  ApplicationFamily cmsRun ApplicationName cmsRun cmssw_version CMSSW_5_3_11_patch6 psethash 844a175eacc74cc51be2e7d71ca2539e UserProcessedDataset marfin-53xRelVal2011Redigi-844a175eacc74cc51be2e7d71ca2539e
inputDict =  {u'/home/grid/cms667/home_cream_135972047/CREAM135972047/CMSSW_5_3_11_patch6/output_16_1_J2O.root': {u'endpoint': u'srm://srm-cms.cern.ch:8443/srm/managerv2?SFN=/castor/cern.ch/user/m/marfin//53xRelVal2011Redigi/marfin/RelValTTbar/53xRelVal2011Redigi/844a175eacc74cc51be2e7d71ca2539e/', u'surl_for_grid': u'', u'reason': u'Copy succedeed with srm-lcg utils', u'erCode': u'0', u'se_name': u'srm-cms.cern.ch', u'for_lfn': u'/53xRelVal2011Redigi/marfin/RelValTTbar/53xRelVal2011Redigi/844a175eacc74cc51be2e7d71ca2539e/'}}
diz_filter =  {u'output.root': u''}
UserProcessedDataset =  marfin-53xRelVal2011Redigi-844a175eacc74cc51be2e7d71ca2539e
file_name in inputDict =  /home/grid/cms667/home_cream_135972047/CREAM135972047/CMSSW_5_3_11_patch6/output_16_1_J2O.root
(size) os.stat(filename)[6] =  4337154274
checksum =  67869234
filter =  
    file =  output_16_1_J2O.root
    newPfn =  srm://srm-cms.cern.ch:8443/srm/managerv2?SFN=/castor/cern.ch/user/m/marfin//53xRelVal2011Redigi/marfin/RelValTTbar/53xRelVal2011Redigi/844a175eacc74cc51be2e7d71ca2539e/output_16_1_J2O.root
    newLfn =  /53xRelVal2011Redigi/marfin/RelValTTbar/53xRelVal2011Redigi/844a175eacc74cc51be2e7d71ca2539e/output_16_1_J2O.root
>>> crab_fjr_*.xml  permission set to 0704
Checking output files:  
will tar file crab_fjr_16.xml in  out_files_16
will tar file CMSSW_16.stdout in  out_files_16
will tar file CMSSW_16.stderr in  out_files_16
WARNING: output file Watchdog_16.log.gz not found!
>>> padding time: Wrapper lasting more than 600 seconds. No sleep required.
STOPPING WATCHDOG. CrabWatchdog PID is 16479
********** LAST 50 LINES OF WATCHDOG LOG
 Sep 04 12:21:33 CEST	16684	1857984	2313096	68	128	243	cmsRun -j /home/grid/cms667/home_cream_135972047/CREAM135972047/crab_fjr_16.xml -p pset.py      
 Sep 04 12:21:33 CEST	---	1857984	2313096	163	----	----	----
 Sep 04 12:22:34 CEST	16684	1858152	2313096	163	183	303	cmsRun -j /home/grid/cms667/home_cream_135972047/CREAM135972047/crab_fjr_16.xml -p pset.py      
 Sep 04 12:22:34 CEST	---	1858152	2313096	287	----	----	----
 Sep 04 12:23:34 CEST	---	1858152	2313096	398	----	----	----
 Sep 04 12:24:35 CEST	16684	1864884	2313096	398	295	424	cmsRun -j /home/grid/cms667/home_cream_135972047/CREAM135972047/crab_fjr_16.xml -p pset.py      
 Sep 04 12:24:35 CEST	---	1864884	2313096	528	----	----	----
 Sep 04 12:25:35 CEST	---	1864884	2313096	644	----	----	----
 Sep 04 12:26:36 CEST	16684	1875928	2313096	644	410	545	cmsRun -j /home/grid/cms667/home_cream_135972047/CREAM135972047/crab_fjr_16.xml -p pset.py      
 Sep 04 12:26:36 CEST	---	1875928	2313096	761	----	----	----
 Sep 04 12:27:36 CEST	16684	1877768	2313096	761	467	605	cmsRun -j /home/grid/cms667/home_cream_135972047/CREAM135972047/crab_fjr_16.xml -p pset.py      
 Sep 04 12:27:36 CEST	---	1877768	2313096	876	----	----	----
 Sep 04 12:28:36 CEST	16684	1899236	2329740	876	526	666	cmsRun -j /home/grid/cms667/home_cream_135972047/CREAM135972047/crab_fjr_16.xml -p pset.py      
 Sep 04 12:28:36 CEST	---	1899236	2329740	988	----	----	----
 Sep 04 12:29:37 CEST	---	1899236	2329740	1094	----	----	----
 Sep 04 12:30:37 CEST	---	1899236	2329740	1203	----	----	----
 Sep 04 12:31:38 CEST	16684	1900616	2331532	1203	700	847	cmsRun -j /home/grid/cms667/home_cream_135972047/CREAM135972047/crab_fjr_16.xml -p pset.py      
 Sep 04 12:31:38 CEST	---	1900616	2331532	1324	----	----	----
 Sep 04 12:32:38 CEST	---	1900616	2331532	1427	----	----	----
 Sep 04 12:33:39 CEST	---	1900616	2331532	1538	----	----	----
 Sep 04 12:34:39 CEST	---	1900616	2331532	1650	----	----	----
 Sep 04 12:35:40 CEST	16684	1900616	2333584	1650	928	1089	cmsRun -j /home/grid/cms667/home_cream_135972047/CREAM135972047/crab_fjr_16.xml -p pset.py      
 Sep 04 12:35:40 CEST	---	1900616	2333584	1765	----	----	----
 Sep 04 12:36:40 CEST	16684	1900616	2342544	1765	985	1150	cmsRun -j /home/grid/cms667/home_cream_135972047/CREAM135972047/crab_fjr_16.xml -p pset.py      
 Sep 04 12:36:40 CEST	---	1900616	2342544	1878	----	----	----
 Sep 04 12:37:41 CEST	16684	1913904	2359696	1878	1042	1210	cmsRun -j /home/grid/cms667/home_cream_135972047/CREAM135972047/crab_fjr_16.xml -p pset.py      
 Sep 04 12:37:41 CEST	---	1913904	2359696	1975	----	----	----
 Sep 04 12:38:41 CEST	---	1913904	2359696	2087	----	----	----
 Sep 04 12:39:42 CEST	16684	1927140	2387856	2087	1158	1331	cmsRun -j /home/grid/cms667/home_cream_135972047/CREAM135972047/crab_fjr_16.xml -p pset.py      
 Sep 04 12:39:42 CEST	---	1927140	2387856	2194	----	----	----
 Sep 04 12:40:42 CEST	16684	1937116	2396816	2194	1217	1393	cmsRun -j /home/grid/cms667/home_cream_135972047/CREAM135972047/crab_fjr_16.xml -p pset.py      
 Sep 04 12:40:42 CEST	---	1937116	2396816	2300	----	----	----
 Sep 04 12:41:44 CEST	---	1937116	2396816	2408	----	----	----
 Sep 04 12:42:44 CEST	---	1937116	2396816	2515	----	----	----
 Sep 04 12:43:45 CEST	---	1937116	2396816	2614	----	----	----
 Sep 04 12:44:45 CEST	---	1937116	2396816	2701	----	----	----
 Sep 04 12:45:46 CEST	---	1937116	2396816	2795	----	----	----
 Sep 04 12:46:47 CEST	---	1937116	2396816	2902	----	----	----
 Sep 04 12:47:47 CEST	---	1937116	2396816	3015	----	----	----
 Sep 04 12:48:47 CEST	---	1937116	2396816	3126	----	----	----
 Sep 04 12:49:48 CEST	16684	2038348	2488464	3126	1735	1937	cmsRun -j /home/grid/cms667/home_cream_135972047/CREAM135972047/crab_fjr_16.xml -p pset.py      
 Sep 04 12:49:48 CEST	---	2038348	2488464	3239	----	----	----
 Sep 04 12:50:48 CEST	---	2038348	2488464	3348	----	----	----
 Sep 04 12:51:49 CEST	---	2038348	2488464	3462	----	----	----
 Sep 04 12:52:49 CEST	---	2038348	2488464	3576	----	----	----
 Sep 04 12:53:50 CEST	---	2038348	2488464	3696	----	----	----
 Sep 04 12:54:50 CEST	---	2038348	2488464	3830	----	----	----
 Sep 04 12:55:51 CEST	---	2038348	2488464	3950	----	----	----
 Sep 04 12:56:51 CEST	---	2038348	2488464	4069	----	----	----
 Sep 04 12:57:52 CEST	---	2038348	2488464	4163	----	----	----
********** WATCHDOG LOG ENDED
ZIPPING WATCHDOG LOG
Disk space used:
du -sh /home/grid/cms667/home_cream_135972047/CREAM135972047
4.1G	/home/grid/cms667/home_cream_135972047/CREAM135972047
Found unusual stderr, rename for OSB
`/pool/grid/cms667/home_cream_135972047/CREAM135972047/CMSSW_16.stdout' -> `CMSSW_16.stderr'
crab_fjr_16.xml
CMSSW_16.stdout
CMSSW_16.stderr
Watchdog_16.log.gz
Total Output dimension: 78578
WARNING: output files size limit is set to: 55000000
Total Output dimension 78578 is fine.
JOB_EXIT_STATUS = 0
>>> info for dashboard:
***** Cat /home/grid/cms667/home_cream_135972047/CREAM135972047/jobreport.txt *****
MonitorJobID=16_https://wms317.cern.ch:9000/acA2oLSqZR-3AW4HTEK0uA
MonitorID=marfin_crab_0_130904_121619_65f3cv
ExeTime=2391
ExeExitCode=0
StageOutExitStatusReason = 'Copy succedeed with srm-lcg utils'
StageOutSE = srm-cms.cern.ch
StageOutExitStatus = 0
CrabUserCpuTime=2128.49
CrabSysCpuTime=57.15
CrabCpuPercentage=91%
CrabWrapperTime=4943
CrabStageoutTime=2496
JobExitCode=0
***** End Cat jobreport *****
Parameters sent to Dashboard.
crab_fjr_16.xml
