This script was generated by crab (version 2.9.0).
Running ./CMSSW.sh with 2 positional parameters: 13 1
Today is Wed Sep  4 12:17:31 CEST 2013
Job submitted on host lxbsq2002.cern.ch
Linux lxbsq2002.cern.ch 2.6.18-308.24.1.el5 #1 SMP Wed Dec 5 09:45:59 CET 2012 x86_64 x86_64 x86_64 GNU/Linux
>>> current directory (RUNTIME_AREA): /home/grid/cms667/home_cream_213111543/CREAM213111543
>>> current user: uid=52545(cms667) gid=1399(zh) groups=1399(zh),1106888431 context=system_u:system_r:initrc_t
>>> directory permission set to 0700
>>> umask set to:  u=rwx,g=,o=
>>> stdout stderr permission set to 0704
>>> voms proxy information:
subject   : /C=DE/O=GermanGrid/OU=DESY/CN=Ihar Marfin/CN=proxy/CN=proxy/CN=proxy/CN=limited proxy
issuer    : /C=DE/O=GermanGrid/OU=DESY/CN=Ihar Marfin/CN=proxy/CN=proxy/CN=proxy
identity  : /C=DE/O=GermanGrid/OU=DESY/CN=Ihar Marfin/CN=proxy/CN=proxy/CN=proxy
type      : limited proxy
strength  : 1024 bits
path      : /home/grid/cms667/home_cream_213111543/cream_213111543.proxy
timeleft  : 187:42:12
key usage : 
=== VO cms extension information ===
VO        : cms
subject   : /C=DE/O=GermanGrid/OU=DESY/CN=Ihar Marfin
issuer    : /DC=ch/DC=cern/OU=computers/CN=lcg-voms.cern.ch
attribute : /cms/Role=NULL/Capability=NULL
attribute : /cms/dcms/Role=NULL/Capability=NULL
timeleft  : 187:43:57
uri       : lcg-voms.cern.ch:15002
>>> tar --no-same-permissions -xf /home/grid/cms667/home_cream_213111543/CREAM213111543/default.tgz :
Successful untar
>>> Include /home/grid/cms667/home_cream_213111543/CREAM213111543 in PYTHONPATH:
strip arguments
env var CRAB_UNIQUE_JOB_ID set to: marfin_crab_0_130904_121619_65f3cv_13_1_Xqx
out_files_13
>>> list of expected files on output sandbox
output files: crab_fjr_13.xml CMSSW_13.stdout CMSSW_13.stderr Watchdog_13.log.gz
>>> GridFlavour discovery: 
GridFlavour=LCG
>>> SyncSite discovery: 
not reporting SyncSite
>>> SyncCE discovery: 
getting SyncCE from CE_ID
SyncCE=ce207.cern.ch:8443/cream-lsf-grid_cms
>>> info for dashboard:
***** Cat /home/grid/cms667/home_cream_213111543/CREAM213111543/jobreport.txt *****
MonitorJobID=13_https://wms317.cern.ch:9000/foDyb7PSSC-GCFTn0DONsA
SyncGridJobId=https://wms317.cern.ch:9000/foDyb7PSSC-GCFTn0DONsA
MonitorID=marfin_crab_0_130904_121619_65f3cv
GridFlavour=LCG
SyncCE=ce207.cern.ch:8443/cream-lsf-grid_cms
***** End Cat jobreport *****
Parameters sent to Dashboard.
>>> setup environment
set SCRAM ARCH to slc5_amd64_gcc462
SCRAM_ARCH = slc5_amd64_gcc462
>>> setup CMS LCG environment:
set SCRAM ARCH and BUILD_ARCH to slc5_amd64_gcc462 ###
Sourcing environment... 
sourcing /afs/cern.ch/project/gd/apps/cms/cmsset_default.sh
==> setup cms environment ok
>>> specific cmssw setup environment:
CMSSW_VERSION =  CMSSW_5_3_11_patch6
>>> current directory (SOFTWARE_DIR): /home/grid/cms667/home_cream_213111543/CREAM213111543/CMSSW_5_3_11_patch6
PreserveSeeds: <>
IncrementSeeds:<>
{"output.root": ""}
WNHostName=lxbsq2002.cern.ch
>>> info for dashboard:
***** Cat /home/grid/cms667/home_cream_213111543/CREAM213111543/jobreport.txt *****
MonitorJobID=13_https://wms317.cern.ch:9000/foDyb7PSSC-GCFTn0DONsA
MonitorID=marfin_crab_0_130904_121619_65f3cv
WNHostName=lxbsq2002.cern.ch
***** End Cat jobreport *****
Parameters sent to Dashboard.
crabWatchdog started as process 10093
>>> moving CMSSW software directories in /home/grid/cms667/home_cream_213111543/CREAM213111543/CMSSW_5_3_11_patch6
mv: cannot stat `/home/grid/cms667/home_cream_213111543/CREAM213111543/module/': No such file or directory
>>> Include /home/grid/cms667/home_cream_213111543/CREAM213111543 in PYTHONPATH:
PYTHONPATH=/home/grid/cms667/home_cream_213111543/CREAM213111543/:/pool/grid/cms667/home_cream_213111543/CREAM213111543/CMSSW_5_3_11_patch6/python:/pool/grid/cms667/home_cream_213111543/CREAM213111543/CMSSW_5_3_11_patch6/lib/slc5_amd64_gcc462:/afs/cern.ch/cms/slc5_amd64_gcc462/cms/cmssw-patch/CMSSW_5_3_11_patch6/python:/afs/cern.ch/cms/slc5_amd64_gcc462/cms/cmssw-patch/CMSSW_5_3_11_patch6/lib/slc5_amd64_gcc462:/afs/cern.ch/cms/slc5_amd64_gcc462/cms/cmssw/CMSSW_5_3_11/bin/slc5_amd64_gcc462:/afs/cern.ch/cms/slc5_amd64_gcc462/cms/cmssw/CMSSW_5_3_11/lib/slc5_amd64_gcc462:/afs/cern.ch/cms/slc5_amd64_gcc462/cms/coral/CORAL_2_3_21-cms35/slc5_amd64_gcc462/python:/afs/cern.ch/cms/slc5_amd64_gcc462/cms/coral/CORAL_2_3_21-cms35/slc5_amd64_gcc462/lib:/afs/cern.ch/cms/slc5_amd64_gcc462/external/pyqt/4.8.1/lib/python2.6/site-packages:/afs/cern.ch/cms/slc5_amd64_gcc462/external/py2-scipy/0.8.0/lib/python2.6/site-packages:/afs/cern.ch/cms/slc5_amd64_gcc462/external/py2-matplotlib/1.0.1/lib/python2.6/site-packages:/afs/cern.ch/cms/slc5_amd64_gcc462/external/python-ldap/2.3.5/lib/python2.6/site-packages:/afs/cern.ch/cms/slc5_amd64_gcc462/external/sip/4.11.2/lib/python2.6/site-packages:/afs/cern.ch/cms/slc5_amd64_gcc462/external/py2-pycurl/7.19.0/lib/python2.6/site-packages:/afs/cern.ch/cms/slc5_amd64_gcc462/external/py2-numpy/1.6.1/lib/python2.6/site-packages:/afs/cern.ch/cms/slc5_amd64_gcc462/external/py2-ipython/0.10/lib/python2.6/site-packages:/afs/cern.ch/cms/slc5_amd64_gcc462/external/py2-cx-oracle/5.1-cms11/lib/python2.6/site-packages:/afs/cern.ch/cms/slc5_amd64_gcc462/external/py2-cjson/1.0.5/lib/python2.6/site-packages:/afs/cern.ch/cms/slc5_amd64_gcc462/cms/das-client/1.9.5/bin:/afs/cern.ch/cms/slc5_amd64_gcc462/external/elementtree/1.2.6/share/lib/python2.6/site-packages:/afs/cern.ch/cms/slc5_amd64_gcc462/external/rivet/1.8.2/lib/python2.6/site-packages:/afs/cern.ch/cms/slc5_amd64_gcc462/external/pyminuit2/0.0.1-cms39/lib/python2.6/site-packages:/afs/cern.ch/cms/slc5_amd64_gcc462/external/professor/1.0.0-cms40/lib/python2.6/site-packages:/afs/cern.ch/cms/slc5_amd64_gcc462/lcg/root/5.32.00-cms21/lib:/afs/cern.ch/cms/slc5_amd64_gcc462/cms/dbs-client/DBS_2_1_9-cms3/lib:/afs/cern.ch/cms/slc5_amd64_gcc462/cms/dbs-client/DBS_2_1_9-cms3/lib/DBSAPI:/afs/cern.ch/cms/slc5_amd64_gcc462/external/cvs2git/5419/lib:/home/grid/cms667/home_cream_213111543/CREAM213111543/
 
# LIMITS USED BY CRAB WATCHDOG:
# RSS  (KBytes)   : 2300000
# VSZ  (KBytes)   : 100000000
# DISK (MBytes)   : 19000
# CPU TIME        : 720h:0m:0s
# WALL CLOCK TIME : 21h:50m:0s
 
844a175eacc74cc51be2e7d71ca2539e
PSETHASH = 844a175eacc74cc51be2e7d71ca2539e
/home/grid/cms667/home_cream_213111543/CREAM213111543/writeCfg.py pset.py pset.py
Importing .py file
Setting parameters
RandomNumberGeneratorService found, will attempt to change seeds
inputBlocks=/RelValTTbar/CMSSW_5_3_11_patch3-PU_START53_LV2_09Jul2013-v1/GEN-SIM-DIGI-RAW-HLTDEBUG#bc03e9fc-e90e-11e2-95e5-00221959e7c0
inputFiles=/store/relval/CMSSW_5_3_11_patch3/RelValTTbar/GEN-SIM-DIGI-RAW-HLTDEBUG/PU_START53_LV2_09Jul2013-v1/00000/94FA73BD-08E9-E211-9D2C-00248C55CC40.root;/store/relval/CMSSW_5_3_11_patch3/RelValTTbar/GEN-SIM-DIGI-RAW-HLTDEBUG/PU_START53_LV2_09Jul2013-v1/00000/B0A6D1A6-08E9-E211-9389-0030486790B0.root;/store/relval/CMSSW_5_3_11_patch3/RelValTTbar/GEN-SIM-DIGI-RAW-HLTDEBUG/PU_START53_LV2_09Jul2013-v1/00000/485AB0AE-08E9-E211-9B9A-0026189438AC.root
parentFiles=
lumisRange=
>>> Executable cmsRun
/afs/cern.ch/cms/slc5_amd64_gcc462/cms/cmssw-patch/CMSSW_5_3_11_patch6/bin/slc5_amd64_gcc462/cmsRun
ok executable found
>>> info for dashboard:
***** Cat /home/grid/cms667/home_cream_213111543/CREAM213111543/jobreport.txt *****
MonitorJobID=13_https://wms317.cern.ch:9000/foDyb7PSSC-GCFTn0DONsA
MonitorID=marfin_crab_0_130904_121619_65f3cv
ExeStart=cmsRun
***** End Cat jobreport *****
Parameters sent to Dashboard.
>>> cmsRun started at Wed Sep  4 10:17:49 UTC 2013
>>> cmsRun ended at Wed Sep  4 10:48:38 UTC 2013
>>> crab_fjr_*.xml  permission set to 0704
>>> info for dashboard:
***** Cat /home/grid/cms667/home_cream_213111543/CREAM213111543/jobreport.txt *****
MonitorJobID=13_https://wms317.cern.ch:9000/foDyb7PSSC-GCFTn0DONsA
MonitorID=marfin_crab_0_130904_121619_65f3cv
ExeEnd=cmsRun
***** End Cat jobreport *****
Parameters sent to Dashboard.
TIME_EXE = 1849 sec
>>> cmsRun wrote 186 lines of stdout+stderr
>>> START OF printout of 186 lines from stdout+stderr
04-Sep-2013 12:18:40 CEST  Initiating request to open file root://eoscms//eos/cms/store/relval/CMSSW_5_3_11_patch3/RelValTTbar/GEN-SIM-DIGI-RAW-HLTDEBUG/PU_START53_LV2_09Jul2013-v1/00000/94FA73BD-08E9-E211-9D2C-00248C55CC40.root?svcClass=default
130904 12:18:40 10313 Xrd: GoToAnotherServer: Going to: lxfsre46c01.cern.ch:1095
04-Sep-2013 12:18:48 CEST  Successfully opened file root://eoscms//eos/cms/store/relval/CMSSW_5_3_11_patch3/RelValTTbar/GEN-SIM-DIGI-RAW-HLTDEBUG/PU_START53_LV2_09Jul2013-v1/00000/94FA73BD-08E9-E211-9D2C-00248C55CC40.root?svcClass=default
%MSG-w SiStripQuality:  EventSetupRecordDataGetter:hltGetConditions@beginRun  04-Sep-2013 12:19:28 CEST Run: 1
The cabling should always include the active feds in runInfo and possibly have some morethere are instead 59 feds only active in runInfo
%MSG
Begin processing the 1st record. Run 1, Event 781, LumiSection 16 at 04-Sep-2013 12:19:42.414 CEST
DTTSPhi::addTracoT: preview not present in TRACO trigger or its code=0  trigger not added!
DTTSPhi::addTracoT: preview not present in TRACO trigger or its code=0  trigger not added!
DTTSPhi::addTracoT: preview not present in TRACO trigger or its code=0  trigger not added!
DTTSPhi::addTracoT: preview not present in TRACO trigger or its code=0  trigger not added!
%MSG-w BasicTrajectoryState:   ElectronSeedProducer:hltActivityStartUpElectronPixelSeeds  04-Sep-2013 12:23:03 CEST Run: 1 Event: 978
curv error not pos-def
[            1           0           0         nan         nan
             0           1           0         nan         nan
             0           0           1         nan         nan
           nan         nan         nan         nan         nan
           nan         nan         nan         nan         nan ]
%MSG
%MSG-w BasicTrajectoryState:   ElectronSeedProducer:hltActivityStartUpElectronPixelSeeds  04-Sep-2013 12:23:03 CEST Run: 1 Event: 978
local error not pos-def
[          nan         nan         nan         nan         nan
           nan         nan         nan         nan         nan
           nan         nan         nan         nan         nan
           nan         nan         nan         nan         nan
           nan         nan         nan         nan         nan ]
%MSG
%MSG-w BasicTrajectoryState:   ElectronSeedProducer:hltActivityStartUpElectronPixelSeeds  04-Sep-2013 12:23:03 CEST Run: 1 Event: 978
local error not pos-def
[          nan         nan         nan         nan         nan
           nan         nan         nan         nan         nan
           nan         nan         nan         nan         nan
           nan         nan         nan         nan         nan
           nan         nan         nan         nan         nan ]
%MSG
%MSG-w BasicTrajectoryState:   ElectronSeedProducer:hltActivityStartUpElectronPixelSeeds  04-Sep-2013 12:23:03 CEST Run: 1 Event: 978
curv error not pos-def
[          nan         nan         nan         nan         nan
           nan         nan         nan         nan         nan
           nan         nan         nan         nan         nan
           nan         nan         nan         nan         nan
           nan         nan         nan         nan         nan ]
%MSG
%MSG-w BasicTrajectoryState:   ElectronSeedProducer:hltActivityStartUpElectronPixelSeeds  04-Sep-2013 12:23:03 CEST Run: 1 Event: 978
curv error not pos-def
[          nan         nan         nan         nan         nan
           nan         nan         nan         nan         nan
           nan         nan         nan         nan         nan
           nan         nan         nan         nan         nan
           nan         nan         nan         nan         nan ]
%MSG
%MSG-w BasicTrajectoryState:   ElectronSeedProducer:hltActivityStartUpElectronPixelSeeds  04-Sep-2013 12:23:03 CEST Run: 1 Event: 978
local error not pos-def
[          nan         nan         nan         nan         nan
           nan         nan         nan         nan         nan
           nan         nan         nan         nan         nan
           nan         nan         nan         nan         nan
           nan         nan         nan         nan         nan ]
%MSG
DTTSPhi::addTracoT: preview not present in TRACO trigger or its code=0  trigger not added!
DTTSPhi::addTracoT: preview not present in TRACO trigger or its code=0  trigger not added!
04-Sep-2013 12:24:41 CEST  Closed file root://eoscms//eos/cms/store/relval/CMSSW_5_3_11_patch3/RelValTTbar/GEN-SIM-DIGI-RAW-HLTDEBUG/PU_START53_LV2_09Jul2013-v1/00000/94FA73BD-08E9-E211-9D2C-00248C55CC40.root?svcClass=default
04-Sep-2013 12:24:42 CEST  Initiating request to open file root://eoscms//eos/cms/store/relval/CMSSW_5_3_11_patch3/RelValTTbar/GEN-SIM-DIGI-RAW-HLTDEBUG/PU_START53_LV2_09Jul2013-v1/00000/B0A6D1A6-08E9-E211-9389-0030486790B0.root?svcClass=default
130904 12:24:42 10313 Xrd: GoToAnotherServer: Going to: lxfsrb4405.cern.ch:1095
04-Sep-2013 12:24:42 CEST  Successfully opened file root://eoscms//eos/cms/store/relval/CMSSW_5_3_11_patch3/RelValTTbar/GEN-SIM-DIGI-RAW-HLTDEBUG/PU_START53_LV2_09Jul2013-v1/00000/B0A6D1A6-08E9-E211-9389-0030486790B0.root?svcClass=default
130904 12:30:10 10313 Xrd: XrdClientMessage::ReadRaw: Failed to read header (8 bytes).
DTTSPhi::addTracoT: preview not present in TRACO trigger or its code=0  trigger not added!
Begin processing the 101st record. Run 1, Event 4981, LumiSection 100 at 04-Sep-2013 12:31:38.679 CEST
DTTSPhi::addTracoT: preview not present in TRACO trigger or its code=0  trigger not added!
DTTSPhi::addTracoT: preview not present in TRACO trigger or its code=0  trigger not added!
DTTSPhi::addTracoT: preview not present in TRACO trigger or its code=0  trigger not added!
%MSG-w BasicTrajectoryState:  TrackProducer:hltL3TkTracksFromL2IOHit  04-Sep-2013 12:32:51 CEST Run: 1 Event: 5117
local error not pos-def
[  3.27836e-07-6.76407e-08-2.31954e-08 9.95305e-07-8.14127e-07
  -6.76407e-08-3.13549e-08 -1.4095e-08 -7.0169e-07-1.00376e-06
  -2.31954e-08 -1.4095e-08  2.5688e-07 7.45364e-06 1.56396e-05
   9.95305e-07 -7.0169e-07 7.45364e-06 4.17882e-05-3.65753e-05
  -8.14127e-07-1.00376e-06 1.56396e-05-3.65753e-05   0.0005309 ]
%MSG
%MSG-w BasicTrajectoryState:  TrackProducer:hltL3TkTracksFromL2IOHit  04-Sep-2013 12:32:51 CEST Run: 1 Event: 5117
curv error not pos-def
[  3.27836e-07-1.56247e-08-1.17593e-07  9.6698e-07-7.33252e-07
  -1.56247e-08 1.44241e-07-1.05256e-08  5.9895e-06 9.97177e-06
  -1.17593e-07-1.05256e-08-9.43533e-08-7.89937e-07-8.80216e-07
    9.6698e-07  5.9895e-06-7.89937e-07 3.98647e-05-1.71555e-05
  -7.33252e-07 9.97177e-06-8.80216e-07-1.71555e-05 0.000398781 ]
%MSG
DTTSPhi::addTracoT: preview not present in TRACO trigger or its code=0  trigger not added!
DTTSPhi::addTracoT: preview not present in TRACO trigger or its code=0  trigger not added!
DTTSPhi::addTracoT: preview not present in TRACO trigger or its code=0  trigger not added!
DTTSPhi::addTracoT: preview not present in TRACO trigger or its code=0  trigger not added!
Begin processing the 201st record. Run 1, Event 5681, LumiSection 114 at 04-Sep-2013 12:35:01.042 CEST
DTTSPhi::addTracoT: preview not present in TRACO trigger or its code=0  trigger not added!
DTTSPhi::addTracoT: preview not present in TRACO trigger or its code=0  trigger not added!
DTTSPhi::addTracoT: preview not present in TRACO trigger or its code=0  trigger not added!
DTTSPhi::addTracoT: preview not present in TRACO trigger or its code=0  trigger not added!
DTTSPhi::addTracoT: preview not present in TRACO trigger or its code=0  trigger not added!
Begin processing the 301st record. Run 1, Event 6481, LumiSection 130 at 04-Sep-2013 12:38:25.383 CEST
DTTSPhi::addTracoT: preview not present in TRACO trigger or its code=0  trigger not added!
DTTSPhi::addTracoT: preview not present in TRACO trigger or its code=0  trigger not added!
04-Sep-2013 12:41:02 CEST  Closed file root://eoscms//eos/cms/store/relval/CMSSW_5_3_11_patch3/RelValTTbar/GEN-SIM-DIGI-RAW-HLTDEBUG/PU_START53_LV2_09Jul2013-v1/00000/B0A6D1A6-08E9-E211-9389-0030486790B0.root?svcClass=default
04-Sep-2013 12:41:02 CEST  Initiating request to open file root://eoscms//eos/cms/store/relval/CMSSW_5_3_11_patch3/RelValTTbar/GEN-SIM-DIGI-RAW-HLTDEBUG/PU_START53_LV2_09Jul2013-v1/00000/485AB0AE-08E9-E211-9B9A-0026189438AC.root?svcClass=default
130904 12:41:02 10313 Xrd: GoToAnotherServer: Going to: lxfsrf47c01.cern.ch:1095
04-Sep-2013 12:41:03 CEST  Successfully opened file root://eoscms//eos/cms/store/relval/CMSSW_5_3_11_patch3/RelValTTbar/GEN-SIM-DIGI-RAW-HLTDEBUG/PU_START53_LV2_09Jul2013-v1/00000/485AB0AE-08E9-E211-9B9A-0026189438AC.root?svcClass=default
Begin processing the 401st record. Run 1, Event 3781, LumiSection 76 at 04-Sep-2013 12:43:09.708 CEST
%MSG-w BasicTrajectoryState:   TrackProducer:hltCtf3HitL1NonIsoWithMaterialTracks 04-Sep-2013 12:43:27 CEST  Run: 1 Event: 3785
curv error not pos-def
[  3.77201e+07     118.874-1.26462e+06      95.247    -2.88663
       118.874   0.0036823    -3.98535 0.000591394   0.0194005
  -1.26462e+06    -3.98535     42398.1    -3.20098   0.0970701
        95.247 0.000591394    -3.20098  -0.0442777  0.00171466
      -2.88663   0.0194005   0.0970701  0.00171466    0.113908 ]
%MSG
%MSG-w BasicTrajectoryState:   TrackProducer:hltCtf3HitL1NonIsoWithMaterialTracks 04-Sep-2013 12:43:27 CEST  Run: 1 Event: 3785
local error not pos-def
[  3.77201e+07 1.27364e+06    -17641.9     95.5859     1.59285
   1.27364e+06     43005.1    -595.687     3.23528   0.0539846
      -17641.9    -595.687      8.2547  -0.0445129  -0.0210398
       95.5859     3.23528  -0.0445129  -0.0445934 -0.00112291
       1.59285   0.0539846  -0.0210398 -0.00112291    0.117081 ]
%MSG
%MSG-w BasicTrajectoryState:  TrackProducer:hltCtfL1IsoWithMaterialTracks  04-Sep-2013 12:45:20 CEST Run: 1 Event: 3912
curv error not pos-def
[  3.04757e+07    -34.4068     -923813     77.0634     2.61204
      -34.4068  0.00433069     1.04285-0.000730481    0.022768
       -923813     1.04285     28003.6    -2.34259  -0.0798269
       77.0634-0.000730481    -2.34259  -0.0342805 -0.00341169
       2.61204    0.022768  -0.0798269 -0.00341169    0.120827 ]
%MSG
%MSG-w BasicTrajectoryState:  TrackProducer:hltCtfL1IsoWithMaterialTracks  04-Sep-2013 12:45:20 CEST Run: 1 Event: 3912
local error not pos-def
[  3.04757e+07      923982     1742.94     77.0705    -2.48985
        923982     28013.9     52.8436     2.34324  -0.0761359
       1742.94     52.8436    0.104148  0.00376389  -0.0236079
       77.0705     2.34324  0.00376389  -0.0342868  0.00337992
      -2.48985  -0.0761359  -0.0236079  0.00337992    0.123268 ]
%MSG
130904 12:46:10 10313 Xrd: XrdClientMessage::ReadRaw: Failed to read header (8 bytes).
%MSG-w BasicTrajectoryState:   TrackProducer:hltBLifetimeRegionalCtfWithMaterialTracksRAzr  04-Sep-2013 12:46:50 CEST Run: 1 Event: 3933
curv error not pos-def
[  3.06317e+07    -2.59795 -1.0101e+06     120.512    0.232217
      -2.59795  0.00523681   0.0856689-1.23482e-05   0.0302241
   -1.0101e+06   0.0856689     33308.9    -3.98021 -0.00765947
       120.512-1.23482e-05    -3.98021   -0.035457-1.16196e-05
      0.232217   0.0302241 -0.00765947-1.16196e-05    0.174462 ]
%MSG
%MSG-w BasicTrajectoryState:   TrackProducer:hltBLifetimeRegionalCtfWithMaterialTracksRAzr  04-Sep-2013 12:46:50 CEST Run: 1 Event: 3933
local error not pos-def
[  3.06317e+07 1.01565e+06     390.728    -120.843   -0.278399
   1.01565e+06     33675.4     12.9552    -4.01301 -0.00923552
       390.728     12.9552   0.0102496 -0.00154591   0.0303046
      -120.843    -4.01301 -0.00154591  -0.0356515-2.49804e-05
     -0.278399 -0.00923552   0.0303046-2.49804e-05    0.174467 ]
%MSG
04-Sep-2013 12:48:24 CEST  Closed file root://eoscms//eos/cms/store/relval/CMSSW_5_3_11_patch3/RelValTTbar/GEN-SIM-DIGI-RAW-HLTDEBUG/PU_START53_LV2_09Jul2013-v1/00000/485AB0AE-08E9-E211-9B9A-0026189438AC.root?svcClass=default

=============================================

MessageLogger Summary

 type     category        sev    module        subroutine        count    total
 ---- -------------------- -- ---------------- ----------------  -----    -----
    1 BasicTrajectoryState -w ElectronSeedProd                       6        6
    2 BasicTrajectoryState -w TrackProducer:hl                       2        2
    3 BasicTrajectoryState -w TrackProducer:hl                       2        2
    4 BasicTrajectoryState -w TrackProducer:hl                       2        2
    5 BasicTrajectoryState -w TrackProducer:hl                       2        2
    6 SiStripQuality       -w EventSetupRecord                       1        1
    7 fileAction           -s file_close                             3        3
    8 fileAction           -s file_open                              6        6

 type    category    Examples: run/evt        run/evt          run/evt
 ---- -------------------- ---------------- ---------------- ----------------
    1 BasicTrajectoryState 1/978            1/978            1/978
    2 BasicTrajectoryState 1/3933           1/3933           
    3 BasicTrajectoryState 1/3785           1/3785           
    4 BasicTrajectoryState 1/3912           1/3912           
    5 BasicTrajectoryState 1/5117           1/5117           
    6 SiStripQuality       Run: 1                            
    7 fileAction           PostProcessEvent PostProcessEvent PostEndRun
    8 fileAction           pre-events       pre-events       PostProcessEvent

Severity    # Occurrences   Total Occurrences
--------    -------------   -----------------
Warning                15                  15
System                  9                   9
>>> END OF printout of 186 lines from stdout+stderr
>>> Parse FrameworkJobReport crab_fjr.xml
Result of parsing the FrameworkJobReport crab_fjr.xml: Popularity start
lumisRange : 1::16,20::1;1::76,79,84::2;1::100,103,114,128,130-131::3;
lumisParentRange : 
Basename : /store/relval/CMSSW_5_3_11_patch3/RelValTTbar/GEN-SIM-DIGI-RAW-HLTDEBUG/PU_START53_LV2_09Jul2013-v1/00000/
BasenameParent : 
parentFiles : 
inputBlocks : /RelValTTbar/CMSSW_5_3_11_patch3-PU_START53_LV2_09Jul2013-v1/GEN-SIM-DIGI-RAW-HLTDEBUG#bc03e9fc-e90e-11e2-95e5-00221959e7c0
inputFiles : 94FA73BD-08E9-E211-9D2C-00248C55CC40.root::1::EDM::Local::1;485AB0AE-08E9-E211-9B9A-0026189438AC.root::1::EDM::Local::2;B0A6D1A6-08E9-E211-9389-0030486790B0.root::1::EDM::Local::3;
Popularity stop
Extracted ExitStatus from FrameworkJobReport parsing output: 0
>>> Executable succeded  0
ExeExitCode=0
EXECUTABLE_EXIT_STATUS = 0
>>> current directory /home/grid/cms667/home_cream_213111543/CREAM213111543/CMSSW_5_3_11_patch6
>>>  (SOFTWARE_DIR): /home/grid/cms667/home_cream_213111543/CREAM213111543/CMSSW_5_3_11_patch6
>>> (WORKING_DIR): 
>>> current directory content:
total 4089116
drwxr-xr-x 3 cms667 zh       4096 Sep  4 12:17 .SCRAM
-rw------- 1 cms667 zh    3842683 Sep  4 12:17 CMSSW.py.pkl
drwxr-xr-x 3 cms667 zh       4096 Sep  4 12:17 bin
drwxr-xr-x 3 cms667 zh       4096 Sep  4 12:17 cfipython
drwxr-xr-x 4 cms667 zh       4096 Sep  4 12:17 config
-rw------- 1 cms667 zh         18 Sep  4 12:48 cpu_timing.txt
drwxr-xr-x 2 cms667 zh       4096 Sep  4 12:17 doc
-rw------- 1 cms667 zh      13597 Sep  4 12:48 executable.out
drwxr-xr-x 2 cms667 zh       4096 Sep  4 12:17 include
drwx------ 3 cms667 zh       4096 Aug 26 18:31 lib
drwxr-xr-x 3 cms667 zh       4096 Sep  4 12:17 logs
drwxr-xr-x 3 cms667 zh       4096 Sep  4 12:17 objs
-rw------- 1 cms667 zh 4175297668 Sep  4 12:48 output.root
-rw------- 1 cms667 zh        104 Sep  4 12:17 pset.py
-rw------- 1 cms667 zh    3843683 Sep  4 12:17 pset.py.pkl
-rw------- 1 cms667 zh        289 Sep  4 12:17 pset.pyc
drwxr-xr-x 2 cms667 zh       4096 Sep  4 12:17 python
-rw------- 1 cms667 zh        440 Sep  4 12:48 report.log
drwx------ 5 cms667 zh       4096 Sep  4 12:17 src
drwxr-xr-x 3 cms667 zh       4096 Sep  4 12:17 test
drwxr-xr-x 3 cms667 zh       4096 Sep  4 12:17 tmp
>>> current directory /home/grid/cms667/home_cream_213111543/CREAM213111543/CMSSW_5_3_11_patch6
>>> (SOFTWARE_DIR): /home/grid/cms667/home_cream_213111543/CREAM213111543/CMSSW_5_3_11_patch6
>>> (WORKING_DIR): 
>>> current directory content:
total 4089116
drwxr-xr-x 3 cms667 zh       4096 Sep  4 12:17 .SCRAM
-rw------- 1 cms667 zh    3842683 Sep  4 12:17 CMSSW.py.pkl
drwxr-xr-x 3 cms667 zh       4096 Sep  4 12:17 bin
drwxr-xr-x 3 cms667 zh       4096 Sep  4 12:17 cfipython
drwxr-xr-x 4 cms667 zh       4096 Sep  4 12:17 config
-rw------- 1 cms667 zh         18 Sep  4 12:48 cpu_timing.txt
drwxr-xr-x 2 cms667 zh       4096 Sep  4 12:17 doc
-rw------- 1 cms667 zh      13597 Sep  4 12:48 executable.out
drwxr-xr-x 2 cms667 zh       4096 Sep  4 12:17 include
drwx------ 3 cms667 zh       4096 Aug 26 18:31 lib
drwxr-xr-x 3 cms667 zh       4096 Sep  4 12:17 logs
drwxr-xr-x 3 cms667 zh       4096 Sep  4 12:17 objs
-rw------- 1 cms667 zh 4175297668 Sep  4 12:48 output_13_1_Xqx.root
-rw------- 1 cms667 zh        104 Sep  4 12:17 pset.py
-rw------- 1 cms667 zh    3843683 Sep  4 12:17 pset.py.pkl
-rw------- 1 cms667 zh        289 Sep  4 12:17 pset.pyc
drwxr-xr-x 2 cms667 zh       4096 Sep  4 12:17 python
-rw------- 1 cms667 zh        440 Sep  4 12:48 report.log
drwx------ 5 cms667 zh       4096 Sep  4 12:17 src
drwxr-xr-x 3 cms667 zh       4096 Sep  4 12:17 test
drwxr-xr-x 3 cms667 zh       4096 Sep  4 12:17 tmp
>>> current directory (RUNTIME_AREA):  /home/grid/cms667/home_cream_213111543/CREAM213111543
SE = srm-cms.cern.ch
SE_PATH = /srm/managerv2?SFN=/castor/cern.ch/user/m/marfin//53xRelVal2011Redigi/
LFNBaseName = /53xRelVal2011Redigi/marfin/RelValTTbar/53xRelVal2011Redigi/844a175eacc74cc51be2e7d71ca2539e/
USER = marfin
endpoint = srm://srm-cms.cern.ch:8443/srm/managerv2?SFN=/castor/cern.ch/user/m/marfin//53xRelVal2011Redigi/marfin/RelValTTbar/53xRelVal2011Redigi/844a175eacc74cc51be2e7d71ca2539e/
>>> Copy output files from WN = lxbsq2002.cern.ch to /srm/managerv2?SFN=/castor/cern.ch/user/m/marfin//53xRelVal2011Redigi/ :
python cmscp.py  --destination srm://srm-cms.cern.ch:8443/srm/managerv2?SFN=/castor/cern.ch/user/m/marfin//53xRelVal2011Redigi/marfin/RelValTTbar/53xRelVal2011Redigi/844a175eacc74cc51be2e7d71ca2539e/ --inputFileList /home/grid/cms667/home_cream_213111543/CREAM213111543/CMSSW_5_3_11_patch6/output_13_1_Xqx.root --middleware LCG --se_name srm-cms.cern.ch --for_lfn /53xRelVal2011Redigi/marfin/RelValTTbar/53xRelVal2011Redigi/844a175eacc74cc51be2e7d71ca2539e/    
******************************************************
localSeName  =  srm-eoscms.cern.ch
remoteSeName =  srm-cms.cern.ch
******************************************************
{"/home/grid/cms667/home_cream_213111543/CREAM213111543/CMSSW_5_3_11_patch6/output_13_1_Xqx.root": {"endpoint": "srm://srm-cms.cern.ch:8443/srm/managerv2?SFN=/castor/cern.ch/user/m/marfin//53xRelVal2011Redigi/marfin/RelValTTbar/53xRelVal2011Redigi/844a175eacc74cc51be2e7d71ca2539e/", "surl_for_grid": "", "reason": "Copy succedeed with srm-lcg utils", "erCode": "0", "se_name": "srm-cms.cern.ch", "for_lfn": "/53xRelVal2011Redigi/marfin/RelValTTbar/53xRelVal2011Redigi/844a175eacc74cc51be2e7d71ca2539e/"}}/home/grid/cms667/home_cream_213111543/CREAM213111543
-------- cat /home/grid/cms667/home_cream_213111543/CREAM213111543/cmscpReport.sh 
#!/bin/bash
echo "Report for File: /home/grid/cms667/home_cream_213111543/CREAM213111543/CMSSW_5_3_11_patch6/output_13_1_Xqx.root"
echo "LFN: /53xRelVal2011Redigi/marfin/RelValTTbar/53xRelVal2011Redigi/844a175eacc74cc51be2e7d71ca2539e/output_13_1_Xqx.root"
echo "StorageElement: srm-cms.cern.ch"
echo "StageOutExitStatusReason = 'Copy succedeed with srm-lcg utils'" | tee -a $RUNTIME_AREA/$repo
echo "StageOutSE = srm-cms.cern.ch" >> $RUNTIME_AREA/$repo

export StageOutExitStatus=0
echo "StageOutExitStatus = 0" | tee -a $RUNTIME_AREA/$repo
-------- end of /home/grid/cms667/home_cream_213111543/CREAM213111543/cmscpReport.sh 
Report for File: /home/grid/cms667/home_cream_213111543/CREAM213111543/CMSSW_5_3_11_patch6/output_13_1_Xqx.root
LFN: /53xRelVal2011Redigi/marfin/RelValTTbar/53xRelVal2011Redigi/844a175eacc74cc51be2e7d71ca2539e/output_13_1_Xqx.root
StorageElement: srm-cms.cern.ch
StageOutExitStatusReason = 'Copy succedeed with srm-lcg utils'
StageOutExitStatus = 0
>>> current dir: /home/grid/cms667/home_cream_213111543/CREAM213111543
>>> current dir content:
total 6408
-rwx------  1 cms667 zh   13669 Sep  4 12:17 .BrokerInfo
-rw-------  1 cms667 zh    8301 Sep  4 13:31 .SEinteraction.log
-rwx------  1 cms667 zh       0 Sep  4 12:17 .tmp_file
-rw-------  1 cms667 zh     105 Sep  4 12:16 CMSSW.py
-rw-------  1 cms667 zh 3842683 Sep  4 12:16 CMSSW.py.pkl
-rwx------  1 cms667 zh   27957 Sep  4 12:17 CMSSW.sh
-rwx------  1 cms667 zh       0 Sep  4 12:17 CMSSW_13.stderr
-rwx---r--  1 cms667 zh   28336 Sep  4 13:31 CMSSW_13.stdout
drwxr-xr-x 15 cms667 zh    4096 Sep  4 12:48 CMSSW_5_3_11_patch6
-rw-------  1 cms667 zh     484 Sep  4 12:17 CacheEnv.sh
-rw-------  1 cms667 zh    7291 Jun  9  2010 DashboardAPI.py
-rw-------  1 cms667 zh    6493 Sep  4 12:17 DashboardAPI.pyc
drwx------  3 cms667 zh    4096 Aug 20 17:36 IMProv
-rw-------  1 cms667 zh    2748 Mar  8  2006 Logger.py
-rw-------  1 cms667 zh    3223 Sep  4 12:17 Logger.pyc
-rw-------  1 cms667 zh   24524 Mar 28  2008 ProcInfo.py
-rw-------  1 cms667 zh   22846 Sep  4 12:17 ProcInfo.pyc
drwx------  7 cms667 zh    4096 Sep  4 12:17 ProdCommon
drwx------  3 cms667 zh    4096 Sep  4 12:17 WMCore
-rw-------  1 cms667 zh    5297 Sep  4 12:48 Watchdog_13.log
-rw-------  1 cms667 zh   32895 Mar 28  2008 apmon.py
-rw-------  1 cms667 zh   28120 Sep  4 12:17 apmon.pyc
-rwx------  1 cms667 zh   10416 Sep  4 12:17 arguments.xml
-rwx------  1 cms667 zh   38507 Aug  6 23:12 cmscp.py
-rw-------  1 cms667 zh     542 Sep  4 13:31 cmscpReport.sh
-rw-------  1 cms667 zh     633 Sep  4 12:16 crab.cfg
-rwx------  1 cms667 zh    8610 Apr  2 15:44 crabWatchdog.sh
-rwx---r--  1 cms667 zh  931286 Sep  4 12:48 crab_fjr_13.xml
-rwx------  1 cms667 zh 1216220 Sep  4 12:17 default.tgz
-rwx------  1 cms667 zh    4488 May 12  2012 fillCrabFjr.py
-rw-------  1 cms667 zh     616 Sep  4 12:17 inputsReport.txt
-rw-------  1 cms667 zh     254 Sep  4 13:31 jobreport.txt
lrwxrwxrwx  1 cms667 zh      94 Sep  4 12:48 output.root -> /home/grid/cms667/home_cream_213111543/CREAM213111543/CMSSW_5_3_11_patch6/output_13_1_Xqx.root
-rw-------  1 cms667 zh   17352 Jan 20  2012 parseCrabFjr.py
-rw-------  1 cms667 zh     265 Sep  4 12:17 report.log
-rwx--x--x  1 cms667 zh    1497 May 27  2009 report.py
-rw-------  1 cms667 zh     505 Sep  4 13:31 resultCopyFile
-rwx------  1 cms667 zh    8387 Mar 23  2011 writeCfg.py
>>> Modify Job Report:
CMSSW_VERSION = CMSSW_5_3_11_patch6
ProcessedDataset = 53xRelVal2011Redigi
/home/grid/cms667/home_cream_213111543/CREAM213111543/ProdCommon/FwkJobRep/ModifyJobReport.py fjr /home/grid/cms667/home_cream_213111543/CREAM213111543/crab_fjr_13.xml json /home/grid/cms667/home_cream_213111543/CREAM213111543/resultCopyFile n_job 13_1_Xqx PrimaryDataset RelValTTbar  ApplicationFamily cmsRun ApplicationName cmsRun cmssw_version CMSSW_5_3_11_patch6 psethash 844a175eacc74cc51be2e7d71ca2539e UserProcessedDataset marfin-53xRelVal2011Redigi-844a175eacc74cc51be2e7d71ca2539e
inputDict =  {u'/home/grid/cms667/home_cream_213111543/CREAM213111543/CMSSW_5_3_11_patch6/output_13_1_Xqx.root': {u'endpoint': u'srm://srm-cms.cern.ch:8443/srm/managerv2?SFN=/castor/cern.ch/user/m/marfin//53xRelVal2011Redigi/marfin/RelValTTbar/53xRelVal2011Redigi/844a175eacc74cc51be2e7d71ca2539e/', u'surl_for_grid': u'', u'reason': u'Copy succedeed with srm-lcg utils', u'erCode': u'0', u'se_name': u'srm-cms.cern.ch', u'for_lfn': u'/53xRelVal2011Redigi/marfin/RelValTTbar/53xRelVal2011Redigi/844a175eacc74cc51be2e7d71ca2539e/'}}
diz_filter =  {u'output.root': u''}
UserProcessedDataset =  marfin-53xRelVal2011Redigi-844a175eacc74cc51be2e7d71ca2539e
file_name in inputDict =  /home/grid/cms667/home_cream_213111543/CREAM213111543/CMSSW_5_3_11_patch6/output_13_1_Xqx.root
(size) os.stat(filename)[6] =  4175297668
checksum =  110611949
filter =  
    file =  output_13_1_Xqx.root
    newPfn =  srm://srm-cms.cern.ch:8443/srm/managerv2?SFN=/castor/cern.ch/user/m/marfin//53xRelVal2011Redigi/marfin/RelValTTbar/53xRelVal2011Redigi/844a175eacc74cc51be2e7d71ca2539e/output_13_1_Xqx.root
    newLfn =  /53xRelVal2011Redigi/marfin/RelValTTbar/53xRelVal2011Redigi/844a175eacc74cc51be2e7d71ca2539e/output_13_1_Xqx.root
>>> crab_fjr_*.xml  permission set to 0704
Checking output files:  
will tar file crab_fjr_13.xml in  out_files_13
will tar file CMSSW_13.stdout in  out_files_13
will tar file CMSSW_13.stderr in  out_files_13
WARNING: output file Watchdog_13.log.gz not found!
>>> padding time: Wrapper lasting more than 600 seconds. No sleep required.
STOPPING WATCHDOG. CrabWatchdog PID is 10093
********** LAST 50 LINES OF WATCHDOG LOG
 Sep 04 12:17:35 CEST	9944	1140	63888	0	0	0	sh -c "./CMSSW.sh" 13 1$* > "CMSSW_13.stdout" 2> "CMSSW_13.stderr"  
 Sep 04 12:17:35 CEST	9948	1512	64140	0	0	0	/bin/sh ./CMSSW.sh 13 1       
 Sep 04 12:17:35 CEST	---	1512	64140	18	----	----	----
 Sep 04 12:18:35 CEST	10313	246676	380124	18	10	61	cmsRun -j /home/grid/cms667/home_cream_213111543/CREAM213111543/crab_fjr_13.xml -p pset.py      
 Sep 04 12:18:35 CEST	---	246676	380124	22	----	----	----
 Sep 04 12:19:36 CEST	10313	1136788	1424580	22	42	121	cmsRun -j /home/grid/cms667/home_cream_213111543/CREAM213111543/crab_fjr_13.xml -p pset.py      
 Sep 04 12:20:36 CEST	10313	1802444	2266968	22	93	181	cmsRun -j /home/grid/cms667/home_cream_213111543/CREAM213111543/crab_fjr_13.xml -p pset.py      
 Sep 04 12:20:36 CEST	---	1802444	2266968	117	----	----	----
 Sep 04 12:21:36 CEST	10313	1823800	2266968	117	151	241	cmsRun -j /home/grid/cms667/home_cream_213111543/CREAM213111543/crab_fjr_13.xml -p pset.py      
 Sep 04 12:21:36 CEST	---	1823800	2266968	251	----	----	----
 Sep 04 12:22:36 CEST	10313	1833852	2271068	251	209	302	cmsRun -j /home/grid/cms667/home_cream_213111543/CREAM213111543/crab_fjr_13.xml -p pset.py      
 Sep 04 12:22:36 CEST	---	1833852	2271068	380	----	----	----
 Sep 04 12:23:37 CEST	10313	1838692	2271068	380	263	362	cmsRun -j /home/grid/cms667/home_cream_213111543/CREAM213111543/crab_fjr_13.xml -p pset.py      
 Sep 04 12:23:37 CEST	---	1838692	2271068	508	----	----	----
 Sep 04 12:24:37 CEST	10313	1841516	2271068	508	313	422	cmsRun -j /home/grid/cms667/home_cream_213111543/CREAM213111543/crab_fjr_13.xml -p pset.py      
 Sep 04 12:24:37 CEST	---	1841516	2271068	621	----	----	----
 Sep 04 12:25:37 CEST	---	1841516	2271068	925	----	----	----
 Sep 04 12:26:38 CEST	---	1841516	2271068	1271	----	----	----
 Sep 04 12:27:39 CEST	---	1841516	2271068	1672	----	----	----
 Sep 04 12:28:39 CEST	---	1841516	2271068	2064	----	----	----
 Sep 04 12:29:39 CEST	---	1841516	2271068	2455	----	----	----
 Sep 04 12:30:40 CEST	10313	1841516	2283872	2455	389	785	cmsRun -j /home/grid/cms667/home_cream_213111543/CREAM213111543/crab_fjr_13.xml -p pset.py      
 Sep 04 12:30:40 CEST	---	1841516	2283872	2753	----	----	----
 Sep 04 12:31:40 CEST	---	1841516	2283872	2784	----	----	----
 Sep 04 12:32:40 CEST	---	1841516	2283872	2817	----	----	----
 Sep 04 12:33:41 CEST	---	1841516	2283872	2850	----	----	----
 Sep 04 12:34:41 CEST	---	1841516	2283872	2885	----	----	----
 Sep 04 12:35:42 CEST	10313	1841516	2285664	2885	682	1087	cmsRun -j /home/grid/cms667/home_cream_213111543/CREAM213111543/crab_fjr_13.xml -p pset.py      
 Sep 04 12:35:42 CEST	---	1841516	2285664	2921	----	----	----
 Sep 04 12:36:42 CEST	---	1841516	2285664	2955	----	----	----
# TIME			PID	RSS(KB)	VSZ(KB)	Dsk(MB)	tCPU(s)	tWALL(s)	COMMAND
 Sep 04 12:37:42 CEST	---	1841516	2285664	2989	----	----	----
 Sep 04 12:38:43 CEST	---	1841516	2285664	3019	----	----	----
 Sep 04 12:39:43 CEST	---	1841516	2285664	3050	----	----	----
 Sep 04 12:40:44 CEST	10313	1847728	2301024	3050	972	1389	cmsRun -j /home/grid/cms667/home_cream_213111543/CREAM213111543/crab_fjr_13.xml -p pset.py      
 Sep 04 12:40:44 CEST	---	1847728	2301024	3080	----	----	----
 Sep 04 12:41:44 CEST	10313	2014004	2434656	3080	1029	1449	cmsRun -j /home/grid/cms667/home_cream_213111543/CREAM213111543/crab_fjr_13.xml -p pset.py      
 Sep 04 12:41:44 CEST	---	2014004	2434656	3172	----	----	----
 Sep 04 12:42:44 CEST	10313	2015884	2434656	3172	1085	1510	cmsRun -j /home/grid/cms667/home_cream_213111543/CREAM213111543/crab_fjr_13.xml -p pset.py      
 Sep 04 12:42:44 CEST	---	2015884	2434656	3299	----	----	----
 Sep 04 12:43:45 CEST	10313	2019516	2434656	3299	1139	1570	cmsRun -j /home/grid/cms667/home_cream_213111543/CREAM213111543/crab_fjr_13.xml -p pset.py      
 Sep 04 12:43:45 CEST	---	2019516	2434656	3419	----	----	----
 Sep 04 12:44:45 CEST	10313	2034904	2434656	3419	1196	1630	cmsRun -j /home/grid/cms667/home_cream_213111543/CREAM213111543/crab_fjr_13.xml -p pset.py      
 Sep 04 12:44:45 CEST	---	2034904	2434656	3546	----	----	----
 Sep 04 12:45:45 CEST	10313	2048404	2445408	3546	1254	1691	cmsRun -j /home/grid/cms667/home_cream_213111543/CREAM213111543/crab_fjr_13.xml -p pset.py      
 Sep 04 12:45:45 CEST	---	2048404	2445408	3674	----	----	----
 Sep 04 12:46:46 CEST	---	2048404	2445408	3801	----	----	----
 Sep 04 12:47:46 CEST	10313	2050976	2446688	3801	1369	1812	cmsRun -j /home/grid/cms667/home_cream_213111543/CREAM213111543/crab_fjr_13.xml -p pset.py      
 Sep 04 12:47:46 CEST	---	2050976	2446688	3915	----	----	----
 Sep 04 12:48:47 CEST	---	2050976	2446688	4009	----	----	----
********** WATCHDOG LOG ENDED
ZIPPING WATCHDOG LOG
Disk space used:
du -sh /home/grid/cms667/home_cream_213111543/CREAM213111543
4.0G	/home/grid/cms667/home_cream_213111543/CREAM213111543
Found unusual stderr, rename for OSB
