This script was generated by crab (version 2.9.0).
Running ./CMSSW.sh with 2 positional parameters: 6 1
Today is Wed Sep  4 12:17:36 CEST 2013
Job submitted on host lxbrl3718.cern.ch
Linux lxbrl3718.cern.ch 2.6.18-308.24.1.el5 #1 SMP Wed Dec 5 09:45:59 CET 2012 x86_64 x86_64 x86_64 GNU/Linux
>>> current directory (RUNTIME_AREA): /home/grid/cms667/home_cream_885699317/CREAM885699317
>>> current user: uid=52545(cms667) gid=1399(zh) groups=1399(zh),1097049848 context=system_u:system_r:initrc_t
>>> directory permission set to 0700
>>> umask set to:  u=rwx,g=,o=
>>> stdout stderr permission set to 0704
>>> voms proxy information:
subject   : /C=DE/O=GermanGrid/OU=DESY/CN=Ihar Marfin/CN=proxy/CN=proxy/CN=proxy/CN=limited proxy
issuer    : /C=DE/O=GermanGrid/OU=DESY/CN=Ihar Marfin/CN=proxy/CN=proxy/CN=proxy
identity  : /C=DE/O=GermanGrid/OU=DESY/CN=Ihar Marfin/CN=proxy/CN=proxy/CN=proxy
type      : limited proxy
strength  : 1024 bits
path      : /home/grid/cms667/home_cream_885699317/cream_885699317.proxy
timeleft  : 187:42:17
key usage : 
=== VO cms extension information ===
VO        : cms
subject   : /C=DE/O=GermanGrid/OU=DESY/CN=Ihar Marfin
issuer    : /DC=ch/DC=cern/OU=computers/CN=lcg-voms.cern.ch
attribute : /cms/Role=NULL/Capability=NULL
attribute : /cms/dcms/Role=NULL/Capability=NULL
timeleft  : 187:43:52
uri       : lcg-voms.cern.ch:15002
>>> tar --no-same-permissions -xf /home/grid/cms667/home_cream_885699317/CREAM885699317/default.tgz :
Successful untar
>>> Include /home/grid/cms667/home_cream_885699317/CREAM885699317 in PYTHONPATH:
strip arguments
env var CRAB_UNIQUE_JOB_ID set to: marfin_crab_0_130904_121619_65f3cv_6_1_RtI
out_files_6
>>> list of expected files on output sandbox
output files: crab_fjr_6.xml CMSSW_6.stdout CMSSW_6.stderr Watchdog_6.log.gz
>>> GridFlavour discovery: 
GridFlavour=LCG
>>> SyncSite discovery: 
not reporting SyncSite
>>> SyncCE discovery: 
getting SyncCE from CE_ID
SyncCE=ce202.cern.ch:8443/cream-lsf-grid_cms
>>> info for dashboard:
***** Cat /home/grid/cms667/home_cream_885699317/CREAM885699317/jobreport.txt *****
MonitorJobID=6_https://wms317.cern.ch:9000/tsof5gfXHBJOeqQEGMOpqg
SyncGridJobId=https://wms317.cern.ch:9000/tsof5gfXHBJOeqQEGMOpqg
MonitorID=marfin_crab_0_130904_121619_65f3cv
GridFlavour=LCG
SyncCE=ce202.cern.ch:8443/cream-lsf-grid_cms
***** End Cat jobreport *****
Parameters sent to Dashboard.
>>> setup environment
set SCRAM ARCH to slc5_amd64_gcc462
SCRAM_ARCH = slc5_amd64_gcc462
>>> setup CMS LCG environment:
set SCRAM ARCH and BUILD_ARCH to slc5_amd64_gcc462 ###
Sourcing environment... 
sourcing /afs/cern.ch/project/gd/apps/cms/cmsset_default.sh
==> setup cms environment ok
>>> specific cmssw setup environment:
CMSSW_VERSION =  CMSSW_5_3_11_patch6
>>> current directory (SOFTWARE_DIR): /home/grid/cms667/home_cream_885699317/CREAM885699317/CMSSW_5_3_11_patch6
PreserveSeeds: <>
IncrementSeeds:<>
{"output.root": ""}
WNHostName=lxbrl3718.cern.ch
>>> info for dashboard:
***** Cat /home/grid/cms667/home_cream_885699317/CREAM885699317/jobreport.txt *****
MonitorJobID=6_https://wms317.cern.ch:9000/tsof5gfXHBJOeqQEGMOpqg
MonitorID=marfin_crab_0_130904_121619_65f3cv
WNHostName=lxbrl3718.cern.ch
***** End Cat jobreport *****
Parameters sent to Dashboard.
crabWatchdog started as process 27062
>>> moving CMSSW software directories in /home/grid/cms667/home_cream_885699317/CREAM885699317/CMSSW_5_3_11_patch6
mv: cannot stat `/home/grid/cms667/home_cream_885699317/CREAM885699317/module/': No such file or directory
>>> Include /home/grid/cms667/home_cream_885699317/CREAM885699317 in PYTHONPATH:
PYTHONPATH=/home/grid/cms667/home_cream_885699317/CREAM885699317/:/pool/grid/cms667/home_cream_885699317/CREAM885699317/CMSSW_5_3_11_patch6/python:/pool/grid/cms667/home_cream_885699317/CREAM885699317/CMSSW_5_3_11_patch6/lib/slc5_amd64_gcc462:/afs/cern.ch/cms/slc5_amd64_gcc462/cms/cmssw-patch/CMSSW_5_3_11_patch6/python:/afs/cern.ch/cms/slc5_amd64_gcc462/cms/cmssw-patch/CMSSW_5_3_11_patch6/lib/slc5_amd64_gcc462:/afs/cern.ch/cms/slc5_amd64_gcc462/cms/cmssw/CMSSW_5_3_11/bin/slc5_amd64_gcc462:/afs/cern.ch/cms/slc5_amd64_gcc462/cms/cmssw/CMSSW_5_3_11/lib/slc5_amd64_gcc462:/afs/cern.ch/cms/slc5_amd64_gcc462/cms/coral/CORAL_2_3_21-cms35/slc5_amd64_gcc462/python:/afs/cern.ch/cms/slc5_amd64_gcc462/cms/coral/CORAL_2_3_21-cms35/slc5_amd64_gcc462/lib:/afs/cern.ch/cms/slc5_amd64_gcc462/external/pyqt/4.8.1/lib/python2.6/site-packages:/afs/cern.ch/cms/slc5_amd64_gcc462/external/py2-scipy/0.8.0/lib/python2.6/site-packages:/afs/cern.ch/cms/slc5_amd64_gcc462/external/py2-matplotlib/1.0.1/lib/python2.6/site-packages:/afs/cern.ch/cms/slc5_amd64_gcc462/external/python-ldap/2.3.5/lib/python2.6/site-packages:/afs/cern.ch/cms/slc5_amd64_gcc462/external/sip/4.11.2/lib/python2.6/site-packages:/afs/cern.ch/cms/slc5_amd64_gcc462/external/py2-pycurl/7.19.0/lib/python2.6/site-packages:/afs/cern.ch/cms/slc5_amd64_gcc462/external/py2-numpy/1.6.1/lib/python2.6/site-packages:/afs/cern.ch/cms/slc5_amd64_gcc462/external/py2-ipython/0.10/lib/python2.6/site-packages:/afs/cern.ch/cms/slc5_amd64_gcc462/external/py2-cx-oracle/5.1-cms11/lib/python2.6/site-packages:/afs/cern.ch/cms/slc5_amd64_gcc462/external/py2-cjson/1.0.5/lib/python2.6/site-packages:/afs/cern.ch/cms/slc5_amd64_gcc462/cms/das-client/1.9.5/bin:/afs/cern.ch/cms/slc5_amd64_gcc462/external/elementtree/1.2.6/share/lib/python2.6/site-packages:/afs/cern.ch/cms/slc5_amd64_gcc462/external/rivet/1.8.2/lib/python2.6/site-packages:/afs/cern.ch/cms/slc5_amd64_gcc462/external/pyminuit2/0.0.1-cms39/lib/python2.6/site-packages:/afs/cern.ch/cms/slc5_amd64_gcc462/external/professor/1.0.0-cms40/lib/python2.6/site-packages:/afs/cern.ch/cms/slc5_amd64_gcc462/lcg/root/5.32.00-cms21/lib:/afs/cern.ch/cms/slc5_amd64_gcc462/cms/dbs-client/DBS_2_1_9-cms3/lib:/afs/cern.ch/cms/slc5_amd64_gcc462/cms/dbs-client/DBS_2_1_9-cms3/lib/DBSAPI:/afs/cern.ch/cms/slc5_amd64_gcc462/external/cvs2git/5419/lib:/home/grid/cms667/home_cream_885699317/CREAM885699317/
 
# LIMITS USED BY CRAB WATCHDOG:
# RSS  (KBytes)   : 2300000
# VSZ  (KBytes)   : 100000000
# DISK (MBytes)   : 19000
# CPU TIME        : 720h:0m:0s
# WALL CLOCK TIME : 21h:50m:0s
 
844a175eacc74cc51be2e7d71ca2539e
PSETHASH = 844a175eacc74cc51be2e7d71ca2539e
/home/grid/cms667/home_cream_885699317/CREAM885699317/writeCfg.py pset.py pset.py
Importing .py file
Setting parameters
RandomNumberGeneratorService found, will attempt to change seeds
inputBlocks=/RelValTTbar/CMSSW_5_3_11_patch3-PU_START53_LV2_09Jul2013-v1/GEN-SIM-DIGI-RAW-HLTDEBUG#bc03e9fc-e90e-11e2-95e5-00221959e7c0
inputFiles=/store/relval/CMSSW_5_3_11_patch3/RelValTTbar/GEN-SIM-DIGI-RAW-HLTDEBUG/PU_START53_LV2_09Jul2013-v1/00000/F236B393-08E9-E211-A5E6-003048679214.root;/store/relval/CMSSW_5_3_11_patch3/RelValTTbar/GEN-SIM-DIGI-RAW-HLTDEBUG/PU_START53_LV2_09Jul2013-v1/00000/DCFB8219-09E9-E211-B7A9-003048FFCB74.root
parentFiles=
lumisRange=
>>> Executable cmsRun
/afs/cern.ch/cms/slc5_amd64_gcc462/cms/cmssw-patch/CMSSW_5_3_11_patch6/bin/slc5_amd64_gcc462/cmsRun
ok executable found
>>> info for dashboard:
***** Cat /home/grid/cms667/home_cream_885699317/CREAM885699317/jobreport.txt *****
MonitorJobID=6_https://wms317.cern.ch:9000/tsof5gfXHBJOeqQEGMOpqg
MonitorID=marfin_crab_0_130904_121619_65f3cv
ExeStart=cmsRun
***** End Cat jobreport *****
Parameters sent to Dashboard.
>>> cmsRun started at Wed Sep  4 10:18:08 UTC 2013
>>> cmsRun ended at Wed Sep  4 10:57:52 UTC 2013
>>> crab_fjr_*.xml  permission set to 0704
>>> info for dashboard:
***** Cat /home/grid/cms667/home_cream_885699317/CREAM885699317/jobreport.txt *****
MonitorJobID=6_https://wms317.cern.ch:9000/tsof5gfXHBJOeqQEGMOpqg
MonitorID=marfin_crab_0_130904_121619_65f3cv
ExeEnd=cmsRun
***** End Cat jobreport *****
Parameters sent to Dashboard.
TIME_EXE = 2384 sec
>>> cmsRun wrote 113 lines of stdout+stderr
>>> START OF printout of 113 lines from stdout+stderr
04-Sep-2013 12:18:45 CEST  Initiating request to open file root://eoscms//eos/cms/store/relval/CMSSW_5_3_11_patch3/RelValTTbar/GEN-SIM-DIGI-RAW-HLTDEBUG/PU_START53_LV2_09Jul2013-v1/00000/F236B393-08E9-E211-A5E6-003048679214.root?svcClass=default
130904 12:18:45 27223 Xrd: GoToAnotherServer: Going to: lxfsre66c02.cern.ch:1095
04-Sep-2013 12:18:56 CEST  Successfully opened file root://eoscms//eos/cms/store/relval/CMSSW_5_3_11_patch3/RelValTTbar/GEN-SIM-DIGI-RAW-HLTDEBUG/PU_START53_LV2_09Jul2013-v1/00000/F236B393-08E9-E211-A5E6-003048679214.root?svcClass=default
%MSG-w SiStripQuality:  EventSetupRecordDataGetter:hltGetConditions@beginRun  04-Sep-2013 12:20:14 CEST Run: 1
The cabling should always include the active feds in runInfo and possibly have some morethere are instead 59 feds only active in runInfo
%MSG
Begin processing the 1st record. Run 1, Event 2420, LumiSection 49 at 04-Sep-2013 12:20:32.882 CEST
DTTSPhi::addTracoT: preview not present in TRACO trigger or its code=0  trigger not added!
DTTSPhi::addTracoT: preview not present in TRACO trigger or its code=0  trigger not added!
DTTSPhi::addTracoT: preview not present in TRACO trigger or its code=0  trigger not added!
DTTSPhi::addTracoT: preview not present in TRACO trigger or its code=0  trigger not added!
Begin processing the 101st record. Run 1, Event 2670, LumiSection 54 at 04-Sep-2013 12:28:33.780 CEST
DTTSPhi::addTracoT: preview not present in TRACO trigger or its code=0  trigger not added!
DTTSPhi::addTracoT: preview not present in TRACO trigger or its code=0  trigger not added!
DTTSPhi::addTracoT: preview not present in TRACO trigger or its code=0  trigger not added!
DTTSPhi::addTracoT: preview not present in TRACO trigger or its code=0  trigger not added!
04-Sep-2013 12:34:59 CEST  Closed file root://eoscms//eos/cms/store/relval/CMSSW_5_3_11_patch3/RelValTTbar/GEN-SIM-DIGI-RAW-HLTDEBUG/PU_START53_LV2_09Jul2013-v1/00000/F236B393-08E9-E211-A5E6-003048679214.root?svcClass=default
04-Sep-2013 12:34:59 CEST  Initiating request to open file root://eoscms//eos/cms/store/relval/CMSSW_5_3_11_patch3/RelValTTbar/GEN-SIM-DIGI-RAW-HLTDEBUG/PU_START53_LV2_09Jul2013-v1/00000/DCFB8219-09E9-E211-B7A9-003048FFCB74.root?svcClass=default
130904 12:34:59 27223 Xrd: GoToAnotherServer: Going to: lxfsrk56c02.cern.ch:1095
04-Sep-2013 12:34:59 CEST  Successfully opened file root://eoscms//eos/cms/store/relval/CMSSW_5_3_11_patch3/RelValTTbar/GEN-SIM-DIGI-RAW-HLTDEBUG/PU_START53_LV2_09Jul2013-v1/00000/DCFB8219-09E9-E211-B7A9-003048FFCB74.root?svcClass=default
Begin processing the 201st record. Run 1, Event 7920, LumiSection 159 at 04-Sep-2013 12:36:24.387 CEST
DTTSPhi::addTracoT: preview not present in TRACO trigger or its code=0  trigger not added!
DTTSPhi::addTracoT: preview not present in TRACO trigger or its code=0  trigger not added!
DTTSPhi::addTracoT: preview not present in TRACO trigger or its code=0  trigger not added!
DTTSPhi::addTracoT: preview not present in TRACO trigger or its code=0  trigger not added!
DTTSPhi::addTracoT: preview not present in TRACO trigger or its code=0  trigger not added!
DTTSPhi::addTracoT: preview not present in TRACO trigger or its code=0  trigger not added!
DTTSPhi::addTracoT: preview not present in TRACO trigger or its code=0  trigger not added!
DTTSPhi::addTracoT: preview not present in TRACO trigger or its code=0  trigger not added!
%MSG-w BasicTrajectoryState:   TrackProducer:hltBLifetimeRegionalCtfWithMaterialTracksRAzr  04-Sep-2013 12:39:52 CEST Run: 1 Event: 8016
curv error not pos-def
[   3.0133e+07    -201.019-1.14442e+06     -304.11   -0.223067
      -201.019   0.0015517     7.63449  0.00194315   0.0013991
  -1.14442e+06     7.63449     43464.1     11.5485  0.00838083
       -304.11  0.00194315     11.5485 -0.00480164-0.000571136
     -0.223067   0.0013991  0.00838083-0.000571136  0.00929178 ]
%MSG
%MSG-w BasicTrajectoryState:   TrackProducer:hltBLifetimeRegionalCtfWithMaterialTracksRAzr  04-Sep-2013 12:39:52 CEST Run: 1 Event: 8016
local error not pos-def
[   3.0133e+07 1.14515e+06    -10344.9     304.206    -2.57108
   1.14515e+06     43519.2    -393.138     11.5595  -0.0977964
      -10344.9    -393.138     3.55175   -0.104522   0.0025747
       304.206     11.5595   -0.104522 -0.00480468-0.000564258
      -2.57108  -0.0977964   0.0025747-0.000564258   0.0105563 ]
%MSG
130904 12:40:16 27223 Xrd: XrdClientMessage::ReadRaw: Failed to read header (8 bytes).
%MSG-w BasicTrajectoryState:   TrackProducer:hltCtf3HitL1NonIsoWithMaterialTracks 04-Sep-2013 12:41:06 CEST  Run: 1 Event: 8030
curv error not pos-def
[  3.07867e+07     708.373-1.20651e+06    -92.3836     -9.5891
       708.373    0.016923    -27.7609 -0.00271366  0.00406084
  -1.20651e+06    -27.7609     47282.7     3.61209    0.375101
      -92.3836 -0.00271366     3.61209  -0.0481576 -0.00390332
       -9.5891  0.00406084    0.375101 -0.00390332   0.0293812 ]
%MSG
%MSG-w BasicTrajectoryState:   TrackProducer:hltCtf3HitL1NonIsoWithMaterialTracks 04-Sep-2013 12:41:06 CEST  Run: 1 Event: 8030
local error not pos-def
[  3.07867e+07 1.20775e+06    -25660.2     92.4308     9.49437
   1.20775e+06     47379.8    -1006.64     3.61764    0.371837
      -25660.2    -1006.64     21.3886  -0.0776975-0.000720475
       92.4308     3.61764  -0.0776975  -0.0482068 -0.00365108
       9.49437    0.371837-0.000720475 -0.00365108   0.0415628 ]
%MSG
DTTSPhi::addTracoT: preview not present in TRACO trigger or its code=0  trigger not added!
Begin processing the 301st record. Run 1, Event 8070, LumiSection 162 at 04-Sep-2013 12:44:11.077 CEST
DTTSPhi::addTracoT: preview not present in TRACO trigger or its code=0  trigger not added!
%MSG-w BasicTrajectoryState:  TrackProducer:hltCtf3HitL1IsoWithMaterialTracks  04-Sep-2013 12:51:36 CEST Run: 1 Event: 8263
curv error not pos-def
[  1.37956e+07    -136.667     -689526    -42.9584    -45.0186
      -136.667  0.00187992     6.83086 0.000429718  0.00504769
       -689526     6.83086     34463.6     2.13354     2.25011
      -42.9584 0.000429718     2.13354  -0.0788687 0.000108683
      -45.0186  0.00504769     2.25011 0.000108683   0.0404063 ]
%MSG
%MSG-w BasicTrajectoryState:  TrackProducer:hltCtf3HitL1IsoWithMaterialTracks  04-Sep-2013 12:51:36 CEST Run: 1 Event: 8263
local error not pos-def
[  1.37956e+07      690308     26495.9     42.9828     69.3752
        690308     34541.9     1325.81     2.13718     3.47089
       26495.9     1325.81     50.8908    0.082046    0.148912
       42.9828     2.13718    0.082046  -0.0789585  -0.0028317
       69.3752     3.47089    0.148912  -0.0028317   0.0913975 ]
%MSG
Begin processing the 401st record. Run 1, Event 8270, LumiSection 166 at 04-Sep-2013 12:52:13.989 CEST
DTTSPhi::addTracoT: preview not present in TRACO trigger or its code=0  trigger not added!
130904 12:55:16 27223 Xrd: XrdClientMessage::ReadRaw: Failed to read header (8 bytes).
DTTSPhi::addTracoT: preview not present in TRACO trigger or its code=0  trigger not added!
04-Sep-2013 12:57:35 CEST  Closed file root://eoscms//eos/cms/store/relval/CMSSW_5_3_11_patch3/RelValTTbar/GEN-SIM-DIGI-RAW-HLTDEBUG/PU_START53_LV2_09Jul2013-v1/00000/DCFB8219-09E9-E211-B7A9-003048FFCB74.root?svcClass=default

=============================================

MessageLogger Summary

 type     category        sev    module        subroutine        count    total
 ---- -------------------- -- ---------------- ----------------  -----    -----
    1 BasicTrajectoryState -w TrackProducer:hl                       2        2
    2 BasicTrajectoryState -w TrackProducer:hl                       2        2
    3 BasicTrajectoryState -w TrackProducer:hl                       2        2
    4 SiStripQuality       -w EventSetupRecord                       1        1
    5 fileAction           -s file_close                             2        2
    6 fileAction           -s file_open                              4        4

 type    category    Examples: run/evt        run/evt          run/evt
 ---- -------------------- ---------------- ---------------- ----------------
    1 BasicTrajectoryState 1/8016           1/8016           
    2 BasicTrajectoryState 1/8263           1/8263           
    3 BasicTrajectoryState 1/8030           1/8030           
    4 SiStripQuality       Run: 1                            
    5 fileAction           PostProcessEvent PostEndRun       
    6 fileAction           pre-events       pre-events       PostProcessEvent

Severity    # Occurrences   Total Occurrences
--------    -------------   -----------------
Warning                 7                   7
System                  6                   6
>>> END OF printout of 113 lines from stdout+stderr
>>> Parse FrameworkJobReport crab_fjr.xml
Result of parsing the FrameworkJobReport crab_fjr.xml: Popularity start
lumisRange : 1::49,53-54,56::1;1::159,161-162,165-167::2;
lumisParentRange : 
Basename : /store/relval/CMSSW_5_3_11_patch3/RelValTTbar/GEN-SIM-DIGI-RAW-HLTDEBUG/PU_START53_LV2_09Jul2013-v1/00000/
BasenameParent : 
parentFiles : 
inputBlocks : /RelValTTbar/CMSSW_5_3_11_patch3-PU_START53_LV2_09Jul2013-v1/GEN-SIM-DIGI-RAW-HLTDEBUG#bc03e9fc-e90e-11e2-95e5-00221959e7c0
inputFiles : F236B393-08E9-E211-A5E6-003048679214.root::1::EDM::Local::1;DCFB8219-09E9-E211-B7A9-003048FFCB74.root::1::EDM::Local::2;
Popularity stop
Extracted ExitStatus from FrameworkJobReport parsing output: 0
>>> Executable succeded  0
ExeExitCode=0
EXECUTABLE_EXIT_STATUS = 0
>>> current directory /home/grid/cms667/home_cream_885699317/CREAM885699317/CMSSW_5_3_11_patch6
>>>  (SOFTWARE_DIR): /home/grid/cms667/home_cream_885699317/CREAM885699317/CMSSW_5_3_11_patch6
>>> (WORKING_DIR): 
>>> current directory content:
total 4157928
drwxr-xr-x 3 cms667 zh       4096 Sep  4 12:17 .SCRAM
-rw------- 1 cms667 zh    3842683 Sep  4 12:17 CMSSW.py.pkl
drwxr-xr-x 3 cms667 zh       4096 Sep  4 12:17 bin
drwxr-xr-x 3 cms667 zh       4096 Sep  4 12:17 cfipython
drwxr-xr-x 4 cms667 zh       4096 Sep  4 12:17 config
-rw------- 1 cms667 zh         18 Sep  4 12:57 cpu_timing.txt
drwxr-xr-x 2 cms667 zh       4096 Sep  4 12:17 doc
-rw------- 1 cms667 zh       8627 Sep  4 12:57 executable.out
drwxr-xr-x 2 cms667 zh       4096 Sep  4 12:17 include
drwx------ 3 cms667 zh       4096 Aug 26 18:31 lib
drwxr-xr-x 3 cms667 zh       4096 Sep  4 12:17 logs
drwxr-xr-x 3 cms667 zh       4096 Sep  4 12:17 objs
-rw------- 1 cms667 zh 4245693256 Sep  4 12:57 output.root
-rw------- 1 cms667 zh        104 Sep  4 12:18 pset.py
-rw------- 1 cms667 zh    3843524 Sep  4 12:18 pset.py.pkl
-rw------- 1 cms667 zh        289 Sep  4 12:18 pset.pyc
drwxr-xr-x 2 cms667 zh       4096 Sep  4 12:17 python
-rw------- 1 cms667 zh        437 Sep  4 12:57 report.log
drwx------ 5 cms667 zh       4096 Sep  4 12:17 src
drwxr-xr-x 3 cms667 zh       4096 Sep  4 12:17 test
drwxr-xr-x 3 cms667 zh       4096 Sep  4 12:17 tmp
>>> current directory /home/grid/cms667/home_cream_885699317/CREAM885699317/CMSSW_5_3_11_patch6
>>> (SOFTWARE_DIR): /home/grid/cms667/home_cream_885699317/CREAM885699317/CMSSW_5_3_11_patch6
>>> (WORKING_DIR): 
>>> current directory content:
total 4157928
drwxr-xr-x 3 cms667 zh       4096 Sep  4 12:17 .SCRAM
-rw------- 1 cms667 zh    3842683 Sep  4 12:17 CMSSW.py.pkl
drwxr-xr-x 3 cms667 zh       4096 Sep  4 12:17 bin
drwxr-xr-x 3 cms667 zh       4096 Sep  4 12:17 cfipython
drwxr-xr-x 4 cms667 zh       4096 Sep  4 12:17 config
-rw------- 1 cms667 zh         18 Sep  4 12:57 cpu_timing.txt
drwxr-xr-x 2 cms667 zh       4096 Sep  4 12:17 doc
-rw------- 1 cms667 zh       8627 Sep  4 12:57 executable.out
drwxr-xr-x 2 cms667 zh       4096 Sep  4 12:17 include
drwx------ 3 cms667 zh       4096 Aug 26 18:31 lib
drwxr-xr-x 3 cms667 zh       4096 Sep  4 12:17 logs
drwxr-xr-x 3 cms667 zh       4096 Sep  4 12:17 objs
-rw------- 1 cms667 zh 4245693256 Sep  4 12:57 output_6_1_RtI.root
-rw------- 1 cms667 zh        104 Sep  4 12:18 pset.py
-rw------- 1 cms667 zh    3843524 Sep  4 12:18 pset.py.pkl
-rw------- 1 cms667 zh        289 Sep  4 12:18 pset.pyc
drwxr-xr-x 2 cms667 zh       4096 Sep  4 12:17 python
-rw------- 1 cms667 zh        437 Sep  4 12:57 report.log
drwx------ 5 cms667 zh       4096 Sep  4 12:17 src
drwxr-xr-x 3 cms667 zh       4096 Sep  4 12:17 test
drwxr-xr-x 3 cms667 zh       4096 Sep  4 12:17 tmp
>>> current directory (RUNTIME_AREA):  /home/grid/cms667/home_cream_885699317/CREAM885699317
SE = srm-cms.cern.ch
SE_PATH = /srm/managerv2?SFN=/castor/cern.ch/user/m/marfin//53xRelVal2011Redigi/
LFNBaseName = /53xRelVal2011Redigi/marfin/RelValTTbar/53xRelVal2011Redigi/844a175eacc74cc51be2e7d71ca2539e/
USER = marfin
endpoint = srm://srm-cms.cern.ch:8443/srm/managerv2?SFN=/castor/cern.ch/user/m/marfin//53xRelVal2011Redigi/marfin/RelValTTbar/53xRelVal2011Redigi/844a175eacc74cc51be2e7d71ca2539e/
>>> Copy output files from WN = lxbrl3718.cern.ch to /srm/managerv2?SFN=/castor/cern.ch/user/m/marfin//53xRelVal2011Redigi/ :
python cmscp.py  --destination srm://srm-cms.cern.ch:8443/srm/managerv2?SFN=/castor/cern.ch/user/m/marfin//53xRelVal2011Redigi/marfin/RelValTTbar/53xRelVal2011Redigi/844a175eacc74cc51be2e7d71ca2539e/ --inputFileList /home/grid/cms667/home_cream_885699317/CREAM885699317/CMSSW_5_3_11_patch6/output_6_1_RtI.root --middleware LCG --se_name srm-cms.cern.ch --for_lfn /53xRelVal2011Redigi/marfin/RelValTTbar/53xRelVal2011Redigi/844a175eacc74cc51be2e7d71ca2539e/    
******************************************************
localSeName  =  srm-eoscms.cern.ch
remoteSeName =  srm-cms.cern.ch
******************************************************
{"/home/grid/cms667/home_cream_885699317/CREAM885699317/CMSSW_5_3_11_patch6/output_6_1_RtI.root": {"endpoint": "srm://srm-cms.cern.ch:8443/srm/managerv2?SFN=/castor/cern.ch/user/m/marfin//53xRelVal2011Redigi/marfin/RelValTTbar/53xRelVal2011Redigi/844a175eacc74cc51be2e7d71ca2539e/", "surl_for_grid": "", "reason": "Copy succedeed with srm-lcg utils", "erCode": "0", "se_name": "srm-cms.cern.ch", "for_lfn": "/53xRelVal2011Redigi/marfin/RelValTTbar/53xRelVal2011Redigi/844a175eacc74cc51be2e7d71ca2539e/"}}/home/grid/cms667/home_cream_885699317/CREAM885699317
-------- cat /home/grid/cms667/home_cream_885699317/CREAM885699317/cmscpReport.sh 
#!/bin/bash
echo "Report for File: /home/grid/cms667/home_cream_885699317/CREAM885699317/CMSSW_5_3_11_patch6/output_6_1_RtI.root"
echo "LFN: /53xRelVal2011Redigi/marfin/RelValTTbar/53xRelVal2011Redigi/844a175eacc74cc51be2e7d71ca2539e/output_6_1_RtI.root"
echo "StorageElement: srm-cms.cern.ch"
echo "StageOutExitStatusReason = 'Copy succedeed with srm-lcg utils'" | tee -a $RUNTIME_AREA/$repo
echo "StageOutSE = srm-cms.cern.ch" >> $RUNTIME_AREA/$repo

export StageOutExitStatus=0
echo "StageOutExitStatus = 0" | tee -a $RUNTIME_AREA/$repo
-------- end of /home/grid/cms667/home_cream_885699317/CREAM885699317/cmscpReport.sh 
Report for File: /home/grid/cms667/home_cream_885699317/CREAM885699317/CMSSW_5_3_11_patch6/output_6_1_RtI.root
LFN: /53xRelVal2011Redigi/marfin/RelValTTbar/53xRelVal2011Redigi/844a175eacc74cc51be2e7d71ca2539e/output_6_1_RtI.root
StorageElement: srm-cms.cern.ch
StageOutExitStatusReason = 'Copy succedeed with srm-lcg utils'
StageOutExitStatus = 0
>>> current dir: /home/grid/cms667/home_cream_885699317/CREAM885699317
>>> current dir content:
total 6256
-rwx------  1 cms667 zh   13669 Sep  4 12:17 .BrokerInfo
-rw-------  1 cms667 zh    9870 Sep  4 13:40 .SEinteraction.log
-rwx------  1 cms667 zh       0 Sep  4 12:17 .tmp_file
-rw-------  1 cms667 zh     105 Sep  4 12:16 CMSSW.py
-rw-------  1 cms667 zh 3842683 Sep  4 12:16 CMSSW.py.pkl
-rwx------  1 cms667 zh   27957 Sep  4 12:17 CMSSW.sh
drwxr-xr-x 15 cms667 zh    4096 Sep  4 12:57 CMSSW_5_3_11_patch6
-rwx------  1 cms667 zh       0 Sep  4 12:17 CMSSW_6.stderr
-rwx---r--  1 cms667 zh   23127 Sep  4 13:40 CMSSW_6.stdout
-rw-------  1 cms667 zh     484 Sep  4 12:17 CacheEnv.sh
-rw-------  1 cms667 zh    7291 Jun  9  2010 DashboardAPI.py
-rw-------  1 cms667 zh    6493 Sep  4 12:17 DashboardAPI.pyc
drwx------  3 cms667 zh    4096 Aug 20 17:36 IMProv
-rw-------  1 cms667 zh    2748 Mar  8  2006 Logger.py
-rw-------  1 cms667 zh    3223 Sep  4 12:17 Logger.pyc
-rw-------  1 cms667 zh   24524 Mar 28  2008 ProcInfo.py
-rw-------  1 cms667 zh   22846 Sep  4 12:17 ProcInfo.pyc
drwx------  7 cms667 zh    4096 Sep  4 12:18 ProdCommon
drwx------  3 cms667 zh    4096 Sep  4 12:17 WMCore
-rw-------  1 cms667 zh    6077 Sep  4 12:57 Watchdog_6.log
-rw-------  1 cms667 zh   32895 Mar 28  2008 apmon.py
-rw-------  1 cms667 zh   28120 Sep  4 12:17 apmon.pyc
-rwx------  1 cms667 zh   10416 Sep  4 12:17 arguments.xml
-rwx------  1 cms667 zh   38507 Aug  6 23:12 cmscp.py
-rw-------  1 cms667 zh     540 Sep  4 13:40 cmscpReport.sh
-rw-------  1 cms667 zh     633 Sep  4 12:16 crab.cfg
-rwx------  1 cms667 zh    8610 Apr  2 15:44 crabWatchdog.sh
-rwx---r--  1 cms667 zh  781873 Sep  4 12:57 crab_fjr_6.xml
-rwx------  1 cms667 zh 1216220 Sep  4 12:17 default.tgz
-rwx------  1 cms667 zh    4488 May 12  2012 fillCrabFjr.py
-rw-------  1 cms667 zh     468 Sep  4 12:18 inputsReport.txt
-rw-------  1 cms667 zh     253 Sep  4 13:40 jobreport.txt
lrwxrwxrwx  1 cms667 zh      93 Sep  4 12:57 output.root -> /home/grid/cms667/home_cream_885699317/CREAM885699317/CMSSW_5_3_11_patch6/output_6_1_RtI.root
-rw-------  1 cms667 zh   17352 Jan 20  2012 parseCrabFjr.py
-rw-------  1 cms667 zh     264 Sep  4 12:17 report.log
-rwx--x--x  1 cms667 zh    1497 May 27  2009 report.py
-rw-------  1 cms667 zh     504 Sep  4 13:40 resultCopyFile
-rwx------  1 cms667 zh    8387 Mar 23  2011 writeCfg.py
>>> Modify Job Report:
CMSSW_VERSION = CMSSW_5_3_11_patch6
ProcessedDataset = 53xRelVal2011Redigi
/home/grid/cms667/home_cream_885699317/CREAM885699317/ProdCommon/FwkJobRep/ModifyJobReport.py fjr /home/grid/cms667/home_cream_885699317/CREAM885699317/crab_fjr_6.xml json /home/grid/cms667/home_cream_885699317/CREAM885699317/resultCopyFile n_job 6_1_RtI PrimaryDataset RelValTTbar  ApplicationFamily cmsRun ApplicationName cmsRun cmssw_version CMSSW_5_3_11_patch6 psethash 844a175eacc74cc51be2e7d71ca2539e UserProcessedDataset marfin-53xRelVal2011Redigi-844a175eacc74cc51be2e7d71ca2539e
inputDict =  {u'/home/grid/cms667/home_cream_885699317/CREAM885699317/CMSSW_5_3_11_patch6/output_6_1_RtI.root': {u'endpoint': u'srm://srm-cms.cern.ch:8443/srm/managerv2?SFN=/castor/cern.ch/user/m/marfin//53xRelVal2011Redigi/marfin/RelValTTbar/53xRelVal2011Redigi/844a175eacc74cc51be2e7d71ca2539e/', u'surl_for_grid': u'', u'reason': u'Copy succedeed with srm-lcg utils', u'erCode': u'0', u'se_name': u'srm-cms.cern.ch', u'for_lfn': u'/53xRelVal2011Redigi/marfin/RelValTTbar/53xRelVal2011Redigi/844a175eacc74cc51be2e7d71ca2539e/'}}
diz_filter =  {u'output.root': u''}
UserProcessedDataset =  marfin-53xRelVal2011Redigi-844a175eacc74cc51be2e7d71ca2539e
file_name in inputDict =  /home/grid/cms667/home_cream_885699317/CREAM885699317/CMSSW_5_3_11_patch6/output_6_1_RtI.root
(size) os.stat(filename)[6] =  4245693256
checksum =  244333697
filter =  
    file =  output_6_1_RtI.root
    newPfn =  srm://srm-cms.cern.ch:8443/srm/managerv2?SFN=/castor/cern.ch/user/m/marfin//53xRelVal2011Redigi/marfin/RelValTTbar/53xRelVal2011Redigi/844a175eacc74cc51be2e7d71ca2539e/output_6_1_RtI.root
    newLfn =  /53xRelVal2011Redigi/marfin/RelValTTbar/53xRelVal2011Redigi/844a175eacc74cc51be2e7d71ca2539e/output_6_1_RtI.root
>>> crab_fjr_*.xml  permission set to 0704
Checking output files:  
will tar file crab_fjr_6.xml in  out_files_6
will tar file CMSSW_6.stdout in  out_files_6
will tar file CMSSW_6.stderr in  out_files_6
WARNING: output file Watchdog_6.log.gz not found!
>>> padding time: Wrapper lasting more than 600 seconds. No sleep required.
STOPPING WATCHDOG. CrabWatchdog PID is 27062
********** LAST 50 LINES OF WATCHDOG LOG
 Sep 04 12:22:58 CEST	27223	1868000	2301752	140	164	307	cmsRun -j /home/grid/cms667/home_cream_885699317/CREAM885699317/crab_fjr_6.xml -p pset.py      
 Sep 04 12:22:58 CEST	---	1868000	2301752	254	----	----	----
 Sep 04 12:23:59 CEST	---	1868000	2301752	361	----	----	----
 Sep 04 12:25:01 CEST	---	1868000	2301752	469	----	----	----
 Sep 04 12:26:02 CEST	---	1868000	2301752	583	----	----	----
 Sep 04 12:27:04 CEST	---	1868000	2301752	695	----	----	----
 Sep 04 12:28:05 CEST	---	1868000	2301752	805	----	----	----
 Sep 04 12:29:07 CEST	27223	1871128	2303288	805	489	678	cmsRun -j /home/grid/cms667/home_cream_885699317/CREAM885699317/crab_fjr_6.xml -p pset.py      
 Sep 04 12:29:07 CEST	---	1871128	2303288	913	----	----	----
 Sep 04 12:30:10 CEST	27223	1881328	2315064	913	547	741	cmsRun -j /home/grid/cms667/home_cream_885699317/CREAM885699317/crab_fjr_6.xml -p pset.py      
 Sep 04 12:30:10 CEST	---	1881328	2315064	1026	----	----	----
 Sep 04 12:31:12 CEST	27223	1881536	2315064	1026	603	803	cmsRun -j /home/grid/cms667/home_cream_885699317/CREAM885699317/crab_fjr_6.xml -p pset.py      
 Sep 04 12:31:12 CEST	---	1881536	2315064	1137	----	----	----
 Sep 04 12:32:14 CEST	---	1881536	2315064	1236	----	----	----
 Sep 04 12:33:16 CEST	---	1881536	2315064	1351	----	----	----
 Sep 04 12:34:18 CEST	27223	1912984	2368568	1351	764	989	cmsRun -j /home/grid/cms667/home_cream_885699317/CREAM885699317/crab_fjr_6.xml -p pset.py      
 Sep 04 12:34:18 CEST	---	1912984	2368568	1460	----	----	----
 Sep 04 12:35:20 CEST	---	1912984	2368568	1569	----	----	----
 Sep 04 12:36:21 CEST	27223	1927576	2402620	1569	880	1111	cmsRun -j /home/grid/cms667/home_cream_885699317/CREAM885699317/crab_fjr_6.xml -p pset.py      
 Sep 04 12:36:21 CEST	---	1927576	2402620	1682	----	----	----
# TIME			PID	RSS(KB)	VSZ(KB)	Dsk(MB)	tCPU(s)	tWALL(s)	COMMAND
 Sep 04 12:37:22 CEST	---	1927576	2402620	1810	----	----	----
 Sep 04 12:38:23 CEST	---	1927576	2402620	1926	----	----	----
 Sep 04 12:39:24 CEST	---	1927576	2402620	2044	----	----	----
 Sep 04 12:40:26 CEST	---	1927576	2402620	2152	----	----	----
 Sep 04 12:41:29 CEST	27223	1930340	2402620	2152	1163	1419	cmsRun -j /home/grid/cms667/home_cream_885699317/CREAM885699317/crab_fjr_6.xml -p pset.py      
 Sep 04 12:41:29 CEST	---	1930340	2402620	2268	----	----	----
 Sep 04 12:42:30 CEST	---	1930340	2402620	2378	----	----	----
 Sep 04 12:43:32 CEST	27223	1931468	2402620	2378	1273	1544	cmsRun -j /home/grid/cms667/home_cream_885699317/CREAM885699317/crab_fjr_6.xml -p pset.py      
 Sep 04 12:43:32 CEST	---	1931468	2402620	2488	----	----	----
 Sep 04 12:44:36 CEST	---	1931468	2402620	2606	----	----	----
 Sep 04 12:45:39 CEST	---	1931468	2402620	2722	----	----	----
 Sep 04 12:46:41 CEST	---	1931468	2402620	2842	----	----	----
 Sep 04 12:47:42 CEST	---	1931468	2402620	2940	----	----	----
 Sep 04 12:48:45 CEST	27223	1941724	2402620	2940	1542	1857	cmsRun -j /home/grid/cms667/home_cream_885699317/CREAM885699317/crab_fjr_6.xml -p pset.py      
 Sep 04 12:48:45 CEST	---	1941724	2402620	3050	----	----	----
 Sep 04 12:49:48 CEST	27223	2011352	2444604	3050	1597	1918	cmsRun -j /home/grid/cms667/home_cream_885699317/CREAM885699317/crab_fjr_6.xml -p pset.py      
 Sep 04 12:49:48 CEST	---	2011352	2444604	3160	----	----	----
 Sep 04 12:50:50 CEST	27223	2029412	2475580	3160	1654	1979	cmsRun -j /home/grid/cms667/home_cream_885699317/CREAM885699317/crab_fjr_6.xml -p pset.py      
 Sep 04 12:50:50 CEST	---	2029412	2475580	3281	----	----	----
 Sep 04 12:51:51 CEST	---	2029412	2475580	3377	----	----	----
 Sep 04 12:52:52 CEST	---	2029412	2475580	3481	----	----	----
 Sep 04 12:53:53 CEST	27223	2033116	2478396	3481	1821	2163	cmsRun -j /home/grid/cms667/home_cream_885699317/CREAM885699317/crab_fjr_6.xml -p pset.py      
 Sep 04 12:53:53 CEST	---	2033116	2478396	3606	----	----	----
 Sep 04 12:54:54 CEST	---	2033116	2478396	3726	----	----	----
 Sep 04 12:55:54 CEST	27223	2034540	2480700	3726	1938	2283	cmsRun -j /home/grid/cms667/home_cream_885699317/CREAM885699317/crab_fjr_6.xml -p pset.py      
 Sep 04 12:55:54 CEST	---	2034540	2480700	3846	----	----	----
 Sep 04 12:56:54 CEST	27223	2041236	2488124	3846	1997	2345	cmsRun -j /home/grid/cms667/home_cream_885699317/CREAM885699317/crab_fjr_6.xml -p pset.py      
 Sep 04 12:56:54 CEST	---	2041236	2488124	3978	----	----	----
 Sep 04 12:57:56 CEST	---	2041236	2488124	4076	----	----	----
********** WATCHDOG LOG ENDED
ZIPPING WATCHDOG LOG
Disk space used:
du -sh /home/grid/cms667/home_cream_885699317/CREAM885699317
4.0G	/home/grid/cms667/home_cream_885699317/CREAM885699317
Found unusual stderr, rename for OSB
`/pool/grid/cms667/home_cream_885699317/CREAM885699317/CMSSW_6.stdout' -> `CMSSW_6.stderr'
crab_fjr_6.xml
CMSSW_6.stdout
CMSSW_6.stderr
Watchdog_6.log.gz
Total Output dimension: 78753
WARNING: output files size limit is set to: 55000000
Total Output dimension 78753 is fine.
JOB_EXIT_STATUS = 0
>>> info for dashboard:
***** Cat /home/grid/cms667/home_cream_885699317/CREAM885699317/jobreport.txt *****
MonitorJobID=6_https://wms317.cern.ch:9000/tsof5gfXHBJOeqQEGMOpqg
MonitorID=marfin_crab_0_130904_121619_65f3cv
ExeTime=2384
ExeExitCode=0
StageOutExitStatusReason = 'Copy succedeed with srm-lcg utils'
StageOutSE = srm-cms.cern.ch
StageOutExitStatus = 0
CrabUserCpuTime=1987.76
CrabSysCpuTime=56.04
CrabCpuPercentage=85%
CrabWrapperTime=5146
CrabStageoutTime=2568
JobExitCode=0
***** End Cat jobreport *****
Parameters sent to Dashboard.
crab_fjr_6.xml
