This script was generated by crab (version 2.9.0).
Running ./CMSSW.sh with 2 positional parameters: 19 1
Today is Wed Sep  4 12:17:26 CEST 2013
Job submitted on host lxbsu2826.cern.ch
Linux lxbsu2826.cern.ch 2.6.18-308.1.1.el5 #1 SMP Wed Mar 7 19:25:07 CET 2012 x86_64 x86_64 x86_64 GNU/Linux
>>> current directory (RUNTIME_AREA): /home/grid/cms667/home_cream_234020720/CREAM234020720
>>> current user: uid=52545(cms667) gid=1399(zh) groups=1399(zh),1100487903 context=system_u:system_r:initrc_t
>>> directory permission set to 0700
>>> umask set to:  u=rwx,g=,o=
>>> stdout stderr permission set to 0704
>>> voms proxy information:
subject   : /C=DE/O=GermanGrid/OU=DESY/CN=Ihar Marfin/CN=proxy/CN=proxy/CN=proxy/CN=limited proxy
issuer    : /C=DE/O=GermanGrid/OU=DESY/CN=Ihar Marfin/CN=proxy/CN=proxy/CN=proxy
identity  : /C=DE/O=GermanGrid/OU=DESY/CN=Ihar Marfin/CN=proxy/CN=proxy/CN=proxy
type      : limited proxy
strength  : 1024 bits
path      : /home/grid/cms667/home_cream_234020720/cream_234020720.proxy
timeleft  : 187:42:23
key usage : 
=== VO cms extension information ===
VO        : cms
subject   : /C=DE/O=GermanGrid/OU=DESY/CN=Ihar Marfin
issuer    : /DC=ch/DC=cern/OU=computers/CN=lcg-voms.cern.ch
attribute : /cms/Role=NULL/Capability=NULL
attribute : /cms/dcms/Role=NULL/Capability=NULL
timeleft  : 187:44:02
uri       : lcg-voms.cern.ch:15002
>>> tar --no-same-permissions -xf /home/grid/cms667/home_cream_234020720/CREAM234020720/default.tgz :
Successful untar
>>> Include /home/grid/cms667/home_cream_234020720/CREAM234020720 in PYTHONPATH:
strip arguments
env var CRAB_UNIQUE_JOB_ID set to: marfin_crab_0_130904_121619_65f3cv_19_1_oH6
out_files_19
>>> list of expected files on output sandbox
output files: crab_fjr_19.xml CMSSW_19.stdout CMSSW_19.stderr Watchdog_19.log.gz
>>> GridFlavour discovery: 
GridFlavour=LCG
>>> SyncSite discovery: 
not reporting SyncSite
>>> SyncCE discovery: 
getting SyncCE from CE_ID
SyncCE=ce203.cern.ch:8443/cream-lsf-grid_cms
>>> info for dashboard:
***** Cat /home/grid/cms667/home_cream_234020720/CREAM234020720/jobreport.txt *****
MonitorJobID=19_https://wms317.cern.ch:9000/ZVsjb06SHO_JNTI8dkhC4w
SyncGridJobId=https://wms317.cern.ch:9000/ZVsjb06SHO_JNTI8dkhC4w
MonitorID=marfin_crab_0_130904_121619_65f3cv
GridFlavour=LCG
SyncCE=ce203.cern.ch:8443/cream-lsf-grid_cms
***** End Cat jobreport *****
Parameters sent to Dashboard.
>>> setup environment
set SCRAM ARCH to slc5_amd64_gcc462
SCRAM_ARCH = slc5_amd64_gcc462
>>> setup CMS LCG environment:
set SCRAM ARCH and BUILD_ARCH to slc5_amd64_gcc462 ###
Sourcing environment... 
sourcing /afs/cern.ch/project/gd/apps/cms/cmsset_default.sh
==> setup cms environment ok
>>> specific cmssw setup environment:
CMSSW_VERSION =  CMSSW_5_3_11_patch6
>>> current directory (SOFTWARE_DIR): /home/grid/cms667/home_cream_234020720/CREAM234020720/CMSSW_5_3_11_patch6
PreserveSeeds: <>
IncrementSeeds:<>
{"output.root": ""}
WNHostName=lxbsu2826.cern.ch
>>> info for dashboard:
***** Cat /home/grid/cms667/home_cream_234020720/CREAM234020720/jobreport.txt *****
MonitorJobID=19_https://wms317.cern.ch:9000/ZVsjb06SHO_JNTI8dkhC4w
MonitorID=marfin_crab_0_130904_121619_65f3cv
WNHostName=lxbsu2826.cern.ch
***** End Cat jobreport *****
Parameters sent to Dashboard.
crabWatchdog started as process 16836
>>> moving CMSSW software directories in /home/grid/cms667/home_cream_234020720/CREAM234020720/CMSSW_5_3_11_patch6
mv: cannot stat `/home/grid/cms667/home_cream_234020720/CREAM234020720/module/': No such file or directory
>>> Include /home/grid/cms667/home_cream_234020720/CREAM234020720 in PYTHONPATH:
PYTHONPATH=/home/grid/cms667/home_cream_234020720/CREAM234020720/:/pool/grid/cms667/home_cream_234020720/CREAM234020720/CMSSW_5_3_11_patch6/python:/pool/grid/cms667/home_cream_234020720/CREAM234020720/CMSSW_5_3_11_patch6/lib/slc5_amd64_gcc462:/afs/cern.ch/cms/slc5_amd64_gcc462/cms/cmssw-patch/CMSSW_5_3_11_patch6/python:/afs/cern.ch/cms/slc5_amd64_gcc462/cms/cmssw-patch/CMSSW_5_3_11_patch6/lib/slc5_amd64_gcc462:/afs/cern.ch/cms/slc5_amd64_gcc462/cms/cmssw/CMSSW_5_3_11/bin/slc5_amd64_gcc462:/afs/cern.ch/cms/slc5_amd64_gcc462/cms/cmssw/CMSSW_5_3_11/lib/slc5_amd64_gcc462:/afs/cern.ch/cms/slc5_amd64_gcc462/cms/coral/CORAL_2_3_21-cms35/slc5_amd64_gcc462/python:/afs/cern.ch/cms/slc5_amd64_gcc462/cms/coral/CORAL_2_3_21-cms35/slc5_amd64_gcc462/lib:/afs/cern.ch/cms/slc5_amd64_gcc462/external/pyqt/4.8.1/lib/python2.6/site-packages:/afs/cern.ch/cms/slc5_amd64_gcc462/external/py2-scipy/0.8.0/lib/python2.6/site-packages:/afs/cern.ch/cms/slc5_amd64_gcc462/external/py2-matplotlib/1.0.1/lib/python2.6/site-packages:/afs/cern.ch/cms/slc5_amd64_gcc462/external/python-ldap/2.3.5/lib/python2.6/site-packages:/afs/cern.ch/cms/slc5_amd64_gcc462/external/sip/4.11.2/lib/python2.6/site-packages:/afs/cern.ch/cms/slc5_amd64_gcc462/external/py2-pycurl/7.19.0/lib/python2.6/site-packages:/afs/cern.ch/cms/slc5_amd64_gcc462/external/py2-numpy/1.6.1/lib/python2.6/site-packages:/afs/cern.ch/cms/slc5_amd64_gcc462/external/py2-ipython/0.10/lib/python2.6/site-packages:/afs/cern.ch/cms/slc5_amd64_gcc462/external/py2-cx-oracle/5.1-cms11/lib/python2.6/site-packages:/afs/cern.ch/cms/slc5_amd64_gcc462/external/py2-cjson/1.0.5/lib/python2.6/site-packages:/afs/cern.ch/cms/slc5_amd64_gcc462/cms/das-client/1.9.5/bin:/afs/cern.ch/cms/slc5_amd64_gcc462/external/elementtree/1.2.6/share/lib/python2.6/site-packages:/afs/cern.ch/cms/slc5_amd64_gcc462/external/rivet/1.8.2/lib/python2.6/site-packages:/afs/cern.ch/cms/slc5_amd64_gcc462/external/pyminuit2/0.0.1-cms39/lib/python2.6/site-packages:/afs/cern.ch/cms/slc5_amd64_gcc462/external/professor/1.0.0-cms40/lib/python2.6/site-packages:/afs/cern.ch/cms/slc5_amd64_gcc462/lcg/root/5.32.00-cms21/lib:/afs/cern.ch/cms/slc5_amd64_gcc462/cms/dbs-client/DBS_2_1_9-cms3/lib:/afs/cern.ch/cms/slc5_amd64_gcc462/cms/dbs-client/DBS_2_1_9-cms3/lib/DBSAPI:/afs/cern.ch/cms/slc5_amd64_gcc462/external/cvs2git/5419/lib:/home/grid/cms667/home_cream_234020720/CREAM234020720/
 
# LIMITS USED BY CRAB WATCHDOG:
# RSS  (KBytes)   : 2300000
# VSZ  (KBytes)   : 100000000
# DISK (MBytes)   : 19000
# CPU TIME        : 720h:0m:0s
# WALL CLOCK TIME : 21h:50m:0s
 
844a175eacc74cc51be2e7d71ca2539e
PSETHASH = 844a175eacc74cc51be2e7d71ca2539e
/home/grid/cms667/home_cream_234020720/CREAM234020720/writeCfg.py pset.py pset.py
Importing .py file
Setting parameters
RandomNumberGeneratorService found, will attempt to change seeds
inputBlocks=/RelValTTbar/CMSSW_5_3_11_patch3-PU_START53_LV2_09Jul2013-v1/GEN-SIM-DIGI-RAW-HLTDEBUG#bc03e9fc-e90e-11e2-95e5-00221959e7c0
inputFiles=/store/relval/CMSSW_5_3_11_patch3/RelValTTbar/GEN-SIM-DIGI-RAW-HLTDEBUG/PU_START53_LV2_09Jul2013-v1/00000/305BFBC0-08E9-E211-9196-00261894389C.root;/store/relval/CMSSW_5_3_11_patch3/RelValTTbar/GEN-SIM-DIGI-RAW-HLTDEBUG/PU_START53_LV2_09Jul2013-v1/00000/5662E8DD-08E9-E211-A7AC-002618943950.root
parentFiles=
lumisRange=
>>> Executable cmsRun
/afs/cern.ch/cms/slc5_amd64_gcc462/cms/cmssw-patch/CMSSW_5_3_11_patch6/bin/slc5_amd64_gcc462/cmsRun
ok executable found
>>> info for dashboard:
***** Cat /home/grid/cms667/home_cream_234020720/CREAM234020720/jobreport.txt *****
MonitorJobID=19_https://wms317.cern.ch:9000/ZVsjb06SHO_JNTI8dkhC4w
MonitorID=marfin_crab_0_130904_121619_65f3cv
ExeStart=cmsRun
***** End Cat jobreport *****
Parameters sent to Dashboard.
>>> cmsRun started at Wed Sep  4 10:17:48 UTC 2013
>>> cmsRun ended at Wed Sep  4 10:51:03 UTC 2013
>>> crab_fjr_*.xml  permission set to 0704
>>> info for dashboard:
***** Cat /home/grid/cms667/home_cream_234020720/CREAM234020720/jobreport.txt *****
MonitorJobID=19_https://wms317.cern.ch:9000/ZVsjb06SHO_JNTI8dkhC4w
MonitorID=marfin_crab_0_130904_121619_65f3cv
ExeEnd=cmsRun
***** End Cat jobreport *****
Parameters sent to Dashboard.
TIME_EXE = 1995 sec
>>> cmsRun wrote 47 lines of stdout+stderr
>>> START OF printout of 47 lines from stdout+stderr
04-Sep-2013 12:18:08 CEST  Initiating request to open file root://eoscms//eos/cms/store/relval/CMSSW_5_3_11_patch3/RelValTTbar/GEN-SIM-DIGI-RAW-HLTDEBUG/PU_START53_LV2_09Jul2013-v1/00000/305BFBC0-08E9-E211-9196-00261894389C.root?svcClass=default
130904 12:18:08 17131 Xrd: GoToAnotherServer: Going to: lxfsre42c02.cern.ch:1095
04-Sep-2013 12:18:13 CEST  Successfully opened file root://eoscms//eos/cms/store/relval/CMSSW_5_3_11_patch3/RelValTTbar/GEN-SIM-DIGI-RAW-HLTDEBUG/PU_START53_LV2_09Jul2013-v1/00000/305BFBC0-08E9-E211-9196-00261894389C.root?svcClass=default
%MSG-w SiStripQuality:  EventSetupRecordDataGetter:hltGetConditions@beginRun  04-Sep-2013 12:19:08 CEST Run: 1
The cabling should always include the active feds in runInfo and possibly have some morethere are instead 59 feds only active in runInfo
%MSG
Begin processing the 1st record. Run 1, Event 7169, LumiSection 144 at 04-Sep-2013 12:19:23.352 CEST
DTTSPhi::addTracoT: preview not present in TRACO trigger or its code=0  trigger not added!
DTTSPhi::addTracoT: preview not present in TRACO trigger or its code=0  trigger not added!
Begin processing the 101st record. Run 1, Event 7319, LumiSection 147 at 04-Sep-2013 12:26:09.804 CEST
DTTSPhi::addTracoT: preview not present in TRACO trigger or its code=0  trigger not added!
DTTSPhi::addTracoT: preview not present in TRACO trigger or its code=0  trigger not added!
Begin processing the 201st record. Run 1, Event 7419, LumiSection 149 at 04-Sep-2013 12:32:39.236 CEST
130904 12:38:38 17131 Xrd: XrdClientMessage::ReadRaw: Failed to read header (8 bytes).
Begin processing the 301st record. Run 1, Event 7719, LumiSection 155 at 04-Sep-2013 12:39:15.544 CEST
04-Sep-2013 12:41:12 CEST  Closed file root://eoscms//eos/cms/store/relval/CMSSW_5_3_11_patch3/RelValTTbar/GEN-SIM-DIGI-RAW-HLTDEBUG/PU_START53_LV2_09Jul2013-v1/00000/305BFBC0-08E9-E211-9196-00261894389C.root?svcClass=default
04-Sep-2013 12:41:13 CEST  Initiating request to open file root://eoscms//eos/cms/store/relval/CMSSW_5_3_11_patch3/RelValTTbar/GEN-SIM-DIGI-RAW-HLTDEBUG/PU_START53_LV2_09Jul2013-v1/00000/5662E8DD-08E9-E211-A7AC-002618943950.root?svcClass=default
130904 12:41:13 001 Xrd: CheckErrorStatus: Server [eoscms] declared: session not found(error code: 3011)
130904 12:41:13 17131 Xrd: GoToAnotherServer: Going to: lxfsre07a08.cern.ch:1095
04-Sep-2013 12:41:13 CEST  Successfully opened file root://eoscms//eos/cms/store/relval/CMSSW_5_3_11_patch3/RelValTTbar/GEN-SIM-DIGI-RAW-HLTDEBUG/PU_START53_LV2_09Jul2013-v1/00000/5662E8DD-08E9-E211-A7AC-002618943950.root?svcClass=default
Begin processing the 401st record. Run 1, Event 5819, LumiSection 117 at 04-Sep-2013 12:45:51.732 CEST
DTTSPhi::addTracoT: preview not present in TRACO trigger or its code=0  trigger not added!
130904 12:46:38 17131 Xrd: XrdClientMessage::ReadRaw: Failed to read header (8 bytes).
DTTSPhi::addTracoT: preview not present in TRACO trigger or its code=0  trigger not added!
DTTSPhi::addTracoT: preview not present in TRACO trigger or its code=0  trigger not added!
04-Sep-2013 12:50:49 CEST  Closed file root://eoscms//eos/cms/store/relval/CMSSW_5_3_11_patch3/RelValTTbar/GEN-SIM-DIGI-RAW-HLTDEBUG/PU_START53_LV2_09Jul2013-v1/00000/5662E8DD-08E9-E211-A7AC-002618943950.root?svcClass=default

=============================================

MessageLogger Summary

 type     category        sev    module        subroutine        count    total
 ---- -------------------- -- ---------------- ----------------  -----    -----
    1 SiStripQuality       -w EventSetupRecord                       1        1
    2 fileAction           -s file_close                             2        2
    3 fileAction           -s file_open                              4        4

 type    category    Examples: run/evt        run/evt          run/evt
 ---- -------------------- ---------------- ---------------- ----------------
    1 SiStripQuality       Run: 1                            
    2 fileAction           PostProcessEvent PostEndRun       
    3 fileAction           pre-events       pre-events       PostProcessEvent

Severity    # Occurrences   Total Occurrences
--------    -------------   -----------------
Warning                 1                   1
System                  6                   6
>>> END OF printout of 47 lines from stdout+stderr
>>> Parse FrameworkJobReport crab_fjr.xml
Result of parsing the FrameworkJobReport crab_fjr.xml: Popularity start
lumisRange : 1::116-117,119::1;1::144,146-149,154-155::2;
lumisParentRange : 
Basename : /store/relval/CMSSW_5_3_11_patch3/RelValTTbar/GEN-SIM-DIGI-RAW-HLTDEBUG/PU_START53_LV2_09Jul2013-v1/00000/
BasenameParent : 
parentFiles : 
inputBlocks : /RelValTTbar/CMSSW_5_3_11_patch3-PU_START53_LV2_09Jul2013-v1/GEN-SIM-DIGI-RAW-HLTDEBUG#bc03e9fc-e90e-11e2-95e5-00221959e7c0
inputFiles : 5662E8DD-08E9-E211-A7AC-002618943950.root::1::EDM::Local::1;305BFBC0-08E9-E211-9196-00261894389C.root::1::EDM::Local::2;
Popularity stop
Extracted ExitStatus from FrameworkJobReport parsing output: 0
>>> Executable succeded  0
ExeExitCode=0
EXECUTABLE_EXIT_STATUS = 0
>>> current directory /home/grid/cms667/home_cream_234020720/CREAM234020720/CMSSW_5_3_11_patch6
>>>  (SOFTWARE_DIR): /home/grid/cms667/home_cream_234020720/CREAM234020720/CMSSW_5_3_11_patch6
>>> (WORKING_DIR): 
>>> current directory content:
total 4276708
drwxr-xr-x 3 cms667 zh       4096 Sep  4 12:17 .SCRAM
-rw------- 1 cms667 zh    3842683 Sep  4 12:17 CMSSW.py.pkl
drwxr-xr-x 3 cms667 zh       4096 Sep  4 12:17 bin
drwxr-xr-x 3 cms667 zh       4096 Sep  4 12:17 cfipython
drwxr-xr-x 4 cms667 zh       4096 Sep  4 12:17 config
-rw------- 1 cms667 zh         18 Sep  4 12:51 cpu_timing.txt
drwxr-xr-x 2 cms667 zh       4096 Sep  4 12:17 doc
-rw------- 1 cms667 zh       4274 Sep  4 12:50 executable.out
drwxr-xr-x 2 cms667 zh       4096 Sep  4 12:17 include
drwx------ 3 cms667 zh       4096 Aug 26 18:31 lib
drwxr-xr-x 3 cms667 zh       4096 Sep  4 12:17 logs
drwxr-xr-x 3 cms667 zh       4096 Sep  4 12:17 objs
-rw------- 1 cms667 zh 4367203076 Sep  4 12:50 output.root
-rw------- 1 cms667 zh        104 Sep  4 12:17 pset.py
-rw------- 1 cms667 zh    3843521 Sep  4 12:17 pset.py.pkl
-rw------- 1 cms667 zh        289 Sep  4 12:17 pset.pyc
drwxr-xr-x 2 cms667 zh       4096 Sep  4 12:17 python
-rw------- 1 cms667 zh        440 Sep  4 12:51 report.log
drwx------ 5 cms667 zh       4096 Sep  4 12:17 src
drwxr-xr-x 3 cms667 zh       4096 Sep  4 12:17 test
drwxr-xr-x 3 cms667 zh       4096 Sep  4 12:17 tmp
>>> current directory /home/grid/cms667/home_cream_234020720/CREAM234020720/CMSSW_5_3_11_patch6
>>> (SOFTWARE_DIR): /home/grid/cms667/home_cream_234020720/CREAM234020720/CMSSW_5_3_11_patch6
>>> (WORKING_DIR): 
>>> current directory content:
total 4276708
drwxr-xr-x 3 cms667 zh       4096 Sep  4 12:17 .SCRAM
-rw------- 1 cms667 zh    3842683 Sep  4 12:17 CMSSW.py.pkl
drwxr-xr-x 3 cms667 zh       4096 Sep  4 12:17 bin
drwxr-xr-x 3 cms667 zh       4096 Sep  4 12:17 cfipython
drwxr-xr-x 4 cms667 zh       4096 Sep  4 12:17 config
-rw------- 1 cms667 zh         18 Sep  4 12:51 cpu_timing.txt
drwxr-xr-x 2 cms667 zh       4096 Sep  4 12:17 doc
-rw------- 1 cms667 zh       4274 Sep  4 12:50 executable.out
drwxr-xr-x 2 cms667 zh       4096 Sep  4 12:17 include
drwx------ 3 cms667 zh       4096 Aug 26 18:31 lib
drwxr-xr-x 3 cms667 zh       4096 Sep  4 12:17 logs
drwxr-xr-x 3 cms667 zh       4096 Sep  4 12:17 objs
-rw------- 1 cms667 zh 4367203076 Sep  4 12:50 output_19_1_oH6.root
-rw------- 1 cms667 zh        104 Sep  4 12:17 pset.py
-rw------- 1 cms667 zh    3843521 Sep  4 12:17 pset.py.pkl
-rw------- 1 cms667 zh        289 Sep  4 12:17 pset.pyc
drwxr-xr-x 2 cms667 zh       4096 Sep  4 12:17 python
-rw------- 1 cms667 zh        440 Sep  4 12:51 report.log
drwx------ 5 cms667 zh       4096 Sep  4 12:17 src
drwxr-xr-x 3 cms667 zh       4096 Sep  4 12:17 test
drwxr-xr-x 3 cms667 zh       4096 Sep  4 12:17 tmp
>>> current directory (RUNTIME_AREA):  /home/grid/cms667/home_cream_234020720/CREAM234020720
SE = srm-cms.cern.ch
SE_PATH = /srm/managerv2?SFN=/castor/cern.ch/user/m/marfin//53xRelVal2011Redigi/
LFNBaseName = /53xRelVal2011Redigi/marfin/RelValTTbar/53xRelVal2011Redigi/844a175eacc74cc51be2e7d71ca2539e/
USER = marfin
endpoint = srm://srm-cms.cern.ch:8443/srm/managerv2?SFN=/castor/cern.ch/user/m/marfin//53xRelVal2011Redigi/marfin/RelValTTbar/53xRelVal2011Redigi/844a175eacc74cc51be2e7d71ca2539e/
>>> Copy output files from WN = lxbsu2826.cern.ch to /srm/managerv2?SFN=/castor/cern.ch/user/m/marfin//53xRelVal2011Redigi/ :
python cmscp.py  --destination srm://srm-cms.cern.ch:8443/srm/managerv2?SFN=/castor/cern.ch/user/m/marfin//53xRelVal2011Redigi/marfin/RelValTTbar/53xRelVal2011Redigi/844a175eacc74cc51be2e7d71ca2539e/ --inputFileList /home/grid/cms667/home_cream_234020720/CREAM234020720/CMSSW_5_3_11_patch6/output_19_1_oH6.root --middleware LCG --se_name srm-cms.cern.ch --for_lfn /53xRelVal2011Redigi/marfin/RelValTTbar/53xRelVal2011Redigi/844a175eacc74cc51be2e7d71ca2539e/    
******************************************************
localSeName  =  srm-eoscms.cern.ch
remoteSeName =  srm-cms.cern.ch
******************************************************
{"/home/grid/cms667/home_cream_234020720/CREAM234020720/CMSSW_5_3_11_patch6/output_19_1_oH6.root": {"endpoint": "srm://srm-cms.cern.ch:8443/srm/managerv2?SFN=/castor/cern.ch/user/m/marfin//53xRelVal2011Redigi/marfin/RelValTTbar/53xRelVal2011Redigi/844a175eacc74cc51be2e7d71ca2539e/", "surl_for_grid": "", "reason": "Copy succedeed with srm-lcg utils", "erCode": "0", "se_name": "srm-cms.cern.ch", "for_lfn": "/53xRelVal2011Redigi/marfin/RelValTTbar/53xRelVal2011Redigi/844a175eacc74cc51be2e7d71ca2539e/"}}/home/grid/cms667/home_cream_234020720/CREAM234020720
-------- cat /home/grid/cms667/home_cream_234020720/CREAM234020720/cmscpReport.sh 
#!/bin/bash
echo "Report for File: /home/grid/cms667/home_cream_234020720/CREAM234020720/CMSSW_5_3_11_patch6/output_19_1_oH6.root"
echo "LFN: /53xRelVal2011Redigi/marfin/RelValTTbar/53xRelVal2011Redigi/844a175eacc74cc51be2e7d71ca2539e/output_19_1_oH6.root"
echo "StorageElement: srm-cms.cern.ch"
echo "StageOutExitStatusReason = 'Copy succedeed with srm-lcg utils'" | tee -a $RUNTIME_AREA/$repo
echo "StageOutSE = srm-cms.cern.ch" >> $RUNTIME_AREA/$repo

export StageOutExitStatus=0
echo "StageOutExitStatus = 0" | tee -a $RUNTIME_AREA/$repo
-------- end of /home/grid/cms667/home_cream_234020720/CREAM234020720/cmscpReport.sh 
Report for File: /home/grid/cms667/home_cream_234020720/CREAM234020720/CMSSW_5_3_11_patch6/output_19_1_oH6.root
LFN: /53xRelVal2011Redigi/marfin/RelValTTbar/53xRelVal2011Redigi/844a175eacc74cc51be2e7d71ca2539e/output_19_1_oH6.root
StorageElement: srm-cms.cern.ch
StageOutExitStatusReason = 'Copy succedeed with srm-lcg utils'
StageOutExitStatus = 0
>>> current dir: /home/grid/cms667/home_cream_234020720/CREAM234020720
>>> current dir content:
total 6248
-rwx------  1 cms667 zh   13669 Sep  4 12:17 .BrokerInfo
-rw-------  1 cms667 zh    5402 Sep  4 13:32 .SEinteraction.log
-rwx------  1 cms667 zh       0 Sep  4 12:17 .tmp_file
-rw-------  1 cms667 zh     105 Sep  4 12:16 CMSSW.py
-rw-------  1 cms667 zh 3842683 Sep  4 12:16 CMSSW.py.pkl
-rwx------  1 cms667 zh   27957 Sep  4 12:17 CMSSW.sh
-rwx------  1 cms667 zh       0 Sep  4 12:17 CMSSW_19.stderr
-rwx---r--  1 cms667 zh   18788 Sep  4 13:32 CMSSW_19.stdout
drwxr-xr-x 15 cms667 zh    4096 Sep  4 12:51 CMSSW_5_3_11_patch6
-rw-------  1 cms667 zh     484 Sep  4 12:17 CacheEnv.sh
-rw-------  1 cms667 zh    7291 Jun  9  2010 DashboardAPI.py
-rw-------  1 cms667 zh    6493 Sep  4 12:17 DashboardAPI.pyc
drwx------  3 cms667 zh    4096 Aug 20 17:36 IMProv
-rw-------  1 cms667 zh    2748 Mar  8  2006 Logger.py
-rw-------  1 cms667 zh    3223 Sep  4 12:17 Logger.pyc
-rw-------  1 cms667 zh   24524 Mar 28  2008 ProcInfo.py
-rw-------  1 cms667 zh   22846 Sep  4 12:17 ProcInfo.pyc
drwx------  7 cms667 zh    4096 Sep  4 12:17 ProdCommon
drwx------  3 cms667 zh    4096 Sep  4 12:17 WMCore
-rw-------  1 cms667 zh    5464 Sep  4 12:51 Watchdog_19.log
-rw-------  1 cms667 zh   32895 Mar 28  2008 apmon.py
-rw-------  1 cms667 zh   28120 Sep  4 12:17 apmon.pyc
-rwx------  1 cms667 zh   10416 Sep  4 12:17 arguments.xml
-rwx------  1 cms667 zh   38507 Aug  6 23:12 cmscp.py
-rw-------  1 cms667 zh     542 Sep  4 13:32 cmscpReport.sh
-rw-------  1 cms667 zh     633 Sep  4 12:16 crab.cfg
-rwx------  1 cms667 zh    8610 Apr  2 15:44 crabWatchdog.sh
-rwx---r--  1 cms667 zh  781877 Sep  4 12:50 crab_fjr_19.xml
-rwx------  1 cms667 zh 1216220 Sep  4 12:17 default.tgz
-rwx------  1 cms667 zh    4488 May 12  2012 fillCrabFjr.py
-rw-------  1 cms667 zh     468 Sep  4 12:17 inputsReport.txt
-rw-------  1 cms667 zh     254 Sep  4 13:32 jobreport.txt
lrwxrwxrwx  1 cms667 zh      94 Sep  4 12:51 output.root -> /home/grid/cms667/home_cream_234020720/CREAM234020720/CMSSW_5_3_11_patch6/output_19_1_oH6.root
-rw-------  1 cms667 zh   17352 Jan 20  2012 parseCrabFjr.py
-rw-------  1 cms667 zh     265 Sep  4 12:17 report.log
-rwx--x--x  1 cms667 zh    1497 May 27  2009 report.py
-rw-------  1 cms667 zh     505 Sep  4 13:32 resultCopyFile
-rwx------  1 cms667 zh    8387 Mar 23  2011 writeCfg.py
>>> Modify Job Report:
CMSSW_VERSION = CMSSW_5_3_11_patch6
ProcessedDataset = 53xRelVal2011Redigi
/home/grid/cms667/home_cream_234020720/CREAM234020720/ProdCommon/FwkJobRep/ModifyJobReport.py fjr /home/grid/cms667/home_cream_234020720/CREAM234020720/crab_fjr_19.xml json /home/grid/cms667/home_cream_234020720/CREAM234020720/resultCopyFile n_job 19_1_oH6 PrimaryDataset RelValTTbar  ApplicationFamily cmsRun ApplicationName cmsRun cmssw_version CMSSW_5_3_11_patch6 psethash 844a175eacc74cc51be2e7d71ca2539e UserProcessedDataset marfin-53xRelVal2011Redigi-844a175eacc74cc51be2e7d71ca2539e
inputDict =  {u'/home/grid/cms667/home_cream_234020720/CREAM234020720/CMSSW_5_3_11_patch6/output_19_1_oH6.root': {u'endpoint': u'srm://srm-cms.cern.ch:8443/srm/managerv2?SFN=/castor/cern.ch/user/m/marfin//53xRelVal2011Redigi/marfin/RelValTTbar/53xRelVal2011Redigi/844a175eacc74cc51be2e7d71ca2539e/', u'surl_for_grid': u'', u'reason': u'Copy succedeed with srm-lcg utils', u'erCode': u'0', u'se_name': u'srm-cms.cern.ch', u'for_lfn': u'/53xRelVal2011Redigi/marfin/RelValTTbar/53xRelVal2011Redigi/844a175eacc74cc51be2e7d71ca2539e/'}}
diz_filter =  {u'output.root': u''}
UserProcessedDataset =  marfin-53xRelVal2011Redigi-844a175eacc74cc51be2e7d71ca2539e
file_name in inputDict =  /home/grid/cms667/home_cream_234020720/CREAM234020720/CMSSW_5_3_11_patch6/output_19_1_oH6.root
(size) os.stat(filename)[6] =  4367203076
checksum =  1585919766
filter =  
    file =  output_19_1_oH6.root
    newPfn =  srm://srm-cms.cern.ch:8443/srm/managerv2?SFN=/castor/cern.ch/user/m/marfin//53xRelVal2011Redigi/marfin/RelValTTbar/53xRelVal2011Redigi/844a175eacc74cc51be2e7d71ca2539e/output_19_1_oH6.root
    newLfn =  /53xRelVal2011Redigi/marfin/RelValTTbar/53xRelVal2011Redigi/844a175eacc74cc51be2e7d71ca2539e/output_19_1_oH6.root
>>> crab_fjr_*.xml  permission set to 0704
Checking output files:  
will tar file crab_fjr_19.xml in  out_files_19
will tar file CMSSW_19.stdout in  out_files_19
will tar file CMSSW_19.stderr in  out_files_19
WARNING: output file Watchdog_19.log.gz not found!
>>> padding time: Wrapper lasting more than 600 seconds. No sleep required.
STOPPING WATCHDOG. CrabWatchdog PID is 16836
********** LAST 50 LINES OF WATCHDOG LOG
 Sep 04 12:18:35 CEST	17131	537732	761400	18	18	60	cmsRun -j /home/grid/cms667/home_cream_234020720/CREAM234020720/crab_fjr_19.xml -p pset.py      
 Sep 04 12:18:35 CEST	---	537732	761400	22	----	----	----
 Sep 04 12:19:35 CEST	17131	1664580	2035964	22	51	121	cmsRun -j /home/grid/cms667/home_cream_234020720/CREAM234020720/crab_fjr_19.xml -p pset.py      
 Sep 04 12:19:35 CEST	---	1664580	2035964	27	----	----	----
 Sep 04 12:20:36 CEST	17131	1828376	2277076	27	104	181	cmsRun -j /home/grid/cms667/home_cream_234020720/CREAM234020720/crab_fjr_19.xml -p pset.py      
 Sep 04 12:20:36 CEST	---	1828376	2277076	142	----	----	----
 Sep 04 12:21:36 CEST	---	1828376	2277076	288	----	----	----
 Sep 04 12:22:36 CEST	17131	1841308	2277076	288	222	302	cmsRun -j /home/grid/cms667/home_cream_234020720/CREAM234020720/crab_fjr_19.xml -p pset.py      
 Sep 04 12:22:36 CEST	---	1841308	2277076	418	----	----	----
 Sep 04 12:23:37 CEST	17131	1849788	2277076	418	280	362	cmsRun -j /home/grid/cms667/home_cream_234020720/CREAM234020720/crab_fjr_19.xml -p pset.py      
 Sep 04 12:23:37 CEST	---	1849788	2277076	553	----	----	----
 Sep 04 12:24:37 CEST	17131	1863208	2287320	553	340	422	cmsRun -j /home/grid/cms667/home_cream_234020720/CREAM234020720/crab_fjr_19.xml -p pset.py      
 Sep 04 12:24:37 CEST	---	1863208	2287320	688	----	----	----
 Sep 04 12:25:37 CEST	17131	1875300	2301656	688	399	483	cmsRun -j /home/grid/cms667/home_cream_234020720/CREAM234020720/crab_fjr_19.xml -p pset.py      
 Sep 04 12:25:37 CEST	---	1875300	2301656	820	----	----	----
 Sep 04 12:26:38 CEST	17131	1881528	2307800	820	458	543	cmsRun -j /home/grid/cms667/home_cream_234020720/CREAM234020720/crab_fjr_19.xml -p pset.py      
 Sep 04 12:26:38 CEST	---	1881528	2307800	959	----	----	----
 Sep 04 12:27:38 CEST	---	1881528	2307800	1102	----	----	----
 Sep 04 12:28:38 CEST	17131	1888456	2316760	1102	577	664	cmsRun -j /home/grid/cms667/home_cream_234020720/CREAM234020720/crab_fjr_19.xml -p pset.py      
 Sep 04 12:28:38 CEST	---	1888456	2316760	1243	----	----	----
 Sep 04 12:29:39 CEST	---	1888456	2316760	1385	----	----	----
 Sep 04 12:30:39 CEST	17131	1947760	2398680	1385	696	784	cmsRun -j /home/grid/cms667/home_cream_234020720/CREAM234020720/crab_fjr_19.xml -p pset.py      
 Sep 04 12:30:39 CEST	---	1947760	2398680	1518	----	----	----
 Sep 04 12:31:39 CEST	---	1947760	2398680	1657	----	----	----
 Sep 04 12:32:40 CEST	---	1947760	2398680	1774	----	----	----
 Sep 04 12:33:40 CEST	---	1947760	2398680	1915	----	----	----
# TIME			PID	RSS(KB)	VSZ(KB)	Dsk(MB)	tCPU(s)	tWALL(s)	COMMAND
 Sep 04 12:34:40 CEST	---	1947760	2398680	2046	----	----	----
 Sep 04 12:35:41 CEST	---	1947760	2398680	2182	----	----	----
 Sep 04 12:36:41 CEST	---	1947760	2398680	2315	----	----	----
 Sep 04 12:37:41 CEST	17131	1951628	2413016	2315	1111	1207	cmsRun -j /home/grid/cms667/home_cream_234020720/CREAM234020720/crab_fjr_19.xml -p pset.py      
 Sep 04 12:37:41 CEST	---	1951628	2413016	2449	----	----	----
 Sep 04 12:38:42 CEST	17131	1955072	2415320	2449	1170	1267	cmsRun -j /home/grid/cms667/home_cream_234020720/CREAM234020720/crab_fjr_19.xml -p pset.py      
 Sep 04 12:38:42 CEST	---	1955072	2415320	2578	----	----	----
 Sep 04 12:39:42 CEST	17131	1960192	2419672	2578	1229	1327	cmsRun -j /home/grid/cms667/home_cream_234020720/CREAM234020720/crab_fjr_19.xml -p pset.py      
 Sep 04 12:39:42 CEST	---	1960192	2419672	2716	----	----	----
 Sep 04 12:40:42 CEST	---	1960192	2419672	2855	----	----	----
 Sep 04 12:41:43 CEST	---	1960192	2419672	2977	----	----	----
 Sep 04 12:42:43 CEST	---	1960192	2419672	3113	----	----	----
 Sep 04 12:43:43 CEST	17131	2013980	2457824	3113	1463	1569	cmsRun -j /home/grid/cms667/home_cream_234020720/CREAM234020720/crab_fjr_19.xml -p pset.py      
 Sep 04 12:43:43 CEST	---	2013980	2457824	3247	----	----	----
 Sep 04 12:44:44 CEST	17131	2041404	2494688	3247	1522	1629	cmsRun -j /home/grid/cms667/home_cream_234020720/CREAM234020720/crab_fjr_19.xml -p pset.py      
 Sep 04 12:44:44 CEST	---	2041404	2494688	3374	----	----	----
 Sep 04 12:45:44 CEST	---	2041404	2494688	3518	----	----	----
 Sep 04 12:46:44 CEST	---	2041404	2494688	3650	----	----	----
 Sep 04 12:47:45 CEST	---	2041404	2494688	3775	----	----	----
 Sep 04 12:48:45 CEST	---	2041404	2494688	3903	----	----	----
 Sep 04 12:49:45 CEST	---	2041404	2494688	4034	----	----	----
 Sep 04 12:50:46 CEST	---	2041404	2494688	4168	----	----	----
 Sep 04 12:51:46 CEST	---	2041404	2494688	4192	----	----	----
********** WATCHDOG LOG ENDED
ZIPPING WATCHDOG LOG
Disk space used:
du -sh /home/grid/cms667/home_cream_234020720/CREAM234020720
4.1G	/home/grid/cms667/home_cream_234020720/CREAM234020720
Found unusual stderr, rename for OSB
`/pool/grid/cms667/home_cream_234020720/CREAM234020720/CMSSW_19.stdout' -> `CMSSW_19.stderr'
crab_fjr_19.xml
CMSSW_19.stdout
CMSSW_19.stderr
Watchdog_19.log.gz
Total Output dimension: 72446
WARNING: output files size limit is set to: 55000000
Total Output dimension 72446 is fine.
JOB_EXIT_STATUS = 0
>>> info for dashboard:
***** Cat /home/grid/cms667/home_cream_234020720/CREAM234020720/jobreport.txt *****
MonitorJobID=19_https://wms317.cern.ch:9000/ZVsjb06SHO_JNTI8dkhC4w
MonitorID=marfin_crab_0_130904_121619_65f3cv
ExeTime=1995
ExeExitCode=0
StageOutExitStatusReason = 'Copy succedeed with srm-lcg utils'
StageOutSE = srm-cms.cern.ch
StageOutExitStatus = 0
CrabUserCpuTime=1844.85
CrabSysCpuTime=43.63
CrabCpuPercentage=94%
CrabWrapperTime=4543
CrabStageoutTime=2498
JobExitCode=0
***** End Cat jobreport *****
Parameters sent to Dashboard.
crab_fjr_19.xml
