This script was generated by crab (version 2.9.0).
Running ./CMSSW.sh with 2 positional parameters: 8 1
Today is Wed Sep  4 08:21:41 CEST 2013
Job submitted on host lxbst0612.cern.ch
Linux lxbst0612.cern.ch 2.6.18-308.24.1.el5 #1 SMP Wed Dec 5 09:45:59 CET 2012 x86_64 x86_64 x86_64 GNU/Linux
>>> current directory (RUNTIME_AREA): /home/grid/cms667/home_cream_449411178/CREAM449411178
>>> current user: uid=52545(cms667) gid=1399(zh) groups=1399(zh),1091607306 context=system_u:system_r:initrc_t
>>> directory permission set to 0700
>>> umask set to:  u=rwx,g=,o=
>>> stdout stderr permission set to 0704
>>> voms proxy information:
subject   : /C=DE/O=GermanGrid/OU=DESY/CN=Ihar Marfin/CN=proxy/CN=proxy/CN=proxy/CN=limited proxy
issuer    : /C=DE/O=GermanGrid/OU=DESY/CN=Ihar Marfin/CN=proxy/CN=proxy/CN=proxy
identity  : /C=DE/O=GermanGrid/OU=DESY/CN=Ihar Marfin/CN=proxy/CN=proxy/CN=proxy
type      : limited proxy
strength  : 1024 bits
path      : /home/grid/cms667/home_cream_449411178/cream_449411178.proxy
timeleft  : 191:37:55
key usage : 
=== VO cms extension information ===
VO        : cms
subject   : /C=DE/O=GermanGrid/OU=DESY/CN=Ihar Marfin
issuer    : /DC=ch/DC=cern/OU=computers/CN=lcg-voms.cern.ch
attribute : /cms/Role=NULL/Capability=NULL
attribute : /cms/dcms/Role=NULL/Capability=NULL
timeleft  : 191:39:47
uri       : lcg-voms.cern.ch:15002
>>> tar --no-same-permissions -xf /home/grid/cms667/home_cream_449411178/CREAM449411178/default.tgz :
Successful untar
>>> Include /home/grid/cms667/home_cream_449411178/CREAM449411178 in PYTHONPATH:
strip arguments
env var CRAB_UNIQUE_JOB_ID set to: marfin_crab_0_130904_082006_n24b0c_8_1_Vyk
out_files_8
>>> list of expected files on output sandbox
output files: DQM_V0001_R000000001__CMSSW_5_3_11__RelVal__TrigVal_8_1_Vyk.root crab_fjr_8.xml CMSSW_8.stdout CMSSW_8.stderr Watchdog_8.log.gz
>>> GridFlavour discovery: 
GridFlavour=LCG
>>> SyncSite discovery: 
not reporting SyncSite
>>> SyncCE discovery: 
getting SyncCE from CE_ID
SyncCE=ce207.cern.ch:8443/cream-lsf-grid_cms
>>> info for dashboard:
***** Cat /home/grid/cms667/home_cream_449411178/CREAM449411178/jobreport.txt *****
MonitorJobID=8_https://wms317.cern.ch:9000/3zQQAY7DuljNULlJ8NOM_Q
SyncGridJobId=https://wms317.cern.ch:9000/3zQQAY7DuljNULlJ8NOM_Q
MonitorID=marfin_crab_0_130904_082006_n24b0c
GridFlavour=LCG
SyncCE=ce207.cern.ch:8443/cream-lsf-grid_cms
***** End Cat jobreport *****
Parameters sent to Dashboard.
>>> setup environment
set SCRAM ARCH to slc5_amd64_gcc462
SCRAM_ARCH = slc5_amd64_gcc462
>>> setup CMS LCG environment:
set SCRAM ARCH and BUILD_ARCH to slc5_amd64_gcc462 ###
Sourcing environment... 
sourcing /afs/cern.ch/project/gd/apps/cms/cmsset_default.sh
==> setup cms environment ok
>>> specific cmssw setup environment:
CMSSW_VERSION =  CMSSW_5_3_11_patch6
>>> current directory (SOFTWARE_DIR): /home/grid/cms667/home_cream_449411178/CREAM449411178/CMSSW_5_3_11_patch6
PreserveSeeds: <>
IncrementSeeds:<>
{}
WNHostName=lxbst0612.cern.ch
>>> info for dashboard:
***** Cat /home/grid/cms667/home_cream_449411178/CREAM449411178/jobreport.txt *****
MonitorJobID=8_https://wms317.cern.ch:9000/3zQQAY7DuljNULlJ8NOM_Q
MonitorID=marfin_crab_0_130904_082006_n24b0c
WNHostName=lxbst0612.cern.ch
***** End Cat jobreport *****
Parameters sent to Dashboard.
crabWatchdog started as process 25413
>>> moving CMSSW software directories in /home/grid/cms667/home_cream_449411178/CREAM449411178/CMSSW_5_3_11_patch6
mv: cannot stat `/home/grid/cms667/home_cream_449411178/CREAM449411178/module/': No such file or directory
>>> Include /home/grid/cms667/home_cream_449411178/CREAM449411178 in PYTHONPATH:
PYTHONPATH=/home/grid/cms667/home_cream_449411178/CREAM449411178/:/pool/grid/cms667/home_cream_449411178/CREAM449411178/CMSSW_5_3_11_patch6/python:/pool/grid/cms667/home_cream_449411178/CREAM449411178/CMSSW_5_3_11_patch6/lib/slc5_amd64_gcc462:/afs/cern.ch/cms/slc5_amd64_gcc462/cms/cmssw-patch/CMSSW_5_3_11_patch6/python:/afs/cern.ch/cms/slc5_amd64_gcc462/cms/cmssw-patch/CMSSW_5_3_11_patch6/lib/slc5_amd64_gcc462:/afs/cern.ch/cms/slc5_amd64_gcc462/cms/cmssw/CMSSW_5_3_11/bin/slc5_amd64_gcc462:/afs/cern.ch/cms/slc5_amd64_gcc462/cms/cmssw/CMSSW_5_3_11/lib/slc5_amd64_gcc462:/afs/cern.ch/cms/slc5_amd64_gcc462/cms/coral/CORAL_2_3_21-cms35/slc5_amd64_gcc462/python:/afs/cern.ch/cms/slc5_amd64_gcc462/cms/coral/CORAL_2_3_21-cms35/slc5_amd64_gcc462/lib:/afs/cern.ch/cms/slc5_amd64_gcc462/external/pyqt/4.8.1/lib/python2.6/site-packages:/afs/cern.ch/cms/slc5_amd64_gcc462/external/py2-scipy/0.8.0/lib/python2.6/site-packages:/afs/cern.ch/cms/slc5_amd64_gcc462/external/py2-matplotlib/1.0.1/lib/python2.6/site-packages:/afs/cern.ch/cms/slc5_amd64_gcc462/external/python-ldap/2.3.5/lib/python2.6/site-packages:/afs/cern.ch/cms/slc5_amd64_gcc462/external/sip/4.11.2/lib/python2.6/site-packages:/afs/cern.ch/cms/slc5_amd64_gcc462/external/py2-pycurl/7.19.0/lib/python2.6/site-packages:/afs/cern.ch/cms/slc5_amd64_gcc462/external/py2-numpy/1.6.1/lib/python2.6/site-packages:/afs/cern.ch/cms/slc5_amd64_gcc462/external/py2-ipython/0.10/lib/python2.6/site-packages:/afs/cern.ch/cms/slc5_amd64_gcc462/external/py2-cx-oracle/5.1-cms11/lib/python2.6/site-packages:/afs/cern.ch/cms/slc5_amd64_gcc462/external/py2-cjson/1.0.5/lib/python2.6/site-packages:/afs/cern.ch/cms/slc5_amd64_gcc462/cms/das-client/1.9.5/bin:/afs/cern.ch/cms/slc5_amd64_gcc462/external/elementtree/1.2.6/share/lib/python2.6/site-packages:/afs/cern.ch/cms/slc5_amd64_gcc462/external/rivet/1.8.2/lib/python2.6/site-packages:/afs/cern.ch/cms/slc5_amd64_gcc462/external/pyminuit2/0.0.1-cms39/lib/python2.6/site-packages:/afs/cern.ch/cms/slc5_amd64_gcc462/external/professor/1.0.0-cms40/lib/python2.6/site-packages:/afs/cern.ch/cms/slc5_amd64_gcc462/lcg/root/5.32.00-cms21/lib:/afs/cern.ch/cms/slc5_amd64_gcc462/cms/dbs-client/DBS_2_1_9-cms3/lib:/afs/cern.ch/cms/slc5_amd64_gcc462/cms/dbs-client/DBS_2_1_9-cms3/lib/DBSAPI:/afs/cern.ch/cms/slc5_amd64_gcc462/external/cvs2git/5419/lib:/home/grid/cms667/home_cream_449411178/CREAM449411178/
 
# LIMITS USED BY CRAB WATCHDOG:
# RSS  (KBytes)   : 2300000
# VSZ  (KBytes)   : 100000000
# DISK (MBytes)   : 19000
# CPU TIME        : 720h:0m:0s
# WALL CLOCK TIME : 21h:50m:0s
 
ecb0e670830d3412142ab73a04cc4735
PSETHASH = ecb0e670830d3412142ab73a04cc4735
/home/grid/cms667/home_cream_449411178/CREAM449411178/writeCfg.py pset.py pset.py
Importing .py file
Setting parameters
RandomNumberGeneratorService found, will attempt to change seeds
inputBlocks=/RelValTTbar/marfin-53xRelVal2011Redigi-844a175eacc74cc51be2e7d71ca2539e/USER#a214af0b-1f3d-4f85-8851-5927b4dea41a
inputFiles=/53xRelVal2011Redigi/marfin/RelValTTbar/53xRelVal2011Redigi/844a175eacc74cc51be2e7d71ca2539e/output_9_3_g5m.root;/53xRelVal2011Redigi/marfin/RelValTTbar/53xRelVal2011Redigi/844a175eacc74cc51be2e7d71ca2539e/output_10_1_bU1.root
parentFiles=
lumisRange=
>>> Executable cmsRun
/afs/cern.ch/cms/slc5_amd64_gcc462/cms/cmssw-patch/CMSSW_5_3_11_patch6/bin/slc5_amd64_gcc462/cmsRun
ok executable found
>>> info for dashboard:
***** Cat /home/grid/cms667/home_cream_449411178/CREAM449411178/jobreport.txt *****
MonitorJobID=8_https://wms317.cern.ch:9000/3zQQAY7DuljNULlJ8NOM_Q
MonitorID=marfin_crab_0_130904_082006_n24b0c
ExeStart=cmsRun
***** End Cat jobreport *****
Parameters sent to Dashboard.
>>> cmsRun started at Wed Sep  4 06:22:00 UTC 2013
>>> cmsRun ended at Wed Sep  4 06:22:13 UTC 2013
>>> crab_fjr_*.xml  permission set to 0704
>>> info for dashboard:
***** Cat /home/grid/cms667/home_cream_449411178/CREAM449411178/jobreport.txt *****
MonitorJobID=8_https://wms317.cern.ch:9000/3zQQAY7DuljNULlJ8NOM_Q
MonitorID=marfin_crab_0_130904_082006_n24b0c
ExeEnd=cmsRun
***** End Cat jobreport *****
Parameters sent to Dashboard.
TIME_EXE = 13 sec
>>> cmsRun wrote 29 lines of stdout+stderr
>>> START OF printout of 29 lines from stdout+stderr
%MSG-w StorageFactory::stagein():  PoolSource:source@sourceConstruction  04-Sep-2013 08:22:12 CEST pre-events
Failed to stage in file 'rfio:/castor/cern.ch/cms/53xRelVal2011Redigi/marfin/RelValTTbar/53xRelVal2011Redigi/844a175eacc74cc51be2e7d71ca2539e/output_9_3_g5m.root' because:
An exception of category 'FileStageInError' occurred while
   [0] Calling RFIOStorageMaker::stagein()
Exception Message:
Error while staging in '/castor/cern.ch/cms/53xRelVal2011Redigi/marfin/RelValTTbar/53xRelVal2011Redigi/844a175eacc74cc51be2e7d71ca2539e/output_9_3_g5m.root', stagein error was: No such file or directory (code=2)

%MSG
%MSG-w StorageFactory::stagein():  PoolSource:source@sourceConstruction  04-Sep-2013 08:22:12 CEST pre-events
Failed to stage in file 'rfio:/castor/cern.ch/cms/53xRelVal2011Redigi/marfin/RelValTTbar/53xRelVal2011Redigi/844a175eacc74cc51be2e7d71ca2539e/output_10_1_bU1.root' because:
An exception of category 'FileStageInError' occurred while
   [0] Calling RFIOStorageMaker::stagein()
Exception Message:
Error while staging in '/castor/cern.ch/cms/53xRelVal2011Redigi/marfin/RelValTTbar/53xRelVal2011Redigi/844a175eacc74cc51be2e7d71ca2539e/output_10_1_bU1.root', stagein error was: No such file or directory (code=2)

%MSG
04-Sep-2013 08:22:12 CEST  Initiating request to open file rfio:/castor/cern.ch/cms/53xRelVal2011Redigi/marfin/RelValTTbar/53xRelVal2011Redigi/844a175eacc74cc51be2e7d71ca2539e/output_9_3_g5m.root
----- Begin Fatal Exception 04-Sep-2013 08:22:13 CEST-----------------------
An exception of category 'FileOpenError' occurred while
   [0] Constructing the EventProcessor
   [1] Constructing input source of type PoolSource
   [2] Calling RootInputFileSequence::initFile()
   [3] Calling StorageFactory::open()
   [4] Calling RFIOFile::open()
Exception Message:
Input file rfio:/castor/cern.ch/cms/53xRelVal2011Redigi/marfin/RelValTTbar/53xRelVal2011Redigi/844a175eacc74cc51be2e7d71ca2539e/output_9_3_g5m.root was not found, could not be opened, or is corrupted.
   Additional Info:
      [a] rfio_open(name='rfio:///?path=/castor/cern.ch/cms/53xRelVal2011Redigi/marfin/RelValTTbar/53xRelVal2011Redigi/844a175eacc74cc51be2e7d71ca2539e/output_9_3_g5m.root', flags=0x0, permissions=0666) => error 'No such file or directory' (rfio_errno=0, serrno=2)
----- End Fatal Exception -------------------------------------------------
>>> END OF printout of 29 lines from stdout+stderr
>>> ERROR: Fatal Exception from CMSSW:
----- Begin Fatal Exception 04-Sep-2013 08:22:13 CEST-----------------------
An exception of category 'FileOpenError' occurred while
   [0] Constructing the EventProcessor
   [1] Constructing input source of type PoolSource
   [2] Calling RootInputFileSequence::initFile()
   [3] Calling StorageFactory::open()
   [4] Calling RFIOFile::open()
Exception Message:
Input file rfio:/castor/cern.ch/cms/53xRelVal2011Redigi/marfin/RelValTTbar/53xRelVal2011Redigi/844a175eacc74cc51be2e7d71ca2539e/output_9_3_g5m.root was not found, could not be opened, or is corrupted.
   Additional Info:
      [a] rfio_open(name='rfio:///?path=/castor/cern.ch/cms/53xRelVal2011Redigi/marfin/RelValTTbar/53xRelVal2011Redigi/844a175eacc74cc51be2e7d71ca2539e/output_9_3_g5m.root', flags=0x0, permissions=0666) => error 'No such file or directory' (rfio_errno=0, serrno=2)
----- End Fatal Exception -------------------------------------------------
>>> Parse FrameworkJobReport crab_fjr.xml
Result of parsing the FrameworkJobReport crab_fjr.xml: Popularity start
lumisRange : 
lumisParentRange : 
Basename : /53xRelVal2011Redigi/marfin/RelValTTbar/53xRelVal2011Redigi/844a175eacc74cc51be2e7d71ca2539e/output_
BasenameParent : 
parentFiles : 
inputBlocks : /RelValTTbar/marfin-53xRelVal2011Redigi-844a175eacc74cc51be2e7d71ca2539e/USER#a214af0b-1f3d-4f85-8851-5927b4dea41a
inputFiles : 9_3_g5m.root::0::Unknown::Local::Unknown;10_1_bU1.root::2::Unknown::Unknown::Unknown;
Popularity stop
Extracted ExitStatus from FrameworkJobReport parsing output: 8020
>>> Executable failed  8020
ExeExitCode=8020
EXECUTABLE_EXIT_STATUS = 8020
Checking output files:  
WARNING: output file DQM_V0001_R000000001__CMSSW_5_3_11__RelVal__TrigVal_8_1_Vyk.root not found!
will tar file crab_fjr_8.xml in  out_files_8
will tar file CMSSW_8.stdout in  out_files_8
will tar file CMSSW_8.stderr in  out_files_8
WARNING: output file Watchdog_8.log.gz not found!
>>> padding time: Sleeping the wrapper for 564 seconds
STOPPING WATCHDOG. CrabWatchdog PID is 25413
********** LAST 50 LINES OF WATCHDOG LOG
# RESOURCE USAGE SUMMARY FOR PROCESS ID 25190
USER       PID %CPU %MEM    VSZ   RSS TTY      STAT START   TIME COMMAND
cms667   25190  0.3  0.0  64092  1508 ?        SN   08:21   0:00 /bin/sh ./CMSSW.sh 8 1
 
# LIMITS USED BY CRAB WATCHDOG:
# RSS  (KBytes)   : 2300000
# VSZ  (KBytes)   : 100000000
# DISK (MBytes)   : 19000
# CPU TIME        : 720h:0m:0s
# WALL CLOCK TIME : 21h:50m:0s
 
# FOLLOWING PRINTOUT TRACKS MAXIMUM VALUES OF RESOURCES USE
# ONE LINE IS PRINTED EACH TIME A MAXIMUM CHANGES
# IF CHANGE WAS IN RSS OR VSZ ALSO PROCID AND COMMAND ARE PRINTED
# THERE IS NO PRINTOUT FOR CPU/WALL TIME INCREASE
 
# TIME			PID	RSS(KB)	VSZ(KB)	Dsk(MB)	tCPU(s)	tWALL(s)	COMMAND
 Sep 04 08:21:53 CEST	25187	1140	63840	0	0	0	sh -c "./CMSSW.sh" 8 1$* > "CMSSW_8.stdout" 2> "CMSSW_8.stderr"  
 Sep 04 08:21:53 CEST	25190	1508	64092	0	0	0	/bin/sh ./CMSSW.sh 8 1       
 Sep 04 08:21:53 CEST	25426	23548	91728	0	0	0	edmConfigHash pset.py         
 Sep 04 08:21:53 CEST	---	23548	91728	13	----	----	----
 Sep 04 08:22:53 CEST	---	23548	91728	14	----	----	----
********** WATCHDOG LOG ENDED
ZIPPING WATCHDOG LOG
Disk space used:
du -sh /home/grid/cms667/home_cream_449411178/CREAM449411178
14M	/home/grid/cms667/home_cream_449411178/CREAM449411178
Found unusual stderr, rename for OSB
