This script was generated by crab (version 2.9.0).
Running ./CMSSW.sh with 2 positional parameters: 3 1
Today is Wed Sep  4 08:21:33 CEST 2013
Job submitted on host lxbsq2021.cern.ch
Linux lxbsq2021.cern.ch 2.6.18-308.16.1.el5 #1 SMP Thu Oct 4 14:02:28 CEST 2012 x86_64 x86_64 x86_64 GNU/Linux
>>> current directory (RUNTIME_AREA): /home/grid/cms667/home_cream_622202225/CREAM622202225
>>> current user: uid=52545(cms667) gid=1399(zh) groups=1399(zh),1107259519 context=system_u:system_r:initrc_t
>>> directory permission set to 0700
>>> umask set to:  u=rwx,g=,o=
>>> stdout stderr permission set to 0704
>>> voms proxy information:
subject   : /C=DE/O=GermanGrid/OU=DESY/CN=Ihar Marfin/CN=proxy/CN=proxy/CN=proxy/CN=limited proxy
issuer    : /C=DE/O=GermanGrid/OU=DESY/CN=Ihar Marfin/CN=proxy/CN=proxy/CN=proxy
identity  : /C=DE/O=GermanGrid/OU=DESY/CN=Ihar Marfin/CN=proxy/CN=proxy/CN=proxy
type      : limited proxy
strength  : 1024 bits
path      : /home/grid/cms667/home_cream_622202225/cream_622202225.proxy
timeleft  : 191:38:14
key usage : 
=== VO cms extension information ===
VO        : cms
subject   : /C=DE/O=GermanGrid/OU=DESY/CN=Ihar Marfin
issuer    : /DC=ch/DC=cern/OU=computers/CN=lcg-voms.cern.ch
attribute : /cms/Role=NULL/Capability=NULL
attribute : /cms/dcms/Role=NULL/Capability=NULL
timeleft  : 191:39:55
uri       : lcg-voms.cern.ch:15002
>>> tar --no-same-permissions -xf /home/grid/cms667/home_cream_622202225/CREAM622202225/default.tgz :
Successful untar
>>> Include /home/grid/cms667/home_cream_622202225/CREAM622202225 in PYTHONPATH:
strip arguments
env var CRAB_UNIQUE_JOB_ID set to: marfin_crab_0_130904_082006_n24b0c_3_1_b3c
out_files_3
>>> list of expected files on output sandbox
output files: DQM_V0001_R000000001__CMSSW_5_3_11__RelVal__TrigVal_3_1_b3c.root crab_fjr_3.xml CMSSW_3.stdout CMSSW_3.stderr Watchdog_3.log.gz
>>> GridFlavour discovery: 
GridFlavour=LCG
>>> SyncSite discovery: 
not reporting SyncSite
>>> SyncCE discovery: 
getting SyncCE from CE_ID
SyncCE=ce203.cern.ch:8443/cream-lsf-grid_cms
>>> info for dashboard:
***** Cat /home/grid/cms667/home_cream_622202225/CREAM622202225/jobreport.txt *****
MonitorJobID=3_https://wms317.cern.ch:9000/g2ia9gZ_iCY7K3Tv1bm9Nw
SyncGridJobId=https://wms317.cern.ch:9000/g2ia9gZ_iCY7K3Tv1bm9Nw
MonitorID=marfin_crab_0_130904_082006_n24b0c
GridFlavour=LCG
SyncCE=ce203.cern.ch:8443/cream-lsf-grid_cms
***** End Cat jobreport *****
Parameters sent to Dashboard.
>>> setup environment
set SCRAM ARCH to slc5_amd64_gcc462
SCRAM_ARCH = slc5_amd64_gcc462
>>> setup CMS LCG environment:
set SCRAM ARCH and BUILD_ARCH to slc5_amd64_gcc462 ###
Sourcing environment... 
sourcing /afs/cern.ch/project/gd/apps/cms/cmsset_default.sh
==> setup cms environment ok
>>> specific cmssw setup environment:
CMSSW_VERSION =  CMSSW_5_3_11_patch6
>>> current directory (SOFTWARE_DIR): /home/grid/cms667/home_cream_622202225/CREAM622202225/CMSSW_5_3_11_patch6
PreserveSeeds: <>
IncrementSeeds:<>
{}
WNHostName=lxbsq2021.cern.ch
>>> info for dashboard:
***** Cat /home/grid/cms667/home_cream_622202225/CREAM622202225/jobreport.txt *****
MonitorJobID=3_https://wms317.cern.ch:9000/g2ia9gZ_iCY7K3Tv1bm9Nw
MonitorID=marfin_crab_0_130904_082006_n24b0c
WNHostName=lxbsq2021.cern.ch
***** End Cat jobreport *****
Parameters sent to Dashboard.
crabWatchdog started as process 1684
>>> moving CMSSW software directories in /home/grid/cms667/home_cream_622202225/CREAM622202225/CMSSW_5_3_11_patch6
mv: cannot stat `/home/grid/cms667/home_cream_622202225/CREAM622202225/module/': No such file or directory
>>> Include /home/grid/cms667/home_cream_622202225/CREAM622202225 in PYTHONPATH:
PYTHONPATH=/home/grid/cms667/home_cream_622202225/CREAM622202225/:/pool/grid/cms667/home_cream_622202225/CREAM622202225/CMSSW_5_3_11_patch6/python:/pool/grid/cms667/home_cream_622202225/CREAM622202225/CMSSW_5_3_11_patch6/lib/slc5_amd64_gcc462:/afs/cern.ch/cms/slc5_amd64_gcc462/cms/cmssw-patch/CMSSW_5_3_11_patch6/python:/afs/cern.ch/cms/slc5_amd64_gcc462/cms/cmssw-patch/CMSSW_5_3_11_patch6/lib/slc5_amd64_gcc462:/afs/cern.ch/cms/slc5_amd64_gcc462/cms/cmssw/CMSSW_5_3_11/bin/slc5_amd64_gcc462:/afs/cern.ch/cms/slc5_amd64_gcc462/cms/cmssw/CMSSW_5_3_11/lib/slc5_amd64_gcc462:/afs/cern.ch/cms/slc5_amd64_gcc462/cms/coral/CORAL_2_3_21-cms35/slc5_amd64_gcc462/python:/afs/cern.ch/cms/slc5_amd64_gcc462/cms/coral/CORAL_2_3_21-cms35/slc5_amd64_gcc462/lib:/afs/cern.ch/cms/slc5_amd64_gcc462/external/pyqt/4.8.1/lib/python2.6/site-packages:/afs/cern.ch/cms/slc5_amd64_gcc462/external/py2-scipy/0.8.0/lib/python2.6/site-packages:/afs/cern.ch/cms/slc5_amd64_gcc462/external/py2-matplotlib/1.0.1/lib/python2.6/site-packages:/afs/cern.ch/cms/slc5_amd64_gcc462/external/python-ldap/2.3.5/lib/python2.6/site-packages:/afs/cern.ch/cms/slc5_amd64_gcc462/external/sip/4.11.2/lib/python2.6/site-packages:/afs/cern.ch/cms/slc5_amd64_gcc462/external/py2-pycurl/7.19.0/lib/python2.6/site-packages:/afs/cern.ch/cms/slc5_amd64_gcc462/external/py2-numpy/1.6.1/lib/python2.6/site-packages:/afs/cern.ch/cms/slc5_amd64_gcc462/external/py2-ipython/0.10/lib/python2.6/site-packages:/afs/cern.ch/cms/slc5_amd64_gcc462/external/py2-cx-oracle/5.1-cms11/lib/python2.6/site-packages:/afs/cern.ch/cms/slc5_amd64_gcc462/external/py2-cjson/1.0.5/lib/python2.6/site-packages:/afs/cern.ch/cms/slc5_amd64_gcc462/cms/das-client/1.9.5/bin:/afs/cern.ch/cms/slc5_amd64_gcc462/external/elementtree/1.2.6/share/lib/python2.6/site-packages:/afs/cern.ch/cms/slc5_amd64_gcc462/external/rivet/1.8.2/lib/python2.6/site-packages:/afs/cern.ch/cms/slc5_amd64_gcc462/external/pyminuit2/0.0.1-cms39/lib/python2.6/site-packages:/afs/cern.ch/cms/slc5_amd64_gcc462/external/professor/1.0.0-cms40/lib/python2.6/site-packages:/afs/cern.ch/cms/slc5_amd64_gcc462/lcg/root/5.32.00-cms21/lib:/afs/cern.ch/cms/slc5_amd64_gcc462/cms/dbs-client/DBS_2_1_9-cms3/lib:/afs/cern.ch/cms/slc5_amd64_gcc462/cms/dbs-client/DBS_2_1_9-cms3/lib/DBSAPI:/afs/cern.ch/cms/slc5_amd64_gcc462/external/cvs2git/5419/lib:/home/grid/cms667/home_cream_622202225/CREAM622202225/
 
# LIMITS USED BY CRAB WATCHDOG:
# RSS  (KBytes)   : 2300000
# VSZ  (KBytes)   : 100000000
# DISK (MBytes)   : 19000
# CPU TIME        : 720h:0m:0s
# WALL CLOCK TIME : 21h:50m:0s
 
ecb0e670830d3412142ab73a04cc4735
PSETHASH = ecb0e670830d3412142ab73a04cc4735
/home/grid/cms667/home_cream_622202225/CREAM622202225/writeCfg.py pset.py pset.py
Importing .py file
Setting parameters
RandomNumberGeneratorService found, will attempt to change seeds
inputBlocks=/RelValTTbar/marfin-53xRelVal2011Redigi-844a175eacc74cc51be2e7d71ca2539e/USER#a214af0b-1f3d-4f85-8851-5927b4dea41a
inputFiles=/53xRelVal2011Redigi/marfin/RelValTTbar/53xRelVal2011Redigi/844a175eacc74cc51be2e7d71ca2539e/output_4_1_slu.root;/53xRelVal2011Redigi/marfin/RelValTTbar/53xRelVal2011Redigi/844a175eacc74cc51be2e7d71ca2539e/output_5_1_pTp.root
parentFiles=
lumisRange=
>>> Executable cmsRun
/afs/cern.ch/cms/slc5_amd64_gcc462/cms/cmssw-patch/CMSSW_5_3_11_patch6/bin/slc5_amd64_gcc462/cmsRun
ok executable found
>>> info for dashboard:
***** Cat /home/grid/cms667/home_cream_622202225/CREAM622202225/jobreport.txt *****
MonitorJobID=3_https://wms317.cern.ch:9000/g2ia9gZ_iCY7K3Tv1bm9Nw
MonitorID=marfin_crab_0_130904_082006_n24b0c
ExeStart=cmsRun
***** End Cat jobreport *****
Parameters sent to Dashboard.
>>> cmsRun started at Wed Sep  4 06:21:45 UTC 2013
>>> cmsRun ended at Wed Sep  4 06:21:54 UTC 2013
>>> crab_fjr_*.xml  permission set to 0704
>>> info for dashboard:
***** Cat /home/grid/cms667/home_cream_622202225/CREAM622202225/jobreport.txt *****
MonitorJobID=3_https://wms317.cern.ch:9000/g2ia9gZ_iCY7K3Tv1bm9Nw
MonitorID=marfin_crab_0_130904_082006_n24b0c
ExeEnd=cmsRun
***** End Cat jobreport *****
Parameters sent to Dashboard.
TIME_EXE = 9 sec
>>> cmsRun wrote 29 lines of stdout+stderr
>>> START OF printout of 29 lines from stdout+stderr
%MSG-w StorageFactory::stagein():  PoolSource:source@sourceConstruction  04-Sep-2013 08:21:52 CEST pre-events
Failed to stage in file 'rfio:/castor/cern.ch/cms/53xRelVal2011Redigi/marfin/RelValTTbar/53xRelVal2011Redigi/844a175eacc74cc51be2e7d71ca2539e/output_4_1_slu.root' because:
An exception of category 'FileStageInError' occurred while
   [0] Calling RFIOStorageMaker::stagein()
Exception Message:
Error while staging in '/castor/cern.ch/cms/53xRelVal2011Redigi/marfin/RelValTTbar/53xRelVal2011Redigi/844a175eacc74cc51be2e7d71ca2539e/output_4_1_slu.root', stagein error was: No such file or directory (code=2)

%MSG
%MSG-w StorageFactory::stagein():  PoolSource:source@sourceConstruction  04-Sep-2013 08:21:52 CEST pre-events
Failed to stage in file 'rfio:/castor/cern.ch/cms/53xRelVal2011Redigi/marfin/RelValTTbar/53xRelVal2011Redigi/844a175eacc74cc51be2e7d71ca2539e/output_5_1_pTp.root' because:
An exception of category 'FileStageInError' occurred while
   [0] Calling RFIOStorageMaker::stagein()
Exception Message:
Error while staging in '/castor/cern.ch/cms/53xRelVal2011Redigi/marfin/RelValTTbar/53xRelVal2011Redigi/844a175eacc74cc51be2e7d71ca2539e/output_5_1_pTp.root', stagein error was: No such file or directory (code=2)

%MSG
04-Sep-2013 08:21:52 CEST  Initiating request to open file rfio:/castor/cern.ch/cms/53xRelVal2011Redigi/marfin/RelValTTbar/53xRelVal2011Redigi/844a175eacc74cc51be2e7d71ca2539e/output_4_1_slu.root
----- Begin Fatal Exception 04-Sep-2013 08:21:54 CEST-----------------------
An exception of category 'FileOpenError' occurred while
   [0] Constructing the EventProcessor
   [1] Constructing input source of type PoolSource
   [2] Calling RootInputFileSequence::initFile()
   [3] Calling StorageFactory::open()
   [4] Calling RFIOFile::open()
Exception Message:
Input file rfio:/castor/cern.ch/cms/53xRelVal2011Redigi/marfin/RelValTTbar/53xRelVal2011Redigi/844a175eacc74cc51be2e7d71ca2539e/output_4_1_slu.root was not found, could not be opened, or is corrupted.
   Additional Info:
      [a] rfio_open(name='rfio:///?path=/castor/cern.ch/cms/53xRelVal2011Redigi/marfin/RelValTTbar/53xRelVal2011Redigi/844a175eacc74cc51be2e7d71ca2539e/output_4_1_slu.root', flags=0x0, permissions=0666) => error 'No such file or directory' (rfio_errno=0, serrno=2)
----- End Fatal Exception -------------------------------------------------
>>> END OF printout of 29 lines from stdout+stderr
>>> ERROR: Fatal Exception from CMSSW:
----- Begin Fatal Exception 04-Sep-2013 08:21:54 CEST-----------------------
An exception of category 'FileOpenError' occurred while
   [0] Constructing the EventProcessor
   [1] Constructing input source of type PoolSource
   [2] Calling RootInputFileSequence::initFile()
   [3] Calling StorageFactory::open()
   [4] Calling RFIOFile::open()
Exception Message:
Input file rfio:/castor/cern.ch/cms/53xRelVal2011Redigi/marfin/RelValTTbar/53xRelVal2011Redigi/844a175eacc74cc51be2e7d71ca2539e/output_4_1_slu.root was not found, could not be opened, or is corrupted.
   Additional Info:
      [a] rfio_open(name='rfio:///?path=/castor/cern.ch/cms/53xRelVal2011Redigi/marfin/RelValTTbar/53xRelVal2011Redigi/844a175eacc74cc51be2e7d71ca2539e/output_4_1_slu.root', flags=0x0, permissions=0666) => error 'No such file or directory' (rfio_errno=0, serrno=2)
----- End Fatal Exception -------------------------------------------------
>>> Parse FrameworkJobReport crab_fjr.xml
Result of parsing the FrameworkJobReport crab_fjr.xml: Popularity start
lumisRange : 
lumisParentRange : 
Basename : /53xRelVal2011Redigi/marfin/RelValTTbar/53xRelVal2011Redigi/844a175eacc74cc51be2e7d71ca2539e/output_
BasenameParent : 
parentFiles : 
inputBlocks : /RelValTTbar/marfin-53xRelVal2011Redigi-844a175eacc74cc51be2e7d71ca2539e/USER#a214af0b-1f3d-4f85-8851-5927b4dea41a
inputFiles : 4_1_slu.root::0::Unknown::Local::Unknown;5_1_pTp.root::2::Unknown::Unknown::Unknown;
Popularity stop
Extracted ExitStatus from FrameworkJobReport parsing output: 8020
>>> Executable failed  8020
ExeExitCode=8020
EXECUTABLE_EXIT_STATUS = 8020
Checking output files:  
WARNING: output file DQM_V0001_R000000001__CMSSW_5_3_11__RelVal__TrigVal_3_1_b3c.root not found!
will tar file crab_fjr_3.xml in  out_files_3
will tar file CMSSW_3.stdout in  out_files_3
will tar file CMSSW_3.stderr in  out_files_3
WARNING: output file Watchdog_3.log.gz not found!
>>> padding time: Sleeping the wrapper for 575 seconds
STOPPING WATCHDOG. CrabWatchdog PID is 1684
********** LAST 50 LINES OF WATCHDOG LOG
# RESOURCE USAGE SUMMARY FOR PROCESS ID  1526
USER       PID %CPU %MEM    VSZ   RSS TTY      STAT START   TIME COMMAND
cms667    1526  0.2  0.0  64088  1508 ?        SN   08:21   0:00 /bin/sh ./CMSSW.sh 3 1
 
# LIMITS USED BY CRAB WATCHDOG:
# RSS  (KBytes)   : 2300000
# VSZ  (KBytes)   : 100000000
# DISK (MBytes)   : 19000
# CPU TIME        : 720h:0m:0s
# WALL CLOCK TIME : 21h:50m:0s
 
# FOLLOWING PRINTOUT TRACKS MAXIMUM VALUES OF RESOURCES USE
# ONE LINE IS PRINTED EACH TIME A MAXIMUM CHANGES
# IF CHANGE WAS IN RSS OR VSZ ALSO PROCID AND COMMAND ARE PRINTED
# THERE IS NO PRINTOUT FOR CPU/WALL TIME INCREASE
 
# TIME			PID	RSS(KB)	VSZ(KB)	Dsk(MB)	tCPU(s)	tWALL(s)	COMMAND
 Sep 04 08:21:40 CEST	1523	1140	63836	0	0	0	sh -c "./CMSSW.sh" 3 1$* > "CMSSW_3.stdout" 2> "CMSSW_3.stderr"  
 Sep 04 08:21:40 CEST	1526	1508	64088	0	0	0	/bin/sh ./CMSSW.sh 3 1       
 Sep 04 08:21:40 CEST	1697	16760	82136	0	0	0	edmConfigHash pset.py         
 Sep 04 08:21:40 CEST	---	16760	82136	13	----	----	----
 Sep 04 08:22:40 CEST	---	16760	82136	14	----	----	----
********** WATCHDOG LOG ENDED
ZIPPING WATCHDOG LOG
Disk space used:
du -sh /home/grid/cms667/home_cream_622202225/CREAM622202225
14M	/home/grid/cms667/home_cream_622202225/CREAM622202225
Found unusual stderr, rename for OSB
`/pool/grid/cms667/home_cream_622202225/CREAM622202225/CMSSW_3.stdout' -> `CMSSW_3.stderr'
tar: DQM_V0001_R000000001__CMSSW_5_3_11__RelVal__TrigVal_3_1_b3c.root: Cannot stat: No such file or directory
crab_fjr_3.xml
CMSSW_3.stdout
CMSSW_3.stderr
Watchdog_3.log.gz
tar: Error exit delayed from previous errors
Total Output dimension: 5190
WARNING: output files size limit is set to: 55000000
Total Output dimension 5190 is fine.
JOB_EXIT_STATUS = 8020
>>> info for dashboard:
***** Cat /home/grid/cms667/home_cream_622202225/CREAM622202225/jobreport.txt *****
MonitorJobID=3_https://wms317.cern.ch:9000/g2ia9gZ_iCY7K3Tv1bm9Nw
MonitorID=marfin_crab_0_130904_082006_n24b0c
ExeTime=9
ExeExitCode=8020
CrabUserCpuTime=2.76
CrabSysCpuTime=0.65
CrabCpuPercentage=40%
CrabWrapperTime=600
CrabStageoutTime=NULL
JobExitCode=8020
***** End Cat jobreport *****
Parameters sent to Dashboard.
tar: DQM_V0001_R000000001__CMSSW_5_3_11__RelVal__TrigVal_3_1_b3c.root: Cannot stat: No such file or directory
crab_fjr_3.xml
