This script was generated by crab (version 2.9.0).
Running ./CMSSW.sh with 2 positional parameters: 1 2
Today is Thu Sep  5 09:27:37 CEST 2013
Job submitted on host lxbsq2101.cern.ch
Linux lxbsq2101.cern.ch 2.6.18-308.16.1.el5 #1 SMP Thu Oct 4 14:02:28 CEST 2012 x86_64 x86_64 x86_64 GNU/Linux
>>> current directory (RUNTIME_AREA): /home/grid/cms667/home_cream_387792521/CREAM387792521
>>> current user: uid=52545(cms667) gid=1399(zh) groups=1399(zh),1106994425 context=system_u:system_r:initrc_t
>>> directory permission set to 0700
>>> umask set to:  u=rwx,g=,o=
>>> stdout stderr permission set to 0704
>>> voms proxy information:
subject   : /C=DE/O=GermanGrid/OU=DESY/CN=Ihar Marfin/CN=proxy/CN=proxy/CN=proxy/CN=limited proxy
issuer    : /C=DE/O=GermanGrid/OU=DESY/CN=Ihar Marfin/CN=proxy/CN=proxy/CN=proxy
identity  : /C=DE/O=GermanGrid/OU=DESY/CN=Ihar Marfin/CN=proxy/CN=proxy/CN=proxy
type      : limited proxy
strength  : 1024 bits
path      : /home/grid/cms667/home_cream_387792521/cream_387792521.proxy
timeleft  : 190:34:08
key usage : 
=== VO cms extension information ===
VO        : cms
subject   : /C=DE/O=GermanGrid/OU=DESY/CN=Ihar Marfin
issuer    : /DC=ch/DC=cern/OU=computers/CN=lcg-voms.cern.ch
attribute : /cms/Role=NULL/Capability=NULL
attribute : /cms/dcms/Role=NULL/Capability=NULL
timeleft  : 190:35:28
uri       : lcg-voms.cern.ch:15002
>>> tar --no-same-permissions -xf /home/grid/cms667/home_cream_387792521/CREAM387792521/default.tgz :
Successful untar
>>> Include /home/grid/cms667/home_cream_387792521/CREAM387792521 in PYTHONPATH:
strip arguments
env var CRAB_UNIQUE_JOB_ID set to: marfin_crab_0_130905_082339_f78ol1_1_2_qxL
out_files_1
>>> list of expected files on output sandbox
output files: crab_fjr_1.xml CMSSW_1.stdout CMSSW_1.stderr Watchdog_1.log.gz
>>> GridFlavour discovery: 
GridFlavour=LCG
>>> SyncSite discovery: 
not reporting SyncSite
>>> SyncCE discovery: 
getting SyncCE from CE_ID
SyncCE=ce207.cern.ch:8443/cream-lsf-grid_cms
>>> info for dashboard:
***** Cat /home/grid/cms667/home_cream_387792521/CREAM387792521/jobreport.txt *****
MonitorJobID=1_https://wms314.cern.ch:9000/NCfAu98353wf2mIOzoHwAQ
SyncGridJobId=https://wms314.cern.ch:9000/NCfAu98353wf2mIOzoHwAQ
MonitorID=marfin_crab_0_130905_082339_f78ol1
GridFlavour=LCG
SyncCE=ce207.cern.ch:8443/cream-lsf-grid_cms
***** End Cat jobreport *****
Parameters sent to Dashboard.
>>> setup environment
set SCRAM ARCH to slc5_amd64_gcc462
SCRAM_ARCH = slc5_amd64_gcc462
>>> setup CMS LCG environment:
set SCRAM ARCH and BUILD_ARCH to slc5_amd64_gcc462 ###
Sourcing environment... 
sourcing /afs/cern.ch/project/gd/apps/cms/cmsset_default.sh
==> setup cms environment ok
>>> specific cmssw setup environment:
CMSSW_VERSION =  CMSSW_5_3_11_patch6
>>> current directory (SOFTWARE_DIR): /home/grid/cms667/home_cream_387792521/CREAM387792521/CMSSW_5_3_11_patch6
PreserveSeeds: <>
IncrementSeeds:<>
{"output.root": ""}
WNHostName=lxbsq2101.cern.ch
>>> info for dashboard:
***** Cat /home/grid/cms667/home_cream_387792521/CREAM387792521/jobreport.txt *****
MonitorJobID=1_https://wms314.cern.ch:9000/NCfAu98353wf2mIOzoHwAQ
MonitorID=marfin_crab_0_130905_082339_f78ol1
WNHostName=lxbsq2101.cern.ch
***** End Cat jobreport *****
Parameters sent to Dashboard.
crabWatchdog started as process 14553
>>> moving CMSSW software directories in /home/grid/cms667/home_cream_387792521/CREAM387792521/CMSSW_5_3_11_patch6
mv: cannot stat `/home/grid/cms667/home_cream_387792521/CREAM387792521/module/': No such file or directory
>>> Include /home/grid/cms667/home_cream_387792521/CREAM387792521 in PYTHONPATH:
PYTHONPATH=/home/grid/cms667/home_cream_387792521/CREAM387792521/:/pool/grid/cms667/home_cream_387792521/CREAM387792521/CMSSW_5_3_11_patch6/python:/pool/grid/cms667/home_cream_387792521/CREAM387792521/CMSSW_5_3_11_patch6/lib/slc5_amd64_gcc462:/afs/cern.ch/cms/slc5_amd64_gcc462/cms/cmssw-patch/CMSSW_5_3_11_patch6/python:/afs/cern.ch/cms/slc5_amd64_gcc462/cms/cmssw-patch/CMSSW_5_3_11_patch6/lib/slc5_amd64_gcc462:/afs/cern.ch/cms/slc5_amd64_gcc462/cms/cmssw/CMSSW_5_3_11/bin/slc5_amd64_gcc462:/afs/cern.ch/cms/slc5_amd64_gcc462/cms/cmssw/CMSSW_5_3_11/lib/slc5_amd64_gcc462:/afs/cern.ch/cms/slc5_amd64_gcc462/cms/coral/CORAL_2_3_21-cms35/slc5_amd64_gcc462/python:/afs/cern.ch/cms/slc5_amd64_gcc462/cms/coral/CORAL_2_3_21-cms35/slc5_amd64_gcc462/lib:/afs/cern.ch/cms/slc5_amd64_gcc462/external/pyqt/4.8.1/lib/python2.6/site-packages:/afs/cern.ch/cms/slc5_amd64_gcc462/external/py2-scipy/0.8.0/lib/python2.6/site-packages:/afs/cern.ch/cms/slc5_amd64_gcc462/external/py2-matplotlib/1.0.1/lib/python2.6/site-packages:/afs/cern.ch/cms/slc5_amd64_gcc462/external/python-ldap/2.3.5/lib/python2.6/site-packages:/afs/cern.ch/cms/slc5_amd64_gcc462/external/sip/4.11.2/lib/python2.6/site-packages:/afs/cern.ch/cms/slc5_amd64_gcc462/external/py2-pycurl/7.19.0/lib/python2.6/site-packages:/afs/cern.ch/cms/slc5_amd64_gcc462/external/py2-numpy/1.6.1/lib/python2.6/site-packages:/afs/cern.ch/cms/slc5_amd64_gcc462/external/py2-ipython/0.10/lib/python2.6/site-packages:/afs/cern.ch/cms/slc5_amd64_gcc462/external/py2-cx-oracle/5.1-cms11/lib/python2.6/site-packages:/afs/cern.ch/cms/slc5_amd64_gcc462/external/py2-cjson/1.0.5/lib/python2.6/site-packages:/afs/cern.ch/cms/slc5_amd64_gcc462/cms/das-client/1.9.5/bin:/afs/cern.ch/cms/slc5_amd64_gcc462/external/elementtree/1.2.6/share/lib/python2.6/site-packages:/afs/cern.ch/cms/slc5_amd64_gcc462/external/rivet/1.8.2/lib/python2.6/site-packages:/afs/cern.ch/cms/slc5_amd64_gcc462/external/pyminuit2/0.0.1-cms39/lib/python2.6/site-packages:/afs/cern.ch/cms/slc5_amd64_gcc462/external/professor/1.0.0-cms40/lib/python2.6/site-packages:/afs/cern.ch/cms/slc5_amd64_gcc462/lcg/root/5.32.00-cms21/lib:/afs/cern.ch/cms/slc5_amd64_gcc462/cms/dbs-client/DBS_2_1_9-cms3/lib:/afs/cern.ch/cms/slc5_amd64_gcc462/cms/dbs-client/DBS_2_1_9-cms3/lib/DBSAPI:/afs/cern.ch/cms/slc5_amd64_gcc462/external/cvs2git/5419/lib:/home/grid/cms667/home_cream_387792521/CREAM387792521/
 
# LIMITS USED BY CRAB WATCHDOG:
# RSS  (KBytes)   : 2300000
# VSZ  (KBytes)   : 100000000
# DISK (MBytes)   : 19000
# CPU TIME        : 720h:0m:0s
# WALL CLOCK TIME : 21h:50m:0s
 
844a175eacc74cc51be2e7d71ca2539e
PSETHASH = 844a175eacc74cc51be2e7d71ca2539e
/home/grid/cms667/home_cream_387792521/CREAM387792521/writeCfg.py pset.py pset.py
Importing .py file
Setting parameters
RandomNumberGeneratorService found, will attempt to change seeds
inputBlocks=/RelValTTbar/CMSSW_5_3_11_patch3-PU_START53_LV2_09Jul2013-v1/GEN-SIM-DIGI-RAW-HLTDEBUG#178900fa-e90f-11e2-95e5-00221959e7c0
inputFiles=/store/relval/CMSSW_5_3_11_patch3/RelValTTbar/GEN-SIM-DIGI-RAW-HLTDEBUG/PU_START53_LV2_09Jul2013-v1/00000/C4520B75-31E9-E211-ACB4-00259059649C.root;/store/relval/CMSSW_5_3_11_patch3/RelValTTbar/GEN-SIM-DIGI-RAW-HLTDEBUG/PU_START53_LV2_09Jul2013-v1/00000/7894401D-0EE9-E211-BBFA-002618943886.root
parentFiles=
lumisRange=
>>> Executable cmsRun
/afs/cern.ch/cms/slc5_amd64_gcc462/cms/cmssw-patch/CMSSW_5_3_11_patch6/bin/slc5_amd64_gcc462/cmsRun
ok executable found
>>> info for dashboard:
***** Cat /home/grid/cms667/home_cream_387792521/CREAM387792521/jobreport.txt *****
MonitorJobID=1_https://wms314.cern.ch:9000/NCfAu98353wf2mIOzoHwAQ
MonitorID=marfin_crab_0_130905_082339_f78ol1
ExeStart=cmsRun
***** End Cat jobreport *****
Parameters sent to Dashboard.
>>> cmsRun started at Thu Sep  5 07:27:57 UTC 2013
Terminated
>>> cmsRun ended at Thu Sep  5 07:35:46 UTC 2013
>>> crab_fjr_*.xml  permission set to 0704
>>> info for dashboard:
***** Cat /home/grid/cms667/home_cream_387792521/CREAM387792521/jobreport.txt *****
MonitorJobID=1_https://wms314.cern.ch:9000/NCfAu98353wf2mIOzoHwAQ
MonitorID=marfin_crab_0_130905_082339_f78ol1
ExeEnd=cmsRun
***** End Cat jobreport *****
Parameters sent to Dashboard.
TIME_EXE = 469 sec
>>> cmsRun wrote 19 lines of stdout+stderr
>>> START OF printout of 19 lines from stdout+stderr
05-Sep-2013 09:28:19 CEST  Initiating request to open file root://eoscms//eos/cms/store/relval/CMSSW_5_3_11_patch3/RelValTTbar/GEN-SIM-DIGI-RAW-HLTDEBUG/PU_START53_LV2_09Jul2013-v1/00000/C4520B75-31E9-E211-ACB4-00259059649C.root?svcClass=default
130905 09:28:19 15077 Xrd: GoToAnotherServer: Going to: lxfsrd60c01.cern.ch:1095
05-Sep-2013 09:28:21 CEST  Successfully opened file root://eoscms//eos/cms/store/relval/CMSSW_5_3_11_patch3/RelValTTbar/GEN-SIM-DIGI-RAW-HLTDEBUG/PU_START53_LV2_09Jul2013-v1/00000/C4520B75-31E9-E211-ACB4-00259059649C.root?svcClass=default
%MSG-w SiStripQuality:  EventSetupRecordDataGetter:hltGetConditions@beginRun  05-Sep-2013 09:30:01 CEST Run: 1
The cabling should always include the active feds in runInfo and possibly have some morethere are instead 59 feds only active in runInfo
%MSG
Begin processing the 1st record. Run 1, Event 8551, LumiSection 172 at 05-Sep-2013 09:30:14.073 CEST
DTTSPhi::addTracoT: preview not present in TRACO trigger or its code=0  trigger not added!
Begin processing the 101st record. Run 1, Event 8851, LumiSection 178 at 05-Sep-2013 09:33:16.611 CEST
DTTSPhi::addTracoT: preview not present in TRACO trigger or its code=0  trigger not added!
DTTSPhi::addTracoT: preview not present in TRACO trigger or its code=0  trigger not added!
05-Sep-2013 09:34:46 CEST  Closed file root://eoscms//eos/cms/store/relval/CMSSW_5_3_11_patch3/RelValTTbar/GEN-SIM-DIGI-RAW-HLTDEBUG/PU_START53_LV2_09Jul2013-v1/00000/C4520B75-31E9-E211-ACB4-00259059649C.root?svcClass=default
05-Sep-2013 09:34:46 CEST  Initiating request to open file root://eoscms//eos/cms/store/relval/CMSSW_5_3_11_patch3/RelValTTbar/GEN-SIM-DIGI-RAW-HLTDEBUG/PU_START53_LV2_09Jul2013-v1/00000/7894401D-0EE9-E211-BBFA-002618943886.root?svcClass=default
130905 09:34:46 15077 Xrd: GoToAnotherServer: Going to: lxfsrf59c01.cern.ch:1095
05-Sep-2013 09:34:46 CEST  Successfully opened file root://eoscms//eos/cms/store/relval/CMSSW_5_3_11_patch3/RelValTTbar/GEN-SIM-DIGI-RAW-HLTDEBUG/PU_START53_LV2_09Jul2013-v1/00000/7894401D-0EE9-E211-BBFA-002618943886.root?svcClass=default
DTTSPhi::addTracoT: preview not present in TRACO trigger or its code=0  trigger not added!
DTTSPhi::addTracoT: preview not present in TRACO trigger or its code=0  trigger not added!
DTTSPhi::addTracoT: preview not present in TRACO trigger or its code=0  trigger not added!
DTTSPhi::addTracoT: preview not present in TRACO trigger or its code=0  trigger not added!
>>> END OF printout of 19 lines from stdout+stderr
********** CRAB WRAPPER CMSSW.sh TERMINATED BY A KILL
********** KILL signal was issued by Crab Watchdog
********** because usage of resource RSS was excessive
************** JOB EXIT CODE set to: 50660
*** Watchdog kicked in, make sure we
*** do not go on before Watchdog completes the cleanup
Checking output files:  
will tar file crab_fjr_1.xml in  out_files_1
will tar file CMSSW_1.stdout in  out_files_1
will tar file CMSSW_1.stderr in  out_files_1
WARNING: output file Watchdog_1.log.gz not found!
>>> padding time: Sleeping the wrapper for 80 seconds
STOPPING WATCHDOG. CrabWatchdog PID is 14553
./CMSSW.sh: line 127: kill: (14553) - No such process
********** LAST 50 LINES OF WATCHDOG LOG
 
# LIMITS USED BY CRAB WATCHDOG:
# RSS  (KBytes)   : 2300000
# VSZ  (KBytes)   : 100000000
# DISK (MBytes)   : 19000
# CPU TIME        : 720h:0m:0s
# WALL CLOCK TIME : 21h:50m:0s
 
# FOLLOWING PRINTOUT TRACKS MAXIMUM VALUES OF RESOURCES USE
# ONE LINE IS PRINTED EACH TIME A MAXIMUM CHANGES
# IF CHANGE WAS IN RSS OR VSZ ALSO PROCID AND COMMAND ARE PRINTED
# THERE IS NO PRINTOUT FOR CPU/WALL TIME INCREASE
 
# TIME			PID	RSS(KB)	VSZ(KB)	Dsk(MB)	tCPU(s)	tWALL(s)	COMMAND
 Sep 05 09:27:44 CEST	14256	1140	63836	0	0	0	sh -c "./CMSSW.sh" 1 2$* > "CMSSW_1.stdout" 2> "CMSSW_1.stderr"  
 Sep 05 09:27:44 CEST	14259	1504	64088	0	0	0	/bin/sh ./CMSSW.sh 1 2       
 Sep 05 09:27:44 CEST	14565	21072	87944	0	0	0	edmConfigHash pset.py         
 Sep 05 09:27:44 CEST	---	21072	87944	18	----	----	----
 Sep 05 09:28:44 CEST	15077	665008	929528	18	25	60	cmsRun -j /home/grid/cms667/home_cream_387792521/CREAM387792521/crab_fjr_1.xml -p pset.py      
 Sep 05 09:28:44 CEST	---	665008	929528	81	----	----	----
 Sep 05 09:29:44 CEST	15077	679736	948472	81	38	120	cmsRun -j /home/grid/cms667/home_cream_387792521/CREAM387792521/crab_fjr_1.xml -p pset.py      
 Sep 05 09:29:44 CEST	---	679736	948472	940	----	----	----
 Sep 05 09:30:44 CEST	15077	1610364	1991544	940	89	181	cmsRun -j /home/grid/cms667/home_cream_387792521/CREAM387792521/crab_fjr_1.xml -p pset.py      
 Sep 05 09:30:44 CEST	---	1610364	1991544	1005	----	----	----
 Sep 05 09:31:45 CEST	15077	1627064	1991544	1005	149	241	cmsRun -j /home/grid/cms667/home_cream_387792521/CREAM387792521/crab_fjr_1.xml -p pset.py      
 Sep 05 09:31:45 CEST	---	1627064	1991544	1041	----	----	----
 Sep 05 09:32:45 CEST	15077	1640496	1991544	1041	209	301	cmsRun -j /home/grid/cms667/home_cream_387792521/CREAM387792521/crab_fjr_1.xml -p pset.py      
 Sep 05 09:32:45 CEST	---	1640496	1991544	1078	----	----	----
 Sep 05 09:33:45 CEST	---	1640496	1991544	1115	----	----	----
 Sep 05 09:34:46 CEST	---	1640496	1991544	1149	----	----	----
 Sep 05 09:35:46 CEST	15077	5831092	6702464	1149	388	482	cmsRun -j /home/grid/cms667/home_cream_387792521/CREAM387792521/crab_fjr_1.xml -p pset.py      
 Sep 05 09:35:46 CEST	---	5831092	6702464	1226	----	----	----
 ********************************************************
 * JOB HIT PREDEFINED RESOURCE LIMIT ! PROCESSING HALTED
 *   RSS value is 5831092 while limit is 2300000
 ********************************************************
send pkill TERM  to all CrabWrapper childs in this Process Tree
  PID TTY      STAT   TIME COMMAND
14256 ?        SN     0:00 sh -c "./CMSSW.sh" 1 2$*  > "CMSSW_1.stdout" 2> "CMSSW_1.stderr"
14259 ?        SN     0:00  \_ /bin/sh ./CMSSW.sh 1 2
14553 ?        SN     0:00      \_ /bin/bash /home/grid/cms667/home_cream_387792521/CREAM387792521/crabWatchdog.sh
15076 ?        SN     0:00      \_ /usr/bin/time -f %U %S %P -o cpu_timing.txt cmsRun -j /home/grid/cms667/home_cream_387792521/CREAM387792521/crab_fjr_1.xml -p pset.py
15077 ?        RNl    6:28          \_ cmsRun -j /home/grid/cms667/home_cream_387792521/CREAM387792521/crab_fjr_1.xml -p pset.py
 Sent TERM to: PID 15077 executing: cmsRun -j /home/grid/cms667/home_cream_387792521/CREAM387792521/crab_fjr_1.xml -p pset.py
 Sent TERM to: PID 15076 executing: /usr/bin/time -f %U %S %P -o cpu_timing.txt cmsRun -j /home/grid/cms667/home_cream_387792521/CREAM387792521/crab_fjr_1.xml -p pset.py
 Wait 30 sec to let processes close up ...
 OK. Process 15077 is gone
 OK. Process 15076 is gone
Finally gently signal CrabWrapper with USR2
Process cleanup completed, crabWatchdog.sh exiting
********** WATCHDOG LOG ENDED
ZIPPING WATCHDOG LOG
Disk space used:
du -sh /home/grid/cms667/home_cream_387792521/CREAM387792521
1.2G	/home/grid/cms667/home_cream_387792521/CREAM387792521
Found unusual stderr, rename for OSB
