This script was generated by crab (version 2.9.0).
Running ./CMSSW.sh with 2 positional parameters: 13 2
Today is Thu Sep  5 09:27:37 CEST 2013
Job submitted on host lxbsq2030.cern.ch
Linux lxbsq2030.cern.ch 2.6.18-308.16.1.el5 #1 SMP Thu Oct 4 14:02:28 CEST 2012 x86_64 x86_64 x86_64 GNU/Linux
>>> current directory (RUNTIME_AREA): /home/grid/cms667/home_cream_784953381/CREAM784953381
>>> current user: uid=52545(cms667) gid=1399(zh) groups=1399(zh),1105861193 context=system_u:system_r:initrc_t
>>> directory permission set to 0700
>>> umask set to:  u=rwx,g=,o=
>>> stdout stderr permission set to 0704
>>> voms proxy information:
subject   : /C=DE/O=GermanGrid/OU=DESY/CN=Ihar Marfin/CN=proxy/CN=proxy/CN=proxy/CN=limited proxy
issuer    : /C=DE/O=GermanGrid/OU=DESY/CN=Ihar Marfin/CN=proxy/CN=proxy/CN=proxy
identity  : /C=DE/O=GermanGrid/OU=DESY/CN=Ihar Marfin/CN=proxy/CN=proxy/CN=proxy
type      : limited proxy
strength  : 1024 bits
path      : /home/grid/cms667/home_cream_784953381/cream_784953381.proxy
timeleft  : 190:34:08
key usage : 
=== VO cms extension information ===
VO        : cms
subject   : /C=DE/O=GermanGrid/OU=DESY/CN=Ihar Marfin
issuer    : /DC=ch/DC=cern/OU=computers/CN=lcg-voms.cern.ch
attribute : /cms/Role=NULL/Capability=NULL
attribute : /cms/dcms/Role=NULL/Capability=NULL
timeleft  : 190:35:28
uri       : lcg-voms.cern.ch:15002
>>> tar --no-same-permissions -xf /home/grid/cms667/home_cream_784953381/CREAM784953381/default.tgz :
Successful untar
>>> Include /home/grid/cms667/home_cream_784953381/CREAM784953381 in PYTHONPATH:
strip arguments
env var CRAB_UNIQUE_JOB_ID set to: marfin_crab_0_130905_082339_f78ol1_13_2_eDr
out_files_13
>>> list of expected files on output sandbox
output files: crab_fjr_13.xml CMSSW_13.stdout CMSSW_13.stderr Watchdog_13.log.gz
>>> GridFlavour discovery: 
GridFlavour=LCG
>>> SyncSite discovery: 
not reporting SyncSite
>>> SyncCE discovery: 
getting SyncCE from CE_ID
SyncCE=ce207.cern.ch:8443/cream-lsf-grid_cms
>>> info for dashboard:
***** Cat /home/grid/cms667/home_cream_784953381/CREAM784953381/jobreport.txt *****
MonitorJobID=13_https://wms314.cern.ch:9000/4hLdFLqyDgTn2duW3lJm1Q
SyncGridJobId=https://wms314.cern.ch:9000/4hLdFLqyDgTn2duW3lJm1Q
MonitorID=marfin_crab_0_130905_082339_f78ol1
GridFlavour=LCG
SyncCE=ce207.cern.ch:8443/cream-lsf-grid_cms
***** End Cat jobreport *****
Parameters sent to Dashboard.
>>> setup environment
set SCRAM ARCH to slc5_amd64_gcc462
SCRAM_ARCH = slc5_amd64_gcc462
>>> setup CMS LCG environment:
set SCRAM ARCH and BUILD_ARCH to slc5_amd64_gcc462 ###
Sourcing environment... 
sourcing /afs/cern.ch/project/gd/apps/cms/cmsset_default.sh
==> setup cms environment ok
>>> specific cmssw setup environment:
CMSSW_VERSION =  CMSSW_5_3_11_patch6
>>> current directory (SOFTWARE_DIR): /home/grid/cms667/home_cream_784953381/CREAM784953381/CMSSW_5_3_11_patch6
PreserveSeeds: <>
IncrementSeeds:<>
{"output.root": ""}
WNHostName=lxbsq2030.cern.ch
>>> info for dashboard:
***** Cat /home/grid/cms667/home_cream_784953381/CREAM784953381/jobreport.txt *****
MonitorJobID=13_https://wms314.cern.ch:9000/4hLdFLqyDgTn2duW3lJm1Q
MonitorID=marfin_crab_0_130905_082339_f78ol1
WNHostName=lxbsq2030.cern.ch
***** End Cat jobreport *****
Parameters sent to Dashboard.
crabWatchdog started as process 11001
>>> moving CMSSW software directories in /home/grid/cms667/home_cream_784953381/CREAM784953381/CMSSW_5_3_11_patch6
mv: cannot stat `/home/grid/cms667/home_cream_784953381/CREAM784953381/module/': No such file or directory
>>> Include /home/grid/cms667/home_cream_784953381/CREAM784953381 in PYTHONPATH:
PYTHONPATH=/home/grid/cms667/home_cream_784953381/CREAM784953381/:/pool/grid/cms667/home_cream_784953381/CREAM784953381/CMSSW_5_3_11_patch6/python:/pool/grid/cms667/home_cream_784953381/CREAM784953381/CMSSW_5_3_11_patch6/lib/slc5_amd64_gcc462:/afs/cern.ch/cms/slc5_amd64_gcc462/cms/cmssw-patch/CMSSW_5_3_11_patch6/python:/afs/cern.ch/cms/slc5_amd64_gcc462/cms/cmssw-patch/CMSSW_5_3_11_patch6/lib/slc5_amd64_gcc462:/afs/cern.ch/cms/slc5_amd64_gcc462/cms/cmssw/CMSSW_5_3_11/bin/slc5_amd64_gcc462:/afs/cern.ch/cms/slc5_amd64_gcc462/cms/cmssw/CMSSW_5_3_11/lib/slc5_amd64_gcc462:/afs/cern.ch/cms/slc5_amd64_gcc462/cms/coral/CORAL_2_3_21-cms35/slc5_amd64_gcc462/python:/afs/cern.ch/cms/slc5_amd64_gcc462/cms/coral/CORAL_2_3_21-cms35/slc5_amd64_gcc462/lib:/afs/cern.ch/cms/slc5_amd64_gcc462/external/pyqt/4.8.1/lib/python2.6/site-packages:/afs/cern.ch/cms/slc5_amd64_gcc462/external/py2-scipy/0.8.0/lib/python2.6/site-packages:/afs/cern.ch/cms/slc5_amd64_gcc462/external/py2-matplotlib/1.0.1/lib/python2.6/site-packages:/afs/cern.ch/cms/slc5_amd64_gcc462/external/python-ldap/2.3.5/lib/python2.6/site-packages:/afs/cern.ch/cms/slc5_amd64_gcc462/external/sip/4.11.2/lib/python2.6/site-packages:/afs/cern.ch/cms/slc5_amd64_gcc462/external/py2-pycurl/7.19.0/lib/python2.6/site-packages:/afs/cern.ch/cms/slc5_amd64_gcc462/external/py2-numpy/1.6.1/lib/python2.6/site-packages:/afs/cern.ch/cms/slc5_amd64_gcc462/external/py2-ipython/0.10/lib/python2.6/site-packages:/afs/cern.ch/cms/slc5_amd64_gcc462/external/py2-cx-oracle/5.1-cms11/lib/python2.6/site-packages:/afs/cern.ch/cms/slc5_amd64_gcc462/external/py2-cjson/1.0.5/lib/python2.6/site-packages:/afs/cern.ch/cms/slc5_amd64_gcc462/cms/das-client/1.9.5/bin:/afs/cern.ch/cms/slc5_amd64_gcc462/external/elementtree/1.2.6/share/lib/python2.6/site-packages:/afs/cern.ch/cms/slc5_amd64_gcc462/external/rivet/1.8.2/lib/python2.6/site-packages:/afs/cern.ch/cms/slc5_amd64_gcc462/external/pyminuit2/0.0.1-cms39/lib/python2.6/site-packages:/afs/cern.ch/cms/slc5_amd64_gcc462/external/professor/1.0.0-cms40/lib/python2.6/site-packages:/afs/cern.ch/cms/slc5_amd64_gcc462/lcg/root/5.32.00-cms21/lib:/afs/cern.ch/cms/slc5_amd64_gcc462/cms/dbs-client/DBS_2_1_9-cms3/lib:/afs/cern.ch/cms/slc5_amd64_gcc462/cms/dbs-client/DBS_2_1_9-cms3/lib/DBSAPI:/afs/cern.ch/cms/slc5_amd64_gcc462/external/cvs2git/5419/lib:/home/grid/cms667/home_cream_784953381/CREAM784953381/
 
# LIMITS USED BY CRAB WATCHDOG:
# RSS  (KBytes)   : 2300000
# VSZ  (KBytes)   : 100000000
# DISK (MBytes)   : 19000
# CPU TIME        : 720h:0m:0s
# WALL CLOCK TIME : 21h:50m:0s
 
844a175eacc74cc51be2e7d71ca2539e
PSETHASH = 844a175eacc74cc51be2e7d71ca2539e
/home/grid/cms667/home_cream_784953381/CREAM784953381/writeCfg.py pset.py pset.py
Importing .py file
Setting parameters
RandomNumberGeneratorService found, will attempt to change seeds
inputBlocks=/RelValTTbar/CMSSW_5_3_11_patch3-PU_START53_LV2_09Jul2013-v1/GEN-SIM-DIGI-RAW-HLTDEBUG#bc03e9fc-e90e-11e2-95e5-00221959e7c0
inputFiles=/store/relval/CMSSW_5_3_11_patch3/RelValTTbar/GEN-SIM-DIGI-RAW-HLTDEBUG/PU_START53_LV2_09Jul2013-v1/00000/94FA73BD-08E9-E211-9D2C-00248C55CC40.root;/store/relval/CMSSW_5_3_11_patch3/RelValTTbar/GEN-SIM-DIGI-RAW-HLTDEBUG/PU_START53_LV2_09Jul2013-v1/00000/B0A6D1A6-08E9-E211-9389-0030486790B0.root;/store/relval/CMSSW_5_3_11_patch3/RelValTTbar/GEN-SIM-DIGI-RAW-HLTDEBUG/PU_START53_LV2_09Jul2013-v1/00000/485AB0AE-08E9-E211-9B9A-0026189438AC.root
parentFiles=
lumisRange=
>>> Executable cmsRun
/afs/cern.ch/cms/slc5_amd64_gcc462/cms/cmssw-patch/CMSSW_5_3_11_patch6/bin/slc5_amd64_gcc462/cmsRun
ok executable found
>>> info for dashboard:
***** Cat /home/grid/cms667/home_cream_784953381/CREAM784953381/jobreport.txt *****
MonitorJobID=13_https://wms314.cern.ch:9000/4hLdFLqyDgTn2duW3lJm1Q
MonitorID=marfin_crab_0_130905_082339_f78ol1
ExeStart=cmsRun
***** End Cat jobreport *****
Parameters sent to Dashboard.
>>> cmsRun started at Thu Sep  5 07:28:00 UTC 2013
>>> cmsRun ended at Thu Sep  5 07:54:21 UTC 2013
>>> crab_fjr_*.xml  permission set to 0704
>>> info for dashboard:
***** Cat /home/grid/cms667/home_cream_784953381/CREAM784953381/jobreport.txt *****
MonitorJobID=13_https://wms314.cern.ch:9000/4hLdFLqyDgTn2duW3lJm1Q
MonitorID=marfin_crab_0_130905_082339_f78ol1
ExeEnd=cmsRun
***** End Cat jobreport *****
Parameters sent to Dashboard.
TIME_EXE = 1581 sec
>>> cmsRun wrote 80 lines of stdout+stderr
>>> START OF printout of 80 lines from stdout+stderr
05-Sep-2013 09:28:36 CEST  Initiating request to open file root://eoscms//eos/cms/store/relval/CMSSW_5_3_11_patch3/RelValTTbar/GEN-SIM-DIGI-RAW-HLTDEBUG/PU_START53_LV2_09Jul2013-v1/00000/94FA73BD-08E9-E211-9D2C-00248C55CC40.root?svcClass=default
130905 09:28:37 11169 Xrd: GoToAnotherServer: Going to: lxfsre46c01.cern.ch:1095
05-Sep-2013 09:28:41 CEST  Successfully opened file root://eoscms//eos/cms/store/relval/CMSSW_5_3_11_patch3/RelValTTbar/GEN-SIM-DIGI-RAW-HLTDEBUG/PU_START53_LV2_09Jul2013-v1/00000/94FA73BD-08E9-E211-9D2C-00248C55CC40.root?svcClass=default
%MSG-w SiStripQuality:  EventSetupRecordDataGetter:hltGetConditions@beginRun  05-Sep-2013 09:29:24 CEST Run: 1
The cabling should always include the active feds in runInfo and possibly have some morethere are instead 59 feds only active in runInfo
%MSG
Begin processing the 1st record. Run 1, Event 781, LumiSection 16 at 05-Sep-2013 09:29:43.163 CEST
DTTSPhi::addTracoT: preview not present in TRACO trigger or its code=0  trigger not added!
DTTSPhi::addTracoT: preview not present in TRACO trigger or its code=0  trigger not added!
DTTSPhi::addTracoT: preview not present in TRACO trigger or its code=0  trigger not added!
DTTSPhi::addTracoT: preview not present in TRACO trigger or its code=0  trigger not added!
DTTSPhi::addTracoT: preview not present in TRACO trigger or its code=0  trigger not added!
DTTSPhi::addTracoT: preview not present in TRACO trigger or its code=0  trigger not added!
05-Sep-2013 09:34:10 CEST  Closed file root://eoscms//eos/cms/store/relval/CMSSW_5_3_11_patch3/RelValTTbar/GEN-SIM-DIGI-RAW-HLTDEBUG/PU_START53_LV2_09Jul2013-v1/00000/94FA73BD-08E9-E211-9D2C-00248C55CC40.root?svcClass=default
05-Sep-2013 09:34:10 CEST  Initiating request to open file root://eoscms//eos/cms/store/relval/CMSSW_5_3_11_patch3/RelValTTbar/GEN-SIM-DIGI-RAW-HLTDEBUG/PU_START53_LV2_09Jul2013-v1/00000/B0A6D1A6-08E9-E211-9389-0030486790B0.root?svcClass=default
130905 09:34:10 11169 Xrd: GoToAnotherServer: Going to: lxfsre66c02.cern.ch:1095
05-Sep-2013 09:34:10 CEST  Successfully opened file root://eoscms//eos/cms/store/relval/CMSSW_5_3_11_patch3/RelValTTbar/GEN-SIM-DIGI-RAW-HLTDEBUG/PU_START53_LV2_09Jul2013-v1/00000/B0A6D1A6-08E9-E211-9389-0030486790B0.root?svcClass=default
DTTSPhi::addTracoT: preview not present in TRACO trigger or its code=0  trigger not added!
Begin processing the 101st record. Run 1, Event 4981, LumiSection 100 at 05-Sep-2013 09:39:20.550 CEST
DTTSPhi::addTracoT: preview not present in TRACO trigger or its code=0  trigger not added!
130905 09:39:36 11169 Xrd: XrdClientMessage::ReadRaw: Failed to read header (8 bytes).
%MSG-w BasicTrajectoryState:  TrackProducer:hltL3TkTracksFromL2IOHit  05-Sep-2013 09:40:25 CEST Run: 1 Event: 5117
local error not pos-def
[  4.54492e-07-7.85884e-08-2.41546e-08 4.49028e-07 -8.9102e-07
  -7.85884e-08-1.36916e-08-9.75602e-09 2.89621e-07-7.18577e-07
  -2.41546e-08-9.75602e-09 2.07029e-07-3.18807e-06 1.24312e-05
   4.49028e-07 2.89621e-07-3.18807e-06 8.63524e-06 -4.6059e-05
   -8.9102e-07-7.18577e-07 1.24312e-05 -4.6059e-05  0.00066423 ]
%MSG
%MSG-w BasicTrajectoryState:  TrackProducer:hltL3TkTracksFromL2IOHit  05-Sep-2013 09:40:25 CEST Run: 1 Event: 5117
curv error not pos-def
[  4.54492e-07-1.60458e-08-1.36542e-07  4.1811e-07-7.83793e-07
  -1.60458e-08 1.16225e-07-6.86461e-09-2.07041e-06 8.12809e-06
  -1.36542e-07-6.86461e-09-4.13992e-08 3.02933e-07-6.94003e-07
    4.1811e-07-2.07041e-06 3.02933e-07 6.24396e-06-2.02532e-05
  -7.83793e-07 8.12809e-06-6.94003e-07-2.02532e-05 0.000498979 ]
%MSG
DTTSPhi::addTracoT: preview not present in TRACO trigger or its code=0  trigger not added!
DTTSPhi::addTracoT: preview not present in TRACO trigger or its code=0  trigger not added!
DTTSPhi::addTracoT: preview not present in TRACO trigger or its code=0  trigger not added!
DTTSPhi::addTracoT: preview not present in TRACO trigger or its code=0  trigger not added!
Begin processing the 201st record. Run 1, Event 5681, LumiSection 114 at 05-Sep-2013 09:42:24.203 CEST
DTTSPhi::addTracoT: preview not present in TRACO trigger or its code=0  trigger not added!
DTTSPhi::addTracoT: preview not present in TRACO trigger or its code=0  trigger not added!
DTTSPhi::addTracoT: preview not present in TRACO trigger or its code=0  trigger not added!
DTTSPhi::addTracoT: preview not present in TRACO trigger or its code=0  trigger not added!
DTTSPhi::addTracoT: preview not present in TRACO trigger or its code=0  trigger not added!
Begin processing the 301st record. Run 1, Event 6481, LumiSection 130 at 05-Sep-2013 09:45:25.875 CEST
DTTSPhi::addTracoT: preview not present in TRACO trigger or its code=0  trigger not added!
DTTSPhi::addTracoT: preview not present in TRACO trigger or its code=0  trigger not added!
05-Sep-2013 09:47:44 CEST  Closed file root://eoscms//eos/cms/store/relval/CMSSW_5_3_11_patch3/RelValTTbar/GEN-SIM-DIGI-RAW-HLTDEBUG/PU_START53_LV2_09Jul2013-v1/00000/B0A6D1A6-08E9-E211-9389-0030486790B0.root?svcClass=default
05-Sep-2013 09:47:44 CEST  Initiating request to open file root://eoscms//eos/cms/store/relval/CMSSW_5_3_11_patch3/RelValTTbar/GEN-SIM-DIGI-RAW-HLTDEBUG/PU_START53_LV2_09Jul2013-v1/00000/485AB0AE-08E9-E211-9B9A-0026189438AC.root?svcClass=default
130905 09:47:44 11169 Xrd: GoToAnotherServer: Going to: lxfsre14c04.cern.ch:1095
05-Sep-2013 09:47:44 CEST  Successfully opened file root://eoscms//eos/cms/store/relval/CMSSW_5_3_11_patch3/RelValTTbar/GEN-SIM-DIGI-RAW-HLTDEBUG/PU_START53_LV2_09Jul2013-v1/00000/485AB0AE-08E9-E211-9B9A-0026189438AC.root?svcClass=default
Begin processing the 401st record. Run 1, Event 3781, LumiSection 76 at 05-Sep-2013 09:49:35.454 CEST
130905 09:53:07 11169 Xrd: XrdClientMessage::ReadRaw: Failed to read header (8 bytes).
05-Sep-2013 09:54:12 CEST  Closed file root://eoscms//eos/cms/store/relval/CMSSW_5_3_11_patch3/RelValTTbar/GEN-SIM-DIGI-RAW-HLTDEBUG/PU_START53_LV2_09Jul2013-v1/00000/485AB0AE-08E9-E211-9B9A-0026189438AC.root?svcClass=default

=============================================

MessageLogger Summary

 type     category        sev    module        subroutine        count    total
 ---- -------------------- -- ---------------- ----------------  -----    -----
    1 BasicTrajectoryState -w TrackProducer:hl                       2        2
    2 SiStripQuality       -w EventSetupRecord                       1        1
    3 fileAction           -s file_close                             3        3
    4 fileAction           -s file_open                              6        6

 type    category    Examples: run/evt        run/evt          run/evt
 ---- -------------------- ---------------- ---------------- ----------------
    1 BasicTrajectoryState 1/5117           1/5117           
    2 SiStripQuality       Run: 1                            
    3 fileAction           PostProcessEvent PostProcessEvent PostEndRun
    4 fileAction           pre-events       pre-events       PostProcessEvent

Severity    # Occurrences   Total Occurrences
--------    -------------   -----------------
Warning                 3                   3
System                  9                   9
>>> END OF printout of 80 lines from stdout+stderr
>>> Parse FrameworkJobReport crab_fjr.xml
Result of parsing the FrameworkJobReport crab_fjr.xml: Popularity start
lumisRange : 1::16,20::1;1::76,79,84::2;1::100,103,114,128,130-131::3;
lumisParentRange : 
Basename : /store/relval/CMSSW_5_3_11_patch3/RelValTTbar/GEN-SIM-DIGI-RAW-HLTDEBUG/PU_START53_LV2_09Jul2013-v1/00000/
BasenameParent : 
parentFiles : 
inputBlocks : /RelValTTbar/CMSSW_5_3_11_patch3-PU_START53_LV2_09Jul2013-v1/GEN-SIM-DIGI-RAW-HLTDEBUG#bc03e9fc-e90e-11e2-95e5-00221959e7c0
inputFiles : 94FA73BD-08E9-E211-9D2C-00248C55CC40.root::1::EDM::Local::1;485AB0AE-08E9-E211-9B9A-0026189438AC.root::1::EDM::Local::2;B0A6D1A6-08E9-E211-9389-0030486790B0.root::1::EDM::Local::3;
Popularity stop
Extracted ExitStatus from FrameworkJobReport parsing output: 0
>>> Executable succeded  0
ExeExitCode=0
EXECUTABLE_EXIT_STATUS = 0
>>> current directory /home/grid/cms667/home_cream_784953381/CREAM784953381/CMSSW_5_3_11_patch6
>>>  (SOFTWARE_DIR): /home/grid/cms667/home_cream_784953381/CREAM784953381/CMSSW_5_3_11_patch6
>>> (WORKING_DIR): 
>>> current directory content:
total 4089728
drwxr-xr-x 3 cms667 zh       4096 Sep  5 09:27 .SCRAM
-rw------- 1 cms667 zh    3842683 Sep  5 09:27 CMSSW.py.pkl
drwxr-xr-x 3 cms667 zh       4096 Sep  5 09:27 bin
drwxr-xr-x 3 cms667 zh       4096 Sep  5 09:27 cfipython
drwxr-xr-x 4 cms667 zh       4096 Sep  5 09:27 config
-rw------- 1 cms667 zh         18 Sep  5 09:54 cpu_timing.txt
drwxr-xr-x 2 cms667 zh       4096 Sep  5 09:27 doc
-rw------- 1 cms667 zh       7123 Sep  5 09:54 executable.out
drwxr-xr-x 2 cms667 zh       4096 Sep  5 09:27 include
drwx------ 3 cms667 zh       4096 Aug 26 18:31 lib
drwxr-xr-x 3 cms667 zh       4096 Sep  5 09:27 logs
drwxr-xr-x 3 cms667 zh       4096 Sep  5 09:27 objs
-rw------- 1 cms667 zh 4175936651 Sep  5 09:54 output.root
-rw------- 1 cms667 zh        104 Sep  5 09:27 pset.py
-rw------- 1 cms667 zh    3840284 Sep  5 09:27 pset.py.pkl
-rw------- 1 cms667 zh        289 Sep  5 09:27 pset.pyc
drwxr-xr-x 2 cms667 zh       4096 Sep  5 09:27 python
-rw------- 1 cms667 zh        440 Sep  5 09:54 report.log
drwx------ 5 cms667 zh       4096 Sep  5 09:27 src
drwxr-xr-x 3 cms667 zh       4096 Sep  5 09:27 test
drwxr-xr-x 3 cms667 zh       4096 Sep  5 09:27 tmp
>>> current directory /home/grid/cms667/home_cream_784953381/CREAM784953381/CMSSW_5_3_11_patch6
>>> (SOFTWARE_DIR): /home/grid/cms667/home_cream_784953381/CREAM784953381/CMSSW_5_3_11_patch6
>>> (WORKING_DIR): 
>>> current directory content:
total 4089728
drwxr-xr-x 3 cms667 zh       4096 Sep  5 09:27 .SCRAM
-rw------- 1 cms667 zh    3842683 Sep  5 09:27 CMSSW.py.pkl
drwxr-xr-x 3 cms667 zh       4096 Sep  5 09:27 bin
drwxr-xr-x 3 cms667 zh       4096 Sep  5 09:27 cfipython
drwxr-xr-x 4 cms667 zh       4096 Sep  5 09:27 config
-rw------- 1 cms667 zh         18 Sep  5 09:54 cpu_timing.txt
drwxr-xr-x 2 cms667 zh       4096 Sep  5 09:27 doc
-rw------- 1 cms667 zh       7123 Sep  5 09:54 executable.out
drwxr-xr-x 2 cms667 zh       4096 Sep  5 09:27 include
drwx------ 3 cms667 zh       4096 Aug 26 18:31 lib
drwxr-xr-x 3 cms667 zh       4096 Sep  5 09:27 logs
drwxr-xr-x 3 cms667 zh       4096 Sep  5 09:27 objs
-rw------- 1 cms667 zh 4175936651 Sep  5 09:54 output_13_2_eDr.root
-rw------- 1 cms667 zh        104 Sep  5 09:27 pset.py
-rw------- 1 cms667 zh    3840284 Sep  5 09:27 pset.py.pkl
-rw------- 1 cms667 zh        289 Sep  5 09:27 pset.pyc
drwxr-xr-x 2 cms667 zh       4096 Sep  5 09:27 python
-rw------- 1 cms667 zh        440 Sep  5 09:54 report.log
drwx------ 5 cms667 zh       4096 Sep  5 09:27 src
drwxr-xr-x 3 cms667 zh       4096 Sep  5 09:27 test
drwxr-xr-x 3 cms667 zh       4096 Sep  5 09:27 tmp
>>> current directory (RUNTIME_AREA):  /home/grid/cms667/home_cream_784953381/CREAM784953381
SE = dcache-se-cms.desy.de
SE_PATH = /srm/managerv2?SFN=/pnfs/desy.de/cms/tier2/store/user/marfin/RelValTTbar/53xRelVal2011Redigi_v2/844a175eacc74cc51be2e7d71ca2539e/
LFNBaseName = /store/user/marfin/RelValTTbar/53xRelVal2011Redigi_v2/844a175eacc74cc51be2e7d71ca2539e/
USER = marfin
endpoint = srm://dcache-se-cms.desy.de:8443/srm/managerv2?SFN=/pnfs/desy.de/cms/tier2/store/user/marfin/RelValTTbar/53xRelVal2011Redigi_v2/844a175eacc74cc51be2e7d71ca2539e/
>>> Copy output files from WN = lxbsq2030.cern.ch to /srm/managerv2?SFN=/pnfs/desy.de/cms/tier2/store/user/marfin/RelValTTbar/53xRelVal2011Redigi_v2/844a175eacc74cc51be2e7d71ca2539e/ :
python cmscp.py  --destination srm://dcache-se-cms.desy.de:8443/srm/managerv2?SFN=/pnfs/desy.de/cms/tier2/store/user/marfin/RelValTTbar/53xRelVal2011Redigi_v2/844a175eacc74cc51be2e7d71ca2539e/ --inputFileList /home/grid/cms667/home_cream_784953381/CREAM784953381/CMSSW_5_3_11_patch6/output_13_2_eDr.root --middleware LCG --se_name dcache-se-cms.desy.de --for_lfn /store/user/marfin/RelValTTbar/53xRelVal2011Redigi_v2/844a175eacc74cc51be2e7d71ca2539e/    
******************************************************
localSeName  =  srm-eoscms.cern.ch
remoteSeName =  dcache-se-cms.desy.de
******************************************************
{"/home/grid/cms667/home_cream_784953381/CREAM784953381/CMSSW_5_3_11_patch6/output_13_2_eDr.root": {"endpoint": "srm://dcache-se-cms.desy.de:8443/srm/managerv2?SFN=/pnfs/desy.de/cms/tier2/store/user/marfin/RelValTTbar/53xRelVal2011Redigi_v2/844a175eacc74cc51be2e7d71ca2539e/", "surl_for_grid": "", "reason": "Copy succedeed with srm-lcg utils", "erCode": "0", "se_name": "dcache-se-cms.desy.de", "for_lfn": "/store/user/marfin/RelValTTbar/53xRelVal2011Redigi_v2/844a175eacc74cc51be2e7d71ca2539e/"}}/home/grid/cms667/home_cream_784953381/CREAM784953381
-------- cat /home/grid/cms667/home_cream_784953381/CREAM784953381/cmscpReport.sh 
#!/bin/bash
echo "Report for File: /home/grid/cms667/home_cream_784953381/CREAM784953381/CMSSW_5_3_11_patch6/output_13_2_eDr.root"
echo "LFN: /store/user/marfin/RelValTTbar/53xRelVal2011Redigi_v2/844a175eacc74cc51be2e7d71ca2539e/output_13_2_eDr.root"
echo "StorageElement: dcache-se-cms.desy.de"
echo "StageOutExitStatusReason = 'Copy succedeed with srm-lcg utils'" | tee -a $RUNTIME_AREA/$repo
echo "StageOutSE = dcache-se-cms.desy.de" >> $RUNTIME_AREA/$repo

export StageOutExitStatus=0
echo "StageOutExitStatus = 0" | tee -a $RUNTIME_AREA/$repo
-------- end of /home/grid/cms667/home_cream_784953381/CREAM784953381/cmscpReport.sh 
Report for File: /home/grid/cms667/home_cream_784953381/CREAM784953381/CMSSW_5_3_11_patch6/output_13_2_eDr.root
LFN: /store/user/marfin/RelValTTbar/53xRelVal2011Redigi_v2/844a175eacc74cc51be2e7d71ca2539e/output_13_2_eDr.root
StorageElement: dcache-se-cms.desy.de
StageOutExitStatusReason = 'Copy succedeed with srm-lcg utils'
StageOutExitStatus = 0
>>> current dir: /home/grid/cms667/home_cream_784953381/CREAM784953381
>>> current dir content:
total 6400
-rwx------  1 cms667 zh   13669 Sep  5 09:27 .BrokerInfo
-rw-------  1 cms667 zh    5858 Sep  5 09:55 .SEinteraction.log
-rwx------  1 cms667 zh       0 Sep  5 09:27 .tmp_file
-rw-------  1 cms667 zh     105 Sep  5 08:23 CMSSW.py
-rw-------  1 cms667 zh 3842683 Sep  5 08:23 CMSSW.py.pkl
-rwx------  1 cms667 zh   27991 Sep  5 09:27 CMSSW.sh
-rwx------  1 cms667 zh       0 Sep  5 09:27 CMSSW_13.stderr
-rwx---r--  1 cms667 zh   21969 Sep  5 09:55 CMSSW_13.stdout
drwxr-xr-x 15 cms667 zh    4096 Sep  5 09:54 CMSSW_5_3_11_patch6
-rw-------  1 cms667 zh     484 Sep  5 09:27 CacheEnv.sh
-rw-------  1 cms667 zh    7291 Jun  9  2010 DashboardAPI.py
-rw-------  1 cms667 zh    6493 Sep  5 09:27 DashboardAPI.pyc
drwx------  3 cms667 zh    4096 Aug 20 17:36 IMProv
-rw-------  1 cms667 zh    2748 Mar  8  2006 Logger.py
-rw-------  1 cms667 zh    3223 Sep  5 09:27 Logger.pyc
-rw-------  1 cms667 zh   24524 Mar 28  2008 ProcInfo.py
-rw-------  1 cms667 zh   22846 Sep  5 09:27 ProcInfo.pyc
drwx------  7 cms667 zh    4096 Sep  5 09:27 ProdCommon
drwx------  3 cms667 zh    4096 Sep  5 09:27 WMCore
-rw-------  1 cms667 zh    4370 Sep  5 09:54 Watchdog_13.log
-rw-------  1 cms667 zh   32895 Mar 28  2008 apmon.py
-rw-------  1 cms667 zh   28120 Sep  5 09:27 apmon.pyc
-rwx------  1 cms667 zh   10416 Sep  5 09:27 arguments.xml
-rwx------  1 cms667 zh   38507 Aug  6 23:12 cmscp.py
-rw-------  1 cms667 zh     548 Sep  5 09:55 cmscpReport.sh
-rw-------  1 cms667 zh     509 Sep  5 08:23 crab.cfg
-rwx------  1 cms667 zh    8610 Apr  2 15:44 crabWatchdog.sh
-rwx---r--  1 cms667 zh  931293 Sep  5 09:54 crab_fjr_13.xml
-rwx------  1 cms667 zh 1216159 Sep  5 09:27 default.tgz
-rwx------  1 cms667 zh    4488 May 12  2012 fillCrabFjr.py
-rw-------  1 cms667 zh     616 Sep  5 09:27 inputsReport.txt
-rw-------  1 cms667 zh     260 Sep  5 09:55 jobreport.txt
lrwxrwxrwx  1 cms667 zh      94 Sep  5 09:54 output.root -> /home/grid/cms667/home_cream_784953381/CREAM784953381/CMSSW_5_3_11_patch6/output_13_2_eDr.root
-rw-------  1 cms667 zh   17352 Jan 20  2012 parseCrabFjr.py
-rw-------  1 cms667 zh     265 Sep  5 09:27 report.log
-rwx--x--x  1 cms667 zh    1497 May 27  2009 report.py
-rw-------  1 cms667 zh     498 Sep  5 09:55 resultCopyFile
-rwx------  1 cms667 zh    8387 Mar 23  2011 writeCfg.py
>>> Modify Job Report:
CMSSW_VERSION = CMSSW_5_3_11_patch6
ProcessedDataset = 53xRelVal2011Redigi_v2
/home/grid/cms667/home_cream_784953381/CREAM784953381/ProdCommon/FwkJobRep/ModifyJobReport.py fjr /home/grid/cms667/home_cream_784953381/CREAM784953381/crab_fjr_13.xml json /home/grid/cms667/home_cream_784953381/CREAM784953381/resultCopyFile n_job 13_2_eDr PrimaryDataset RelValTTbar  ApplicationFamily cmsRun ApplicationName cmsRun cmssw_version CMSSW_5_3_11_patch6 psethash 844a175eacc74cc51be2e7d71ca2539e UserProcessedDataset marfin-53xRelVal2011Redigi_v2-844a175eacc74cc51be2e7d71ca2539e
inputDict =  {u'/home/grid/cms667/home_cream_784953381/CREAM784953381/CMSSW_5_3_11_patch6/output_13_2_eDr.root': {u'endpoint': u'srm://dcache-se-cms.desy.de:8443/srm/managerv2?SFN=/pnfs/desy.de/cms/tier2/store/user/marfin/RelValTTbar/53xRelVal2011Redigi_v2/844a175eacc74cc51be2e7d71ca2539e/', u'surl_for_grid': u'', u'reason': u'Copy succedeed with srm-lcg utils', u'erCode': u'0', u'se_name': u'dcache-se-cms.desy.de', u'for_lfn': u'/store/user/marfin/RelValTTbar/53xRelVal2011Redigi_v2/844a175eacc74cc51be2e7d71ca2539e/'}}
diz_filter =  {u'output.root': u''}
UserProcessedDataset =  marfin-53xRelVal2011Redigi_v2-844a175eacc74cc51be2e7d71ca2539e
file_name in inputDict =  /home/grid/cms667/home_cream_784953381/CREAM784953381/CMSSW_5_3_11_patch6/output_13_2_eDr.root
(size) os.stat(filename)[6] =  4175936651
checksum =  337498528
filter =  
    file =  output_13_2_eDr.root
    newPfn =  srm://dcache-se-cms.desy.de:8443/srm/managerv2?SFN=/pnfs/desy.de/cms/tier2/store/user/marfin/RelValTTbar/53xRelVal2011Redigi_v2/844a175eacc74cc51be2e7d71ca2539e/output_13_2_eDr.root
    newLfn =  /store/user/marfin/RelValTTbar/53xRelVal2011Redigi_v2/844a175eacc74cc51be2e7d71ca2539e/output_13_2_eDr.root
>>> crab_fjr_*.xml  permission set to 0704
Checking output files:  
will tar file crab_fjr_13.xml in  out_files_13
will tar file CMSSW_13.stdout in  out_files_13
will tar file CMSSW_13.stderr in  out_files_13
WARNING: output file Watchdog_13.log.gz not found!
>>> padding time: Wrapper lasting more than 600 seconds. No sleep required.
STOPPING WATCHDOG. CrabWatchdog PID is 11001
********** LAST 50 LINES OF WATCHDOG LOG
# CPU TIME        : 720h:0m:0s
# WALL CLOCK TIME : 21h:50m:0s
 
# FOLLOWING PRINTOUT TRACKS MAXIMUM VALUES OF RESOURCES USE
# ONE LINE IS PRINTED EACH TIME A MAXIMUM CHANGES
# IF CHANGE WAS IN RSS OR VSZ ALSO PROCID AND COMMAND ARE PRINTED
# THERE IS NO PRINTOUT FOR CPU/WALL TIME INCREASE
 
# TIME			PID	RSS(KB)	VSZ(KB)	Dsk(MB)	tCPU(s)	tWALL(s)	COMMAND
 Sep 05 09:27:45 CEST	10867	1140	63852	0	0	0	sh -c "./CMSSW.sh" 13 2$* > "CMSSW_13.stdout" 2> "CMSSW_13.stderr"  
 Sep 05 09:27:45 CEST	10871	1508	64104	0	0	0	/bin/sh ./CMSSW.sh 13 2       
 Sep 05 09:27:45 CEST	---	1508	64104	18	----	----	----
 Sep 05 09:28:45 CEST	11169	465348	643796	18	15	60	cmsRun -j /home/grid/cms667/home_cream_784953381/CREAM784953381/crab_fjr_13.xml -p pset.py      
 Sep 05 09:28:45 CEST	---	465348	643796	22	----	----	----
 Sep 05 09:29:45 CEST	11169	1506056	1842980	22	48	121	cmsRun -j /home/grid/cms667/home_cream_784953381/CREAM784953381/crab_fjr_13.xml -p pset.py      
 Sep 05 09:30:46 CEST	11169	1813168	2265344	22	105	181	cmsRun -j /home/grid/cms667/home_cream_784953381/CREAM784953381/crab_fjr_13.xml -p pset.py      
 Sep 05 09:30:46 CEST	---	1813168	2265344	156	----	----	----
 Sep 05 09:31:46 CEST	11169	1827736	2265344	156	164	241	cmsRun -j /home/grid/cms667/home_cream_784953381/CREAM784953381/crab_fjr_13.xml -p pset.py      
 Sep 05 09:31:46 CEST	---	1827736	2265344	298	----	----	----
 Sep 05 09:32:46 CEST	11169	1834280	2269700	298	223	301	cmsRun -j /home/grid/cms667/home_cream_784953381/CREAM784953381/crab_fjr_13.xml -p pset.py      
 Sep 05 09:32:46 CEST	---	1834280	2269700	434	----	----	----
 Sep 05 09:33:46 CEST	11169	1859528	2289412	434	282	362	cmsRun -j /home/grid/cms667/home_cream_784953381/CREAM784953381/crab_fjr_13.xml -p pset.py      
 Sep 05 09:33:46 CEST	---	1859528	2289412	576	----	----	----
 Sep 05 09:34:47 CEST	---	1859528	2289412	919	----	----	----
 Sep 05 09:35:47 CEST	---	1859528	2289412	1451	----	----	----
 Sep 05 09:36:47 CEST	---	1859528	2289412	1963	----	----	----
 Sep 05 09:37:47 CEST	---	1859528	2289412	2481	----	----	----
 Sep 05 09:38:48 CEST	---	1859528	2289412	2763	----	----	----
 Sep 05 09:39:48 CEST	---	1859528	2289412	2800	----	----	----
 Sep 05 09:40:48 CEST	---	1859528	2289412	2838	----	----	----
 Sep 05 09:41:49 CEST	---	1859528	2289412	2874	----	----	----
 Sep 05 09:42:49 CEST	---	1859528	2289412	2912	----	----	----
 Sep 05 09:43:49 CEST	---	1859528	2289412	2951	----	----	----
 Sep 05 09:44:49 CEST	11169	1859528	2289672	2951	746	1025	cmsRun -j /home/grid/cms667/home_cream_784953381/CREAM784953381/crab_fjr_13.xml -p pset.py      
 Sep 05 09:44:49 CEST	---	1859528	2289672	2989	----	----	----
 Sep 05 09:45:50 CEST	11169	1859528	2290440	2989	805	1085	cmsRun -j /home/grid/cms667/home_cream_784953381/CREAM784953381/crab_fjr_13.xml -p pset.py      
 Sep 05 09:45:50 CEST	---	1859528	2290440	3025	----	----	----
 Sep 05 09:46:50 CEST	---	1859528	2290440	3056	----	----	----
 Sep 05 09:47:50 CEST	11169	1935236	2393352	3056	922	1205	cmsRun -j /home/grid/cms667/home_cream_784953381/CREAM784953381/crab_fjr_13.xml -p pset.py      
 Sep 05 09:47:50 CEST	---	1935236	2393352	3095	----	----	----
 Sep 05 09:48:50 CEST	11169	2025592	2448136	3095	982	1266	cmsRun -j /home/grid/cms667/home_cream_784953381/CREAM784953381/crab_fjr_13.xml -p pset.py      
 Sep 05 09:48:50 CEST	---	2025592	2448136	3238	----	----	----
 Sep 05 09:49:51 CEST	11169	2028944	2448136	3238	1041	1326	cmsRun -j /home/grid/cms667/home_cream_784953381/CREAM784953381/crab_fjr_13.xml -p pset.py      
 Sep 05 09:49:51 CEST	---	2028944	2448136	3382	----	----	----
 Sep 05 09:50:51 CEST	11169	2050656	2448392	3382	1100	1386	cmsRun -j /home/grid/cms667/home_cream_784953381/CREAM784953381/crab_fjr_13.xml -p pset.py      
 Sep 05 09:50:51 CEST	---	2050656	2448392	3517	----	----	----
 Sep 05 09:51:51 CEST	---	2050656	2448392	3668	----	----	----
 Sep 05 09:52:52 CEST	---	2050656	2448392	3811	----	----	----
 Sep 05 09:53:52 CEST	---	2050656	2448392	3944	----	----	----
 Sep 05 09:54:52 CEST	---	2050656	2448392	4009	----	----	----
********** WATCHDOG LOG ENDED
ZIPPING WATCHDOG LOG
Disk space used:
du -sh /home/grid/cms667/home_cream_784953381/CREAM784953381
4.0G	/home/grid/cms667/home_cream_784953381/CREAM784953381
Found unusual stderr, rename for OSB
`/pool/grid/cms667/home_cream_784953381/CREAM784953381/CMSSW_13.stdout' -> `CMSSW_13.stderr'
crab_fjr_13.xml
CMSSW_13.stdout
CMSSW_13.stderr
Watchdog_13.log.gz
Total Output dimension: 84465
WARNING: output files size limit is set to: 55000000
Total Output dimension 84465 is fine.
JOB_EXIT_STATUS = 0
>>> info for dashboard:
***** Cat /home/grid/cms667/home_cream_784953381/CREAM784953381/jobreport.txt *****
MonitorJobID=13_https://wms314.cern.ch:9000/4hLdFLqyDgTn2duW3lJm1Q
MonitorID=marfin_crab_0_130905_082339_f78ol1
ExeTime=1581
ExeExitCode=0
StageOutExitStatusReason = 'Copy succedeed with srm-lcg utils'
StageOutSE = dcache-se-cms.desy.de
StageOutExitStatus = 0
CrabUserCpuTime=1261.39
CrabSysCpuTime=44.45
CrabCpuPercentage=82%
CrabWrapperTime=1714
CrabStageoutTime=85
JobExitCode=0
***** End Cat jobreport *****
Parameters sent to Dashboard.
crab_fjr_13.xml
