This script was generated by crab (version 2.9.0).
Running ./CMSSW.sh with 2 positional parameters: 3 2
Today is Thu Sep  5 09:27:37 CEST 2013
Job submitted on host lxbsq2031.cern.ch
Linux lxbsq2031.cern.ch 2.6.18-308.24.1.el5 #1 SMP Wed Dec 5 09:45:59 CET 2012 x86_64 x86_64 x86_64 GNU/Linux
>>> current directory (RUNTIME_AREA): /home/grid/cms667/home_cream_911867741/CREAM911867741
>>> current user: uid=52545(cms667) gid=1399(zh) groups=1399(zh),1092423772 context=system_u:system_r:initrc_t
>>> directory permission set to 0700
>>> umask set to:  u=rwx,g=,o=
>>> stdout stderr permission set to 0704
>>> voms proxy information:
subject   : /C=DE/O=GermanGrid/OU=DESY/CN=Ihar Marfin/CN=proxy/CN=proxy/CN=proxy/CN=limited proxy
issuer    : /C=DE/O=GermanGrid/OU=DESY/CN=Ihar Marfin/CN=proxy/CN=proxy/CN=proxy
identity  : /C=DE/O=GermanGrid/OU=DESY/CN=Ihar Marfin/CN=proxy/CN=proxy/CN=proxy
type      : limited proxy
strength  : 1024 bits
path      : /home/grid/cms667/home_cream_911867741/cream_911867741.proxy
timeleft  : 190:33:11
key usage : 
=== VO cms extension information ===
VO        : cms
subject   : /C=DE/O=GermanGrid/OU=DESY/CN=Ihar Marfin
issuer    : /DC=ch/DC=cern/OU=computers/CN=lcg-voms.cern.ch
attribute : /cms/Role=NULL/Capability=NULL
attribute : /cms/dcms/Role=NULL/Capability=NULL
timeleft  : 190:35:27
uri       : lcg-voms.cern.ch:15002
>>> tar --no-same-permissions -xf /home/grid/cms667/home_cream_911867741/CREAM911867741/default.tgz :
Successful untar
>>> Include /home/grid/cms667/home_cream_911867741/CREAM911867741 in PYTHONPATH:
strip arguments
env var CRAB_UNIQUE_JOB_ID set to: marfin_crab_0_130905_082339_f78ol1_3_2_L9B
out_files_3
>>> list of expected files on output sandbox
output files: crab_fjr_3.xml CMSSW_3.stdout CMSSW_3.stderr Watchdog_3.log.gz
>>> GridFlavour discovery: 
GridFlavour=LCG
>>> SyncSite discovery: 
not reporting SyncSite
>>> SyncCE discovery: 
getting SyncCE from CE_ID
SyncCE=ce204.cern.ch:8443/cream-lsf-grid_cms
>>> info for dashboard:
***** Cat /home/grid/cms667/home_cream_911867741/CREAM911867741/jobreport.txt *****
MonitorJobID=3_https://wms314.cern.ch:9000/IPKGm_56q-7bkhMRn6sguQ
SyncGridJobId=https://wms314.cern.ch:9000/IPKGm_56q-7bkhMRn6sguQ
MonitorID=marfin_crab_0_130905_082339_f78ol1
GridFlavour=LCG
SyncCE=ce204.cern.ch:8443/cream-lsf-grid_cms
***** End Cat jobreport *****
Parameters sent to Dashboard.
>>> setup environment
set SCRAM ARCH to slc5_amd64_gcc462
SCRAM_ARCH = slc5_amd64_gcc462
>>> setup CMS LCG environment:
set SCRAM ARCH and BUILD_ARCH to slc5_amd64_gcc462 ###
Sourcing environment... 
sourcing /afs/cern.ch/project/gd/apps/cms/cmsset_default.sh
==> setup cms environment ok
>>> specific cmssw setup environment:
CMSSW_VERSION =  CMSSW_5_3_11_patch6
>>> current directory (SOFTWARE_DIR): /home/grid/cms667/home_cream_911867741/CREAM911867741/CMSSW_5_3_11_patch6
PreserveSeeds: <>
IncrementSeeds:<>
{"output.root": ""}
WNHostName=lxbsq2031.cern.ch
>>> info for dashboard:
***** Cat /home/grid/cms667/home_cream_911867741/CREAM911867741/jobreport.txt *****
MonitorJobID=3_https://wms314.cern.ch:9000/IPKGm_56q-7bkhMRn6sguQ
MonitorID=marfin_crab_0_130905_082339_f78ol1
WNHostName=lxbsq2031.cern.ch
***** End Cat jobreport *****
Parameters sent to Dashboard.
crabWatchdog started as process 4193
>>> moving CMSSW software directories in /home/grid/cms667/home_cream_911867741/CREAM911867741/CMSSW_5_3_11_patch6
mv: cannot stat `/home/grid/cms667/home_cream_911867741/CREAM911867741/module/': No such file or directory
>>> Include /home/grid/cms667/home_cream_911867741/CREAM911867741 in PYTHONPATH:
PYTHONPATH=/home/grid/cms667/home_cream_911867741/CREAM911867741/:/pool/grid/cms667/home_cream_911867741/CREAM911867741/CMSSW_5_3_11_patch6/python:/pool/grid/cms667/home_cream_911867741/CREAM911867741/CMSSW_5_3_11_patch6/lib/slc5_amd64_gcc462:/afs/cern.ch/cms/slc5_amd64_gcc462/cms/cmssw-patch/CMSSW_5_3_11_patch6/python:/afs/cern.ch/cms/slc5_amd64_gcc462/cms/cmssw-patch/CMSSW_5_3_11_patch6/lib/slc5_amd64_gcc462:/afs/cern.ch/cms/slc5_amd64_gcc462/cms/cmssw/CMSSW_5_3_11/bin/slc5_amd64_gcc462:/afs/cern.ch/cms/slc5_amd64_gcc462/cms/cmssw/CMSSW_5_3_11/lib/slc5_amd64_gcc462:/afs/cern.ch/cms/slc5_amd64_gcc462/cms/coral/CORAL_2_3_21-cms35/slc5_amd64_gcc462/python:/afs/cern.ch/cms/slc5_amd64_gcc462/cms/coral/CORAL_2_3_21-cms35/slc5_amd64_gcc462/lib:/afs/cern.ch/cms/slc5_amd64_gcc462/external/pyqt/4.8.1/lib/python2.6/site-packages:/afs/cern.ch/cms/slc5_amd64_gcc462/external/py2-scipy/0.8.0/lib/python2.6/site-packages:/afs/cern.ch/cms/slc5_amd64_gcc462/external/py2-matplotlib/1.0.1/lib/python2.6/site-packages:/afs/cern.ch/cms/slc5_amd64_gcc462/external/python-ldap/2.3.5/lib/python2.6/site-packages:/afs/cern.ch/cms/slc5_amd64_gcc462/external/sip/4.11.2/lib/python2.6/site-packages:/afs/cern.ch/cms/slc5_amd64_gcc462/external/py2-pycurl/7.19.0/lib/python2.6/site-packages:/afs/cern.ch/cms/slc5_amd64_gcc462/external/py2-numpy/1.6.1/lib/python2.6/site-packages:/afs/cern.ch/cms/slc5_amd64_gcc462/external/py2-ipython/0.10/lib/python2.6/site-packages:/afs/cern.ch/cms/slc5_amd64_gcc462/external/py2-cx-oracle/5.1-cms11/lib/python2.6/site-packages:/afs/cern.ch/cms/slc5_amd64_gcc462/external/py2-cjson/1.0.5/lib/python2.6/site-packages:/afs/cern.ch/cms/slc5_amd64_gcc462/cms/das-client/1.9.5/bin:/afs/cern.ch/cms/slc5_amd64_gcc462/external/elementtree/1.2.6/share/lib/python2.6/site-packages:/afs/cern.ch/cms/slc5_amd64_gcc462/external/rivet/1.8.2/lib/python2.6/site-packages:/afs/cern.ch/cms/slc5_amd64_gcc462/external/pyminuit2/0.0.1-cms39/lib/python2.6/site-packages:/afs/cern.ch/cms/slc5_amd64_gcc462/external/professor/1.0.0-cms40/lib/python2.6/site-packages:/afs/cern.ch/cms/slc5_amd64_gcc462/lcg/root/5.32.00-cms21/lib:/afs/cern.ch/cms/slc5_amd64_gcc462/cms/dbs-client/DBS_2_1_9-cms3/lib:/afs/cern.ch/cms/slc5_amd64_gcc462/cms/dbs-client/DBS_2_1_9-cms3/lib/DBSAPI:/afs/cern.ch/cms/slc5_amd64_gcc462/external/cvs2git/5419/lib:/home/grid/cms667/home_cream_911867741/CREAM911867741/
 
# LIMITS USED BY CRAB WATCHDOG:
# RSS  (KBytes)   : 2300000
# VSZ  (KBytes)   : 100000000
# DISK (MBytes)   : 19000
# CPU TIME        : 720h:0m:0s
# WALL CLOCK TIME : 21h:50m:0s
 
844a175eacc74cc51be2e7d71ca2539e
PSETHASH = 844a175eacc74cc51be2e7d71ca2539e
/home/grid/cms667/home_cream_911867741/CREAM911867741/writeCfg.py pset.py pset.py
Importing .py file
Setting parameters
RandomNumberGeneratorService found, will attempt to change seeds
inputBlocks=/RelValTTbar/CMSSW_5_3_11_patch3-PU_START53_LV2_09Jul2013-v1/GEN-SIM-DIGI-RAW-HLTDEBUG#bc03e9fc-e90e-11e2-95e5-00221959e7c0
inputFiles=/store/relval/CMSSW_5_3_11_patch3/RelValTTbar/GEN-SIM-DIGI-RAW-HLTDEBUG/PU_START53_LV2_09Jul2013-v1/00000/34F12015-09E9-E211-AB86-0025905938D4.root;/store/relval/CMSSW_5_3_11_patch3/RelValTTbar/GEN-SIM-DIGI-RAW-HLTDEBUG/PU_START53_LV2_09Jul2013-v1/00000/9650F4D0-08E9-E211-9421-00261894388B.root
parentFiles=
lumisRange=
>>> Executable cmsRun
/afs/cern.ch/cms/slc5_amd64_gcc462/cms/cmssw-patch/CMSSW_5_3_11_patch6/bin/slc5_amd64_gcc462/cmsRun
ok executable found
>>> info for dashboard:
***** Cat /home/grid/cms667/home_cream_911867741/CREAM911867741/jobreport.txt *****
MonitorJobID=3_https://wms314.cern.ch:9000/IPKGm_56q-7bkhMRn6sguQ
MonitorID=marfin_crab_0_130905_082339_f78ol1
ExeStart=cmsRun
***** End Cat jobreport *****
Parameters sent to Dashboard.
>>> cmsRun started at Thu Sep  5 07:28:01 UTC 2013
Terminated
>>> cmsRun ended at Thu Sep  5 07:47:53 UTC 2013
>>> crab_fjr_*.xml  permission set to 0704
>>> info for dashboard:
***** Cat /home/grid/cms667/home_cream_911867741/CREAM911867741/jobreport.txt *****
MonitorJobID=3_https://wms314.cern.ch:9000/IPKGm_56q-7bkhMRn6sguQ
MonitorID=marfin_crab_0_130905_082339_f78ol1
ExeEnd=cmsRun
***** End Cat jobreport *****
Parameters sent to Dashboard.
TIME_EXE = 1192 sec
>>> cmsRun wrote 43 lines of stdout+stderr
>>> START OF printout of 43 lines from stdout+stderr
05-Sep-2013 09:28:30 CEST  Initiating request to open file root://eoscms//eos/cms/store/relval/CMSSW_5_3_11_patch3/RelValTTbar/GEN-SIM-DIGI-RAW-HLTDEBUG/PU_START53_LV2_09Jul2013-v1/00000/34F12015-09E9-E211-AB86-0025905938D4.root?svcClass=default
130905 09:28:30 4359 Xrd: GoToAnotherServer: Going to: lxfsre58c01.cern.ch:1095
05-Sep-2013 09:28:32 CEST  Successfully opened file root://eoscms//eos/cms/store/relval/CMSSW_5_3_11_patch3/RelValTTbar/GEN-SIM-DIGI-RAW-HLTDEBUG/PU_START53_LV2_09Jul2013-v1/00000/34F12015-09E9-E211-AB86-0025905938D4.root?svcClass=default
%MSG-w SiStripQuality:  EventSetupRecordDataGetter:hltGetConditions@beginRun  05-Sep-2013 09:34:27 CEST Run: 1
The cabling should always include the active feds in runInfo and possibly have some morethere are instead 59 feds only active in runInfo
%MSG
Begin processing the 1st record. Run 1, Event 2251, LumiSection 46 at 05-Sep-2013 09:34:39.259 CEST
DTTSPhi::addTracoT: preview not present in TRACO trigger or its code=0  trigger not added!
DTTSPhi::addTracoT: preview not present in TRACO trigger or its code=0  trigger not added!
DTTSPhi::addTracoT: preview not present in TRACO trigger or its code=0  trigger not added!
DTTSPhi::addTracoT: preview not present in TRACO trigger or its code=0  trigger not added!
DTTSPhi::addTracoT: preview not present in TRACO trigger or its code=0  trigger not added!
DTTSPhi::addTracoT: preview not present in TRACO trigger or its code=0  trigger not added!
Begin processing the 101st record. Run 1, Event 2451, LumiSection 50 at 05-Sep-2013 09:37:48.445 CEST
DTTSPhi::addTracoT: preview not present in TRACO trigger or its code=0  trigger not added!
DTTSPhi::addTracoT: preview not present in TRACO trigger or its code=0  trigger not added!
Begin processing the 201st record. Run 1, Event 3101, LumiSection 63 at 05-Sep-2013 09:40:59.691 CEST
DTTSPhi::addTracoT: preview not present in TRACO trigger or its code=0  trigger not added!
DTTSPhi::addTracoT: preview not present in TRACO trigger or its code=0  trigger not added!
DTTSPhi::addTracoT: preview not present in TRACO trigger or its code=0  trigger not added!
Begin processing the 301st record. Run 1, Event 3251, LumiSection 66 at 05-Sep-2013 09:44:06.439 CEST
DTTSPhi::addTracoT: preview not present in TRACO trigger or its code=0  trigger not added!
%MSG-w BasicTrajectoryState:   ElectronSeedProducer:hltL1IsoStartUpElectronPixelSeeds  05-Sep-2013 09:46:56 CEST Run: 1 Event: 3344
local error not pos-def
[            1           0           0           0           0
             0-9.73866e-17 1.47838e-15 -5.3201e-10 -2.9911e-08
             0 1.47838e-15 8.52545e-14-2.99108e-08-1.72147e-06
             0 -5.3201e-10-2.99108e-08   0.0108282     0.60466
             0 -2.9911e-08-1.72147e-06     0.60466     34.8002 ]
%MSG
%MSG-w BasicTrajectoryState:   ElectronSeedProducer:hltL1IsoStartUpElectronPixelSeeds  05-Sep-2013 09:46:56 CEST Run: 1 Event: 3344
curv error not pos-def
[            1           0           0           0           0
             0 8.52782e-14 8.10822e-11 7.88534e-09 1.72196e-06
             0 8.10822e-11-5.07501e-06 9.90768e-06  0.00161386
             0 7.88534e-09 9.90768e-06  0.00105196    0.159401
             0 1.72196e-06  0.00161386    0.159401       34.81 ]
%MSG
05-Sep-2013 09:47:08 CEST  Closed file root://eoscms//eos/cms/store/relval/CMSSW_5_3_11_patch3/RelValTTbar/GEN-SIM-DIGI-RAW-HLTDEBUG/PU_START53_LV2_09Jul2013-v1/00000/34F12015-09E9-E211-AB86-0025905938D4.root?svcClass=default
05-Sep-2013 09:47:08 CEST  Initiating request to open file root://eoscms//eos/cms/store/relval/CMSSW_5_3_11_patch3/RelValTTbar/GEN-SIM-DIGI-RAW-HLTDEBUG/PU_START53_LV2_09Jul2013-v1/00000/9650F4D0-08E9-E211-9421-00261894388B.root?svcClass=default
130905 09:47:08 4359 Xrd: GoToAnotherServer: Going to: lxfsrg19a05.cern.ch:1095
05-Sep-2013 09:47:08 CEST  Successfully opened file root://eoscms//eos/cms/store/relval/CMSSW_5_3_11_patch3/RelValTTbar/GEN-SIM-DIGI-RAW-HLTDEBUG/PU_START53_LV2_09Jul2013-v1/00000/9650F4D0-08E9-E211-9421-00261894388B.root?svcClass=default
Begin processing the 401st record. Run 1, Event 1, LumiSection 1 at 05-Sep-2013 09:47:13.839 CEST
>>> END OF printout of 43 lines from stdout+stderr
********** CRAB WRAPPER CMSSW.sh TERMINATED BY A KILL
********** KILL signal was issued by Crab Watchdog
********** because usage of resource RSS was excessive
************** JOB EXIT CODE set to: 50660
*** Watchdog kicked in, make sure we
*** do not go on before Watchdog completes the cleanup
Checking output files:  
will tar file crab_fjr_3.xml in  out_files_3
will tar file CMSSW_3.stdout in  out_files_3
will tar file CMSSW_3.stderr in  out_files_3
WARNING: output file Watchdog_3.log.gz not found!
>>> padding time: Wrapper lasting more than 600 seconds. No sleep required.
STOPPING WATCHDOG. CrabWatchdog PID is 4193
./CMSSW.sh: line 127: kill: (4193) - No such process
********** LAST 50 LINES OF WATCHDOG LOG
 Sep 05 09:30:48 CEST	---	753044	1024356	1050	----	----	----
 Sep 05 09:31:48 CEST	4359	762640	1045092	1050	66	241	cmsRun -j /home/grid/cms667/home_cream_911867741/CREAM911867741/crab_fjr_3.xml -p pset.py      
 Sep 05 09:31:48 CEST	---	762640	1045092	1553	----	----	----
 Sep 05 09:32:49 CEST	4359	776032	1066596	1553	80	302	cmsRun -j /home/grid/cms667/home_cream_911867741/CREAM911867741/crab_fjr_3.xml -p pset.py      
 Sep 05 09:32:49 CEST	---	776032	1066596	2044	----	----	----
 Sep 05 09:33:49 CEST	4359	826100	1096548	2044	94	362	cmsRun -j /home/grid/cms667/home_cream_911867741/CREAM911867741/crab_fjr_3.xml -p pset.py      
 Sep 05 09:33:49 CEST	---	826100	1096548	2584	----	----	----
 Sep 05 09:34:49 CEST	4359	1707724	2095912	2584	131	422	cmsRun -j /home/grid/cms667/home_cream_911867741/CREAM911867741/crab_fjr_3.xml -p pset.py      
 Sep 05 09:34:49 CEST	---	1707724	2095912	2779	----	----	----
 Sep 05 09:35:49 CEST	4359	1735668	2095912	2779	189	483	cmsRun -j /home/grid/cms667/home_cream_911867741/CREAM911867741/crab_fjr_3.xml -p pset.py      
 Sep 05 09:35:49 CEST	---	1735668	2095912	2814	----	----	----
 Sep 05 09:36:50 CEST	4359	1754692	2104552	2814	249	543	cmsRun -j /home/grid/cms667/home_cream_911867741/CREAM911867741/crab_fjr_3.xml -p pset.py      
 Sep 05 09:36:50 CEST	---	1754692	2104552	2850	----	----	----
 Sep 05 09:37:50 CEST	4359	1755132	2104552	2850	308	603	cmsRun -j /home/grid/cms667/home_cream_911867741/CREAM911867741/crab_fjr_3.xml -p pset.py      
 Sep 05 09:37:50 CEST	---	1755132	2104552	2883	----	----	----
 Sep 05 09:38:50 CEST	4359	1756524	2104552	2883	367	663	cmsRun -j /home/grid/cms667/home_cream_911867741/CREAM911867741/crab_fjr_3.xml -p pset.py      
 Sep 05 09:38:50 CEST	---	1756524	2104552	2920	----	----	----
 Sep 05 09:39:50 CEST	---	1756524	2104552	2954	----	----	----
 Sep 05 09:40:51 CEST	4359	1756632	2104552	2954	485	784	cmsRun -j /home/grid/cms667/home_cream_911867741/CREAM911867741/crab_fjr_3.xml -p pset.py      
 Sep 05 09:40:51 CEST	---	1756632	2104552	2990	----	----	----
 Sep 05 09:41:51 CEST	4359	1758620	2104552	2990	544	844	cmsRun -j /home/grid/cms667/home_cream_911867741/CREAM911867741/crab_fjr_3.xml -p pset.py      
 Sep 05 09:41:51 CEST	---	1758620	2104552	3026	----	----	----
 Sep 05 09:42:51 CEST	4359	1759672	2109416	3026	604	904	cmsRun -j /home/grid/cms667/home_cream_911867741/CREAM911867741/crab_fjr_3.xml -p pset.py      
 Sep 05 09:42:51 CEST	---	1759672	2109416	3060	----	----	----
 Sep 05 09:43:51 CEST	4359	1763028	2113768	3060	663	965	cmsRun -j /home/grid/cms667/home_cream_911867741/CREAM911867741/crab_fjr_3.xml -p pset.py      
 Sep 05 09:43:51 CEST	---	1763028	2113768	3096	----	----	----
 Sep 05 09:44:52 CEST	4359	1763368	2113768	3096	722	1025	cmsRun -j /home/grid/cms667/home_cream_911867741/CREAM911867741/crab_fjr_3.xml -p pset.py      
 Sep 05 09:44:52 CEST	---	1763368	2113768	3132	----	----	----
 Sep 05 09:45:52 CEST	---	1763368	2113768	3168	----	----	----
 Sep 05 09:46:52 CEST	---	1763368	2113768	3204	----	----	----
 Sep 05 09:47:52 CEST	4359	6058084	6807532	3204	896	1206	cmsRun -j /home/grid/cms667/home_cream_911867741/CREAM911867741/crab_fjr_3.xml -p pset.py      
 Sep 05 09:47:52 CEST	---	6058084	6807532	3271	----	----	----
 ********************************************************
 * JOB HIT PREDEFINED RESOURCE LIMIT ! PROCESSING HALTED
 *   RSS value is 6058084 while limit is 2300000
 ********************************************************
send pkill TERM  to all CrabWrapper childs in this Process Tree
  PID TTY      STAT   TIME COMMAND
 4040 ?        SN     0:00 sh -c "./CMSSW.sh" 3 2$*  > "CMSSW_3.stdout" 2> "CMSSW_3.stderr"
 4043 ?        SN     0:00  \_ /bin/sh ./CMSSW.sh 3 2
 4193 ?        SN     0:00      \_ /bin/bash /home/grid/cms667/home_cream_911867741/CREAM911867741/crabWatchdog.sh
 4358 ?        SN     0:00      \_ /usr/bin/time -f %U %S %P -o cpu_timing.txt cmsRun -j /home/grid/cms667/home_cream_911867741/CREAM911867741/crab_fjr_3.xml -p pset.py
 4359 ?        RNl   14:56          \_ cmsRun -j /home/grid/cms667/home_cream_911867741/CREAM911867741/crab_fjr_3.xml -p pset.py
 Sent TERM to: PID 4359 executing: cmsRun -j /home/grid/cms667/home_cream_911867741/CREAM911867741/crab_fjr_3.xml -p pset.py
 Sent TERM to: PID 4358 executing: /usr/bin/time -f %U %S %P -o cpu_timing.txt cmsRun -j /home/grid/cms667/home_cream_911867741/CREAM911867741/crab_fjr_3.xml -p pset.py
 Wait 30 sec to let processes close up ...
 OK. Process 4359 is gone
 OK. Process 4358 is gone
Finally gently signal CrabWrapper with USR2
Process cleanup completed, crabWatchdog.sh exiting
********** WATCHDOG LOG ENDED
ZIPPING WATCHDOG LOG
Disk space used:
du -sh /home/grid/cms667/home_cream_911867741/CREAM911867741
3.2G	/home/grid/cms667/home_cream_911867741/CREAM911867741
Found unusual stderr, rename for OSB
`/pool/grid/cms667/home_cream_911867741/CREAM911867741/CMSSW_3.stdout' -> `CMSSW_3.stderr'
crab_fjr_3.xml
CMSSW_3.stdout
CMSSW_3.stderr
Watchdog_3.log.gz
Total Output dimension: 6740
WARNING: output files size limit is set to: 55000000
Total Output dimension 6740 is fine.
JOB_EXIT_STATUS = 50660
>>> info for dashboard:
***** Cat /home/grid/cms667/home_cream_911867741/CREAM911867741/jobreport.txt *****
MonitorJobID=3_https://wms314.cern.ch:9000/IPKGm_56q-7bkhMRn6sguQ
MonitorID=marfin_crab_0_130905_082339_f78ol1
ExeTime=1192
CrabUserCpuTime=
CrabSysCpuTime=
CrabCpuPercentage=
CrabWrapperTime=1245
CrabStageoutTime=NULL
JobExitCode=50660
***** End Cat jobreport *****
Parameters sent to Dashboard.
crab_fjr_3.xml
