This script was generated by crab (version 2.9.0).
Running ./CMSSW.sh with 2 positional parameters: 10 2
Today is Thu Sep  5 09:27:19 CEST 2013
Job submitted on host lxbsq2015.cern.ch
Linux lxbsq2015.cern.ch 2.6.18-308.16.1.el5 #1 SMP Thu Oct 4 14:02:28 CEST 2012 x86_64 x86_64 x86_64 GNU/Linux
>>> current directory (RUNTIME_AREA): /home/grid/cms667/home_cream_973683671/CREAM973683671
>>> current user: uid=52545(cms667) gid=1399(zh) groups=1399(zh),1105806388 context=system_u:system_r:initrc_t
>>> directory permission set to 0700
>>> umask set to:  u=rwx,g=,o=
>>> stdout stderr permission set to 0704
>>> voms proxy information:
subject   : /C=DE/O=GermanGrid/OU=DESY/CN=Ihar Marfin/CN=proxy/CN=proxy/CN=proxy/CN=limited proxy
issuer    : /C=DE/O=GermanGrid/OU=DESY/CN=Ihar Marfin/CN=proxy/CN=proxy/CN=proxy
identity  : /C=DE/O=GermanGrid/OU=DESY/CN=Ihar Marfin/CN=proxy/CN=proxy/CN=proxy
type      : limited proxy
strength  : 1024 bits
path      : /home/grid/cms667/home_cream_973683671/cream_973683671.proxy
timeleft  : 190:34:26
key usage : 
=== VO cms extension information ===
VO        : cms
subject   : /C=DE/O=GermanGrid/OU=DESY/CN=Ihar Marfin
issuer    : /DC=ch/DC=cern/OU=computers/CN=lcg-voms.cern.ch
attribute : /cms/Role=NULL/Capability=NULL
attribute : /cms/dcms/Role=NULL/Capability=NULL
timeleft  : 190:35:46
uri       : lcg-voms.cern.ch:15002
>>> tar --no-same-permissions -xf /home/grid/cms667/home_cream_973683671/CREAM973683671/default.tgz :
Successful untar
>>> Include /home/grid/cms667/home_cream_973683671/CREAM973683671 in PYTHONPATH:
strip arguments
env var CRAB_UNIQUE_JOB_ID set to: marfin_crab_0_130905_082339_f78ol1_10_2_YI5
out_files_10
>>> list of expected files on output sandbox
output files: crab_fjr_10.xml CMSSW_10.stdout CMSSW_10.stderr Watchdog_10.log.gz
>>> GridFlavour discovery: 
GridFlavour=LCG
>>> SyncSite discovery: 
not reporting SyncSite
>>> SyncCE discovery: 
getting SyncCE from CE_ID
SyncCE=ce207.cern.ch:8443/cream-lsf-grid_cms
>>> info for dashboard:
***** Cat /home/grid/cms667/home_cream_973683671/CREAM973683671/jobreport.txt *****
MonitorJobID=10_https://wms314.cern.ch:9000/t906pmMywLUXBI3ofBWZVw
SyncGridJobId=https://wms314.cern.ch:9000/t906pmMywLUXBI3ofBWZVw
MonitorID=marfin_crab_0_130905_082339_f78ol1
GridFlavour=LCG
SyncCE=ce207.cern.ch:8443/cream-lsf-grid_cms
***** End Cat jobreport *****
Parameters sent to Dashboard.
>>> setup environment
set SCRAM ARCH to slc5_amd64_gcc462
SCRAM_ARCH = slc5_amd64_gcc462
>>> setup CMS LCG environment:
set SCRAM ARCH and BUILD_ARCH to slc5_amd64_gcc462 ###
Sourcing environment... 
sourcing /afs/cern.ch/project/gd/apps/cms/cmsset_default.sh
==> setup cms environment ok
>>> specific cmssw setup environment:
CMSSW_VERSION =  CMSSW_5_3_11_patch6
>>> current directory (SOFTWARE_DIR): /home/grid/cms667/home_cream_973683671/CREAM973683671/CMSSW_5_3_11_patch6
PreserveSeeds: <>
IncrementSeeds:<>
{"output.root": ""}
WNHostName=lxbsq2015.cern.ch
>>> info for dashboard:
***** Cat /home/grid/cms667/home_cream_973683671/CREAM973683671/jobreport.txt *****
MonitorJobID=10_https://wms314.cern.ch:9000/t906pmMywLUXBI3ofBWZVw
MonitorID=marfin_crab_0_130905_082339_f78ol1
WNHostName=lxbsq2015.cern.ch
***** End Cat jobreport *****
Parameters sent to Dashboard.
crabWatchdog started as process 9827
>>> moving CMSSW software directories in /home/grid/cms667/home_cream_973683671/CREAM973683671/CMSSW_5_3_11_patch6
mv: cannot stat `/home/grid/cms667/home_cream_973683671/CREAM973683671/module/': No such file or directory
>>> Include /home/grid/cms667/home_cream_973683671/CREAM973683671 in PYTHONPATH:
PYTHONPATH=/home/grid/cms667/home_cream_973683671/CREAM973683671/:/pool/grid/cms667/home_cream_973683671/CREAM973683671/CMSSW_5_3_11_patch6/python:/pool/grid/cms667/home_cream_973683671/CREAM973683671/CMSSW_5_3_11_patch6/lib/slc5_amd64_gcc462:/afs/cern.ch/cms/slc5_amd64_gcc462/cms/cmssw-patch/CMSSW_5_3_11_patch6/python:/afs/cern.ch/cms/slc5_amd64_gcc462/cms/cmssw-patch/CMSSW_5_3_11_patch6/lib/slc5_amd64_gcc462:/afs/cern.ch/cms/slc5_amd64_gcc462/cms/cmssw/CMSSW_5_3_11/bin/slc5_amd64_gcc462:/afs/cern.ch/cms/slc5_amd64_gcc462/cms/cmssw/CMSSW_5_3_11/lib/slc5_amd64_gcc462:/afs/cern.ch/cms/slc5_amd64_gcc462/cms/coral/CORAL_2_3_21-cms35/slc5_amd64_gcc462/python:/afs/cern.ch/cms/slc5_amd64_gcc462/cms/coral/CORAL_2_3_21-cms35/slc5_amd64_gcc462/lib:/afs/cern.ch/cms/slc5_amd64_gcc462/external/pyqt/4.8.1/lib/python2.6/site-packages:/afs/cern.ch/cms/slc5_amd64_gcc462/external/py2-scipy/0.8.0/lib/python2.6/site-packages:/afs/cern.ch/cms/slc5_amd64_gcc462/external/py2-matplotlib/1.0.1/lib/python2.6/site-packages:/afs/cern.ch/cms/slc5_amd64_gcc462/external/python-ldap/2.3.5/lib/python2.6/site-packages:/afs/cern.ch/cms/slc5_amd64_gcc462/external/sip/4.11.2/lib/python2.6/site-packages:/afs/cern.ch/cms/slc5_amd64_gcc462/external/py2-pycurl/7.19.0/lib/python2.6/site-packages:/afs/cern.ch/cms/slc5_amd64_gcc462/external/py2-numpy/1.6.1/lib/python2.6/site-packages:/afs/cern.ch/cms/slc5_amd64_gcc462/external/py2-ipython/0.10/lib/python2.6/site-packages:/afs/cern.ch/cms/slc5_amd64_gcc462/external/py2-cx-oracle/5.1-cms11/lib/python2.6/site-packages:/afs/cern.ch/cms/slc5_amd64_gcc462/external/py2-cjson/1.0.5/lib/python2.6/site-packages:/afs/cern.ch/cms/slc5_amd64_gcc462/cms/das-client/1.9.5/bin:/afs/cern.ch/cms/slc5_amd64_gcc462/external/elementtree/1.2.6/share/lib/python2.6/site-packages:/afs/cern.ch/cms/slc5_amd64_gcc462/external/rivet/1.8.2/lib/python2.6/site-packages:/afs/cern.ch/cms/slc5_amd64_gcc462/external/pyminuit2/0.0.1-cms39/lib/python2.6/site-packages:/afs/cern.ch/cms/slc5_amd64_gcc462/external/professor/1.0.0-cms40/lib/python2.6/site-packages:/afs/cern.ch/cms/slc5_amd64_gcc462/lcg/root/5.32.00-cms21/lib:/afs/cern.ch/cms/slc5_amd64_gcc462/cms/dbs-client/DBS_2_1_9-cms3/lib:/afs/cern.ch/cms/slc5_amd64_gcc462/cms/dbs-client/DBS_2_1_9-cms3/lib/DBSAPI:/afs/cern.ch/cms/slc5_amd64_gcc462/external/cvs2git/5419/lib:/home/grid/cms667/home_cream_973683671/CREAM973683671/
 
# LIMITS USED BY CRAB WATCHDOG:
# RSS  (KBytes)   : 2300000
# VSZ  (KBytes)   : 100000000
# DISK (MBytes)   : 19000
# CPU TIME        : 720h:0m:0s
# WALL CLOCK TIME : 21h:50m:0s
 
844a175eacc74cc51be2e7d71ca2539e
PSETHASH = 844a175eacc74cc51be2e7d71ca2539e
/home/grid/cms667/home_cream_973683671/CREAM973683671/writeCfg.py pset.py pset.py
Importing .py file
Setting parameters
RandomNumberGeneratorService found, will attempt to change seeds
inputBlocks=/RelValTTbar/CMSSW_5_3_11_patch3-PU_START53_LV2_09Jul2013-v1/GEN-SIM-DIGI-RAW-HLTDEBUG#bc03e9fc-e90e-11e2-95e5-00221959e7c0
inputFiles=/store/relval/CMSSW_5_3_11_patch3/RelValTTbar/GEN-SIM-DIGI-RAW-HLTDEBUG/PU_START53_LV2_09Jul2013-v1/00000/78602AE5-08E9-E211-819C-00259059649C.root;/store/relval/CMSSW_5_3_11_patch3/RelValTTbar/GEN-SIM-DIGI-RAW-HLTDEBUG/PU_START53_LV2_09Jul2013-v1/00000/00CD06D8-08E9-E211-AC4B-0025905938A8.root
parentFiles=
lumisRange=
>>> Executable cmsRun
/afs/cern.ch/cms/slc5_amd64_gcc462/cms/cmssw-patch/CMSSW_5_3_11_patch6/bin/slc5_amd64_gcc462/cmsRun
ok executable found
>>> info for dashboard:
***** Cat /home/grid/cms667/home_cream_973683671/CREAM973683671/jobreport.txt *****
MonitorJobID=10_https://wms314.cern.ch:9000/t906pmMywLUXBI3ofBWZVw
MonitorID=marfin_crab_0_130905_082339_f78ol1
ExeStart=cmsRun
***** End Cat jobreport *****
Parameters sent to Dashboard.
>>> cmsRun started at Thu Sep  5 07:27:51 UTC 2013
>>> cmsRun ended at Thu Sep  5 08:00:08 UTC 2013
>>> crab_fjr_*.xml  permission set to 0704
>>> info for dashboard:
***** Cat /home/grid/cms667/home_cream_973683671/CREAM973683671/jobreport.txt *****
MonitorJobID=10_https://wms314.cern.ch:9000/t906pmMywLUXBI3ofBWZVw
MonitorID=marfin_crab_0_130905_082339_f78ol1
ExeEnd=cmsRun
***** End Cat jobreport *****
Parameters sent to Dashboard.
TIME_EXE = 1937 sec
>>> cmsRun wrote 76 lines of stdout+stderr
>>> START OF printout of 76 lines from stdout+stderr
05-Sep-2013 09:28:46 CEST  Initiating request to open file root://eoscms//eos/cms/store/relval/CMSSW_5_3_11_patch3/RelValTTbar/GEN-SIM-DIGI-RAW-HLTDEBUG/PU_START53_LV2_09Jul2013-v1/00000/78602AE5-08E9-E211-819C-00259059649C.root?svcClass=default
130905 09:28:46 10006 Xrd: GoToAnotherServer: Going to: lxfssl4209.cern.ch:1095
05-Sep-2013 09:28:54 CEST  Successfully opened file root://eoscms//eos/cms/store/relval/CMSSW_5_3_11_patch3/RelValTTbar/GEN-SIM-DIGI-RAW-HLTDEBUG/PU_START53_LV2_09Jul2013-v1/00000/78602AE5-08E9-E211-819C-00259059649C.root?svcClass=default
%MSG-w SiStripQuality:  EventSetupRecordDataGetter:hltGetConditions@beginRun  05-Sep-2013 09:30:00 CEST Run: 1
The cabling should always include the active feds in runInfo and possibly have some morethere are instead 59 feds only active in runInfo
%MSG
Begin processing the 1st record. Run 1, Event 2912, LumiSection 59 at 05-Sep-2013 09:30:17.789 CEST
Begin processing the 101st record. Run 1, Event 3012, LumiSection 61 at 05-Sep-2013 09:36:47.016 CEST
DTTSPhi::addTracoT: preview not present in TRACO trigger or its code=0  trigger not added!
DTTSPhi::addTracoT: preview not present in TRACO trigger or its code=0  trigger not added!
DTTSPhi::addTracoT: preview not present in TRACO trigger or its code=0  trigger not added!
DTTSPhi::addTracoT: preview not present in TRACO trigger or its code=0  trigger not added!
DTTSPhi::addTracoT: preview not present in TRACO trigger or its code=0  trigger not added!
Begin processing the 201st record. Run 1, Event 3362, LumiSection 68 at 05-Sep-2013 09:42:50.552 CEST
%MSG-w BasicTrajectoryState:   TrackProducer:hltCtf3HitL1NonIsoWithMaterialTracks 05-Sep-2013 09:45:07 CEST  Run: 1 Event: 3397
curv error not pos-def
[  3.92183e+07     182.269-1.34913e+06     144.519      -21.96
       182.269  0.00275258    -6.27013 0.000871849   0.0113709
  -1.34913e+06    -6.27013       46411    -4.98388    0.755644
       144.519 0.000871849    -4.98388  -0.0708559  0.00115532
        -21.96   0.0113709    0.755644  0.00115532   0.0690982 ]
%MSG
%MSG-w BasicTrajectoryState:   TrackProducer:hltCtf3HitL1NonIsoWithMaterialTracks 05-Sep-2013 09:45:07 CEST  Run: 1 Event: 3397
local error not pos-def
[  3.92183e+07 1.35131e+06      -16126    -144.636     24.5899
   1.35131e+06     46561.2     -555.64    -4.99599    0.847651
        -16126     -555.64     6.63301   0.0598357  0.00287745
      -144.636    -4.99599   0.0598357  -0.0709707  0.00204104
       24.5899    0.847651  0.00287745  0.00204104   0.0750047 ]
%MSG
DTTSPhi::addTracoT: preview not present in TRACO trigger or its code=0  trigger not added!
DTTSPhi::addTracoT: preview not present in TRACO trigger or its code=0  trigger not added!
DTTSPhi::addTracoT: preview not present in TRACO trigger or its code=0  trigger not added!
DTTSPhi::addTracoT: preview not present in TRACO trigger or its code=0  trigger not added!
05-Sep-2013 09:48:30 CEST  Closed file root://eoscms//eos/cms/store/relval/CMSSW_5_3_11_patch3/RelValTTbar/GEN-SIM-DIGI-RAW-HLTDEBUG/PU_START53_LV2_09Jul2013-v1/00000/78602AE5-08E9-E211-819C-00259059649C.root?svcClass=default
05-Sep-2013 09:48:30 CEST  Initiating request to open file root://eoscms//eos/cms/store/relval/CMSSW_5_3_11_patch3/RelValTTbar/GEN-SIM-DIGI-RAW-HLTDEBUG/PU_START53_LV2_09Jul2013-v1/00000/00CD06D8-08E9-E211-AC4B-0025905938A8.root?svcClass=default
130905 09:48:30 10006 Xrd: GoToAnotherServer: Going to: lxfsrd56c02.cern.ch:1095
05-Sep-2013 09:48:30 CEST  Successfully opened file root://eoscms//eos/cms/store/relval/CMSSW_5_3_11_patch3/RelValTTbar/GEN-SIM-DIGI-RAW-HLTDEBUG/PU_START53_LV2_09Jul2013-v1/00000/00CD06D8-08E9-E211-AC4B-0025905938A8.root?svcClass=default
Begin processing the 301st record. Run 1, Event 3712, LumiSection 75 at 05-Sep-2013 09:49:20.320 CEST
DTTSPhi::addTracoT: preview not present in TRACO trigger or its code=0  trigger not added!
130905 09:53:45 10006 Xrd: XrdClientMessage::ReadRaw: Failed to read header (8 bytes).
Begin processing the 401st record. Run 1, Event 4062, LumiSection 82 at 05-Sep-2013 09:55:23.601 CEST
DTTSPhi::addTracoT: preview not present in TRACO trigger or its code=0  trigger not added!
DTTSPhi::addTracoT: preview not present in TRACO trigger or its code=0  trigger not added!
DTTSPhi::addTracoT: preview not present in TRACO trigger or its code=0  trigger not added!
DTTSPhi::addTracoT: preview not present in TRACO trigger or its code=0  trigger not added!
DTTSPhi::addTracoT: preview not present in TRACO trigger or its code=0  trigger not added!
DTTSPhi::addTracoT: preview not present in TRACO trigger or its code=0  trigger not added!
ExtLut::getLow : can not find address -513
ExtLut::getHigh : can not find address -513
ExtLut::getLow : can not find address -513
ExtLut::getHigh : can not find address -513
05-Sep-2013 09:59:58 CEST  Closed file root://eoscms//eos/cms/store/relval/CMSSW_5_3_11_patch3/RelValTTbar/GEN-SIM-DIGI-RAW-HLTDEBUG/PU_START53_LV2_09Jul2013-v1/00000/00CD06D8-08E9-E211-AC4B-0025905938A8.root?svcClass=default

=============================================

MessageLogger Summary

 type     category        sev    module        subroutine        count    total
 ---- -------------------- -- ---------------- ----------------  -----    -----
    1 BasicTrajectoryState -w TrackProducer:hl                       2        2
    2 SiStripQuality       -w EventSetupRecord                       1        1
    3 fileAction           -s file_close                             2        2
    4 fileAction           -s file_open                              4        4

 type    category    Examples: run/evt        run/evt          run/evt
 ---- -------------------- ---------------- ---------------- ----------------
    1 BasicTrajectoryState 1/3397           1/3397           
    2 SiStripQuality       Run: 1                            
    3 fileAction           PostProcessEvent PostEndRun       
    4 fileAction           pre-events       pre-events       PostProcessEvent

Severity    # Occurrences   Total Occurrences
--------    -------------   -----------------
Warning                 3                   3
System                  6                   6
>>> END OF printout of 76 lines from stdout+stderr
>>> Parse FrameworkJobReport crab_fjr.xml
Result of parsing the FrameworkJobReport crab_fjr.xml: Popularity start
lumisRange : 1::59-61,64,68-69::1;1::75,80,82,86::2;
lumisParentRange : 
Basename : /store/relval/CMSSW_5_3_11_patch3/RelValTTbar/GEN-SIM-DIGI-RAW-HLTDEBUG/PU_START53_LV2_09Jul2013-v1/00000/
BasenameParent : 
parentFiles : 
inputBlocks : /RelValTTbar/CMSSW_5_3_11_patch3-PU_START53_LV2_09Jul2013-v1/GEN-SIM-DIGI-RAW-HLTDEBUG#bc03e9fc-e90e-11e2-95e5-00221959e7c0
inputFiles : 78602AE5-08E9-E211-819C-00259059649C.root::1::EDM::Local::1;00CD06D8-08E9-E211-AC4B-0025905938A8.root::1::EDM::Local::2;
Popularity stop
Extracted ExitStatus from FrameworkJobReport parsing output: 0
>>> Executable succeded  0
ExeExitCode=0
EXECUTABLE_EXIT_STATUS = 0
>>> current directory /home/grid/cms667/home_cream_973683671/CREAM973683671/CMSSW_5_3_11_patch6
>>>  (SOFTWARE_DIR): /home/grid/cms667/home_cream_973683671/CREAM973683671/CMSSW_5_3_11_patch6
>>> (WORKING_DIR): 
>>> current directory content:
total 3997084
drwxr-xr-x 3 cms667 zh       4096 Sep  5 09:27 .SCRAM
-rw------- 1 cms667 zh    3842683 Sep  5 09:27 CMSSW.py.pkl
drwxr-xr-x 3 cms667 zh       4096 Sep  5 09:27 bin
drwxr-xr-x 3 cms667 zh       4096 Sep  5 09:27 cfipython
drwxr-xr-x 4 cms667 zh       4096 Sep  5 09:27 config
-rw------- 1 cms667 zh         18 Sep  5 10:00 cpu_timing.txt
drwxr-xr-x 2 cms667 zh       4096 Sep  5 09:27 doc
-rw------- 1 cms667 zh       6158 Sep  5 10:00 executable.out
drwxr-xr-x 2 cms667 zh       4096 Sep  5 09:27 include
drwx------ 3 cms667 zh       4096 Aug 26 18:31 lib
drwxr-xr-x 3 cms667 zh       4096 Sep  5 09:27 logs
drwxr-xr-x 3 cms667 zh       4096 Sep  5 09:27 objs
-rw------- 1 cms667 zh 4081152861 Sep  5 10:00 output.root
-rw------- 1 cms667 zh        104 Sep  5 09:27 pset.py
-rw------- 1 cms667 zh    3843523 Sep  5 09:27 pset.py.pkl
-rw------- 1 cms667 zh        289 Sep  5 09:27 pset.pyc
drwxr-xr-x 2 cms667 zh       4096 Sep  5 09:27 python
-rw------- 1 cms667 zh        440 Sep  5 10:00 report.log
drwx------ 5 cms667 zh       4096 Sep  5 09:27 src
drwxr-xr-x 3 cms667 zh       4096 Sep  5 09:27 test
drwxr-xr-x 3 cms667 zh       4096 Sep  5 09:27 tmp
>>> current directory /home/grid/cms667/home_cream_973683671/CREAM973683671/CMSSW_5_3_11_patch6
>>> (SOFTWARE_DIR): /home/grid/cms667/home_cream_973683671/CREAM973683671/CMSSW_5_3_11_patch6
>>> (WORKING_DIR): 
>>> current directory content:
total 3997084
drwxr-xr-x 3 cms667 zh       4096 Sep  5 09:27 .SCRAM
-rw------- 1 cms667 zh    3842683 Sep  5 09:27 CMSSW.py.pkl
drwxr-xr-x 3 cms667 zh       4096 Sep  5 09:27 bin
drwxr-xr-x 3 cms667 zh       4096 Sep  5 09:27 cfipython
drwxr-xr-x 4 cms667 zh       4096 Sep  5 09:27 config
-rw------- 1 cms667 zh         18 Sep  5 10:00 cpu_timing.txt
drwxr-xr-x 2 cms667 zh       4096 Sep  5 09:27 doc
-rw------- 1 cms667 zh       6158 Sep  5 10:00 executable.out
drwxr-xr-x 2 cms667 zh       4096 Sep  5 09:27 include
drwx------ 3 cms667 zh       4096 Aug 26 18:31 lib
drwxr-xr-x 3 cms667 zh       4096 Sep  5 09:27 logs
drwxr-xr-x 3 cms667 zh       4096 Sep  5 09:27 objs
-rw------- 1 cms667 zh 4081152861 Sep  5 10:00 output_10_2_YI5.root
-rw------- 1 cms667 zh        104 Sep  5 09:27 pset.py
-rw------- 1 cms667 zh    3843523 Sep  5 09:27 pset.py.pkl
-rw------- 1 cms667 zh        289 Sep  5 09:27 pset.pyc
drwxr-xr-x 2 cms667 zh       4096 Sep  5 09:27 python
-rw------- 1 cms667 zh        440 Sep  5 10:00 report.log
drwx------ 5 cms667 zh       4096 Sep  5 09:27 src
drwxr-xr-x 3 cms667 zh       4096 Sep  5 09:27 test
drwxr-xr-x 3 cms667 zh       4096 Sep  5 09:27 tmp
>>> current directory (RUNTIME_AREA):  /home/grid/cms667/home_cream_973683671/CREAM973683671
SE = dcache-se-cms.desy.de
SE_PATH = /srm/managerv2?SFN=/pnfs/desy.de/cms/tier2/store/user/marfin/RelValTTbar/53xRelVal2011Redigi_v2/844a175eacc74cc51be2e7d71ca2539e/
LFNBaseName = /store/user/marfin/RelValTTbar/53xRelVal2011Redigi_v2/844a175eacc74cc51be2e7d71ca2539e/
USER = marfin
endpoint = srm://dcache-se-cms.desy.de:8443/srm/managerv2?SFN=/pnfs/desy.de/cms/tier2/store/user/marfin/RelValTTbar/53xRelVal2011Redigi_v2/844a175eacc74cc51be2e7d71ca2539e/
>>> Copy output files from WN = lxbsq2015.cern.ch to /srm/managerv2?SFN=/pnfs/desy.de/cms/tier2/store/user/marfin/RelValTTbar/53xRelVal2011Redigi_v2/844a175eacc74cc51be2e7d71ca2539e/ :
python cmscp.py  --destination srm://dcache-se-cms.desy.de:8443/srm/managerv2?SFN=/pnfs/desy.de/cms/tier2/store/user/marfin/RelValTTbar/53xRelVal2011Redigi_v2/844a175eacc74cc51be2e7d71ca2539e/ --inputFileList /home/grid/cms667/home_cream_973683671/CREAM973683671/CMSSW_5_3_11_patch6/output_10_2_YI5.root --middleware LCG --se_name dcache-se-cms.desy.de --for_lfn /store/user/marfin/RelValTTbar/53xRelVal2011Redigi_v2/844a175eacc74cc51be2e7d71ca2539e/    
******************************************************
localSeName  =  srm-eoscms.cern.ch
remoteSeName =  dcache-se-cms.desy.de
******************************************************
{"/home/grid/cms667/home_cream_973683671/CREAM973683671/CMSSW_5_3_11_patch6/output_10_2_YI5.root": {"endpoint": "srm://dcache-se-cms.desy.de:8443/srm/managerv2?SFN=/pnfs/desy.de/cms/tier2/store/user/marfin/RelValTTbar/53xRelVal2011Redigi_v2/844a175eacc74cc51be2e7d71ca2539e/", "surl_for_grid": "", "reason": "Copy succedeed with srm-lcg utils", "erCode": "0", "se_name": "dcache-se-cms.desy.de", "for_lfn": "/store/user/marfin/RelValTTbar/53xRelVal2011Redigi_v2/844a175eacc74cc51be2e7d71ca2539e/"}}/home/grid/cms667/home_cream_973683671/CREAM973683671
-------- cat /home/grid/cms667/home_cream_973683671/CREAM973683671/cmscpReport.sh 
#!/bin/bash
echo "Report for File: /home/grid/cms667/home_cream_973683671/CREAM973683671/CMSSW_5_3_11_patch6/output_10_2_YI5.root"
echo "LFN: /store/user/marfin/RelValTTbar/53xRelVal2011Redigi_v2/844a175eacc74cc51be2e7d71ca2539e/output_10_2_YI5.root"
echo "StorageElement: dcache-se-cms.desy.de"
echo "StageOutExitStatusReason = 'Copy succedeed with srm-lcg utils'" | tee -a $RUNTIME_AREA/$repo
echo "StageOutSE = dcache-se-cms.desy.de" >> $RUNTIME_AREA/$repo

export StageOutExitStatus=0
echo "StageOutExitStatus = 0" | tee -a $RUNTIME_AREA/$repo
-------- end of /home/grid/cms667/home_cream_973683671/CREAM973683671/cmscpReport.sh 
Report for File: /home/grid/cms667/home_cream_973683671/CREAM973683671/CMSSW_5_3_11_patch6/output_10_2_YI5.root
LFN: /store/user/marfin/RelValTTbar/53xRelVal2011Redigi_v2/844a175eacc74cc51be2e7d71ca2539e/output_10_2_YI5.root
StorageElement: dcache-se-cms.desy.de
StageOutExitStatusReason = 'Copy succedeed with srm-lcg utils'
StageOutExitStatus = 0
>>> current dir: /home/grid/cms667/home_cream_973683671/CREAM973683671
>>> current dir content:
total 6252
-rwx------  1 cms667 zh   13669 Sep  5 09:27 .BrokerInfo
-rw-------  1 cms667 zh    7244 Sep  5 10:02 .SEinteraction.log
-rwx------  1 cms667 zh       0 Sep  5 09:27 .tmp_file
-rw-------  1 cms667 zh     105 Sep  5 08:23 CMSSW.py
-rw-------  1 cms667 zh 3842683 Sep  5 08:23 CMSSW.py.pkl
-rwx------  1 cms667 zh   27991 Sep  5 09:27 CMSSW.sh
-rwx------  1 cms667 zh       0 Sep  5 09:27 CMSSW_10.stderr
-rwx---r--  1 cms667 zh   20777 Sep  5 10:02 CMSSW_10.stdout
drwxr-xr-x 15 cms667 zh    4096 Sep  5 10:00 CMSSW_5_3_11_patch6
-rw-------  1 cms667 zh     484 Sep  5 09:27 CacheEnv.sh
-rw-------  1 cms667 zh    7291 Jun  9  2010 DashboardAPI.py
-rw-------  1 cms667 zh    6493 Sep  5 09:27 DashboardAPI.pyc
drwx------  3 cms667 zh    4096 Aug 20 17:36 IMProv
-rw-------  1 cms667 zh    2748 Mar  8  2006 Logger.py
-rw-------  1 cms667 zh    3223 Sep  5 09:27 Logger.pyc
-rw-------  1 cms667 zh   24524 Mar 28  2008 ProcInfo.py
-rw-------  1 cms667 zh   22846 Sep  5 09:27 ProcInfo.pyc
drwx------  7 cms667 zh    4096 Sep  5 09:27 ProdCommon
drwx------  3 cms667 zh    4096 Sep  5 09:27 WMCore
-rw-------  1 cms667 zh    5408 Sep  5 10:00 Watchdog_10.log
-rw-------  1 cms667 zh   32895 Mar 28  2008 apmon.py
-rw-------  1 cms667 zh   28120 Sep  5 09:27 apmon.pyc
-rwx------  1 cms667 zh   10416 Sep  5 09:27 arguments.xml
-rwx------  1 cms667 zh   38507 Aug  6 23:12 cmscp.py
-rw-------  1 cms667 zh     548 Sep  5 10:02 cmscpReport.sh
-rw-------  1 cms667 zh     509 Sep  5 08:23 crab.cfg
-rwx------  1 cms667 zh    8610 Apr  2 15:44 crabWatchdog.sh
-rwx---r--  1 cms667 zh  781862 Sep  5 10:00 crab_fjr_10.xml
-rwx------  1 cms667 zh 1216159 Sep  5 09:27 default.tgz
-rwx------  1 cms667 zh    4488 May 12  2012 fillCrabFjr.py
-rw-------  1 cms667 zh     468 Sep  5 09:27 inputsReport.txt
-rw-------  1 cms667 zh     260 Sep  5 10:02 jobreport.txt
lrwxrwxrwx  1 cms667 zh      94 Sep  5 10:00 output.root -> /home/grid/cms667/home_cream_973683671/CREAM973683671/CMSSW_5_3_11_patch6/output_10_2_YI5.root
-rw-------  1 cms667 zh   17352 Jan 20  2012 parseCrabFjr.py
-rw-------  1 cms667 zh     265 Sep  5 09:27 report.log
-rwx--x--x  1 cms667 zh    1497 May 27  2009 report.py
-rw-------  1 cms667 zh     498 Sep  5 10:02 resultCopyFile
-rwx------  1 cms667 zh    8387 Mar 23  2011 writeCfg.py
>>> Modify Job Report:
CMSSW_VERSION = CMSSW_5_3_11_patch6
ProcessedDataset = 53xRelVal2011Redigi_v2
/home/grid/cms667/home_cream_973683671/CREAM973683671/ProdCommon/FwkJobRep/ModifyJobReport.py fjr /home/grid/cms667/home_cream_973683671/CREAM973683671/crab_fjr_10.xml json /home/grid/cms667/home_cream_973683671/CREAM973683671/resultCopyFile n_job 10_2_YI5 PrimaryDataset RelValTTbar  ApplicationFamily cmsRun ApplicationName cmsRun cmssw_version CMSSW_5_3_11_patch6 psethash 844a175eacc74cc51be2e7d71ca2539e UserProcessedDataset marfin-53xRelVal2011Redigi_v2-844a175eacc74cc51be2e7d71ca2539e
inputDict =  {u'/home/grid/cms667/home_cream_973683671/CREAM973683671/CMSSW_5_3_11_patch6/output_10_2_YI5.root': {u'endpoint': u'srm://dcache-se-cms.desy.de:8443/srm/managerv2?SFN=/pnfs/desy.de/cms/tier2/store/user/marfin/RelValTTbar/53xRelVal2011Redigi_v2/844a175eacc74cc51be2e7d71ca2539e/', u'surl_for_grid': u'', u'reason': u'Copy succedeed with srm-lcg utils', u'erCode': u'0', u'se_name': u'dcache-se-cms.desy.de', u'for_lfn': u'/store/user/marfin/RelValTTbar/53xRelVal2011Redigi_v2/844a175eacc74cc51be2e7d71ca2539e/'}}
diz_filter =  {u'output.root': u''}
UserProcessedDataset =  marfin-53xRelVal2011Redigi_v2-844a175eacc74cc51be2e7d71ca2539e
file_name in inputDict =  /home/grid/cms667/home_cream_973683671/CREAM973683671/CMSSW_5_3_11_patch6/output_10_2_YI5.root
(size) os.stat(filename)[6] =  4081152861
checksum =  1122898172
filter =  
    file =  output_10_2_YI5.root
    newPfn =  srm://dcache-se-cms.desy.de:8443/srm/managerv2?SFN=/pnfs/desy.de/cms/tier2/store/user/marfin/RelValTTbar/53xRelVal2011Redigi_v2/844a175eacc74cc51be2e7d71ca2539e/output_10_2_YI5.root
    newLfn =  /store/user/marfin/RelValTTbar/53xRelVal2011Redigi_v2/844a175eacc74cc51be2e7d71ca2539e/output_10_2_YI5.root
>>> crab_fjr_*.xml  permission set to 0704
Checking output files:  
will tar file crab_fjr_10.xml in  out_files_10
will tar file CMSSW_10.stdout in  out_files_10
will tar file CMSSW_10.stderr in  out_files_10
WARNING: output file Watchdog_10.log.gz not found!
>>> padding time: Wrapper lasting more than 600 seconds. No sleep required.
STOPPING WATCHDOG. CrabWatchdog PID is 9827
********** LAST 50 LINES OF WATCHDOG LOG
 Sep 05 09:27:33 CEST	---	1508	64096	18	----	----	----
 Sep 05 09:28:33 CEST	10006	216500	355148	18	8	60	cmsRun -j /home/grid/cms667/home_cream_973683671/CREAM973683671/crab_fjr_10.xml -p pset.py      
 Sep 05 09:28:33 CEST	---	216500	355148	22	----	----	----
 Sep 05 09:29:33 CEST	10006	603632	854500	22	25	121	cmsRun -j /home/grid/cms667/home_cream_973683671/CREAM973683671/crab_fjr_10.xml -p pset.py      
 Sep 05 09:30:34 CEST	10006	1727972	2176536	22	52	181	cmsRun -j /home/grid/cms667/home_cream_973683671/CREAM973683671/crab_fjr_10.xml -p pset.py      
 Sep 05 09:30:34 CEST	---	1727972	2176536	27	----	----	----
 Sep 05 09:31:34 CEST	10006	1817408	2288088	27	110	241	cmsRun -j /home/grid/cms667/home_cream_973683671/CREAM973683671/crab_fjr_10.xml -p pset.py      
 Sep 05 09:31:34 CEST	---	1817408	2288088	153	----	----	----
 Sep 05 09:32:34 CEST	10006	1823388	2288088	153	168	302	cmsRun -j /home/grid/cms667/home_cream_973683671/CREAM973683671/crab_fjr_10.xml -p pset.py      
 Sep 05 09:32:34 CEST	---	1823388	2288088	294	----	----	----
 Sep 05 09:33:35 CEST	10006	1846844	2288088	294	226	362	cmsRun -j /home/grid/cms667/home_cream_973683671/CREAM973683671/crab_fjr_10.xml -p pset.py      
 Sep 05 09:33:35 CEST	---	1846844	2288088	419	----	----	----
 Sep 05 09:34:35 CEST	10006	1859704	2300376	419	284	422	cmsRun -j /home/grid/cms667/home_cream_973683671/CREAM973683671/crab_fjr_10.xml -p pset.py      
 Sep 05 09:34:35 CEST	---	1859704	2300376	554	----	----	----
 Sep 05 09:35:35 CEST	10006	1862680	2300376	554	343	482	cmsRun -j /home/grid/cms667/home_cream_973683671/CREAM973683671/crab_fjr_10.xml -p pset.py      
 Sep 05 09:35:35 CEST	---	1862680	2300376	696	----	----	----
 Sep 05 09:36:35 CEST	---	1862680	2300376	834	----	----	----
 Sep 05 09:37:36 CEST	10006	1874980	2307288	834	460	603	cmsRun -j /home/grid/cms667/home_cream_973683671/CREAM973683671/crab_fjr_10.xml -p pset.py      
 Sep 05 09:37:36 CEST	---	1874980	2307288	970	----	----	----
 Sep 05 09:38:36 CEST	---	1874980	2307288	1102	----	----	----
 Sep 05 09:39:36 CEST	10006	1893824	2324188	1102	578	723	cmsRun -j /home/grid/cms667/home_cream_973683671/CREAM973683671/crab_fjr_10.xml -p pset.py      
 Sep 05 09:39:36 CEST	---	1893824	2324188	1232	----	----	----
 Sep 05 09:40:37 CEST	---	1893824	2324188	1377	----	----	----
 Sep 05 09:41:37 CEST	---	1893824	2324188	1512	----	----	----
 Sep 05 09:42:37 CEST	---	1893824	2324188	1642	----	----	----
 Sep 05 09:43:37 CEST	---	1893824	2324188	1777	----	----	----
 Sep 05 09:44:38 CEST	10006	1918664	2352348	1777	871	1025	cmsRun -j /home/grid/cms667/home_cream_973683671/CREAM973683671/crab_fjr_10.xml -p pset.py      
 Sep 05 09:44:38 CEST	---	1918664	2352348	1912	----	----	----
# TIME			PID	RSS(KB)	VSZ(KB)	Dsk(MB)	tCPU(s)	tWALL(s)	COMMAND
 Sep 05 09:45:38 CEST	10006	1923932	2359772	1912	930	1085	cmsRun -j /home/grid/cms667/home_cream_973683671/CREAM973683671/crab_fjr_10.xml -p pset.py      
 Sep 05 09:45:38 CEST	---	1923932	2359772	2049	----	----	----
 Sep 05 09:46:38 CEST	---	1923932	2359772	2190	----	----	----
 Sep 05 09:47:38 CEST	---	1923932	2359772	2315	----	----	----
 Sep 05 09:48:40 CEST	---	1923932	2359772	2433	----	----	----
 Sep 05 09:49:41 CEST	10006	1923932	2376672	2433	1163	1328	cmsRun -j /home/grid/cms667/home_cream_973683671/CREAM973683671/crab_fjr_10.xml -p pset.py      
 Sep 05 09:49:41 CEST	---	1923932	2376672	2563	----	----	----
 Sep 05 09:50:41 CEST	---	1923932	2376672	2691	----	----	----
 Sep 05 09:51:41 CEST	10006	1935052	2378208	2691	1281	1449	cmsRun -j /home/grid/cms667/home_cream_973683671/CREAM973683671/crab_fjr_10.xml -p pset.py      
 Sep 05 09:51:41 CEST	---	1935052	2378208	2829	----	----	----
 Sep 05 09:52:42 CEST	---	1935052	2378208	2951	----	----	----
 Sep 05 09:53:43 CEST	10006	1949088	2403552	2951	1400	1570	cmsRun -j /home/grid/cms667/home_cream_973683671/CREAM973683671/crab_fjr_10.xml -p pset.py      
 Sep 05 09:53:43 CEST	---	1949088	2403552	3078	----	----	----
 Sep 05 09:54:43 CEST	---	1949088	2403552	3220	----	----	----
 Sep 05 09:55:43 CEST	---	1949088	2403552	3356	----	----	----
 Sep 05 09:56:43 CEST	---	1949088	2403552	3486	----	----	----
 Sep 05 09:57:44 CEST	10006	1956980	2412768	3486	1635	1811	cmsRun -j /home/grid/cms667/home_cream_973683671/CREAM973683671/crab_fjr_10.xml -p pset.py      
 Sep 05 09:57:44 CEST	---	1956980	2412768	3615	----	----	----
 Sep 05 09:58:44 CEST	---	1956980	2412768	3741	----	----	----
 Sep 05 09:59:44 CEST	---	1956980	2412768	3879	----	----	----
 Sep 05 10:00:45 CEST	---	1956980	2412768	3919	----	----	----
********** WATCHDOG LOG ENDED
ZIPPING WATCHDOG LOG
Disk space used:
du -sh /home/grid/cms667/home_cream_973683671/CREAM973683671
3.9G	/home/grid/cms667/home_cream_973683671/CREAM973683671
Found unusual stderr, rename for OSB
