This script was generated by crab (version 2.9.0).
Running ./CMSSW.sh with 2 positional parameters: 6 2
Today is Thu Sep  5 09:30:10 CEST 2013
Job submitted on host lxbrl3720.cern.ch
Linux lxbrl3720.cern.ch 2.6.18-308.24.1.el5 #1 SMP Wed Dec 5 09:45:59 CET 2012 x86_64 x86_64 x86_64 GNU/Linux
>>> current directory (RUNTIME_AREA): /home/grid/cms667/home_cream_198842455/CREAM198842455
>>> current user: uid=52545(cms667) gid=1399(zh) groups=1399(zh),1091439032 context=system_u:system_r:initrc_t
>>> directory permission set to 0700
>>> umask set to:  u=rwx,g=,o=
>>> stdout stderr permission set to 0704
>>> voms proxy information:
subject   : /C=DE/O=GermanGrid/OU=DESY/CN=Ihar Marfin/CN=proxy/CN=proxy/CN=proxy/CN=limited proxy
issuer    : /C=DE/O=GermanGrid/OU=DESY/CN=Ihar Marfin/CN=proxy/CN=proxy/CN=proxy
identity  : /C=DE/O=GermanGrid/OU=DESY/CN=Ihar Marfin/CN=proxy/CN=proxy/CN=proxy
type      : limited proxy
strength  : 1024 bits
path      : /home/grid/cms667/home_cream_198842455/cream_198842455.proxy
timeleft  : 190:31:35
key usage : 
=== VO cms extension information ===
VO        : cms
subject   : /C=DE/O=GermanGrid/OU=DESY/CN=Ihar Marfin
issuer    : /DC=ch/DC=cern/OU=computers/CN=lcg-voms.cern.ch
attribute : /cms/Role=NULL/Capability=NULL
attribute : /cms/dcms/Role=NULL/Capability=NULL
timeleft  : 190:32:55
uri       : lcg-voms.cern.ch:15002
>>> tar --no-same-permissions -xf /home/grid/cms667/home_cream_198842455/CREAM198842455/default.tgz :
Successful untar
>>> Include /home/grid/cms667/home_cream_198842455/CREAM198842455 in PYTHONPATH:
strip arguments
env var CRAB_UNIQUE_JOB_ID set to: marfin_crab_0_130905_082339_f78ol1_6_2_JlQ
out_files_6
>>> list of expected files on output sandbox
output files: crab_fjr_6.xml CMSSW_6.stdout CMSSW_6.stderr Watchdog_6.log.gz
>>> GridFlavour discovery: 
GridFlavour=LCG
>>> SyncSite discovery: 
not reporting SyncSite
>>> SyncCE discovery: 
getting SyncCE from CE_ID
SyncCE=ce207.cern.ch:8443/cream-lsf-grid_cms
>>> info for dashboard:
***** Cat /home/grid/cms667/home_cream_198842455/CREAM198842455/jobreport.txt *****
MonitorJobID=6_https://wms314.cern.ch:9000/Jo-hQ9o4iT-SQPc5XRbK1A
SyncGridJobId=https://wms314.cern.ch:9000/Jo-hQ9o4iT-SQPc5XRbK1A
MonitorID=marfin_crab_0_130905_082339_f78ol1
GridFlavour=LCG
SyncCE=ce207.cern.ch:8443/cream-lsf-grid_cms
***** End Cat jobreport *****
Parameters sent to Dashboard.
>>> setup environment
set SCRAM ARCH to slc5_amd64_gcc462
SCRAM_ARCH = slc5_amd64_gcc462
>>> setup CMS LCG environment:
set SCRAM ARCH and BUILD_ARCH to slc5_amd64_gcc462 ###
Sourcing environment... 
sourcing /afs/cern.ch/project/gd/apps/cms/cmsset_default.sh
==> setup cms environment ok
>>> specific cmssw setup environment:
CMSSW_VERSION =  CMSSW_5_3_11_patch6
>>> current directory (SOFTWARE_DIR): /home/grid/cms667/home_cream_198842455/CREAM198842455/CMSSW_5_3_11_patch6
PreserveSeeds: <>
IncrementSeeds:<>
{"output.root": ""}
WNHostName=lxbrl3720.cern.ch
>>> info for dashboard:
***** Cat /home/grid/cms667/home_cream_198842455/CREAM198842455/jobreport.txt *****
MonitorJobID=6_https://wms314.cern.ch:9000/Jo-hQ9o4iT-SQPc5XRbK1A
MonitorID=marfin_crab_0_130905_082339_f78ol1
WNHostName=lxbrl3720.cern.ch
***** End Cat jobreport *****
Parameters sent to Dashboard.
crabWatchdog started as process 30060
>>> moving CMSSW software directories in /home/grid/cms667/home_cream_198842455/CREAM198842455/CMSSW_5_3_11_patch6
mv: cannot stat `/home/grid/cms667/home_cream_198842455/CREAM198842455/module/': No such file or directory
>>> Include /home/grid/cms667/home_cream_198842455/CREAM198842455 in PYTHONPATH:
PYTHONPATH=/home/grid/cms667/home_cream_198842455/CREAM198842455/:/pool/grid/cms667/home_cream_198842455/CREAM198842455/CMSSW_5_3_11_patch6/python:/pool/grid/cms667/home_cream_198842455/CREAM198842455/CMSSW_5_3_11_patch6/lib/slc5_amd64_gcc462:/afs/cern.ch/cms/slc5_amd64_gcc462/cms/cmssw-patch/CMSSW_5_3_11_patch6/python:/afs/cern.ch/cms/slc5_amd64_gcc462/cms/cmssw-patch/CMSSW_5_3_11_patch6/lib/slc5_amd64_gcc462:/afs/cern.ch/cms/slc5_amd64_gcc462/cms/cmssw/CMSSW_5_3_11/bin/slc5_amd64_gcc462:/afs/cern.ch/cms/slc5_amd64_gcc462/cms/cmssw/CMSSW_5_3_11/lib/slc5_amd64_gcc462:/afs/cern.ch/cms/slc5_amd64_gcc462/cms/coral/CORAL_2_3_21-cms35/slc5_amd64_gcc462/python:/afs/cern.ch/cms/slc5_amd64_gcc462/cms/coral/CORAL_2_3_21-cms35/slc5_amd64_gcc462/lib:/afs/cern.ch/cms/slc5_amd64_gcc462/external/pyqt/4.8.1/lib/python2.6/site-packages:/afs/cern.ch/cms/slc5_amd64_gcc462/external/py2-scipy/0.8.0/lib/python2.6/site-packages:/afs/cern.ch/cms/slc5_amd64_gcc462/external/py2-matplotlib/1.0.1/lib/python2.6/site-packages:/afs/cern.ch/cms/slc5_amd64_gcc462/external/python-ldap/2.3.5/lib/python2.6/site-packages:/afs/cern.ch/cms/slc5_amd64_gcc462/external/sip/4.11.2/lib/python2.6/site-packages:/afs/cern.ch/cms/slc5_amd64_gcc462/external/py2-pycurl/7.19.0/lib/python2.6/site-packages:/afs/cern.ch/cms/slc5_amd64_gcc462/external/py2-numpy/1.6.1/lib/python2.6/site-packages:/afs/cern.ch/cms/slc5_amd64_gcc462/external/py2-ipython/0.10/lib/python2.6/site-packages:/afs/cern.ch/cms/slc5_amd64_gcc462/external/py2-cx-oracle/5.1-cms11/lib/python2.6/site-packages:/afs/cern.ch/cms/slc5_amd64_gcc462/external/py2-cjson/1.0.5/lib/python2.6/site-packages:/afs/cern.ch/cms/slc5_amd64_gcc462/cms/das-client/1.9.5/bin:/afs/cern.ch/cms/slc5_amd64_gcc462/external/elementtree/1.2.6/share/lib/python2.6/site-packages:/afs/cern.ch/cms/slc5_amd64_gcc462/external/rivet/1.8.2/lib/python2.6/site-packages:/afs/cern.ch/cms/slc5_amd64_gcc462/external/pyminuit2/0.0.1-cms39/lib/python2.6/site-packages:/afs/cern.ch/cms/slc5_amd64_gcc462/external/professor/1.0.0-cms40/lib/python2.6/site-packages:/afs/cern.ch/cms/slc5_amd64_gcc462/lcg/root/5.32.00-cms21/lib:/afs/cern.ch/cms/slc5_amd64_gcc462/cms/dbs-client/DBS_2_1_9-cms3/lib:/afs/cern.ch/cms/slc5_amd64_gcc462/cms/dbs-client/DBS_2_1_9-cms3/lib/DBSAPI:/afs/cern.ch/cms/slc5_amd64_gcc462/external/cvs2git/5419/lib:/home/grid/cms667/home_cream_198842455/CREAM198842455/
 
# LIMITS USED BY CRAB WATCHDOG:
# RSS  (KBytes)   : 2300000
# VSZ  (KBytes)   : 100000000
# DISK (MBytes)   : 19000
# CPU TIME        : 720h:0m:0s
# WALL CLOCK TIME : 21h:50m:0s
 
844a175eacc74cc51be2e7d71ca2539e
PSETHASH = 844a175eacc74cc51be2e7d71ca2539e
/home/grid/cms667/home_cream_198842455/CREAM198842455/writeCfg.py pset.py pset.py
Importing .py file
Setting parameters
RandomNumberGeneratorService found, will attempt to change seeds
inputBlocks=/RelValTTbar/CMSSW_5_3_11_patch3-PU_START53_LV2_09Jul2013-v1/GEN-SIM-DIGI-RAW-HLTDEBUG#bc03e9fc-e90e-11e2-95e5-00221959e7c0
inputFiles=/store/relval/CMSSW_5_3_11_patch3/RelValTTbar/GEN-SIM-DIGI-RAW-HLTDEBUG/PU_START53_LV2_09Jul2013-v1/00000/F236B393-08E9-E211-A5E6-003048679214.root;/store/relval/CMSSW_5_3_11_patch3/RelValTTbar/GEN-SIM-DIGI-RAW-HLTDEBUG/PU_START53_LV2_09Jul2013-v1/00000/0E1C7EF4-08E9-E211-A46B-003048678C26.root
parentFiles=
lumisRange=
>>> Executable cmsRun
/afs/cern.ch/cms/slc5_amd64_gcc462/cms/cmssw-patch/CMSSW_5_3_11_patch6/bin/slc5_amd64_gcc462/cmsRun
ok executable found
>>> info for dashboard:
***** Cat /home/grid/cms667/home_cream_198842455/CREAM198842455/jobreport.txt *****
MonitorJobID=6_https://wms314.cern.ch:9000/Jo-hQ9o4iT-SQPc5XRbK1A
MonitorID=marfin_crab_0_130905_082339_f78ol1
ExeStart=cmsRun
***** End Cat jobreport *****
Parameters sent to Dashboard.
>>> cmsRun started at Thu Sep  5 07:31:22 UTC 2013
>>> cmsRun ended at Thu Sep  5 08:09:22 UTC 2013
>>> crab_fjr_*.xml  permission set to 0704
>>> info for dashboard:
***** Cat /home/grid/cms667/home_cream_198842455/CREAM198842455/jobreport.txt *****
MonitorJobID=6_https://wms314.cern.ch:9000/Jo-hQ9o4iT-SQPc5XRbK1A
MonitorID=marfin_crab_0_130905_082339_f78ol1
ExeEnd=cmsRun
***** End Cat jobreport *****
Parameters sent to Dashboard.
TIME_EXE = 2280 sec
>>> cmsRun wrote 224 lines of stdout+stderr
>>> START OF printout of 224 lines from stdout+stderr
05-Sep-2013 09:32:50 CEST  Initiating request to open file root://eoscms//eos/cms/store/relval/CMSSW_5_3_11_patch3/RelValTTbar/GEN-SIM-DIGI-RAW-HLTDEBUG/PU_START53_LV2_09Jul2013-v1/00000/F236B393-08E9-E211-A5E6-003048679214.root?svcClass=default
130905 09:32:50 30279 Xrd: GoToAnotherServer: Going to: lxfsrg29a08.cern.ch:1095
05-Sep-2013 09:32:57 CEST  Successfully opened file root://eoscms//eos/cms/store/relval/CMSSW_5_3_11_patch3/RelValTTbar/GEN-SIM-DIGI-RAW-HLTDEBUG/PU_START53_LV2_09Jul2013-v1/00000/F236B393-08E9-E211-A5E6-003048679214.root?svcClass=default
%MSG-w SiStripQuality:  EventSetupRecordDataGetter:hltGetConditions@beginRun  05-Sep-2013 09:34:20 CEST Run: 1
The cabling should always include the active feds in runInfo and possibly have some morethere are instead 59 feds only active in runInfo
%MSG
Begin processing the 1st record. Run 1, Event 2420, LumiSection 49 at 05-Sep-2013 09:34:39.055 CEST
DTTSPhi::addTracoT: preview not present in TRACO trigger or its code=0  trigger not added!
DTTSPhi::addTracoT: preview not present in TRACO trigger or its code=0  trigger not added!
DTTSPhi::addTracoT: preview not present in TRACO trigger or its code=0  trigger not added!
%MSG-w BasicTrajectoryState:  TrackProducer:hltCtfActivityWithMaterialTracks  05-Sep-2013 09:40:01 CEST Run: 1 Event: 2640
local error not pos-def
[     -17072.6     -66.307    -693.564-0.000510683  0.00156915
       -66.307   -0.257524    -2.69367-1.87739e-06 6.09434e-06
      -693.564    -2.69367    -28.1755-2.07462e-05 6.38024e-05
  -0.000510683-1.87739e-06-2.07462e-05 1.36645e-06 1.14305e-11
    0.00156915 6.09434e-06 6.38024e-05 1.14305e-11 7.31859e-07 ]
%MSG
%MSG-w BasicTrajectoryState:  TrackProducer:hltCtfActivityWithMaterialTracks  05-Sep-2013 09:40:01 CEST Run: 1 Event: 2640
curv error not pos-def
[     -17072.6   -0.102401     1457.47 -0.00149787-0.000609454
     -0.102401-6.03045e-07  0.00874181-8.18749e-10 7.45319e-08
       1457.47  0.00874181    -124.422 0.000127984 5.20498e-05
   -0.00149787-8.18749e-10 0.000127984 6.47981e-07 1.22589e-07
  -0.000609454 7.45319e-08 5.20498e-05 1.22589e-07  1.1694e-06 ]
%MSG
%MSG-w BasicTrajectoryState:  TrackProducer:hltCtfActivityWithMaterialTracks  05-Sep-2013 09:40:01 CEST Run: 1 Event: 2640
curv error not pos-def
[     -17072.6   -0.193802     9888.27     94037.3      70.581
     -0.193802-2.18882e-06    0.112248     1.06748  0.00080177
       9888.27    0.112248    -5727.17    -54465.3    -40.8797
       94037.3     1.06748    -54465.3     -517964    -388.765
        70.581  0.00080177    -40.8797    -388.765   -0.291764 ]
%MSG
%MSG-w BasicTrajectoryState:  TrackProducer:hltCtfActivityWithMaterialTracks  05-Sep-2013 09:40:01 CEST Run: 1 Event: 2640
local error not pos-def
[     -17072.6    -4034.67     725.563     92538.2    -16724.2
      -4034.67     -953.49     171.468       21869    -3952.34
       725.563     171.468    -30.8354    -3932.74     710.757
       92538.2       21869    -3932.74     -501581     90649.8
      -16724.2    -3952.34     710.757     90649.8      -16383 ]
%MSG
%MSG-w BasicTrajectoryState:  TrackProducer:hltCtfActivityWithMaterialTracks  05-Sep-2013 09:40:01 CEST Run: 1 Event: 2640
local error not pos-def
[     -17072.6    -4034.67     725.563     92538.2    -16724.2
      -4034.67     -953.49     171.468       21869    -3952.34
       725.563     171.468    -30.8354    -3932.74     710.757
       92538.2       21869    -3932.74     -501581     90649.8
      -16724.2    -3952.34     710.757     90649.8      -16383 ]
%MSG
%MSG-w BasicTrajectoryState:  TrackProducer:hltCtfActivityWithMaterialTracks  05-Sep-2013 09:40:01 CEST Run: 1 Event: 2640
curv error not pos-def
[     -17072.6   -0.193802     9888.27     94037.3      70.581
     -0.193802-2.18756e-06    0.112248     1.06748  0.00080177
       9888.27    0.112248    -5727.17    -54465.3    -40.8797
       94037.3     1.06748    -54465.3     -517964    -388.765
        70.581  0.00080177    -40.8797    -388.765   -0.291764 ]
%MSG
%MSG-w BasicTrajectoryState:  TrackProducer:hltCtfActivityWithMaterialTracks  05-Sep-2013 09:40:01 CEST Run: 1 Event: 2640
curv error not pos-def
[     -17072.6   -0.275489     13340.6      173256     183.935
     -0.275489-4.43295e-06    0.215268     2.79571  0.00296881
       13340.6    0.215268    -10424.5     -135383    -143.728
        173256     2.79571     -135383-1.75824e+06    -1866.61
       183.935  0.00296881    -143.728    -1866.61    -1.98161 ]
%MSG
%MSG-w BasicTrajectoryState:  TrackProducer:hltCtfActivityWithMaterialTracks  05-Sep-2013 09:40:01 CEST Run: 1 Event: 2640
local error not pos-def
[     -17072.6    -5444.35     973.234      170516      -30694
      -5444.35    -1736.17     310.358     54376.4    -9788.12
       973.234     310.358    -55.4796    -9720.34     1749.73
        170516     54376.4    -9720.34-1.70306e+06      306562
        -30694    -9788.12     1749.73      306562    -55183.3 ]
%MSG
%MSG-w BasicTrajectoryState:  TrackProducer:hltCtfActivityWithMaterialTracks  05-Sep-2013 09:40:01 CEST Run: 1 Event: 2640
local error not pos-def
[     -17072.6    -5444.35     973.234      170516      -30694
      -5444.35    -1736.17     310.358     54376.4    -9788.12
       973.234     310.358    -55.4796    -9720.34     1749.73
        170516     54376.4    -9720.34-1.70306e+06      306562
        -30694    -9788.12     1749.73      306562    -55183.3 ]
%MSG
%MSG-w BasicTrajectoryState:  TrackProducer:hltCtfActivityWithMaterialTracks  05-Sep-2013 09:40:01 CEST Run: 1 Event: 2640
curv error not pos-def
[     -17072.6   -0.275489     13340.6      173256     183.935
     -0.275489-4.43273e-06    0.215268     2.79571  0.00296881
       13340.6    0.215268    -10424.5     -135383    -143.728
        173256     2.79571     -135383-1.75824e+06    -1866.61
       183.935  0.00296881    -143.728    -1866.61    -1.98161 ]
%MSG
%MSG-w BasicTrajectoryState:  TrackProducer:hltCtfActivityWithMaterialTracks  05-Sep-2013 09:40:01 CEST Run: 1 Event: 2640
curv error not pos-def
[     -17072.6   -0.328384     15115.3      223286     272.008
     -0.328384-6.30368e-06    0.290735      4.2948  0.00523284
       15115.3    0.290735    -13382.3     -197686    -240.823
        223286      4.2948     -197686-2.92026e+06    -3557.48
       272.008  0.00523284    -240.823    -3557.48    -4.33367 ]
%MSG
%MSG-w BasicTrajectoryState:  TrackProducer:hltCtfActivityWithMaterialTracks  05-Sep-2013 09:40:01 CEST Run: 1 Event: 2640
local error not pos-def
[     -17072.6     6264.64     120.252      223239     4593.34
       6264.64    -2298.75    -44.1253    -81915.4    -1685.48
       120.252    -44.1253   -0.846999    -1572.39    -32.3534
        223239    -81915.4    -1572.39-2.91903e+06    -60061.7
       4593.34    -1685.48    -32.3534    -60061.7    -1235.82 ]
%MSG
Begin processing the 101st record. Run 1, Event 2670, LumiSection 54 at 05-Sep-2013 09:42:05.660 CEST
DTTSPhi::addTracoT: preview not present in TRACO trigger or its code=0  trigger not added!
DTTSPhi::addTracoT: preview not present in TRACO trigger or its code=0  trigger not added!
DTTSPhi::addTracoT: preview not present in TRACO trigger or its code=0  trigger not added!
%MSG-w BasicTrajectoryState:   TrackProducer:hltCtf3HitL1NonIsoWithMaterialTracks 05-Sep-2013 09:47:04 CEST  Run: 1 Event: 2788
curv error not pos-def
[  1.27914e+07     18.8218     -286069     42.4028    -1.40759
       18.8218 0.000935455    -0.42092 0.000110359  0.00355153
       -286069    -0.42092      6397.7   -0.948405   0.0315349
       42.4028 0.000110359   -0.948405-0.000192434 0.000183199
      -1.40759  0.00355153   0.0315349 0.000183199   0.0139125 ]
%MSG
%MSG-w BasicTrajectoryState:   TrackProducer:hltCtf3HitL1NonIsoWithMaterialTracks 05-Sep-2013 09:47:04 CEST  Run: 1 Event: 2788
local error not pos-def
[  1.27914e+07      286575    -7393.23    -42.4405     2.73996
        286575     6420.36    -165.636   -0.950927   0.0614552
      -7393.23    -165.636     4.27489   0.0245985  0.00413018
      -42.4405   -0.950927   0.0245985-0.000192773 0.000219912
       2.73996   0.0614552  0.00413018 0.000219912   0.0190799 ]
%MSG
DTTSPhi::addTracoT: preview not present in TRACO trigger or its code=0  trigger not added!
DTTSPhi::addTracoT: preview not present in TRACO trigger or its code=0  trigger not added!
05-Sep-2013 09:47:58 CEST  Closed file root://eoscms//eos/cms/store/relval/CMSSW_5_3_11_patch3/RelValTTbar/GEN-SIM-DIGI-RAW-HLTDEBUG/PU_START53_LV2_09Jul2013-v1/00000/F236B393-08E9-E211-A5E6-003048679214.root?svcClass=default
05-Sep-2013 09:47:58 CEST  Initiating request to open file root://eoscms//eos/cms/store/relval/CMSSW_5_3_11_patch3/RelValTTbar/GEN-SIM-DIGI-RAW-HLTDEBUG/PU_START53_LV2_09Jul2013-v1/00000/0E1C7EF4-08E9-E211-A46B-003048678C26.root?svcClass=default
130905 09:47:58 30279 Xrd: GoToAnotherServer: Going to: lxfsra14a06.cern.ch:1095
05-Sep-2013 09:47:58 CEST  Successfully opened file root://eoscms//eos/cms/store/relval/CMSSW_5_3_11_patch3/RelValTTbar/GEN-SIM-DIGI-RAW-HLTDEBUG/PU_START53_LV2_09Jul2013-v1/00000/0E1C7EF4-08E9-E211-A46B-003048678C26.root?svcClass=default
Begin processing the 201st record. Run 1, Event 1370, LumiSection 28 at 05-Sep-2013 09:49:24.891 CEST
DTTSPhi::addTracoT: preview not present in TRACO trigger or its code=0  trigger not added!
DTTSPhi::addTracoT: preview not present in TRACO trigger or its code=0  trigger not added!
DTTSPhi::addTracoT: preview not present in TRACO trigger or its code=0  trigger not added!
DTTSPhi::addTracoT: preview not present in TRACO trigger or its code=0  trigger not added!
DTTSPhi::addTracoT: preview not present in TRACO trigger or its code=0  trigger not added!
130905 09:53:20 30279 Xrd: XrdClientMessage::ReadRaw: Failed to read header (8 bytes).
%MSG-w BasicTrajectoryState:  TrackProducer:hltL3TkTracksFromL2IOHit  05-Sep-2013 09:53:44 CEST Run: 1 Event: 1431
curv error not pos-def
[  2.07507e+07     732.933-1.07371e+06     24.4272     3.89753
       732.933   0.0265077    -37.9248 -0.00226036  0.00576175
  -1.07371e+06    -37.9248     55556.9     -1.3084   -0.206491
       24.4272 -0.00226036     -1.3084   -0.254868  -0.0274568
       3.89753  0.00576175   -0.206491  -0.0274568   0.0510288 ]
%MSG
%MSG-w BasicTrajectoryState:  TrackProducer:hltL3TkTracksFromL2IOHit  05-Sep-2013 09:53:44 CEST Run: 1 Event: 1431
local error not pos-def
[  2.07507e+07 1.08269e+06      122392      24.529    -3.42834
   1.08269e+06       56490     6385.92     1.32484   -0.181448
        122392     6385.92     721.901    0.141824  -0.0436747
        24.529     1.32484    0.141824   -0.256996   0.0149568
      -3.42834   -0.181448  -0.0436747   0.0149568    0.133966 ]
%MSG
%MSG-w BasicTrajectoryState:  TrackProducer:hltL3TkTracksFromL2IOHit  05-Sep-2013 09:53:44 CEST Run: 1 Event: 1431
curv error not pos-def
[  2.07507e+07     732.933-1.07371e+06     24.4272     3.89753
       732.933   0.0265077    -37.9248 -0.00226036  0.00576175
  -1.07371e+06    -37.9248     55556.9     -1.3084   -0.206491
       24.4272 -0.00226036     -1.3084   -0.254868  -0.0274568
       3.89753  0.00576175   -0.206491  -0.0274568   0.0510288 ]
%MSG
%MSG-w BasicTrajectoryState:  TrackProducer:hltL3TkTracksFromL2IOHit  05-Sep-2013 09:53:44 CEST Run: 1 Event: 1431
local error not pos-def
[  2.07507e+07 1.08269e+06      122392      24.529    -3.42834
   1.08269e+06       56490     6385.92     1.32484   -0.181448
        122392     6385.92     721.901    0.141824  -0.0436747
        24.529     1.32484    0.141824   -0.256996   0.0149568
      -3.42834   -0.181448  -0.0436747   0.0149568    0.133966 ]
%MSG
%MSG-w BasicTrajectoryState:  TrackProducer:hltL3TkTracksFromL2IOHit  05-Sep-2013 09:53:44 CEST Run: 1 Event: 1431
local error not pos-def
[  1.69954e-06 -7.7735e-06-2.56028e-05 -0.00116631  -0.0017184
   -7.7735e-06  1.0879e-05 2.95757e-05   0.0014306  0.00200528
  -2.56028e-05 2.95757e-05 -1.4672e-05-0.000810227 -0.00111014
   -0.00116631   0.0014306-0.000810227   0.0343103   0.0462017
    -0.0017184  0.00200528 -0.00111014   0.0462017  -0.0261879 ]
%MSG
%MSG-w BasicTrajectoryState:  TrackProducer:hltL3TkTracksFromL2IOHit  05-Sep-2013 09:53:44 CEST Run: 1 Event: 1431
curv error not pos-def
[  1.69954e-06 1.60854e-05-2.23726e-05 0.000939743 -0.00130649
   1.60854e-05-1.34435e-05-3.75346e-07-0.000643285 0.000826104
  -2.23726e-05-3.75346e-07 3.60003e-05 -0.00114067  0.00104501
   0.000939743-0.000643285 -0.00114067   0.0222745  -0.0277448
   -0.00130649 0.000826104  0.00104501  -0.0277448  -0.0400811 ]
%MSG
Begin processing the 301st record. Run 1, Event 1470, LumiSection 30 at 05-Sep-2013 09:56:30.518 CEST
DTTSPhi::addTracoT: preview not present in TRACO trigger or its code=0  trigger not added!
DTTSPhi::addTracoT: preview not present in TRACO trigger or its code=0  trigger not added!
DTTSPhi::addTracoT: preview not present in TRACO trigger or its code=0  trigger not added!
DTTSPhi::addTracoT: preview not present in TRACO trigger or its code=0  trigger not added!
Begin processing the 401st record. Run 1, Event 1720, LumiSection 35 at 05-Sep-2013 10:03:45.721 CEST
DTTSPhi::addTracoT: preview not present in TRACO trigger or its code=0  trigger not added!
DTTSPhi::addTracoT: preview not present in TRACO trigger or its code=0  trigger not added!
130905 10:08:20 30279 Xrd: XrdClientMessage::ReadRaw: Failed to read header (8 bytes).
05-Sep-2013 10:09:08 CEST  Closed file root://eoscms//eos/cms/store/relval/CMSSW_5_3_11_patch3/RelValTTbar/GEN-SIM-DIGI-RAW-HLTDEBUG/PU_START53_LV2_09Jul2013-v1/00000/0E1C7EF4-08E9-E211-A46B-003048678C26.root?svcClass=default

=============================================

MessageLogger Summary

 type     category        sev    module        subroutine        count    total
 ---- -------------------- -- ---------------- ----------------  -----    -----
    1 BasicTrajectoryState -w TrackProducer:hl                       2        2
    2 BasicTrajectoryState -w TrackProducer:hl                      12       12
    3 BasicTrajectoryState -w TrackProducer:hl                       6        6
    4 SiStripQuality       -w EventSetupRecord                       1        1
    5 fileAction           -s file_close                             2        2
    6 fileAction           -s file_open                              4        4

 type    category    Examples: run/evt        run/evt          run/evt
 ---- -------------------- ---------------- ---------------- ----------------
    1 BasicTrajectoryState 1/2788           1/2788           
    2 BasicTrajectoryState 1/2640           1/2640           1/2640
    3 BasicTrajectoryState 1/1431           1/1431           1/1431
    4 SiStripQuality       Run: 1                            
    5 fileAction           PostProcessEvent PostEndRun       
    6 fileAction           pre-events       pre-events       PostProcessEvent

Severity    # Occurrences   Total Occurrences
--------    -------------   -----------------
Warning                21                  21
System                  6                   6
>>> END OF printout of 224 lines from stdout+stderr
>>> Parse FrameworkJobReport crab_fjr.xml
Result of parsing the FrameworkJobReport crab_fjr.xml: Popularity start
lumisRange : 1::28-30,32,35,39::1;1::49,53-54,56::2;
lumisParentRange : 
Basename : /store/relval/CMSSW_5_3_11_patch3/RelValTTbar/GEN-SIM-DIGI-RAW-HLTDEBUG/PU_START53_LV2_09Jul2013-v1/00000/
BasenameParent : 
parentFiles : 
inputBlocks : /RelValTTbar/CMSSW_5_3_11_patch3-PU_START53_LV2_09Jul2013-v1/GEN-SIM-DIGI-RAW-HLTDEBUG#bc03e9fc-e90e-11e2-95e5-00221959e7c0
inputFiles : 0E1C7EF4-08E9-E211-A46B-003048678C26.root::1::EDM::Local::1;F236B393-08E9-E211-A5E6-003048679214.root::1::EDM::Local::2;
Popularity stop
Extracted ExitStatus from FrameworkJobReport parsing output: 0
>>> Executable succeded  0
ExeExitCode=0
EXECUTABLE_EXIT_STATUS = 0
>>> current directory /home/grid/cms667/home_cream_198842455/CREAM198842455/CMSSW_5_3_11_patch6
>>>  (SOFTWARE_DIR): /home/grid/cms667/home_cream_198842455/CREAM198842455/CMSSW_5_3_11_patch6
>>> (WORKING_DIR): 
>>> current directory content:
total 4155728
drwxr-xr-x 3 cms667 zh       4096 Sep  5 09:30 .SCRAM
-rw------- 1 cms667 zh    3842683 Sep  5 09:30 CMSSW.py.pkl
drwxr-xr-x 3 cms667 zh       4096 Sep  5 09:30 bin
drwxr-xr-x 3 cms667 zh       4096 Sep  5 09:30 cfipython
drwxr-xr-x 4 cms667 zh       4096 Sep  5 09:30 config
-rw------- 1 cms667 zh         18 Sep  5 10:09 cpu_timing.txt
drwxr-xr-x 2 cms667 zh       4096 Sep  5 09:30 doc
-rw------- 1 cms667 zh      15026 Sep  5 10:09 executable.out
drwxr-xr-x 2 cms667 zh       4096 Sep  5 09:30 include
drwx------ 3 cms667 zh       4096 Aug 26 18:31 lib
drwxr-xr-x 3 cms667 zh       4096 Sep  5 09:30 logs
drwxr-xr-x 3 cms667 zh       4096 Sep  5 09:30 objs
-rw------- 1 cms667 zh 4243441053 Sep  5 10:09 output.root
-rw------- 1 cms667 zh        104 Sep  5 09:31 pset.py
-rw------- 1 cms667 zh    3843517 Sep  5 09:31 pset.py.pkl
-rw------- 1 cms667 zh        289 Sep  5 09:31 pset.pyc
drwxr-xr-x 2 cms667 zh       4096 Sep  5 09:30 python
-rw------- 1 cms667 zh        437 Sep  5 10:09 report.log
drwx------ 5 cms667 zh       4096 Sep  5 09:30 src
drwxr-xr-x 3 cms667 zh       4096 Sep  5 09:30 test
drwxr-xr-x 3 cms667 zh       4096 Sep  5 09:30 tmp
>>> current directory /home/grid/cms667/home_cream_198842455/CREAM198842455/CMSSW_5_3_11_patch6
>>> (SOFTWARE_DIR): /home/grid/cms667/home_cream_198842455/CREAM198842455/CMSSW_5_3_11_patch6
>>> (WORKING_DIR): 
>>> current directory content:
total 4155728
drwxr-xr-x 3 cms667 zh       4096 Sep  5 09:30 .SCRAM
-rw------- 1 cms667 zh    3842683 Sep  5 09:30 CMSSW.py.pkl
drwxr-xr-x 3 cms667 zh       4096 Sep  5 09:30 bin
drwxr-xr-x 3 cms667 zh       4096 Sep  5 09:30 cfipython
drwxr-xr-x 4 cms667 zh       4096 Sep  5 09:30 config
-rw------- 1 cms667 zh         18 Sep  5 10:09 cpu_timing.txt
drwxr-xr-x 2 cms667 zh       4096 Sep  5 09:30 doc
-rw------- 1 cms667 zh      15026 Sep  5 10:09 executable.out
drwxr-xr-x 2 cms667 zh       4096 Sep  5 09:30 include
drwx------ 3 cms667 zh       4096 Aug 26 18:31 lib
drwxr-xr-x 3 cms667 zh       4096 Sep  5 09:30 logs
drwxr-xr-x 3 cms667 zh       4096 Sep  5 09:30 objs
-rw------- 1 cms667 zh 4243441053 Sep  5 10:09 output_6_2_JlQ.root
-rw------- 1 cms667 zh        104 Sep  5 09:31 pset.py
-rw------- 1 cms667 zh    3843517 Sep  5 09:31 pset.py.pkl
-rw------- 1 cms667 zh        289 Sep  5 09:31 pset.pyc
drwxr-xr-x 2 cms667 zh       4096 Sep  5 09:30 python
-rw------- 1 cms667 zh        437 Sep  5 10:09 report.log
drwx------ 5 cms667 zh       4096 Sep  5 09:30 src
drwxr-xr-x 3 cms667 zh       4096 Sep  5 09:30 test
drwxr-xr-x 3 cms667 zh       4096 Sep  5 09:30 tmp
>>> current directory (RUNTIME_AREA):  /home/grid/cms667/home_cream_198842455/CREAM198842455
SE = dcache-se-cms.desy.de
SE_PATH = /srm/managerv2?SFN=/pnfs/desy.de/cms/tier2/store/user/marfin/RelValTTbar/53xRelVal2011Redigi_v2/844a175eacc74cc51be2e7d71ca2539e/
LFNBaseName = /store/user/marfin/RelValTTbar/53xRelVal2011Redigi_v2/844a175eacc74cc51be2e7d71ca2539e/
USER = marfin
endpoint = srm://dcache-se-cms.desy.de:8443/srm/managerv2?SFN=/pnfs/desy.de/cms/tier2/store/user/marfin/RelValTTbar/53xRelVal2011Redigi_v2/844a175eacc74cc51be2e7d71ca2539e/
>>> Copy output files from WN = lxbrl3720.cern.ch to /srm/managerv2?SFN=/pnfs/desy.de/cms/tier2/store/user/marfin/RelValTTbar/53xRelVal2011Redigi_v2/844a175eacc74cc51be2e7d71ca2539e/ :
python cmscp.py  --destination srm://dcache-se-cms.desy.de:8443/srm/managerv2?SFN=/pnfs/desy.de/cms/tier2/store/user/marfin/RelValTTbar/53xRelVal2011Redigi_v2/844a175eacc74cc51be2e7d71ca2539e/ --inputFileList /home/grid/cms667/home_cream_198842455/CREAM198842455/CMSSW_5_3_11_patch6/output_6_2_JlQ.root --middleware LCG --se_name dcache-se-cms.desy.de --for_lfn /store/user/marfin/RelValTTbar/53xRelVal2011Redigi_v2/844a175eacc74cc51be2e7d71ca2539e/    
******************************************************
localSeName  =  srm-eoscms.cern.ch
remoteSeName =  dcache-se-cms.desy.de
******************************************************
{"/home/grid/cms667/home_cream_198842455/CREAM198842455/CMSSW_5_3_11_patch6/output_6_2_JlQ.root": {"endpoint": "srm://dcache-se-cms.desy.de:8443/srm/managerv2?SFN=/pnfs/desy.de/cms/tier2/store/user/marfin/RelValTTbar/53xRelVal2011Redigi_v2/844a175eacc74cc51be2e7d71ca2539e/", "surl_for_grid": "", "reason": "Copy succedeed with srm-lcg utils", "erCode": "0", "se_name": "dcache-se-cms.desy.de", "for_lfn": "/store/user/marfin/RelValTTbar/53xRelVal2011Redigi_v2/844a175eacc74cc51be2e7d71ca2539e/"}}/home/grid/cms667/home_cream_198842455/CREAM198842455
-------- cat /home/grid/cms667/home_cream_198842455/CREAM198842455/cmscpReport.sh 
#!/bin/bash
echo "Report for File: /home/grid/cms667/home_cream_198842455/CREAM198842455/CMSSW_5_3_11_patch6/output_6_2_JlQ.root"
echo "LFN: /store/user/marfin/RelValTTbar/53xRelVal2011Redigi_v2/844a175eacc74cc51be2e7d71ca2539e/output_6_2_JlQ.root"
echo "StorageElement: dcache-se-cms.desy.de"
echo "StageOutExitStatusReason = 'Copy succedeed with srm-lcg utils'" | tee -a $RUNTIME_AREA/$repo
echo "StageOutSE = dcache-se-cms.desy.de" >> $RUNTIME_AREA/$repo

export StageOutExitStatus=0
echo "StageOutExitStatus = 0" | tee -a $RUNTIME_AREA/$repo
-------- end of /home/grid/cms667/home_cream_198842455/CREAM198842455/cmscpReport.sh 
Report for File: /home/grid/cms667/home_cream_198842455/CREAM198842455/CMSSW_5_3_11_patch6/output_6_2_JlQ.root
LFN: /store/user/marfin/RelValTTbar/53xRelVal2011Redigi_v2/844a175eacc74cc51be2e7d71ca2539e/output_6_2_JlQ.root
StorageElement: dcache-se-cms.desy.de
StageOutExitStatusReason = 'Copy succedeed with srm-lcg utils'
StageOutExitStatus = 0
>>> current dir: /home/grid/cms667/home_cream_198842455/CREAM198842455
>>> current dir content:
total 6260
-rwx------  1 cms667 zh   13669 Sep  5 09:30 .BrokerInfo
-rw-------  1 cms667 zh    6732 Sep  5 10:11 .SEinteraction.log
-rwx------  1 cms667 zh       0 Sep  5 09:30 .tmp_file
-rw-------  1 cms667 zh     105 Sep  5 08:23 CMSSW.py
-rw-------  1 cms667 zh 3842683 Sep  5 08:23 CMSSW.py.pkl
-rwx------  1 cms667 zh   27991 Sep  5 09:30 CMSSW.sh
drwxr-xr-x 15 cms667 zh    4096 Sep  5 10:09 CMSSW_5_3_11_patch6
-rwx------  1 cms667 zh       0 Sep  5 09:30 CMSSW_6.stderr
-rwx---r--  1 cms667 zh   29630 Sep  5 10:11 CMSSW_6.stdout
-rw-------  1 cms667 zh     484 Sep  5 09:30 CacheEnv.sh
-rw-------  1 cms667 zh    7291 Jun  9  2010 DashboardAPI.py
-rw-------  1 cms667 zh    6493 Sep  5 09:30 DashboardAPI.pyc
drwx------  3 cms667 zh    4096 Aug 20 17:36 IMProv
-rw-------  1 cms667 zh    2748 Mar  8  2006 Logger.py
-rw-------  1 cms667 zh    3223 Sep  5 09:30 Logger.pyc
-rw-------  1 cms667 zh   24524 Mar 28  2008 ProcInfo.py
-rw-------  1 cms667 zh   22846 Sep  5 09:30 ProcInfo.pyc
drwx------  7 cms667 zh    4096 Sep  5 09:31 ProdCommon
drwx------  3 cms667 zh    4096 Sep  5 09:30 WMCore
-rw-------  1 cms667 zh    6094 Sep  5 10:09 Watchdog_6.log
-rw-------  1 cms667 zh   32895 Mar 28  2008 apmon.py
-rw-------  1 cms667 zh   28120 Sep  5 09:30 apmon.pyc
-rwx------  1 cms667 zh   10416 Sep  5 09:30 arguments.xml
-rwx------  1 cms667 zh   38507 Aug  6 23:12 cmscp.py
-rw-------  1 cms667 zh     546 Sep  5 10:11 cmscpReport.sh
-rw-------  1 cms667 zh     509 Sep  5 08:23 crab.cfg
-rwx------  1 cms667 zh    8610 Apr  2 15:44 crabWatchdog.sh
-rwx---r--  1 cms667 zh  781851 Sep  5 10:09 crab_fjr_6.xml
-rwx------  1 cms667 zh 1216159 Sep  5 09:30 default.tgz
-rwx------  1 cms667 zh    4488 May 12  2012 fillCrabFjr.py
-rw-------  1 cms667 zh     468 Sep  5 09:31 inputsReport.txt
-rw-------  1 cms667 zh     259 Sep  5 10:11 jobreport.txt
lrwxrwxrwx  1 cms667 zh      93 Sep  5 10:09 output.root -> /home/grid/cms667/home_cream_198842455/CREAM198842455/CMSSW_5_3_11_patch6/output_6_2_JlQ.root
-rw-------  1 cms667 zh   17352 Jan 20  2012 parseCrabFjr.py
-rw-------  1 cms667 zh     264 Sep  5 09:30 report.log
-rwx--x--x  1 cms667 zh    1497 May 27  2009 report.py
-rw-------  1 cms667 zh     497 Sep  5 10:11 resultCopyFile
-rwx------  1 cms667 zh    8387 Mar 23  2011 writeCfg.py
>>> Modify Job Report:
CMSSW_VERSION = CMSSW_5_3_11_patch6
ProcessedDataset = 53xRelVal2011Redigi_v2
/home/grid/cms667/home_cream_198842455/CREAM198842455/ProdCommon/FwkJobRep/ModifyJobReport.py fjr /home/grid/cms667/home_cream_198842455/CREAM198842455/crab_fjr_6.xml json /home/grid/cms667/home_cream_198842455/CREAM198842455/resultCopyFile n_job 6_2_JlQ PrimaryDataset RelValTTbar  ApplicationFamily cmsRun ApplicationName cmsRun cmssw_version CMSSW_5_3_11_patch6 psethash 844a175eacc74cc51be2e7d71ca2539e UserProcessedDataset marfin-53xRelVal2011Redigi_v2-844a175eacc74cc51be2e7d71ca2539e
inputDict =  {u'/home/grid/cms667/home_cream_198842455/CREAM198842455/CMSSW_5_3_11_patch6/output_6_2_JlQ.root': {u'endpoint': u'srm://dcache-se-cms.desy.de:8443/srm/managerv2?SFN=/pnfs/desy.de/cms/tier2/store/user/marfin/RelValTTbar/53xRelVal2011Redigi_v2/844a175eacc74cc51be2e7d71ca2539e/', u'surl_for_grid': u'', u'reason': u'Copy succedeed with srm-lcg utils', u'erCode': u'0', u'se_name': u'dcache-se-cms.desy.de', u'for_lfn': u'/store/user/marfin/RelValTTbar/53xRelVal2011Redigi_v2/844a175eacc74cc51be2e7d71ca2539e/'}}
diz_filter =  {u'output.root': u''}
UserProcessedDataset =  marfin-53xRelVal2011Redigi_v2-844a175eacc74cc51be2e7d71ca2539e
file_name in inputDict =  /home/grid/cms667/home_cream_198842455/CREAM198842455/CMSSW_5_3_11_patch6/output_6_2_JlQ.root
(size) os.stat(filename)[6] =  4243441053
checksum =  3549057865
filter =  
    file =  output_6_2_JlQ.root
    newPfn =  srm://dcache-se-cms.desy.de:8443/srm/managerv2?SFN=/pnfs/desy.de/cms/tier2/store/user/marfin/RelValTTbar/53xRelVal2011Redigi_v2/844a175eacc74cc51be2e7d71ca2539e/output_6_2_JlQ.root
    newLfn =  /store/user/marfin/RelValTTbar/53xRelVal2011Redigi_v2/844a175eacc74cc51be2e7d71ca2539e/output_6_2_JlQ.root
>>> crab_fjr_*.xml  permission set to 0704
Checking output files:  
will tar file crab_fjr_6.xml in  out_files_6
will tar file CMSSW_6.stdout in  out_files_6
will tar file CMSSW_6.stderr in  out_files_6
WARNING: output file Watchdog_6.log.gz not found!
>>> padding time: Wrapper lasting more than 600 seconds. No sleep required.
STOPPING WATCHDOG. CrabWatchdog PID is 30060
********** LAST 50 LINES OF WATCHDOG LOG
 Sep 05 09:36:04 CEST	30279	1814480	2272720	30	112	305	cmsRun -j /home/grid/cms667/home_cream_198842455/CREAM198842455/crab_fjr_6.xml -p pset.py      
 Sep 05 09:36:04 CEST	---	1814480	2272720	145	----	----	----
 Sep 05 09:37:05 CEST	30279	1822944	2272720	145	172	366	cmsRun -j /home/grid/cms667/home_cream_198842455/CREAM198842455/crab_fjr_6.xml -p pset.py      
 Sep 05 09:37:05 CEST	---	1822944	2272720	266	----	----	----
 Sep 05 09:38:06 CEST	30279	1825844	2272720	266	231	428	cmsRun -j /home/grid/cms667/home_cream_198842455/CREAM198842455/crab_fjr_6.xml -p pset.py      
 Sep 05 09:38:06 CEST	---	1825844	2272720	383	----	----	----
 Sep 05 09:39:09 CEST	30279	1846184	2276048	383	291	490	cmsRun -j /home/grid/cms667/home_cream_198842455/CREAM198842455/crab_fjr_6.xml -p pset.py      
 Sep 05 09:39:09 CEST	---	1846184	2276048	501	----	----	----
 Sep 05 09:40:10 CEST	30279	1862944	2292432	501	351	552	cmsRun -j /home/grid/cms667/home_cream_198842455/CREAM198842455/crab_fjr_6.xml -p pset.py      
 Sep 05 09:40:10 CEST	---	1862944	2292432	630	----	----	----
 Sep 05 09:41:12 CEST	---	1862944	2292432	750	----	----	----
 Sep 05 09:42:12 CEST	---	1862944	2292432	867	----	----	----
 Sep 05 09:43:13 CEST	30279	1879696	2313168	867	528	735	cmsRun -j /home/grid/cms667/home_cream_198842455/CREAM198842455/crab_fjr_6.xml -p pset.py      
 Sep 05 09:43:13 CEST	---	1879696	2313168	987	----	----	----
 Sep 05 09:44:15 CEST	---	1879696	2313168	1105	----	----	----
 Sep 05 09:45:16 CEST	---	1879696	2313168	1222	----	----	----
 Sep 05 09:46:18 CEST	---	1879696	2313168	1342	----	----	----
 Sep 05 09:47:19 CEST	30279	1911280	2367952	1342	767	980	cmsRun -j /home/grid/cms667/home_cream_198842455/CREAM198842455/crab_fjr_6.xml -p pset.py      
 Sep 05 09:47:19 CEST	---	1911280	2367952	1465	----	----	----
 Sep 05 09:48:20 CEST	30279	1911280	2370772	1465	824	1041	cmsRun -j /home/grid/cms667/home_cream_198842455/CREAM198842455/crab_fjr_6.xml -p pset.py      
 Sep 05 09:48:20 CEST	---	1911280	2370772	1577	----	----	----
# TIME			PID	RSS(KB)	VSZ(KB)	Dsk(MB)	tCPU(s)	tWALL(s)	COMMAND
 Sep 05 09:49:21 CEST	---	1911280	2370772	1693	----	----	----
 Sep 05 09:50:23 CEST	---	1911280	2370772	1819	----	----	----
 Sep 05 09:51:25 CEST	---	1911280	2370772	1941	----	----	----
 Sep 05 09:52:25 CEST	---	1911280	2370772	2067	----	----	----
 Sep 05 09:53:26 CEST	30279	1914272	2370772	2067	1120	1347	cmsRun -j /home/grid/cms667/home_cream_198842455/CREAM198842455/crab_fjr_6.xml -p pset.py      
 Sep 05 09:53:26 CEST	---	1914272	2370772	2190	----	----	----
 Sep 05 09:54:27 CEST	---	1914272	2370772	2313	----	----	----
 Sep 05 09:55:28 CEST	---	1914272	2370772	2431	----	----	----
 Sep 05 09:56:29 CEST	---	1914272	2370772	2552	----	----	----
 Sep 05 09:57:30 CEST	---	1914272	2370772	2667	----	----	----
 Sep 05 09:58:32 CEST	30279	1932948	2383316	2667	1418	1654	cmsRun -j /home/grid/cms667/home_cream_198842455/CREAM198842455/crab_fjr_6.xml -p pset.py      
 Sep 05 09:58:32 CEST	---	1932948	2383316	2788	----	----	----
 Sep 05 09:59:34 CEST	---	1932948	2383316	2917	----	----	----
 Sep 05 10:00:36 CEST	---	1932948	2383316	3041	----	----	----
 Sep 05 10:01:36 CEST	30279	2008908	2437588	3041	1597	1837	cmsRun -j /home/grid/cms667/home_cream_198842455/CREAM198842455/crab_fjr_6.xml -p pset.py      
 Sep 05 10:01:36 CEST	---	2008908	2437588	3168	----	----	----
 Sep 05 10:02:38 CEST	30279	2020624	2458580	3168	1657	1899	cmsRun -j /home/grid/cms667/home_cream_198842455/CREAM198842455/crab_fjr_6.xml -p pset.py      
 Sep 05 10:02:38 CEST	---	2020624	2458580	3284	----	----	----
 Sep 05 10:03:39 CEST	30279	2023964	2462932	3284	1717	1960	cmsRun -j /home/grid/cms667/home_cream_198842455/CREAM198842455/crab_fjr_6.xml -p pset.py      
 Sep 05 10:03:39 CEST	---	2023964	2462932	3409	----	----	----
 Sep 05 10:04:40 CEST	---	2023964	2462932	3535	----	----	----
 Sep 05 10:05:42 CEST	---	2023964	2462932	3656	----	----	----
 Sep 05 10:06:42 CEST	---	2023964	2462932	3776	----	----	----
 Sep 05 10:07:43 CEST	30279	2032112	2472660	3776	1952	2203	cmsRun -j /home/grid/cms667/home_cream_198842455/CREAM198842455/crab_fjr_6.xml -p pset.py      
 Sep 05 10:07:43 CEST	---	2032112	2472660	3890	----	----	----
 Sep 05 10:08:43 CEST	30279	2034772	2472660	3890	2011	2264	cmsRun -j /home/grid/cms667/home_cream_198842455/CREAM198842455/crab_fjr_6.xml -p pset.py      
 Sep 05 10:08:43 CEST	---	2034772	2472660	4006	----	----	----
 Sep 05 10:09:44 CEST	---	2034772	2472660	4074	----	----	----
********** WATCHDOG LOG ENDED
ZIPPING WATCHDOG LOG
Disk space used:
du -sh /home/grid/cms667/home_cream_198842455/CREAM198842455
4.0G	/home/grid/cms667/home_cream_198842455/CREAM198842455
Found unusual stderr, rename for OSB
