This script was generated by crab (version 2.9.0).
Running ./CMSSW.sh with 2 positional parameters: 14 2
Today is Thu Sep  5 09:27:22 CEST 2013
Job submitted on host lxbsq2002.cern.ch
Linux lxbsq2002.cern.ch 2.6.18-308.24.1.el5 #1 SMP Wed Dec 5 09:45:59 CET 2012 x86_64 x86_64 x86_64 GNU/Linux
>>> current directory (RUNTIME_AREA): /home/grid/cms667/home_cream_722032489/CREAM722032489
>>> current user: uid=52545(cms667) gid=1399(zh) groups=1399(zh),1106889831 context=system_u:system_r:initrc_t
>>> directory permission set to 0700
>>> umask set to:  u=rwx,g=,o=
>>> stdout stderr permission set to 0704
>>> voms proxy information:
subject   : /C=DE/O=GermanGrid/OU=DESY/CN=Ihar Marfin/CN=proxy/CN=proxy/CN=proxy/CN=limited proxy
issuer    : /C=DE/O=GermanGrid/OU=DESY/CN=Ihar Marfin/CN=proxy/CN=proxy/CN=proxy
identity  : /C=DE/O=GermanGrid/OU=DESY/CN=Ihar Marfin/CN=proxy/CN=proxy/CN=proxy
type      : limited proxy
strength  : 1024 bits
path      : /home/grid/cms667/home_cream_722032489/cream_722032489.proxy
timeleft  : 190:33:27
key usage : 
=== VO cms extension information ===
VO        : cms
subject   : /C=DE/O=GermanGrid/OU=DESY/CN=Ihar Marfin
issuer    : /DC=ch/DC=cern/OU=computers/CN=lcg-voms.cern.ch
attribute : /cms/Role=NULL/Capability=NULL
attribute : /cms/dcms/Role=NULL/Capability=NULL
timeleft  : 190:35:43
uri       : lcg-voms.cern.ch:15002
>>> tar --no-same-permissions -xf /home/grid/cms667/home_cream_722032489/CREAM722032489/default.tgz :
Successful untar
>>> Include /home/grid/cms667/home_cream_722032489/CREAM722032489 in PYTHONPATH:
strip arguments
env var CRAB_UNIQUE_JOB_ID set to: marfin_crab_0_130905_082339_f78ol1_14_2_EoT
out_files_14
>>> list of expected files on output sandbox
output files: crab_fjr_14.xml CMSSW_14.stdout CMSSW_14.stderr Watchdog_14.log.gz
>>> GridFlavour discovery: 
GridFlavour=LCG
>>> SyncSite discovery: 
not reporting SyncSite
>>> SyncCE discovery: 
getting SyncCE from CE_ID
SyncCE=ce204.cern.ch:8443/cream-lsf-grid_cms
>>> info for dashboard:
***** Cat /home/grid/cms667/home_cream_722032489/CREAM722032489/jobreport.txt *****
MonitorJobID=14_https://wms314.cern.ch:9000/cdUDfwJzv36dE7oC76B2ZA
SyncGridJobId=https://wms314.cern.ch:9000/cdUDfwJzv36dE7oC76B2ZA
MonitorID=marfin_crab_0_130905_082339_f78ol1
GridFlavour=LCG
SyncCE=ce204.cern.ch:8443/cream-lsf-grid_cms
***** End Cat jobreport *****
Parameters sent to Dashboard.
>>> setup environment
set SCRAM ARCH to slc5_amd64_gcc462
SCRAM_ARCH = slc5_amd64_gcc462
>>> setup CMS LCG environment:
set SCRAM ARCH and BUILD_ARCH to slc5_amd64_gcc462 ###
Sourcing environment... 
sourcing /afs/cern.ch/project/gd/apps/cms/cmsset_default.sh
==> setup cms environment ok
>>> specific cmssw setup environment:
CMSSW_VERSION =  CMSSW_5_3_11_patch6
>>> current directory (SOFTWARE_DIR): /home/grid/cms667/home_cream_722032489/CREAM722032489/CMSSW_5_3_11_patch6
PreserveSeeds: <>
IncrementSeeds:<>
{"output.root": ""}
WNHostName=lxbsq2002.cern.ch
>>> info for dashboard:
***** Cat /home/grid/cms667/home_cream_722032489/CREAM722032489/jobreport.txt *****
MonitorJobID=14_https://wms314.cern.ch:9000/cdUDfwJzv36dE7oC76B2ZA
MonitorID=marfin_crab_0_130905_082339_f78ol1
WNHostName=lxbsq2002.cern.ch
***** End Cat jobreport *****
Parameters sent to Dashboard.
crabWatchdog started as process 25333
>>> moving CMSSW software directories in /home/grid/cms667/home_cream_722032489/CREAM722032489/CMSSW_5_3_11_patch6
mv: cannot stat `/home/grid/cms667/home_cream_722032489/CREAM722032489/module/': No such file or directory
>>> Include /home/grid/cms667/home_cream_722032489/CREAM722032489 in PYTHONPATH:
PYTHONPATH=/home/grid/cms667/home_cream_722032489/CREAM722032489/:/pool/grid/cms667/home_cream_722032489/CREAM722032489/CMSSW_5_3_11_patch6/python:/pool/grid/cms667/home_cream_722032489/CREAM722032489/CMSSW_5_3_11_patch6/lib/slc5_amd64_gcc462:/afs/cern.ch/cms/slc5_amd64_gcc462/cms/cmssw-patch/CMSSW_5_3_11_patch6/python:/afs/cern.ch/cms/slc5_amd64_gcc462/cms/cmssw-patch/CMSSW_5_3_11_patch6/lib/slc5_amd64_gcc462:/afs/cern.ch/cms/slc5_amd64_gcc462/cms/cmssw/CMSSW_5_3_11/bin/slc5_amd64_gcc462:/afs/cern.ch/cms/slc5_amd64_gcc462/cms/cmssw/CMSSW_5_3_11/lib/slc5_amd64_gcc462:/afs/cern.ch/cms/slc5_amd64_gcc462/cms/coral/CORAL_2_3_21-cms35/slc5_amd64_gcc462/python:/afs/cern.ch/cms/slc5_amd64_gcc462/cms/coral/CORAL_2_3_21-cms35/slc5_amd64_gcc462/lib:/afs/cern.ch/cms/slc5_amd64_gcc462/external/pyqt/4.8.1/lib/python2.6/site-packages:/afs/cern.ch/cms/slc5_amd64_gcc462/external/py2-scipy/0.8.0/lib/python2.6/site-packages:/afs/cern.ch/cms/slc5_amd64_gcc462/external/py2-matplotlib/1.0.1/lib/python2.6/site-packages:/afs/cern.ch/cms/slc5_amd64_gcc462/external/python-ldap/2.3.5/lib/python2.6/site-packages:/afs/cern.ch/cms/slc5_amd64_gcc462/external/sip/4.11.2/lib/python2.6/site-packages:/afs/cern.ch/cms/slc5_amd64_gcc462/external/py2-pycurl/7.19.0/lib/python2.6/site-packages:/afs/cern.ch/cms/slc5_amd64_gcc462/external/py2-numpy/1.6.1/lib/python2.6/site-packages:/afs/cern.ch/cms/slc5_amd64_gcc462/external/py2-ipython/0.10/lib/python2.6/site-packages:/afs/cern.ch/cms/slc5_amd64_gcc462/external/py2-cx-oracle/5.1-cms11/lib/python2.6/site-packages:/afs/cern.ch/cms/slc5_amd64_gcc462/external/py2-cjson/1.0.5/lib/python2.6/site-packages:/afs/cern.ch/cms/slc5_amd64_gcc462/cms/das-client/1.9.5/bin:/afs/cern.ch/cms/slc5_amd64_gcc462/external/elementtree/1.2.6/share/lib/python2.6/site-packages:/afs/cern.ch/cms/slc5_amd64_gcc462/external/rivet/1.8.2/lib/python2.6/site-packages:/afs/cern.ch/cms/slc5_amd64_gcc462/external/pyminuit2/0.0.1-cms39/lib/python2.6/site-packages:/afs/cern.ch/cms/slc5_amd64_gcc462/external/professor/1.0.0-cms40/lib/python2.6/site-packages:/afs/cern.ch/cms/slc5_amd64_gcc462/lcg/root/5.32.00-cms21/lib:/afs/cern.ch/cms/slc5_amd64_gcc462/cms/dbs-client/DBS_2_1_9-cms3/lib:/afs/cern.ch/cms/slc5_amd64_gcc462/cms/dbs-client/DBS_2_1_9-cms3/lib/DBSAPI:/afs/cern.ch/cms/slc5_amd64_gcc462/external/cvs2git/5419/lib:/home/grid/cms667/home_cream_722032489/CREAM722032489/
 
# LIMITS USED BY CRAB WATCHDOG:
# RSS  (KBytes)   : 2300000
# VSZ  (KBytes)   : 100000000
# DISK (MBytes)   : 19000
# CPU TIME        : 720h:0m:0s
# WALL CLOCK TIME : 21h:50m:0s
 
844a175eacc74cc51be2e7d71ca2539e
PSETHASH = 844a175eacc74cc51be2e7d71ca2539e
/home/grid/cms667/home_cream_722032489/CREAM722032489/writeCfg.py pset.py pset.py
Importing .py file
Setting parameters
RandomNumberGeneratorService found, will attempt to change seeds
inputBlocks=/RelValTTbar/CMSSW_5_3_11_patch3-PU_START53_LV2_09Jul2013-v1/GEN-SIM-DIGI-RAW-HLTDEBUG#bc03e9fc-e90e-11e2-95e5-00221959e7c0
inputFiles=/store/relval/CMSSW_5_3_11_patch3/RelValTTbar/GEN-SIM-DIGI-RAW-HLTDEBUG/PU_START53_LV2_09Jul2013-v1/00000/485AB0AE-08E9-E211-9B9A-0026189438AC.root;/store/relval/CMSSW_5_3_11_patch3/RelValTTbar/GEN-SIM-DIGI-RAW-HLTDEBUG/PU_START53_LV2_09Jul2013-v1/00000/E475BAC4-08E9-E211-A2F2-00261894393E.root
parentFiles=
lumisRange=
>>> Executable cmsRun
/afs/cern.ch/cms/slc5_amd64_gcc462/cms/cmssw-patch/CMSSW_5_3_11_patch6/bin/slc5_amd64_gcc462/cmsRun
ok executable found
>>> info for dashboard:
***** Cat /home/grid/cms667/home_cream_722032489/CREAM722032489/jobreport.txt *****
MonitorJobID=14_https://wms314.cern.ch:9000/cdUDfwJzv36dE7oC76B2ZA
MonitorID=marfin_crab_0_130905_082339_f78ol1
ExeStart=cmsRun
***** End Cat jobreport *****
Parameters sent to Dashboard.
>>> cmsRun started at Thu Sep  5 07:27:37 UTC 2013
>>> cmsRun ended at Thu Sep  5 07:58:18 UTC 2013
>>> crab_fjr_*.xml  permission set to 0704
>>> info for dashboard:
***** Cat /home/grid/cms667/home_cream_722032489/CREAM722032489/jobreport.txt *****
MonitorJobID=14_https://wms314.cern.ch:9000/cdUDfwJzv36dE7oC76B2ZA
MonitorID=marfin_crab_0_130905_082339_f78ol1
ExeEnd=cmsRun
***** End Cat jobreport *****
Parameters sent to Dashboard.
TIME_EXE = 1841 sec
>>> cmsRun wrote 175 lines of stdout+stderr
>>> START OF printout of 175 lines from stdout+stderr
05-Sep-2013 09:27:50 CEST  Initiating request to open file root://eoscms//eos/cms/store/relval/CMSSW_5_3_11_patch3/RelValTTbar/GEN-SIM-DIGI-RAW-HLTDEBUG/PU_START53_LV2_09Jul2013-v1/00000/485AB0AE-08E9-E211-9B9A-0026189438AC.root?svcClass=default
130905 09:27:50 25761 Xrd: GoToAnotherServer: Going to: lxfsrf47c01.cern.ch:1095
05-Sep-2013 09:27:52 CEST  Successfully opened file root://eoscms//eos/cms/store/relval/CMSSW_5_3_11_patch3/RelValTTbar/GEN-SIM-DIGI-RAW-HLTDEBUG/PU_START53_LV2_09Jul2013-v1/00000/485AB0AE-08E9-E211-9B9A-0026189438AC.root?svcClass=default
%MSG-w SiStripQuality:  EventSetupRecordDataGetter:hltGetConditions@beginRun  05-Sep-2013 09:28:22 CEST Run: 1
The cabling should always include the active feds in runInfo and possibly have some morethere are instead 59 feds only active in runInfo
%MSG
Begin processing the 1st record. Run 1, Event 4154, LumiSection 84 at 05-Sep-2013 09:28:34.788 CEST
DTTSPhi::addTracoT: preview not present in TRACO trigger or its code=0  trigger not added!
DTTSPhi::addTracoT: preview not present in TRACO trigger or its code=0  trigger not added!
DTTSPhi::addTracoT: preview not present in TRACO trigger or its code=0  trigger not added!
DTTSPhi::addTracoT: preview not present in TRACO trigger or its code=0  trigger not added!
DTTSPhi::addTracoT: preview not present in TRACO trigger or its code=0  trigger not added!
DTTSPhi::addTracoT: preview not present in TRACO trigger or its code=0  trigger not added!
DTTSPhi::addTracoT: preview not present in TRACO trigger or its code=0  trigger not added!
Begin processing the 101st record. Run 1, Event 4404, LumiSection 89 at 05-Sep-2013 09:34:46.232 CEST
DTTSPhi::addTracoT: preview not present in TRACO trigger or its code=0  trigger not added!
DTTSPhi::addTracoT: preview not present in TRACO trigger or its code=0  trigger not added!
%MSG-w BasicTrajectoryState:   ElectronSeedProducer:hltActivityStartUpElectronPixelSeeds  05-Sep-2013 09:36:39 CEST Run: 1 Event: 4434
local error not pos-def
[            1           0           0           0           0
             0-1.60211e-16 1.12368e-16-3.62523e-11-5.10573e-09
             0 1.12368e-16 1.68394e-14-5.10558e-09-7.65077e-07
             0-3.62523e-11-5.10558e-09  0.00164917    0.232232
             0-5.10573e-09-7.65077e-07    0.232232     34.8002 ]
%MSG
%MSG-w BasicTrajectoryState:   ElectronSeedProducer:hltActivityStartUpElectronPixelSeeds  05-Sep-2013 09:36:39 CEST Run: 1 Event: 4434
curv error not pos-def
[            1           0           0           0           0
             0 1.68401e-14-1.33036e-11-1.34411e-09 7.65109e-07
             0-1.33036e-11-3.43682e-05   2.099e-06-0.000621265
             0-1.34411e-09   2.099e-06 0.000206819  -0.0611384
             0 7.65109e-07-0.000621265  -0.0611384     34.8016 ]
%MSG
DTTSPhi::addTracoT: preview not present in TRACO trigger or its code=0  trigger not added!
Begin processing the 201st record. Run 1, Event 4854, LumiSection 98 at 05-Sep-2013 09:41:04.141 CEST
DTTSPhi::addTracoT: preview not present in TRACO trigger or its code=0  trigger not added!
%MSG-w BasicTrajectoryState:  TrackProducer:hltCtfL1NonIsoWithMaterialTracks  05-Sep-2013 09:42:55 CEST Run: 1 Event: 4884
curv error not pos-def
[  3.87831e+07     85.5057-1.28507e+06     106.398    -4.07203
       85.5057  0.00535478     -2.8332 0.000294942   0.0299529
  -1.28507e+06     -2.8332     42580.3    -3.53454    0.134982
       106.398 0.000294942    -3.53454  -0.0523298 0.000349592
      -4.07203   0.0299529    0.134982 0.000349592    0.173781 ]
%MSG
%MSG-w BasicTrajectoryState:  TrackProducer:hltCtfL1NonIsoWithMaterialTracks  05-Sep-2013 09:42:55 CEST Run: 1 Event: 4884
local error not pos-def
[  3.87831e+07 1.28913e+06    -3467.85     106.566      3.7832
   1.28913e+06     42850.3     -115.27     3.55133    0.125796
      -3467.85     -115.27    0.315291 -0.00949296   -0.030457
       106.566     3.55133 -0.00949296  -0.0524954-0.000207335
        3.7832    0.125796   -0.030457-0.000207335    0.174203 ]
%MSG
%MSG-w BasicTrajectoryState:  TrackProducer:hltCtfL1NonIsoWithMaterialTracks  05-Sep-2013 09:42:55 CEST Run: 1 Event: 4884
local error not pos-def
[ -5.66743e-07-2.23149e-06 4.52046e-07-2.03367e-06-1.58162e-05
  -2.23149e-06 3.58535e-07  1.7738e-07 2.62422e-07  -6.583e-06
   4.52046e-07  1.7738e-07 1.08385e-06-7.29313e-06-3.41759e-05
  -2.03367e-06 2.62422e-07-7.29313e-06 6.62805e-06  1.9737e-05
  -1.58162e-05  -6.583e-06-3.41759e-05  1.9737e-05  0.00132557 ]
%MSG
%MSG-w BasicTrajectoryState:  TrackProducer:hltCtfL1NonIsoWithMaterialTracks  05-Sep-2013 09:42:55 CEST Run: 1 Event: 4884
curv error not pos-def
[ -5.66743e-07 4.37547e-07 2.20806e-06-2.02259e-06 1.58082e-05
   4.37547e-07 1.06901e-06-1.74846e-07-7.19651e-06  3.3943e-05
   2.20806e-06-1.74846e-07 3.50056e-07-2.58559e-07-6.43155e-06
  -2.02259e-06-7.19651e-06-2.58559e-07 6.55638e-06-1.96336e-05
   1.58082e-05  3.3943e-05-6.43155e-06-1.96336e-05  0.00132273 ]
%MSG
%MSG-w BasicTrajectoryState:  TrackProducer:hltCtfL1NonIsoWithMaterialTracks  05-Sep-2013 09:42:55 CEST Run: 1 Event: 4884
local error not pos-def
[  4.90868e-06 8.51046e-07-6.80181e-07 2.76307e-06 2.27592e-05
   8.51046e-07 -2.6917e-07 1.95704e-07-8.92281e-07-6.81623e-06
  -6.80181e-07 1.95704e-07 1.01176e-06 6.92348e-07-2.66057e-05
   2.76307e-06-8.92281e-07 6.92348e-07 2.97513e-05 6.02435e-05
   2.27592e-05-6.81623e-06-2.66057e-05 6.02435e-05 0.000861845 ]
%MSG
%MSG-w BasicTrajectoryState:  TrackProducer:hltCtfL1NonIsoWithMaterialTracks  05-Sep-2013 09:42:55 CEST Run: 1 Event: 4884
curv error not pos-def
[  4.90868e-06   6.715e-07 8.14489e-07-2.69989e-06 2.27051e-05
     6.715e-07 9.57604e-07 -1.8331e-07 6.67737e-07 2.58451e-05
   8.14489e-07 -1.8331e-07-2.46499e-07 8.20991e-07 -6.4235e-06
  -2.69989e-06 6.67737e-07 8.20991e-07 2.84017e-05-5.85076e-05
   2.27051e-05 2.58451e-05 -6.4235e-06-5.85076e-05 0.000858661 ]
%MSG
%MSG-w BasicTrajectoryState:  TrackProducer:hltCtfActivityWithMaterialTracks  05-Sep-2013 09:42:55 CEST Run: 1 Event: 4884
curv error not pos-def
[  3.87831e+07     85.5057-1.28507e+06     106.398    -4.07203
       85.5057  0.00535478     -2.8332 0.000294942   0.0299529
  -1.28507e+06     -2.8332     42580.3    -3.53454    0.134982
       106.398 0.000294942    -3.53454  -0.0523298 0.000349592
      -4.07203   0.0299529    0.134982 0.000349592    0.173781 ]
%MSG
%MSG-w BasicTrajectoryState:  TrackProducer:hltCtfActivityWithMaterialTracks  05-Sep-2013 09:42:55 CEST Run: 1 Event: 4884
local error not pos-def
[  3.87831e+07 1.28913e+06    -3467.85     106.566      3.7832
   1.28913e+06     42850.3     -115.27     3.55133    0.125796
      -3467.85     -115.27    0.315291 -0.00949296   -0.030457
       106.566     3.55133 -0.00949296  -0.0524954-0.000207335
        3.7832    0.125796   -0.030457-0.000207335    0.174203 ]
%MSG
%MSG-w BasicTrajectoryState:  TrackProducer:hltCtfActivityWithMaterialTracks  05-Sep-2013 09:42:55 CEST Run: 1 Event: 4884
local error not pos-def
[ -5.66743e-07-2.23149e-06 4.52046e-07-2.03367e-06-1.58162e-05
  -2.23149e-06 3.58535e-07  1.7738e-07 2.62422e-07  -6.583e-06
   4.52046e-07  1.7738e-07 1.08385e-06-7.29313e-06-3.41759e-05
  -2.03367e-06 2.62422e-07-7.29313e-06 6.62805e-06  1.9737e-05
  -1.58162e-05  -6.583e-06-3.41759e-05  1.9737e-05  0.00132557 ]
%MSG
%MSG-w BasicTrajectoryState:  TrackProducer:hltCtfActivityWithMaterialTracks  05-Sep-2013 09:42:55 CEST Run: 1 Event: 4884
curv error not pos-def
[ -5.66743e-07 4.37547e-07 2.20806e-06-2.02259e-06 1.58082e-05
   4.37547e-07 1.06901e-06-1.74846e-07-7.19651e-06  3.3943e-05
   2.20806e-06-1.74846e-07 3.50056e-07-2.58559e-07-6.43155e-06
  -2.02259e-06-7.19651e-06-2.58559e-07 6.55638e-06-1.96336e-05
   1.58082e-05  3.3943e-05-6.43155e-06-1.96336e-05  0.00132273 ]
%MSG
%MSG-w BasicTrajectoryState:  TrackProducer:hltCtfActivityWithMaterialTracks  05-Sep-2013 09:42:55 CEST Run: 1 Event: 4884
local error not pos-def
[  4.90868e-06 8.51046e-07-6.80181e-07 2.76307e-06 2.27592e-05
   8.51046e-07 -2.6917e-07 1.95704e-07-8.92281e-07-6.81623e-06
  -6.80181e-07 1.95704e-07 1.01176e-06 6.92348e-07-2.66057e-05
   2.76307e-06-8.92281e-07 6.92348e-07 2.97513e-05 6.02435e-05
   2.27592e-05-6.81623e-06-2.66057e-05 6.02435e-05 0.000861845 ]
%MSG
%MSG-w BasicTrajectoryState:  TrackProducer:hltCtfActivityWithMaterialTracks  05-Sep-2013 09:42:55 CEST Run: 1 Event: 4884
curv error not pos-def
[  4.90868e-06   6.715e-07 8.14489e-07-2.69989e-06 2.27051e-05
     6.715e-07 9.57604e-07 -1.8331e-07 6.67737e-07 2.58451e-05
   8.14489e-07 -1.8331e-07-2.46499e-07 8.20991e-07 -6.4235e-06
  -2.69989e-06 6.67737e-07 8.20991e-07 2.84017e-05-5.85076e-05
   2.27051e-05 2.58451e-05 -6.4235e-06-5.85076e-05 0.000858661 ]
%MSG
DTTSPhi::addTracoT: preview not present in TRACO trigger or its code=0  trigger not added!
DTTSPhi::addTracoT: preview not present in TRACO trigger or its code=0  trigger not added!
DTTSPhi::addTracoT: preview not present in TRACO trigger or its code=0  trigger not added!
DTTSPhi::addTracoT: preview not present in TRACO trigger or its code=0  trigger not added!
DTTSPhi::addTracoT: preview not present in TRACO trigger or its code=0  trigger not added!
05-Sep-2013 09:47:09 CEST  Closed file root://eoscms//eos/cms/store/relval/CMSSW_5_3_11_patch3/RelValTTbar/GEN-SIM-DIGI-RAW-HLTDEBUG/PU_START53_LV2_09Jul2013-v1/00000/485AB0AE-08E9-E211-9B9A-0026189438AC.root?svcClass=default
05-Sep-2013 09:47:09 CEST  Initiating request to open file root://eoscms//eos/cms/store/relval/CMSSW_5_3_11_patch3/RelValTTbar/GEN-SIM-DIGI-RAW-HLTDEBUG/PU_START53_LV2_09Jul2013-v1/00000/E475BAC4-08E9-E211-A2F2-00261894393E.root?svcClass=default
130905 09:47:09 25761 Xrd: GoToAnotherServer: Going to: lxfsrc46a05.cern.ch:1095
05-Sep-2013 09:47:09 CEST  Successfully opened file root://eoscms//eos/cms/store/relval/CMSSW_5_3_11_patch3/RelValTTbar/GEN-SIM-DIGI-RAW-HLTDEBUG/PU_START53_LV2_09Jul2013-v1/00000/E475BAC4-08E9-E211-A2F2-00261894393E.root?svcClass=default
Begin processing the 301st record. Run 1, Event 1004, LumiSection 21 at 05-Sep-2013 09:47:25.068 CEST
DTTSPhi::addTracoT: preview not present in TRACO trigger or its code=0  trigger not added!
DTTSPhi::addTracoT: preview not present in TRACO trigger or its code=0  trigger not added!
130905 09:52:20 25761 Xrd: XrdClientMessage::ReadRaw: Failed to read header (8 bytes).
Begin processing the 401st record. Run 1, Event 1204, LumiSection 25 at 05-Sep-2013 09:53:45.706 CEST
DTTSPhi::addTracoT: preview not present in TRACO trigger or its code=0  trigger not added!
05-Sep-2013 09:58:09 CEST  Closed file root://eoscms//eos/cms/store/relval/CMSSW_5_3_11_patch3/RelValTTbar/GEN-SIM-DIGI-RAW-HLTDEBUG/PU_START53_LV2_09Jul2013-v1/00000/E475BAC4-08E9-E211-A2F2-00261894393E.root?svcClass=default

=============================================

MessageLogger Summary

 type     category        sev    module        subroutine        count    total
 ---- -------------------- -- ---------------- ----------------  -----    -----
    1 BasicTrajectoryState -w ElectronSeedProd                       2        2
    2 BasicTrajectoryState -w TrackProducer:hl                       6        6
    3 BasicTrajectoryState -w TrackProducer:hl                       6        6
    4 SiStripQuality       -w EventSetupRecord                       1        1
    5 fileAction           -s file_close                             2        2
    6 fileAction           -s file_open                              4        4

 type    category    Examples: run/evt        run/evt          run/evt
 ---- -------------------- ---------------- ---------------- ----------------
    1 BasicTrajectoryState 1/4434           1/4434           
    2 BasicTrajectoryState 1/4884           1/4884           1/4884
    3 BasicTrajectoryState 1/4884           1/4884           1/4884
    4 SiStripQuality       Run: 1                            
    5 fileAction           PostProcessEvent PostEndRun       
    6 fileAction           pre-events       pre-events       PostProcessEvent

Severity    # Occurrences   Total Occurrences
--------    -------------   -----------------
Warning                15                  15
System                  6                   6
>>> END OF printout of 175 lines from stdout+stderr
>>> Parse FrameworkJobReport crab_fjr.xml
Result of parsing the FrameworkJobReport crab_fjr.xml: Popularity start
lumisRange : 1::84,88-89,94,98-99::1;1::21-22,25,31::2;
lumisParentRange : 
Basename : /store/relval/CMSSW_5_3_11_patch3/RelValTTbar/GEN-SIM-DIGI-RAW-HLTDEBUG/PU_START53_LV2_09Jul2013-v1/00000/
BasenameParent : 
parentFiles : 
inputBlocks : /RelValTTbar/CMSSW_5_3_11_patch3-PU_START53_LV2_09Jul2013-v1/GEN-SIM-DIGI-RAW-HLTDEBUG#bc03e9fc-e90e-11e2-95e5-00221959e7c0
inputFiles : 485AB0AE-08E9-E211-9B9A-0026189438AC.root::1::EDM::Local::1;E475BAC4-08E9-E211-A2F2-00261894393E.root::1::EDM::Local::2;
Popularity stop
Extracted ExitStatus from FrameworkJobReport parsing output: 0
>>> Executable succeded  0
ExeExitCode=0
EXECUTABLE_EXIT_STATUS = 0
>>> current directory /home/grid/cms667/home_cream_722032489/CREAM722032489/CMSSW_5_3_11_patch6
>>>  (SOFTWARE_DIR): /home/grid/cms667/home_cream_722032489/CREAM722032489/CMSSW_5_3_11_patch6
>>> (WORKING_DIR): 
>>> current directory content:
total 4229228
drwxr-xr-x 3 cms667 zh       4096 Sep  5 09:27 .SCRAM
-rw------- 1 cms667 zh    3842683 Sep  5 09:27 CMSSW.py.pkl
drwxr-xr-x 3 cms667 zh       4096 Sep  5 09:27 bin
drwxr-xr-x 3 cms667 zh       4096 Sep  5 09:27 cfipython
drwxr-xr-x 4 cms667 zh       4096 Sep  5 09:27 config
-rw------- 1 cms667 zh         18 Sep  5 09:58 cpu_timing.txt
drwxr-xr-x 2 cms667 zh       4096 Sep  5 09:27 doc
-rw------- 1 cms667 zh      12190 Sep  5 09:58 executable.out
drwxr-xr-x 2 cms667 zh       4096 Sep  5 09:27 include
drwx------ 3 cms667 zh       4096 Aug 26 18:31 lib
drwxr-xr-x 3 cms667 zh       4096 Sep  5 09:27 logs
drwxr-xr-x 3 cms667 zh       4096 Sep  5 09:27 objs
-rw------- 1 cms667 zh 4318629050 Sep  5 09:58 output.root
-rw------- 1 cms667 zh        104 Sep  5 09:27 pset.py
-rw------- 1 cms667 zh    3843524 Sep  5 09:27 pset.py.pkl
-rw------- 1 cms667 zh        289 Sep  5 09:27 pset.pyc
drwxr-xr-x 2 cms667 zh       4096 Sep  5 09:27 python
-rw------- 1 cms667 zh        440 Sep  5 09:58 report.log
drwx------ 5 cms667 zh       4096 Sep  5 09:27 src
drwxr-xr-x 3 cms667 zh       4096 Sep  5 09:27 test
drwxr-xr-x 3 cms667 zh       4096 Sep  5 09:27 tmp
>>> current directory /home/grid/cms667/home_cream_722032489/CREAM722032489/CMSSW_5_3_11_patch6
>>> (SOFTWARE_DIR): /home/grid/cms667/home_cream_722032489/CREAM722032489/CMSSW_5_3_11_patch6
>>> (WORKING_DIR): 
>>> current directory content:
total 4229228
drwxr-xr-x 3 cms667 zh       4096 Sep  5 09:27 .SCRAM
-rw------- 1 cms667 zh    3842683 Sep  5 09:27 CMSSW.py.pkl
drwxr-xr-x 3 cms667 zh       4096 Sep  5 09:27 bin
drwxr-xr-x 3 cms667 zh       4096 Sep  5 09:27 cfipython
drwxr-xr-x 4 cms667 zh       4096 Sep  5 09:27 config
-rw------- 1 cms667 zh         18 Sep  5 09:58 cpu_timing.txt
drwxr-xr-x 2 cms667 zh       4096 Sep  5 09:27 doc
-rw------- 1 cms667 zh      12190 Sep  5 09:58 executable.out
drwxr-xr-x 2 cms667 zh       4096 Sep  5 09:27 include
drwx------ 3 cms667 zh       4096 Aug 26 18:31 lib
drwxr-xr-x 3 cms667 zh       4096 Sep  5 09:27 logs
drwxr-xr-x 3 cms667 zh       4096 Sep  5 09:27 objs
-rw------- 1 cms667 zh 4318629050 Sep  5 09:58 output_14_2_EoT.root
-rw------- 1 cms667 zh        104 Sep  5 09:27 pset.py
-rw------- 1 cms667 zh    3843524 Sep  5 09:27 pset.py.pkl
-rw------- 1 cms667 zh        289 Sep  5 09:27 pset.pyc
drwxr-xr-x 2 cms667 zh       4096 Sep  5 09:27 python
-rw------- 1 cms667 zh        440 Sep  5 09:58 report.log
drwx------ 5 cms667 zh       4096 Sep  5 09:27 src
drwxr-xr-x 3 cms667 zh       4096 Sep  5 09:27 test
drwxr-xr-x 3 cms667 zh       4096 Sep  5 09:27 tmp
>>> current directory (RUNTIME_AREA):  /home/grid/cms667/home_cream_722032489/CREAM722032489
SE = dcache-se-cms.desy.de
SE_PATH = /srm/managerv2?SFN=/pnfs/desy.de/cms/tier2/store/user/marfin/RelValTTbar/53xRelVal2011Redigi_v2/844a175eacc74cc51be2e7d71ca2539e/
LFNBaseName = /store/user/marfin/RelValTTbar/53xRelVal2011Redigi_v2/844a175eacc74cc51be2e7d71ca2539e/
USER = marfin
endpoint = srm://dcache-se-cms.desy.de:8443/srm/managerv2?SFN=/pnfs/desy.de/cms/tier2/store/user/marfin/RelValTTbar/53xRelVal2011Redigi_v2/844a175eacc74cc51be2e7d71ca2539e/
>>> Copy output files from WN = lxbsq2002.cern.ch to /srm/managerv2?SFN=/pnfs/desy.de/cms/tier2/store/user/marfin/RelValTTbar/53xRelVal2011Redigi_v2/844a175eacc74cc51be2e7d71ca2539e/ :
python cmscp.py  --destination srm://dcache-se-cms.desy.de:8443/srm/managerv2?SFN=/pnfs/desy.de/cms/tier2/store/user/marfin/RelValTTbar/53xRelVal2011Redigi_v2/844a175eacc74cc51be2e7d71ca2539e/ --inputFileList /home/grid/cms667/home_cream_722032489/CREAM722032489/CMSSW_5_3_11_patch6/output_14_2_EoT.root --middleware LCG --se_name dcache-se-cms.desy.de --for_lfn /store/user/marfin/RelValTTbar/53xRelVal2011Redigi_v2/844a175eacc74cc51be2e7d71ca2539e/    
******************************************************
localSeName  =  srm-eoscms.cern.ch
remoteSeName =  dcache-se-cms.desy.de
******************************************************
{"/home/grid/cms667/home_cream_722032489/CREAM722032489/CMSSW_5_3_11_patch6/output_14_2_EoT.root": {"endpoint": "srm://dcache-se-cms.desy.de:8443/srm/managerv2?SFN=/pnfs/desy.de/cms/tier2/store/user/marfin/RelValTTbar/53xRelVal2011Redigi_v2/844a175eacc74cc51be2e7d71ca2539e/", "surl_for_grid": "", "reason": "Copy succedeed with srm-lcg utils", "erCode": "0", "se_name": "dcache-se-cms.desy.de", "for_lfn": "/store/user/marfin/RelValTTbar/53xRelVal2011Redigi_v2/844a175eacc74cc51be2e7d71ca2539e/"}}/home/grid/cms667/home_cream_722032489/CREAM722032489
-------- cat /home/grid/cms667/home_cream_722032489/CREAM722032489/cmscpReport.sh 
#!/bin/bash
echo "Report for File: /home/grid/cms667/home_cream_722032489/CREAM722032489/CMSSW_5_3_11_patch6/output_14_2_EoT.root"
echo "LFN: /store/user/marfin/RelValTTbar/53xRelVal2011Redigi_v2/844a175eacc74cc51be2e7d71ca2539e/output_14_2_EoT.root"
echo "StorageElement: dcache-se-cms.desy.de"
echo "StageOutExitStatusReason = 'Copy succedeed with srm-lcg utils'" | tee -a $RUNTIME_AREA/$repo
echo "StageOutSE = dcache-se-cms.desy.de" >> $RUNTIME_AREA/$repo

export StageOutExitStatus=0
echo "StageOutExitStatus = 0" | tee -a $RUNTIME_AREA/$repo
-------- end of /home/grid/cms667/home_cream_722032489/CREAM722032489/cmscpReport.sh 
Report for File: /home/grid/cms667/home_cream_722032489/CREAM722032489/CMSSW_5_3_11_patch6/output_14_2_EoT.root
LFN: /store/user/marfin/RelValTTbar/53xRelVal2011Redigi_v2/844a175eacc74cc51be2e7d71ca2539e/output_14_2_EoT.root
StorageElement: dcache-se-cms.desy.de
StageOutExitStatusReason = 'Copy succedeed with srm-lcg utils'
StageOutExitStatus = 0
>>> current dir: /home/grid/cms667/home_cream_722032489/CREAM722032489
>>> current dir content:
total 6256
-rwx------  1 cms667 zh   13669 Sep  5 09:27 .BrokerInfo
-rw-------  1 cms667 zh    6236 Sep  5 09:59 .SEinteraction.log
-rwx------  1 cms667 zh       0 Sep  5 09:27 .tmp_file
-rw-------  1 cms667 zh     105 Sep  5 08:23 CMSSW.py
-rw-------  1 cms667 zh 3842683 Sep  5 08:23 CMSSW.py.pkl
-rwx------  1 cms667 zh   27991 Sep  5 09:27 CMSSW.sh
-rwx------  1 cms667 zh       0 Sep  5 09:27 CMSSW_14.stderr
-rwx---r--  1 cms667 zh   26815 Sep  5 09:59 CMSSW_14.stdout
drwxr-xr-x 15 cms667 zh    4096 Sep  5 09:58 CMSSW_5_3_11_patch6
-rw-------  1 cms667 zh     484 Sep  5 09:27 CacheEnv.sh
-rw-------  1 cms667 zh    7291 Jun  9  2010 DashboardAPI.py
-rw-------  1 cms667 zh    6493 Sep  5 09:27 DashboardAPI.pyc
drwx------  3 cms667 zh    4096 Aug 20 17:36 IMProv
-rw-------  1 cms667 zh    2748 Mar  8  2006 Logger.py
-rw-------  1 cms667 zh    3223 Sep  5 09:27 Logger.pyc
-rw-------  1 cms667 zh   24524 Mar 28  2008 ProcInfo.py
-rw-------  1 cms667 zh   22846 Sep  5 09:27 ProcInfo.pyc
drwx------  7 cms667 zh    4096 Sep  5 09:27 ProdCommon
drwx------  3 cms667 zh    4096 Sep  5 09:27 WMCore
-rw-------  1 cms667 zh    4914 Sep  5 09:58 Watchdog_14.log
-rw-------  1 cms667 zh   32895 Mar 28  2008 apmon.py
-rw-------  1 cms667 zh   28120 Sep  5 09:27 apmon.pyc
-rwx------  1 cms667 zh   10416 Sep  5 09:27 arguments.xml
-rwx------  1 cms667 zh   38507 Aug  6 23:12 cmscp.py
-rw-------  1 cms667 zh     548 Sep  5 09:59 cmscpReport.sh
-rw-------  1 cms667 zh     509 Sep  5 08:23 crab.cfg
-rwx------  1 cms667 zh    8610 Apr  2 15:44 crabWatchdog.sh
-rwx---r--  1 cms667 zh  781834 Sep  5 09:58 crab_fjr_14.xml
-rwx------  1 cms667 zh 1216159 Sep  5 09:27 default.tgz
-rwx------  1 cms667 zh    4488 May 12  2012 fillCrabFjr.py
-rw-------  1 cms667 zh     468 Sep  5 09:27 inputsReport.txt
-rw-------  1 cms667 zh     260 Sep  5 09:59 jobreport.txt
lrwxrwxrwx  1 cms667 zh      94 Sep  5 09:58 output.root -> /home/grid/cms667/home_cream_722032489/CREAM722032489/CMSSW_5_3_11_patch6/output_14_2_EoT.root
-rw-------  1 cms667 zh   17352 Jan 20  2012 parseCrabFjr.py
-rw-------  1 cms667 zh     265 Sep  5 09:27 report.log
-rwx--x--x  1 cms667 zh    1497 May 27  2009 report.py
-rw-------  1 cms667 zh     498 Sep  5 09:59 resultCopyFile
-rwx------  1 cms667 zh    8387 Mar 23  2011 writeCfg.py
>>> Modify Job Report:
CMSSW_VERSION = CMSSW_5_3_11_patch6
ProcessedDataset = 53xRelVal2011Redigi_v2
/home/grid/cms667/home_cream_722032489/CREAM722032489/ProdCommon/FwkJobRep/ModifyJobReport.py fjr /home/grid/cms667/home_cream_722032489/CREAM722032489/crab_fjr_14.xml json /home/grid/cms667/home_cream_722032489/CREAM722032489/resultCopyFile n_job 14_2_EoT PrimaryDataset RelValTTbar  ApplicationFamily cmsRun ApplicationName cmsRun cmssw_version CMSSW_5_3_11_patch6 psethash 844a175eacc74cc51be2e7d71ca2539e UserProcessedDataset marfin-53xRelVal2011Redigi_v2-844a175eacc74cc51be2e7d71ca2539e
inputDict =  {u'/home/grid/cms667/home_cream_722032489/CREAM722032489/CMSSW_5_3_11_patch6/output_14_2_EoT.root': {u'endpoint': u'srm://dcache-se-cms.desy.de:8443/srm/managerv2?SFN=/pnfs/desy.de/cms/tier2/store/user/marfin/RelValTTbar/53xRelVal2011Redigi_v2/844a175eacc74cc51be2e7d71ca2539e/', u'surl_for_grid': u'', u'reason': u'Copy succedeed with srm-lcg utils', u'erCode': u'0', u'se_name': u'dcache-se-cms.desy.de', u'for_lfn': u'/store/user/marfin/RelValTTbar/53xRelVal2011Redigi_v2/844a175eacc74cc51be2e7d71ca2539e/'}}
diz_filter =  {u'output.root': u''}
UserProcessedDataset =  marfin-53xRelVal2011Redigi_v2-844a175eacc74cc51be2e7d71ca2539e
file_name in inputDict =  /home/grid/cms667/home_cream_722032489/CREAM722032489/CMSSW_5_3_11_patch6/output_14_2_EoT.root
(size) os.stat(filename)[6] =  4318629050
checksum =  151916109
filter =  
    file =  output_14_2_EoT.root
    newPfn =  srm://dcache-se-cms.desy.de:8443/srm/managerv2?SFN=/pnfs/desy.de/cms/tier2/store/user/marfin/RelValTTbar/53xRelVal2011Redigi_v2/844a175eacc74cc51be2e7d71ca2539e/output_14_2_EoT.root
    newLfn =  /store/user/marfin/RelValTTbar/53xRelVal2011Redigi_v2/844a175eacc74cc51be2e7d71ca2539e/output_14_2_EoT.root
>>> crab_fjr_*.xml  permission set to 0704
Checking output files:  
will tar file crab_fjr_14.xml in  out_files_14
will tar file CMSSW_14.stdout in  out_files_14
will tar file CMSSW_14.stderr in  out_files_14
WARNING: output file Watchdog_14.log.gz not found!
>>> padding time: Wrapper lasting more than 600 seconds. No sleep required.
STOPPING WATCHDOG. CrabWatchdog PID is 25333
********** LAST 50 LINES OF WATCHDOG LOG
 
# TIME			PID	RSS(KB)	VSZ(KB)	Dsk(MB)	tCPU(s)	tWALL(s)	COMMAND
 Sep 05 09:27:26 CEST	25209	1140	63888	0	0	0	sh -c "./CMSSW.sh" 14 2$* > "CMSSW_14.stdout" 2> "CMSSW_14.stderr"  
 Sep 05 09:27:26 CEST	25212	1512	64140	0	0	0	/bin/sh ./CMSSW.sh 14 2       
 Sep 05 09:27:26 CEST	25345	25596	93100	0	0	0	edmConfigHash pset.py         
 Sep 05 09:27:26 CEST	---	25596	93100	18	----	----	----
 Sep 05 09:28:26 CEST	25761	1088044	1371756	18	38	60	cmsRun -j /home/grid/cms667/home_cream_722032489/CREAM722032489/crab_fjr_14.xml -p pset.py      
 Sep 05 09:28:26 CEST	---	1088044	1371756	22	----	----	----
 Sep 05 09:29:26 CEST	25761	1816220	2294876	22	93	120	cmsRun -j /home/grid/cms667/home_cream_722032489/CREAM722032489/crab_fjr_14.xml -p pset.py      
 Sep 05 09:29:26 CEST	---	1816220	2294876	124	----	----	----
 Sep 05 09:30:26 CEST	25761	1838020	2294876	124	152	181	cmsRun -j /home/grid/cms667/home_cream_722032489/CREAM722032489/crab_fjr_14.xml -p pset.py      
 Sep 05 09:30:26 CEST	---	1838020	2294876	274	----	----	----
 Sep 05 09:31:27 CEST	---	1838020	2294876	423	----	----	----
 Sep 05 09:32:27 CEST	25761	1838080	2294876	423	270	301	cmsRun -j /home/grid/cms667/home_cream_722032489/CREAM722032489/crab_fjr_14.xml -p pset.py      
 Sep 05 09:32:27 CEST	---	1838080	2294876	570	----	----	----
 Sep 05 09:33:27 CEST	25761	1864196	2301020	570	330	361	cmsRun -j /home/grid/cms667/home_cream_722032489/CREAM722032489/crab_fjr_14.xml -p pset.py      
 Sep 05 09:33:27 CEST	---	1864196	2301020	709	----	----	----
 Sep 05 09:34:27 CEST	---	1864196	2301020	848	----	----	----
 Sep 05 09:35:28 CEST	25761	1901100	2341468	848	448	482	cmsRun -j /home/grid/cms667/home_cream_722032489/CREAM722032489/crab_fjr_14.xml -p pset.py      
 Sep 05 09:35:28 CEST	---	1901100	2341468	990	----	----	----
 Sep 05 09:36:28 CEST	---	1901100	2341468	1133	----	----	----
 Sep 05 09:37:28 CEST	---	1901100	2341468	1274	----	----	----
 Sep 05 09:38:29 CEST	---	1901100	2341468	1417	----	----	----
 Sep 05 09:39:29 CEST	25761	1928188	2395996	1417	685	723	cmsRun -j /home/grid/cms667/home_cream_722032489/CREAM722032489/crab_fjr_14.xml -p pset.py      
 Sep 05 09:39:29 CEST	---	1928188	2395996	1561	----	----	----
 Sep 05 09:40:29 CEST	25761	1932940	2401372	1561	744	783	cmsRun -j /home/grid/cms667/home_cream_722032489/CREAM722032489/crab_fjr_14.xml -p pset.py      
 Sep 05 09:40:29 CEST	---	1932940	2401372	1712	----	----	----
 Sep 05 09:41:29 CEST	---	1932940	2401372	1850	----	----	----
 Sep 05 09:42:30 CEST	---	1932940	2401372	1986	----	----	----
 Sep 05 09:43:30 CEST	25761	1932940	2401628	1986	922	964	cmsRun -j /home/grid/cms667/home_cream_722032489/CREAM722032489/crab_fjr_14.xml -p pset.py      
 Sep 05 09:43:30 CEST	---	1932940	2401628	2123	----	----	----
 Sep 05 09:44:30 CEST	25761	1933428	2404444	2123	981	1024	cmsRun -j /home/grid/cms667/home_cream_722032489/CREAM722032489/crab_fjr_14.xml -p pset.py      
 Sep 05 09:44:30 CEST	---	1933428	2404444	2265	----	----	----
 Sep 05 09:45:30 CEST	25761	1939364	2412380	2265	1040	1085	cmsRun -j /home/grid/cms667/home_cream_722032489/CREAM722032489/crab_fjr_14.xml -p pset.py      
 Sep 05 09:45:30 CEST	---	1939364	2412380	2408	----	----	----
 Sep 05 09:46:31 CEST	25761	1942956	2425180	2408	1099	1145	cmsRun -j /home/grid/cms667/home_cream_722032489/CREAM722032489/crab_fjr_14.xml -p pset.py      
 Sep 05 09:46:31 CEST	---	1942956	2425180	2555	----	----	----
 Sep 05 09:47:31 CEST	---	1942956	2425180	2688	----	----	----
 Sep 05 09:48:31 CEST	---	1942956	2425180	2825	----	----	----
 Sep 05 09:49:32 CEST	---	1942956	2425180	2966	----	----	----
 Sep 05 09:50:32 CEST	---	1942956	2425180	3094	----	----	----
 Sep 05 09:51:32 CEST	---	1942956	2425180	3233	----	----	----
 Sep 05 09:52:32 CEST	25761	2031428	2476896	3233	1449	1507	cmsRun -j /home/grid/cms667/home_cream_722032489/CREAM722032489/crab_fjr_14.xml -p pset.py      
 Sep 05 09:52:32 CEST	---	2031428	2476896	3365	----	----	----
 Sep 05 09:53:33 CEST	---	2031428	2476896	3512	----	----	----
 Sep 05 09:54:33 CEST	---	2031428	2476896	3644	----	----	----
 Sep 05 09:55:33 CEST	---	2031428	2476896	3775	----	----	----
 Sep 05 09:56:34 CEST	---	2031428	2476896	3910	----	----	----
 Sep 05 09:57:34 CEST	---	2031428	2476896	4049	----	----	----
 Sep 05 09:58:34 CEST	---	2031428	2476896	4145	----	----	----
********** WATCHDOG LOG ENDED
ZIPPING WATCHDOG LOG
Disk space used:
du -sh /home/grid/cms667/home_cream_722032489/CREAM722032489
4.1G	/home/grid/cms667/home_cream_722032489/CREAM722032489
Found unusual stderr, rename for OSB
`/pool/grid/cms667/home_cream_722032489/CREAM722032489/CMSSW_14.stdout' -> `CMSSW_14.stderr'
crab_fjr_14.xml
CMSSW_14.stdout
CMSSW_14.stderr
Watchdog_14.log.gz
Total Output dimension: 79341
WARNING: output files size limit is set to: 55000000
Total Output dimension 79341 is fine.
JOB_EXIT_STATUS = 0
>>> info for dashboard:
***** Cat /home/grid/cms667/home_cream_722032489/CREAM722032489/jobreport.txt *****
MonitorJobID=14_https://wms314.cern.ch:9000/cdUDfwJzv36dE7oC76B2ZA
MonitorID=marfin_crab_0_130905_082339_f78ol1
ExeTime=1841
ExeExitCode=0
StageOutExitStatusReason = 'Copy succedeed with srm-lcg utils'
StageOutSE = dcache-se-cms.desy.de
StageOutExitStatus = 0
CrabUserCpuTime=1750.15
CrabSysCpuTime=37.20
CrabCpuPercentage=97%
CrabWrapperTime=1967
CrabStageoutTime=85
JobExitCode=0
***** End Cat jobreport *****
Parameters sent to Dashboard.
crab_fjr_14.xml
