This script was generated by crab (version 2.9.0).
Running ./CMSSW.sh with 2 positional parameters: 7 2
Today is Thu Sep  5 09:30:15 CEST 2013
Job submitted on host lxbrl2719.cern.ch
Linux lxbrl2719.cern.ch 2.6.18-308.24.1.el5 #1 SMP Wed Dec 5 09:45:59 CET 2012 x86_64 x86_64 x86_64 GNU/Linux
>>> current directory (RUNTIME_AREA): /home/grid/cms667/home_cream_629948345/CREAM629948345
>>> current user: uid=52545(cms667) gid=1399(zh) groups=1399(zh),1091782864 context=system_u:system_r:initrc_t
>>> directory permission set to 0700
>>> umask set to:  u=rwx,g=,o=
>>> stdout stderr permission set to 0704
>>> voms proxy information:
subject   : /C=DE/O=GermanGrid/OU=DESY/CN=Ihar Marfin/CN=proxy/CN=proxy/CN=proxy/CN=limited proxy
issuer    : /C=DE/O=GermanGrid/OU=DESY/CN=Ihar Marfin/CN=proxy/CN=proxy/CN=proxy
identity  : /C=DE/O=GermanGrid/OU=DESY/CN=Ihar Marfin/CN=proxy/CN=proxy/CN=proxy
type      : limited proxy
strength  : 1024 bits
path      : /home/grid/cms667/home_cream_629948345/cream_629948345.proxy
timeleft  : 190:30:33
key usage : 
=== VO cms extension information ===
VO        : cms
subject   : /C=DE/O=GermanGrid/OU=DESY/CN=Ihar Marfin
issuer    : /DC=ch/DC=cern/OU=computers/CN=lcg-voms.cern.ch
attribute : /cms/Role=NULL/Capability=NULL
attribute : /cms/dcms/Role=NULL/Capability=NULL
timeleft  : 190:32:49
uri       : lcg-voms.cern.ch:15002
>>> tar --no-same-permissions -xf /home/grid/cms667/home_cream_629948345/CREAM629948345/default.tgz :
Successful untar
>>> Include /home/grid/cms667/home_cream_629948345/CREAM629948345 in PYTHONPATH:
strip arguments
env var CRAB_UNIQUE_JOB_ID set to: marfin_crab_0_130905_082339_f78ol1_7_2_lEd
out_files_7
>>> list of expected files on output sandbox
output files: crab_fjr_7.xml CMSSW_7.stdout CMSSW_7.stderr Watchdog_7.log.gz
>>> GridFlavour discovery: 
GridFlavour=LCG
>>> SyncSite discovery: 
not reporting SyncSite
>>> SyncCE discovery: 
getting SyncCE from CE_ID
SyncCE=ce204.cern.ch:8443/cream-lsf-grid_cms
>>> info for dashboard:
***** Cat /home/grid/cms667/home_cream_629948345/CREAM629948345/jobreport.txt *****
MonitorJobID=7_https://wms314.cern.ch:9000/QMR5UVNPJPCo3QTlVUGr2A
SyncGridJobId=https://wms314.cern.ch:9000/QMR5UVNPJPCo3QTlVUGr2A
MonitorID=marfin_crab_0_130905_082339_f78ol1
GridFlavour=LCG
SyncCE=ce204.cern.ch:8443/cream-lsf-grid_cms
***** End Cat jobreport *****
Parameters sent to Dashboard.
>>> setup environment
set SCRAM ARCH to slc5_amd64_gcc462
SCRAM_ARCH = slc5_amd64_gcc462
>>> setup CMS LCG environment:
set SCRAM ARCH and BUILD_ARCH to slc5_amd64_gcc462 ###
Sourcing environment... 
sourcing /afs/cern.ch/project/gd/apps/cms/cmsset_default.sh
==> setup cms environment ok
>>> specific cmssw setup environment:
CMSSW_VERSION =  CMSSW_5_3_11_patch6
>>> current directory (SOFTWARE_DIR): /home/grid/cms667/home_cream_629948345/CREAM629948345/CMSSW_5_3_11_patch6
PreserveSeeds: <>
IncrementSeeds:<>
{"output.root": ""}
WNHostName=lxbrl2719.cern.ch
>>> info for dashboard:
***** Cat /home/grid/cms667/home_cream_629948345/CREAM629948345/jobreport.txt *****
MonitorJobID=7_https://wms314.cern.ch:9000/QMR5UVNPJPCo3QTlVUGr2A
MonitorID=marfin_crab_0_130905_082339_f78ol1
WNHostName=lxbrl2719.cern.ch
***** End Cat jobreport *****
Parameters sent to Dashboard.
crabWatchdog started as process 516
>>> moving CMSSW software directories in /home/grid/cms667/home_cream_629948345/CREAM629948345/CMSSW_5_3_11_patch6
mv: cannot stat `/home/grid/cms667/home_cream_629948345/CREAM629948345/module/': No such file or directory
>>> Include /home/grid/cms667/home_cream_629948345/CREAM629948345 in PYTHONPATH:
PYTHONPATH=/home/grid/cms667/home_cream_629948345/CREAM629948345/:/pool/grid/cms667/home_cream_629948345/CREAM629948345/CMSSW_5_3_11_patch6/python:/pool/grid/cms667/home_cream_629948345/CREAM629948345/CMSSW_5_3_11_patch6/lib/slc5_amd64_gcc462:/afs/cern.ch/cms/slc5_amd64_gcc462/cms/cmssw-patch/CMSSW_5_3_11_patch6/python:/afs/cern.ch/cms/slc5_amd64_gcc462/cms/cmssw-patch/CMSSW_5_3_11_patch6/lib/slc5_amd64_gcc462:/afs/cern.ch/cms/slc5_amd64_gcc462/cms/cmssw/CMSSW_5_3_11/bin/slc5_amd64_gcc462:/afs/cern.ch/cms/slc5_amd64_gcc462/cms/cmssw/CMSSW_5_3_11/lib/slc5_amd64_gcc462:/afs/cern.ch/cms/slc5_amd64_gcc462/cms/coral/CORAL_2_3_21-cms35/slc5_amd64_gcc462/python:/afs/cern.ch/cms/slc5_amd64_gcc462/cms/coral/CORAL_2_3_21-cms35/slc5_amd64_gcc462/lib:/afs/cern.ch/cms/slc5_amd64_gcc462/external/pyqt/4.8.1/lib/python2.6/site-packages:/afs/cern.ch/cms/slc5_amd64_gcc462/external/py2-scipy/0.8.0/lib/python2.6/site-packages:/afs/cern.ch/cms/slc5_amd64_gcc462/external/py2-matplotlib/1.0.1/lib/python2.6/site-packages:/afs/cern.ch/cms/slc5_amd64_gcc462/external/python-ldap/2.3.5/lib/python2.6/site-packages:/afs/cern.ch/cms/slc5_amd64_gcc462/external/sip/4.11.2/lib/python2.6/site-packages:/afs/cern.ch/cms/slc5_amd64_gcc462/external/py2-pycurl/7.19.0/lib/python2.6/site-packages:/afs/cern.ch/cms/slc5_amd64_gcc462/external/py2-numpy/1.6.1/lib/python2.6/site-packages:/afs/cern.ch/cms/slc5_amd64_gcc462/external/py2-ipython/0.10/lib/python2.6/site-packages:/afs/cern.ch/cms/slc5_amd64_gcc462/external/py2-cx-oracle/5.1-cms11/lib/python2.6/site-packages:/afs/cern.ch/cms/slc5_amd64_gcc462/external/py2-cjson/1.0.5/lib/python2.6/site-packages:/afs/cern.ch/cms/slc5_amd64_gcc462/cms/das-client/1.9.5/bin:/afs/cern.ch/cms/slc5_amd64_gcc462/external/elementtree/1.2.6/share/lib/python2.6/site-packages:/afs/cern.ch/cms/slc5_amd64_gcc462/external/rivet/1.8.2/lib/python2.6/site-packages:/afs/cern.ch/cms/slc5_amd64_gcc462/external/pyminuit2/0.0.1-cms39/lib/python2.6/site-packages:/afs/cern.ch/cms/slc5_amd64_gcc462/external/professor/1.0.0-cms40/lib/python2.6/site-packages:/afs/cern.ch/cms/slc5_amd64_gcc462/lcg/root/5.32.00-cms21/lib:/afs/cern.ch/cms/slc5_amd64_gcc462/cms/dbs-client/DBS_2_1_9-cms3/lib:/afs/cern.ch/cms/slc5_amd64_gcc462/cms/dbs-client/DBS_2_1_9-cms3/lib/DBSAPI:/afs/cern.ch/cms/slc5_amd64_gcc462/external/cvs2git/5419/lib:/home/grid/cms667/home_cream_629948345/CREAM629948345/
 
# LIMITS USED BY CRAB WATCHDOG:
# RSS  (KBytes)   : 2300000
# VSZ  (KBytes)   : 100000000
# DISK (MBytes)   : 19000
# CPU TIME        : 720h:0m:0s
# WALL CLOCK TIME : 21h:50m:0s
 
844a175eacc74cc51be2e7d71ca2539e
PSETHASH = 844a175eacc74cc51be2e7d71ca2539e
/home/grid/cms667/home_cream_629948345/CREAM629948345/writeCfg.py pset.py pset.py
Importing .py file
Setting parameters
RandomNumberGeneratorService found, will attempt to change seeds
inputBlocks=/RelValTTbar/CMSSW_5_3_11_patch3-PU_START53_LV2_09Jul2013-v1/GEN-SIM-DIGI-RAW-HLTDEBUG#bc03e9fc-e90e-11e2-95e5-00221959e7c0
inputFiles=/store/relval/CMSSW_5_3_11_patch3/RelValTTbar/GEN-SIM-DIGI-RAW-HLTDEBUG/PU_START53_LV2_09Jul2013-v1/00000/0E1C7EF4-08E9-E211-A46B-003048678C26.root;/store/relval/CMSSW_5_3_11_patch3/RelValTTbar/GEN-SIM-DIGI-RAW-HLTDEBUG/PU_START53_LV2_09Jul2013-v1/00000/DCFB8219-09E9-E211-B7A9-003048FFCB74.root
parentFiles=
lumisRange=
>>> Executable cmsRun
/afs/cern.ch/cms/slc5_amd64_gcc462/cms/cmssw-patch/CMSSW_5_3_11_patch6/bin/slc5_amd64_gcc462/cmsRun
ok executable found
>>> info for dashboard:
***** Cat /home/grid/cms667/home_cream_629948345/CREAM629948345/jobreport.txt *****
MonitorJobID=7_https://wms314.cern.ch:9000/QMR5UVNPJPCo3QTlVUGr2A
MonitorID=marfin_crab_0_130905_082339_f78ol1
ExeStart=cmsRun
***** End Cat jobreport *****
Parameters sent to Dashboard.
>>> cmsRun started at Thu Sep  5 07:31:01 UTC 2013
>>> cmsRun ended at Thu Sep  5 08:18:30 UTC 2013
>>> crab_fjr_*.xml  permission set to 0704
>>> info for dashboard:
***** Cat /home/grid/cms667/home_cream_629948345/CREAM629948345/jobreport.txt *****
MonitorJobID=7_https://wms314.cern.ch:9000/QMR5UVNPJPCo3QTlVUGr2A
MonitorID=marfin_crab_0_130905_082339_f78ol1
ExeEnd=cmsRun
***** End Cat jobreport *****
Parameters sent to Dashboard.
TIME_EXE = 2849 sec
>>> cmsRun wrote 133 lines of stdout+stderr
>>> START OF printout of 133 lines from stdout+stderr
05-Sep-2013 09:33:09 CEST  Initiating request to open file root://eoscms//eos/cms/store/relval/CMSSW_5_3_11_patch3/RelValTTbar/GEN-SIM-DIGI-RAW-HLTDEBUG/PU_START53_LV2_09Jul2013-v1/00000/0E1C7EF4-08E9-E211-A46B-003048678C26.root?svcClass=default
130905 09:33:09 699 Xrd: GoToAnotherServer: Going to: lxfsrf55c01.cern.ch:1095
05-Sep-2013 09:33:15 CEST  Successfully opened file root://eoscms//eos/cms/store/relval/CMSSW_5_3_11_patch3/RelValTTbar/GEN-SIM-DIGI-RAW-HLTDEBUG/PU_START53_LV2_09Jul2013-v1/00000/0E1C7EF4-08E9-E211-A46B-003048678C26.root?svcClass=default
%MSG-w SiStripQuality:  EventSetupRecordDataGetter:hltGetConditions@beginRun  05-Sep-2013 09:35:10 CEST Run: 1
The cabling should always include the active feds in runInfo and possibly have some morethere are instead 59 feds only active in runInfo
%MSG
Begin processing the 1st record. Run 1, Event 1943, LumiSection 39 at 05-Sep-2013 09:35:29.285 CEST
%MSG-w BasicTrajectoryState:  TrackProducer:hltCtfActivityWithMaterialTracks  05-Sep-2013 09:38:06 CEST Run: 1 Event: 1969
curv error not pos-def
[  1.01601e-06 2.02271e-07-5.33427e-07 7.73931e-06-1.56537e-05
   2.02271e-07 4.35837e-07 -7.1177e-08 1.25867e-06 3.16097e-05
  -5.33427e-07 -7.1177e-08 5.08243e-07-6.02087e-06 1.88764e-05
   7.73931e-06 1.25867e-06-6.02087e-06-0.000168232 0.000288785
  -1.56537e-05 3.16097e-05 1.88764e-05 0.000288785  0.00241652 ]
%MSG
DTTSPhi::addTracoT: preview not present in TRACO trigger or its code=0  trigger not added!
Begin processing the 101st record. Run 1, Event 2043, LumiSection 41 at 05-Sep-2013 09:45:09.736 CEST
05-Sep-2013 09:45:54 CEST  Closed file root://eoscms//eos/cms/store/relval/CMSSW_5_3_11_patch3/RelValTTbar/GEN-SIM-DIGI-RAW-HLTDEBUG/PU_START53_LV2_09Jul2013-v1/00000/0E1C7EF4-08E9-E211-A46B-003048678C26.root?svcClass=default
05-Sep-2013 09:45:54 CEST  Initiating request to open file root://eoscms//eos/cms/store/relval/CMSSW_5_3_11_patch3/RelValTTbar/GEN-SIM-DIGI-RAW-HLTDEBUG/PU_START53_LV2_09Jul2013-v1/00000/DCFB8219-09E9-E211-B7A9-003048FFCB74.root?svcClass=default
130905 09:45:54 699 Xrd: GoToAnotherServer: Going to: lxfsrk56c02.cern.ch:1095
05-Sep-2013 09:45:54 CEST  Successfully opened file root://eoscms//eos/cms/store/relval/CMSSW_5_3_11_patch3/RelValTTbar/GEN-SIM-DIGI-RAW-HLTDEBUG/PU_START53_LV2_09Jul2013-v1/00000/DCFB8219-09E9-E211-B7A9-003048FFCB74.root?svcClass=default
DTTSPhi::addTracoT: preview not present in TRACO trigger or its code=0  trigger not added!
DTTSPhi::addTracoT: preview not present in TRACO trigger or its code=0  trigger not added!
DTTSPhi::addTracoT: preview not present in TRACO trigger or its code=0  trigger not added!
DTTSPhi::addTracoT: preview not present in TRACO trigger or its code=0  trigger not added!
DTTSPhi::addTracoT: preview not present in TRACO trigger or its code=0  trigger not added!
DTTSPhi::addTracoT: preview not present in TRACO trigger or its code=0  trigger not added!
DTTSPhi::addTracoT: preview not present in TRACO trigger or its code=0  trigger not added!
DTTSPhi::addTracoT: preview not present in TRACO trigger or its code=0  trigger not added!
130905 09:51:07 699 Xrd: XrdClientMessage::ReadRaw: Failed to read header (8 bytes).
Begin processing the 201st record. Run 1, Event 8043, LumiSection 161 at 05-Sep-2013 09:54:33.473 CEST
DTTSPhi::addTracoT: preview not present in TRACO trigger or its code=0  trigger not added!
DTTSPhi::addTracoT: preview not present in TRACO trigger or its code=0  trigger not added!
DTTSPhi::addTracoT: preview not present in TRACO trigger or its code=0  trigger not added!
Begin processing the 301st record. Run 1, Event 8243, LumiSection 165 at 05-Sep-2013 10:02:10.088 CEST
%MSG-w BasicTrajectoryState:  TrackProducer:hltCtfL1IsoWithMaterialTracks  05-Sep-2013 10:04:20 CEST Run: 1 Event: 8263
curv error not pos-def
[  1.86181e+07    -301.367     -930896    -64.4209    -38.7297
      -301.367  0.00545372     15.0682  0.00102273  0.00566378
       -930896     15.0682     46544.4     3.21426     1.93644
      -64.4209  0.00102273     3.21426  -0.0390482-9.78296e-05
      -38.7297  0.00566378     1.93644-9.78296e-05   0.0441626 ]
%MSG
%MSG-w BasicTrajectoryState:  TrackProducer:hltCtfL1IsoWithMaterialTracks  05-Sep-2013 10:04:20 CEST Run: 1 Event: 8263
local error not pos-def
[  1.86181e+07      931870     34657.3     64.4546     60.6506
        931870     46641.9     1734.66     3.21931     3.03535
       34657.3     1734.66     64.5171    0.119689    0.130077
       64.4546     3.21931    0.119689  -0.0390893 -0.00157259
       60.6506     3.03535    0.130077 -0.00157259     0.10001 ]
%MSG
%MSG-w BasicTrajectoryState:  TrackProducer:hltCtfL1IsoWithMaterialTracks  05-Sep-2013 10:04:20 CEST Run: 1 Event: 8263
local error not pos-def
[  1.21988e-06 1.72802e-07 1.30814e-06-5.08646e-06 3.62312e-05
   1.72802e-07-1.41955e-08 -3.6471e-07 1.04796e-06-1.07931e-05
   1.30814e-06 -3.6471e-07  4.3035e-07  1.5189e-07-9.07469e-06
  -5.08646e-06 1.04796e-06  1.5189e-07-9.47501e-07  8.6382e-05
   3.62312e-05-1.07931e-05-9.07469e-06  8.6382e-05 0.000136553 ]
%MSG
%MSG-w BasicTrajectoryState:  TrackProducer:hltCtfL1IsoWithMaterialTracks  05-Sep-2013 10:04:20 CEST Run: 1 Event: 8263
curv error not pos-def
[  1.21988e-06-5.53311e-07 1.76888e-07 5.00738e-06  2.4734e-05
  -5.53311e-07 1.08294e-07 1.53133e-07 -2.3682e-08 1.99886e-06
   1.76888e-07 1.53133e-07-1.87989e-08 -1.0224e-06-7.05759e-06
   5.00738e-06 -2.3682e-08 -1.0224e-06-9.18755e-07-5.66061e-05
    2.4734e-05 1.99886e-06-7.05759e-06-5.66061e-05 4.51521e-05 ]
%MSG
%MSG-w BasicTrajectoryState:  TrackProducer:hltCtfActivityWithMaterialTracks  05-Sep-2013 10:04:20 CEST Run: 1 Event: 8263
curv error not pos-def
[  1.86181e+07    -301.367     -930896    -64.4209    -38.7297
      -301.367  0.00545372     15.0682  0.00102273  0.00566378
       -930896     15.0682     46544.4     3.21426     1.93644
      -64.4209  0.00102273     3.21426  -0.0390482-9.78296e-05
      -38.7297  0.00566378     1.93644-9.78296e-05   0.0441626 ]
%MSG
%MSG-w BasicTrajectoryState:  TrackProducer:hltCtfActivityWithMaterialTracks  05-Sep-2013 10:04:20 CEST Run: 1 Event: 8263
local error not pos-def
[  1.86181e+07      931870     34657.3     64.4546     60.6506
        931870     46641.9     1734.66     3.21931     3.03535
       34657.3     1734.66     64.5171    0.119689    0.130077
       64.4546     3.21931    0.119689  -0.0390893 -0.00157259
       60.6506     3.03535    0.130077 -0.00157259     0.10001 ]
%MSG
%MSG-w BasicTrajectoryState:  TrackProducer:hltCtfActivityWithMaterialTracks  05-Sep-2013 10:04:20 CEST Run: 1 Event: 8263
local error not pos-def
[  1.21988e-06 1.72802e-07 1.30814e-06-5.08646e-06 3.62312e-05
   1.72802e-07-1.41955e-08 -3.6471e-07 1.04796e-06-1.07931e-05
   1.30814e-06 -3.6471e-07  4.3035e-07  1.5189e-07-9.07469e-06
  -5.08646e-06 1.04796e-06  1.5189e-07-9.47501e-07  8.6382e-05
   3.62312e-05-1.07931e-05-9.07469e-06  8.6382e-05 0.000136553 ]
%MSG
%MSG-w BasicTrajectoryState:  TrackProducer:hltCtfActivityWithMaterialTracks  05-Sep-2013 10:04:20 CEST Run: 1 Event: 8263
curv error not pos-def
[  1.21988e-06-5.53311e-07 1.76888e-07 5.00738e-06  2.4734e-05
  -5.53311e-07 1.08294e-07 1.53133e-07 -2.3682e-08 1.99886e-06
   1.76888e-07 1.53133e-07-1.87989e-08 -1.0224e-06-7.05759e-06
   5.00738e-06 -2.3682e-08 -1.0224e-06-9.18755e-07-5.66061e-05
    2.4734e-05 1.99886e-06-7.05759e-06-5.66061e-05 4.51521e-05 ]
%MSG
130905 10:06:07 699 Xrd: XrdClientMessage::ReadRaw: Failed to read header (8 bytes).
DTTSPhi::addTracoT: preview not present in TRACO trigger or its code=0  trigger not added!
DTTSPhi::addTracoT: preview not present in TRACO trigger or its code=0  trigger not added!
DTTSPhi::addTracoT: preview not present in TRACO trigger or its code=0  trigger not added!
DTTSPhi::addTracoT: preview not present in TRACO trigger or its code=0  trigger not added!
Begin processing the 401st record. Run 1, Event 8343, LumiSection 167 at 05-Sep-2013 10:11:42.712 CEST
DTTSPhi::addTracoT: preview not present in TRACO trigger or its code=0  trigger not added!
DTTSPhi::addTracoT: preview not present in TRACO trigger or its code=0  trigger not added!
05-Sep-2013 10:18:00 CEST  Closed file root://eoscms//eos/cms/store/relval/CMSSW_5_3_11_patch3/RelValTTbar/GEN-SIM-DIGI-RAW-HLTDEBUG/PU_START53_LV2_09Jul2013-v1/00000/DCFB8219-09E9-E211-B7A9-003048FFCB74.root?svcClass=default

=============================================

MessageLogger Summary

 type     category        sev    module        subroutine        count    total
 ---- -------------------- -- ---------------- ----------------  -----    -----
    1 BasicTrajectoryState -w TrackProducer:hl                       5        5
    2 BasicTrajectoryState -w TrackProducer:hl                       4        4
    3 SiStripQuality       -w EventSetupRecord                       1        1
    4 fileAction           -s file_close                             2        2
    5 fileAction           -s file_open                              4        4

 type    category    Examples: run/evt        run/evt          run/evt
 ---- -------------------- ---------------- ---------------- ----------------
    1 BasicTrajectoryState 1/1969           1/8263           1/8263
    2 BasicTrajectoryState 1/8263           1/8263           1/8263
    3 SiStripQuality       Run: 1                            
    4 fileAction           PostProcessEvent PostEndRun       
    5 fileAction           pre-events       pre-events       PostProcessEvent

Severity    # Occurrences   Total Occurrences
--------    -------------   -----------------
Warning                10                  10
System                  6                   6
>>> END OF printout of 133 lines from stdout+stderr
>>> Parse FrameworkJobReport crab_fjr.xml
Result of parsing the FrameworkJobReport crab_fjr.xml: Popularity start
lumisRange : 1::39-41::1;1::159,161-162,165-169::2;
lumisParentRange : 
Basename : /store/relval/CMSSW_5_3_11_patch3/RelValTTbar/GEN-SIM-DIGI-RAW-HLTDEBUG/PU_START53_LV2_09Jul2013-v1/00000/
BasenameParent : 
parentFiles : 
inputBlocks : /RelValTTbar/CMSSW_5_3_11_patch3-PU_START53_LV2_09Jul2013-v1/GEN-SIM-DIGI-RAW-HLTDEBUG#bc03e9fc-e90e-11e2-95e5-00221959e7c0
inputFiles : 0E1C7EF4-08E9-E211-A46B-003048678C26.root::1::EDM::Local::1;DCFB8219-09E9-E211-B7A9-003048FFCB74.root::1::EDM::Local::2;
Popularity stop
Extracted ExitStatus from FrameworkJobReport parsing output: 0
>>> Executable succeded  0
ExeExitCode=0
EXECUTABLE_EXIT_STATUS = 0
>>> current directory /home/grid/cms667/home_cream_629948345/CREAM629948345/CMSSW_5_3_11_patch6
>>>  (SOFTWARE_DIR): /home/grid/cms667/home_cream_629948345/CREAM629948345/CMSSW_5_3_11_patch6
>>> (WORKING_DIR): 
>>> current directory content:
total 4185624
drwxr-xr-x 3 cms667 zh       4096 Sep  5 09:30 .SCRAM
-rw------- 1 cms667 zh    3842683 Sep  5 09:30 CMSSW.py.pkl
drwxr-xr-x 3 cms667 zh       4096 Sep  5 09:30 bin
drwxr-xr-x 3 cms667 zh       4096 Sep  5 09:30 cfipython
drwxr-xr-x 4 cms667 zh       4096 Sep  5 09:30 config
-rw------- 1 cms667 zh         18 Sep  5 10:18 cpu_timing.txt
drwxr-xr-x 2 cms667 zh       4096 Sep  5 09:30 doc
-rw------- 1 cms667 zh       9660 Sep  5 10:18 executable.out
drwxr-xr-x 2 cms667 zh       4096 Sep  5 09:30 include
drwx------ 3 cms667 zh       4096 Aug 26 18:31 lib
drwxr-xr-x 3 cms667 zh       4096 Sep  5 09:30 logs
drwxr-xr-x 3 cms667 zh       4096 Sep  5 09:30 objs
-rw------- 1 cms667 zh 4274030830 Sep  5 10:18 output.root
-rw------- 1 cms667 zh        104 Sep  5 09:30 pset.py
-rw------- 1 cms667 zh    3843521 Sep  5 09:30 pset.py.pkl
-rw------- 1 cms667 zh        289 Sep  5 09:30 pset.pyc
drwxr-xr-x 2 cms667 zh       4096 Sep  5 09:30 python
-rw------- 1 cms667 zh        437 Sep  5 10:18 report.log
drwx------ 5 cms667 zh       4096 Sep  5 09:30 src
drwxr-xr-x 3 cms667 zh       4096 Sep  5 09:30 test
drwxr-xr-x 3 cms667 zh       4096 Sep  5 09:30 tmp
>>> current directory /home/grid/cms667/home_cream_629948345/CREAM629948345/CMSSW_5_3_11_patch6
>>> (SOFTWARE_DIR): /home/grid/cms667/home_cream_629948345/CREAM629948345/CMSSW_5_3_11_patch6
>>> (WORKING_DIR): 
>>> current directory content:
total 4185624
drwxr-xr-x 3 cms667 zh       4096 Sep  5 09:30 .SCRAM
-rw------- 1 cms667 zh    3842683 Sep  5 09:30 CMSSW.py.pkl
drwxr-xr-x 3 cms667 zh       4096 Sep  5 09:30 bin
drwxr-xr-x 3 cms667 zh       4096 Sep  5 09:30 cfipython
drwxr-xr-x 4 cms667 zh       4096 Sep  5 09:30 config
-rw------- 1 cms667 zh         18 Sep  5 10:18 cpu_timing.txt
drwxr-xr-x 2 cms667 zh       4096 Sep  5 09:30 doc
-rw------- 1 cms667 zh       9660 Sep  5 10:18 executable.out
drwxr-xr-x 2 cms667 zh       4096 Sep  5 09:30 include
drwx------ 3 cms667 zh       4096 Aug 26 18:31 lib
drwxr-xr-x 3 cms667 zh       4096 Sep  5 09:30 logs
drwxr-xr-x 3 cms667 zh       4096 Sep  5 09:30 objs
-rw------- 1 cms667 zh 4274030830 Sep  5 10:18 output_7_2_lEd.root
-rw------- 1 cms667 zh        104 Sep  5 09:30 pset.py
-rw------- 1 cms667 zh    3843521 Sep  5 09:30 pset.py.pkl
-rw------- 1 cms667 zh        289 Sep  5 09:30 pset.pyc
drwxr-xr-x 2 cms667 zh       4096 Sep  5 09:30 python
-rw------- 1 cms667 zh        437 Sep  5 10:18 report.log
drwx------ 5 cms667 zh       4096 Sep  5 09:30 src
drwxr-xr-x 3 cms667 zh       4096 Sep  5 09:30 test
drwxr-xr-x 3 cms667 zh       4096 Sep  5 09:30 tmp
>>> current directory (RUNTIME_AREA):  /home/grid/cms667/home_cream_629948345/CREAM629948345
SE = dcache-se-cms.desy.de
SE_PATH = /srm/managerv2?SFN=/pnfs/desy.de/cms/tier2/store/user/marfin/RelValTTbar/53xRelVal2011Redigi_v2/844a175eacc74cc51be2e7d71ca2539e/
LFNBaseName = /store/user/marfin/RelValTTbar/53xRelVal2011Redigi_v2/844a175eacc74cc51be2e7d71ca2539e/
USER = marfin
endpoint = srm://dcache-se-cms.desy.de:8443/srm/managerv2?SFN=/pnfs/desy.de/cms/tier2/store/user/marfin/RelValTTbar/53xRelVal2011Redigi_v2/844a175eacc74cc51be2e7d71ca2539e/
>>> Copy output files from WN = lxbrl2719.cern.ch to /srm/managerv2?SFN=/pnfs/desy.de/cms/tier2/store/user/marfin/RelValTTbar/53xRelVal2011Redigi_v2/844a175eacc74cc51be2e7d71ca2539e/ :
python cmscp.py  --destination srm://dcache-se-cms.desy.de:8443/srm/managerv2?SFN=/pnfs/desy.de/cms/tier2/store/user/marfin/RelValTTbar/53xRelVal2011Redigi_v2/844a175eacc74cc51be2e7d71ca2539e/ --inputFileList /home/grid/cms667/home_cream_629948345/CREAM629948345/CMSSW_5_3_11_patch6/output_7_2_lEd.root --middleware LCG --se_name dcache-se-cms.desy.de --for_lfn /store/user/marfin/RelValTTbar/53xRelVal2011Redigi_v2/844a175eacc74cc51be2e7d71ca2539e/    
******************************************************
localSeName  =  srm-eoscms.cern.ch
remoteSeName =  dcache-se-cms.desy.de
******************************************************
{"/home/grid/cms667/home_cream_629948345/CREAM629948345/CMSSW_5_3_11_patch6/output_7_2_lEd.root": {"endpoint": "srm://dcache-se-cms.desy.de:8443/srm/managerv2?SFN=/pnfs/desy.de/cms/tier2/store/user/marfin/RelValTTbar/53xRelVal2011Redigi_v2/844a175eacc74cc51be2e7d71ca2539e/", "surl_for_grid": "", "reason": "Copy succedeed with srm-lcg utils", "erCode": "0", "se_name": "dcache-se-cms.desy.de", "for_lfn": "/store/user/marfin/RelValTTbar/53xRelVal2011Redigi_v2/844a175eacc74cc51be2e7d71ca2539e/"}}/home/grid/cms667/home_cream_629948345/CREAM629948345
-------- cat /home/grid/cms667/home_cream_629948345/CREAM629948345/cmscpReport.sh 
#!/bin/bash
echo "Report for File: /home/grid/cms667/home_cream_629948345/CREAM629948345/CMSSW_5_3_11_patch6/output_7_2_lEd.root"
echo "LFN: /store/user/marfin/RelValTTbar/53xRelVal2011Redigi_v2/844a175eacc74cc51be2e7d71ca2539e/output_7_2_lEd.root"
echo "StorageElement: dcache-se-cms.desy.de"
echo "StageOutExitStatusReason = 'Copy succedeed with srm-lcg utils'" | tee -a $RUNTIME_AREA/$repo
echo "StageOutSE = dcache-se-cms.desy.de" >> $RUNTIME_AREA/$repo

export StageOutExitStatus=0
echo "StageOutExitStatus = 0" | tee -a $RUNTIME_AREA/$repo
-------- end of /home/grid/cms667/home_cream_629948345/CREAM629948345/cmscpReport.sh 
Report for File: /home/grid/cms667/home_cream_629948345/CREAM629948345/CMSSW_5_3_11_patch6/output_7_2_lEd.root
LFN: /store/user/marfin/RelValTTbar/53xRelVal2011Redigi_v2/844a175eacc74cc51be2e7d71ca2539e/output_7_2_lEd.root
StorageElement: dcache-se-cms.desy.de
StageOutExitStatusReason = 'Copy succedeed with srm-lcg utils'
StageOutExitStatus = 0
>>> current dir: /home/grid/cms667/home_cream_629948345/CREAM629948345
>>> current dir content:
total 6256
-rwx------  1 cms667 zh   13669 Sep  5 09:30 .BrokerInfo
-rw-------  1 cms667 zh    9190 Sep  5 10:21 .SEinteraction.log
-rwx------  1 cms667 zh       0 Sep  5 09:30 .tmp_file
-rw-------  1 cms667 zh     105 Sep  5 08:23 CMSSW.py
-rw-------  1 cms667 zh 3842683 Sep  5 08:23 CMSSW.py.pkl
-rwx------  1 cms667 zh   27991 Sep  5 09:30 CMSSW.sh
drwxr-xr-x 15 cms667 zh    4096 Sep  5 10:18 CMSSW_5_3_11_patch6
-rwx------  1 cms667 zh       0 Sep  5 09:30 CMSSW_7.stderr
-rwx---r--  1 cms667 zh   24261 Sep  5 10:21 CMSSW_7.stdout
-rw-------  1 cms667 zh     484 Sep  5 09:30 CacheEnv.sh
-rw-------  1 cms667 zh    7291 Jun  9  2010 DashboardAPI.py
-rw-------  1 cms667 zh    6493 Sep  5 09:30 DashboardAPI.pyc
drwx------  3 cms667 zh    4096 Aug 20 17:36 IMProv
-rw-------  1 cms667 zh    2748 Mar  8  2006 Logger.py
-rw-------  1 cms667 zh    3223 Sep  5 09:30 Logger.pyc
-rw-------  1 cms667 zh   24524 Mar 28  2008 ProcInfo.py
-rw-------  1 cms667 zh   22846 Sep  5 09:30 ProcInfo.pyc
drwx------  7 cms667 zh    4096 Sep  5 09:30 ProdCommon
drwx------  3 cms667 zh    4096 Sep  5 09:30 WMCore
-rw-------  1 cms667 zh    6980 Sep  5 10:19 Watchdog_7.log
-rw-------  1 cms667 zh   32895 Mar 28  2008 apmon.py
-rw-------  1 cms667 zh   28120 Sep  5 09:30 apmon.pyc
-rwx------  1 cms667 zh   10416 Sep  5 09:30 arguments.xml
-rwx------  1 cms667 zh   38507 Aug  6 23:12 cmscp.py
-rw-------  1 cms667 zh     546 Sep  5 10:21 cmscpReport.sh
-rw-------  1 cms667 zh     509 Sep  5 08:23 crab.cfg
-rwx------  1 cms667 zh    8610 Apr  2 15:44 crabWatchdog.sh
-rwx---r--  1 cms667 zh  781926 Sep  5 10:18 crab_fjr_7.xml
-rwx------  1 cms667 zh 1216159 Sep  5 09:30 default.tgz
-rwx------  1 cms667 zh    4488 May 12  2012 fillCrabFjr.py
-rw-------  1 cms667 zh     468 Sep  5 09:30 inputsReport.txt
-rw-------  1 cms667 zh     259 Sep  5 10:21 jobreport.txt
lrwxrwxrwx  1 cms667 zh      93 Sep  5 10:18 output.root -> /home/grid/cms667/home_cream_629948345/CREAM629948345/CMSSW_5_3_11_patch6/output_7_2_lEd.root
-rw-------  1 cms667 zh   17352 Jan 20  2012 parseCrabFjr.py
-rw-------  1 cms667 zh     264 Sep  5 09:30 report.log
-rwx--x--x  1 cms667 zh    1497 May 27  2009 report.py
-rw-------  1 cms667 zh     497 Sep  5 10:21 resultCopyFile
-rwx------  1 cms667 zh    8387 Mar 23  2011 writeCfg.py
>>> Modify Job Report:
CMSSW_VERSION = CMSSW_5_3_11_patch6
ProcessedDataset = 53xRelVal2011Redigi_v2
/home/grid/cms667/home_cream_629948345/CREAM629948345/ProdCommon/FwkJobRep/ModifyJobReport.py fjr /home/grid/cms667/home_cream_629948345/CREAM629948345/crab_fjr_7.xml json /home/grid/cms667/home_cream_629948345/CREAM629948345/resultCopyFile n_job 7_2_lEd PrimaryDataset RelValTTbar  ApplicationFamily cmsRun ApplicationName cmsRun cmssw_version CMSSW_5_3_11_patch6 psethash 844a175eacc74cc51be2e7d71ca2539e UserProcessedDataset marfin-53xRelVal2011Redigi_v2-844a175eacc74cc51be2e7d71ca2539e
inputDict =  {u'/home/grid/cms667/home_cream_629948345/CREAM629948345/CMSSW_5_3_11_patch6/output_7_2_lEd.root': {u'endpoint': u'srm://dcache-se-cms.desy.de:8443/srm/managerv2?SFN=/pnfs/desy.de/cms/tier2/store/user/marfin/RelValTTbar/53xRelVal2011Redigi_v2/844a175eacc74cc51be2e7d71ca2539e/', u'surl_for_grid': u'', u'reason': u'Copy succedeed with srm-lcg utils', u'erCode': u'0', u'se_name': u'dcache-se-cms.desy.de', u'for_lfn': u'/store/user/marfin/RelValTTbar/53xRelVal2011Redigi_v2/844a175eacc74cc51be2e7d71ca2539e/'}}
diz_filter =  {u'output.root': u''}
UserProcessedDataset =  marfin-53xRelVal2011Redigi_v2-844a175eacc74cc51be2e7d71ca2539e
file_name in inputDict =  /home/grid/cms667/home_cream_629948345/CREAM629948345/CMSSW_5_3_11_patch6/output_7_2_lEd.root
(size) os.stat(filename)[6] =  4274030830
checksum =  3842916627
filter =  
    file =  output_7_2_lEd.root
    newPfn =  srm://dcache-se-cms.desy.de:8443/srm/managerv2?SFN=/pnfs/desy.de/cms/tier2/store/user/marfin/RelValTTbar/53xRelVal2011Redigi_v2/844a175eacc74cc51be2e7d71ca2539e/output_7_2_lEd.root
    newLfn =  /store/user/marfin/RelValTTbar/53xRelVal2011Redigi_v2/844a175eacc74cc51be2e7d71ca2539e/output_7_2_lEd.root
>>> crab_fjr_*.xml  permission set to 0704
Checking output files:  
will tar file crab_fjr_7.xml in  out_files_7
will tar file CMSSW_7.stdout in  out_files_7
will tar file CMSSW_7.stderr in  out_files_7
WARNING: output file Watchdog_7.log.gz not found!
>>> padding time: Wrapper lasting more than 600 seconds. No sleep required.
STOPPING WATCHDOG. CrabWatchdog PID is 516
********** LAST 50 LINES OF WATCHDOG LOG
 Sep 05 09:42:51 CEST	699	1870032	2306388	584	364	742	cmsRun -j /home/grid/cms667/home_cream_629948345/CREAM629948345/crab_fjr_7.xml -p pset.py      
 Sep 05 09:42:51 CEST	---	1870032	2306388	665	----	----	----
 Sep 05 09:43:53 CEST	---	1870032	2306388	758	----	----	----
 Sep 05 09:44:55 CEST	---	1870032	2306388	854	----	----	----
 Sep 05 09:45:57 CEST	---	1870032	2306388	952	----	----	----
 Sep 05 09:46:59 CEST	---	1870032	2306388	1041	----	----	----
 Sep 05 09:48:02 CEST	699	1872204	2306388	1041	595	1052	cmsRun -j /home/grid/cms667/home_cream_629948345/CREAM629948345/crab_fjr_7.xml -p pset.py      
 Sep 05 09:48:02 CEST	---	1872204	2306388	1140	----	----	----
 Sep 05 09:49:03 CEST	---	1872204	2306388	1249	----	----	----
# TIME			PID	RSS(KB)	VSZ(KB)	Dsk(MB)	tCPU(s)	tWALL(s)	COMMAND
 Sep 05 09:50:06 CEST	699	1881284	2306388	1249	689	1177	cmsRun -j /home/grid/cms667/home_cream_629948345/CREAM629948345/crab_fjr_7.xml -p pset.py      
 Sep 05 09:50:06 CEST	---	1881284	2306388	1337	----	----	----
 Sep 05 09:51:08 CEST	699	1896972	2327132	1337	731	1239	cmsRun -j /home/grid/cms667/home_cream_629948345/CREAM629948345/crab_fjr_7.xml -p pset.py      
 Sep 05 09:51:08 CEST	---	1896972	2327132	1428	----	----	----
 Sep 05 09:52:11 CEST	699	1907480	2349916	1428	778	1301	cmsRun -j /home/grid/cms667/home_cream_629948345/CREAM629948345/crab_fjr_7.xml -p pset.py      
 Sep 05 09:52:11 CEST	---	1907480	2349916	1521	----	----	----
 Sep 05 09:53:13 CEST	---	1907480	2349916	1622	----	----	----
 Sep 05 09:54:15 CEST	---	1907480	2349916	1705	----	----	----
 Sep 05 09:55:16 CEST	---	1907480	2349916	1811	----	----	----
 Sep 05 09:56:18 CEST	---	1907480	2349916	1917	----	----	----
 Sep 05 09:57:19 CEST	---	1907480	2349916	2009	----	----	----
 Sep 05 09:58:21 CEST	699	1923760	2381404	2009	1074	1672	cmsRun -j /home/grid/cms667/home_cream_629948345/CREAM629948345/crab_fjr_7.xml -p pset.py      
 Sep 05 09:58:21 CEST	---	1923760	2381404	2138	----	----	----
 Sep 05 09:59:23 CEST	699	1928972	2386268	2138	1135	1733	cmsRun -j /home/grid/cms667/home_cream_629948345/CREAM629948345/crab_fjr_7.xml -p pset.py      
 Sep 05 09:59:23 CEST	---	1928972	2386268	2262	----	----	----
 Sep 05 10:00:25 CEST	---	1928972	2386268	2388	----	----	----
 Sep 05 10:01:26 CEST	---	1928972	2386268	2513	----	----	----
 Sep 05 10:02:28 CEST	699	1931648	2389340	2513	1311	1918	cmsRun -j /home/grid/cms667/home_cream_629948345/CREAM629948345/crab_fjr_7.xml -p pset.py      
 Sep 05 10:02:28 CEST	---	1931648	2389340	2632	----	----	----
 Sep 05 10:03:30 CEST	699	1931648	2390364	2632	1358	1986	cmsRun -j /home/grid/cms667/home_cream_629948345/CREAM629948345/crab_fjr_7.xml -p pset.py      
 Sep 05 10:03:30 CEST	---	1931648	2390364	2723	----	----	----
 Sep 05 10:04:39 CEST	---	1931648	2390364	2794	----	----	----
 Sep 05 10:05:41 CEST	---	1931648	2390364	2889	----	----	----
 Sep 05 10:06:42 CEST	---	1931648	2390364	2993	----	----	----
 Sep 05 10:07:44 CEST	---	1931648	2390364	3107	----	----	----
 Sep 05 10:08:46 CEST	699	2027372	2487388	3107	1588	2296	cmsRun -j /home/grid/cms667/home_cream_629948345/CREAM629948345/crab_fjr_7.xml -p pset.py      
 Sep 05 10:08:46 CEST	---	2027372	2487388	3185	----	----	----
 Sep 05 10:09:48 CEST	699	2062848	2521180	3185	1629	2358	cmsRun -j /home/grid/cms667/home_cream_629948345/CREAM629948345/crab_fjr_7.xml -p pset.py      
 Sep 05 10:09:48 CEST	---	2062848	2521180	3277	----	----	----
 Sep 05 10:10:49 CEST	---	2062848	2521180	3369	----	----	----
# TIME			PID	RSS(KB)	VSZ(KB)	Dsk(MB)	tCPU(s)	tWALL(s)	COMMAND
 Sep 05 10:11:51 CEST	---	2062848	2521180	3480	----	----	----
 Sep 05 10:12:53 CEST	---	2062848	2521180	3607	----	----	----
 Sep 05 10:13:55 CEST	---	2062848	2521180	3705	----	----	----
 Sep 05 10:14:57 CEST	---	2062848	2521180	3820	----	----	----
 Sep 05 10:15:59 CEST	---	2062848	2521180	3923	----	----	----
 Sep 05 10:17:03 CEST	---	2062848	2521180	4004	----	----	----
 Sep 05 10:18:05 CEST	699	2062848	2572636	4004	2025	2856	cmsRun -j /home/grid/cms667/home_cream_629948345/CREAM629948345/crab_fjr_7.xml -p pset.py      
 Sep 05 10:18:05 CEST	---	2062848	2572636	4102	----	----	----
 Sep 05 10:19:08 CEST	---	2062848	2572636	4103	----	----	----
********** WATCHDOG LOG ENDED
ZIPPING WATCHDOG LOG
Disk space used:
du -sh /home/grid/cms667/home_cream_629948345/CREAM629948345
4.1G	/home/grid/cms667/home_cream_629948345/CREAM629948345
Found unusual stderr, rename for OSB
`/pool/grid/cms667/home_cream_629948345/CREAM629948345/CMSSW_7.stdout' -> `CMSSW_7.stderr'
crab_fjr_7.xml
CMSSW_7.stdout
CMSSW_7.stderr
Watchdog_7.log.gz
Total Output dimension: 78338
WARNING: output files size limit is set to: 55000000
Total Output dimension 78338 is fine.
JOB_EXIT_STATUS = 0
>>> info for dashboard:
***** Cat /home/grid/cms667/home_cream_629948345/CREAM629948345/jobreport.txt *****
MonitorJobID=7_https://wms314.cern.ch:9000/QMR5UVNPJPCo3QTlVUGr2A
MonitorID=marfin_crab_0_130905_082339_f78ol1
ExeTime=2849
ExeExitCode=0
StageOutExitStatusReason = 'Copy succedeed with srm-lcg utils'
StageOutSE = dcache-se-cms.desy.de
StageOutExitStatus = 0
CrabUserCpuTime=1974.98
CrabSysCpuTime=54.62
CrabCpuPercentage=71%
CrabWrapperTime=3102
CrabStageoutTime=160
JobExitCode=0
***** End Cat jobreport *****
Parameters sent to Dashboard.
crab_fjr_7.xml
