This script was generated by crab (version 2.9.0).
Running ./CMSSW.sh with 2 positional parameters: 2 1
Today is Wed Sep  4 14:57:23 CEST 2013
Job submitted on host lxbsq2012.cern.ch
Linux lxbsq2012.cern.ch 2.6.18-308.20.1.el5 #1 SMP Wed Nov 14 10:31:58 CET 2012 x86_64 x86_64 x86_64 GNU/Linux
>>> current directory (RUNTIME_AREA): /home/grid/cms667/home_cream_794938442/CREAM794938442
>>> current user: uid=52545(cms667) gid=1399(zh) groups=1399(zh),1105801791 context=system_u:system_r:initrc_t
>>> directory permission set to 0700
>>> umask set to:  u=rwx,g=,o=
>>> stdout stderr permission set to 0704
>>> voms proxy information:
subject   : /C=DE/O=GermanGrid/OU=DESY/CN=Ihar Marfin/CN=proxy/CN=proxy/CN=proxy/CN=limited proxy
issuer    : /C=DE/O=GermanGrid/OU=DESY/CN=Ihar Marfin/CN=proxy/CN=proxy/CN=proxy
identity  : /C=DE/O=GermanGrid/OU=DESY/CN=Ihar Marfin/CN=proxy/CN=proxy/CN=proxy
type      : limited proxy
strength  : 1024 bits
path      : /home/grid/cms667/home_cream_794938442/cream_794938442.proxy
timeleft  : 185:01:47
key usage : 
=== VO cms extension information ===
VO        : cms
subject   : /C=DE/O=GermanGrid/OU=DESY/CN=Ihar Marfin
issuer    : /DC=ch/DC=cern/OU=computers/CN=lcg-voms.cern.ch
attribute : /cms/Role=NULL/Capability=NULL
attribute : /cms/dcms/Role=NULL/Capability=NULL
timeleft  : 185:04:05
uri       : lcg-voms.cern.ch:15002
>>> tar --no-same-permissions -xf /home/grid/cms667/home_cream_794938442/CREAM794938442/default.tgz :
Successful untar
>>> Include /home/grid/cms667/home_cream_794938442/CREAM794938442 in PYTHONPATH:
strip arguments
env var CRAB_UNIQUE_JOB_ID set to: marfin_crab_0_130904_141238_h2u5e3_2_1_cCI
out_files_2
>>> list of expected files on output sandbox
output files: crab_fjr_2.xml CMSSW_2.stdout CMSSW_2.stderr Watchdog_2.log.gz
>>> GridFlavour discovery: 
GridFlavour=LCG
>>> SyncSite discovery: 
not reporting SyncSite
>>> SyncCE discovery: 
getting SyncCE from CE_ID
SyncCE=ce203.cern.ch:8443/cream-lsf-grid_cms
>>> info for dashboard:
***** Cat /home/grid/cms667/home_cream_794938442/CREAM794938442/jobreport.txt *****
MonitorJobID=2_https://wms316.cern.ch:9000/OB0__H13MJqrCE84Pei11g
SyncGridJobId=https://wms316.cern.ch:9000/OB0__H13MJqrCE84Pei11g
MonitorID=marfin_crab_0_130904_141238_h2u5e3
GridFlavour=LCG
SyncCE=ce203.cern.ch:8443/cream-lsf-grid_cms
***** End Cat jobreport *****
Parameters sent to Dashboard.
>>> setup environment
set SCRAM ARCH to slc5_amd64_gcc462
SCRAM_ARCH = slc5_amd64_gcc462
>>> setup CMS LCG environment:
set SCRAM ARCH and BUILD_ARCH to slc5_amd64_gcc462 ###
Sourcing environment... 
sourcing /afs/cern.ch/project/gd/apps/cms/cmsset_default.sh
==> setup cms environment ok
>>> specific cmssw setup environment:
CMSSW_VERSION =  CMSSW_5_3_11_patch6
>>> current directory (SOFTWARE_DIR): /home/grid/cms667/home_cream_794938442/CREAM794938442/CMSSW_5_3_11_patch6
PreserveSeeds: <>
IncrementSeeds:<>
{"output.root": ""}
WNHostName=lxbsq2012.cern.ch
>>> info for dashboard:
***** Cat /home/grid/cms667/home_cream_794938442/CREAM794938442/jobreport.txt *****
MonitorJobID=2_https://wms316.cern.ch:9000/OB0__H13MJqrCE84Pei11g
MonitorID=marfin_crab_0_130904_141238_h2u5e3
WNHostName=lxbsq2012.cern.ch
***** End Cat jobreport *****
Parameters sent to Dashboard.
crabWatchdog started as process 6171
>>> moving CMSSW software directories in /home/grid/cms667/home_cream_794938442/CREAM794938442/CMSSW_5_3_11_patch6
mv: cannot stat `/home/grid/cms667/home_cream_794938442/CREAM794938442/module/': No such file or directory
>>> Include /home/grid/cms667/home_cream_794938442/CREAM794938442 in PYTHONPATH:
PYTHONPATH=/home/grid/cms667/home_cream_794938442/CREAM794938442/:/pool/grid/cms667/home_cream_794938442/CREAM794938442/CMSSW_5_3_11_patch6/python:/pool/grid/cms667/home_cream_794938442/CREAM794938442/CMSSW_5_3_11_patch6/lib/slc5_amd64_gcc462:/afs/cern.ch/cms/slc5_amd64_gcc462/cms/cmssw-patch/CMSSW_5_3_11_patch6/python:/afs/cern.ch/cms/slc5_amd64_gcc462/cms/cmssw-patch/CMSSW_5_3_11_patch6/lib/slc5_amd64_gcc462:/afs/cern.ch/cms/slc5_amd64_gcc462/cms/cmssw/CMSSW_5_3_11/bin/slc5_amd64_gcc462:/afs/cern.ch/cms/slc5_amd64_gcc462/cms/cmssw/CMSSW_5_3_11/lib/slc5_amd64_gcc462:/afs/cern.ch/cms/slc5_amd64_gcc462/cms/coral/CORAL_2_3_21-cms35/slc5_amd64_gcc462/python:/afs/cern.ch/cms/slc5_amd64_gcc462/cms/coral/CORAL_2_3_21-cms35/slc5_amd64_gcc462/lib:/afs/cern.ch/cms/slc5_amd64_gcc462/external/pyqt/4.8.1/lib/python2.6/site-packages:/afs/cern.ch/cms/slc5_amd64_gcc462/external/py2-scipy/0.8.0/lib/python2.6/site-packages:/afs/cern.ch/cms/slc5_amd64_gcc462/external/py2-matplotlib/1.0.1/lib/python2.6/site-packages:/afs/cern.ch/cms/slc5_amd64_gcc462/external/python-ldap/2.3.5/lib/python2.6/site-packages:/afs/cern.ch/cms/slc5_amd64_gcc462/external/sip/4.11.2/lib/python2.6/site-packages:/afs/cern.ch/cms/slc5_amd64_gcc462/external/py2-pycurl/7.19.0/lib/python2.6/site-packages:/afs/cern.ch/cms/slc5_amd64_gcc462/external/py2-numpy/1.6.1/lib/python2.6/site-packages:/afs/cern.ch/cms/slc5_amd64_gcc462/external/py2-ipython/0.10/lib/python2.6/site-packages:/afs/cern.ch/cms/slc5_amd64_gcc462/external/py2-cx-oracle/5.1-cms11/lib/python2.6/site-packages:/afs/cern.ch/cms/slc5_amd64_gcc462/external/py2-cjson/1.0.5/lib/python2.6/site-packages:/afs/cern.ch/cms/slc5_amd64_gcc462/cms/das-client/1.9.5/bin:/afs/cern.ch/cms/slc5_amd64_gcc462/external/elementtree/1.2.6/share/lib/python2.6/site-packages:/afs/cern.ch/cms/slc5_amd64_gcc462/external/rivet/1.8.2/lib/python2.6/site-packages:/afs/cern.ch/cms/slc5_amd64_gcc462/external/pyminuit2/0.0.1-cms39/lib/python2.6/site-packages:/afs/cern.ch/cms/slc5_amd64_gcc462/external/professor/1.0.0-cms40/lib/python2.6/site-packages:/afs/cern.ch/cms/slc5_amd64_gcc462/lcg/root/5.32.00-cms21/lib:/afs/cern.ch/cms/slc5_amd64_gcc462/cms/dbs-client/DBS_2_1_9-cms3/lib:/afs/cern.ch/cms/slc5_amd64_gcc462/cms/dbs-client/DBS_2_1_9-cms3/lib/DBSAPI:/afs/cern.ch/cms/slc5_amd64_gcc462/external/cvs2git/5419/lib:/home/grid/cms667/home_cream_794938442/CREAM794938442/
 
# LIMITS USED BY CRAB WATCHDOG:
# RSS  (KBytes)   : 2300000
# VSZ  (KBytes)   : 100000000
# DISK (MBytes)   : 19000
# CPU TIME        : 720h:0m:0s
# WALL CLOCK TIME : 21h:50m:0s
 
844a175eacc74cc51be2e7d71ca2539e
PSETHASH = 844a175eacc74cc51be2e7d71ca2539e
/home/grid/cms667/home_cream_794938442/CREAM794938442/writeCfg.py pset.py pset.py
Importing .py file
Setting parameters
RandomNumberGeneratorService found, will attempt to change seeds
inputBlocks=/RelValTTbar/CMSSW_5_3_11_patch3-PU_START53_LV2_09Jul2013-v1/GEN-SIM-DIGI-RAW-HLTDEBUG#178900fa-e90f-11e2-95e5-00221959e7c0
inputFiles=/store/relval/CMSSW_5_3_11_patch3/RelValTTbar/GEN-SIM-DIGI-RAW-HLTDEBUG/PU_START53_LV2_09Jul2013-v1/00000/7894401D-0EE9-E211-BBFA-002618943886.root;/store/relval/CMSSW_5_3_11_patch3/RelValTTbar/GEN-SIM-DIGI-RAW-HLTDEBUG/PU_START53_LV2_09Jul2013-v1/00000/C4520B75-31E9-E211-ACB4-00259059649C.root
parentFiles=
lumisRange=
>>> Executable cmsRun
/afs/cern.ch/cms/slc5_amd64_gcc462/cms/cmssw-patch/CMSSW_5_3_11_patch6/bin/slc5_amd64_gcc462/cmsRun
ok executable found
>>> info for dashboard:
***** Cat /home/grid/cms667/home_cream_794938442/CREAM794938442/jobreport.txt *****
MonitorJobID=2_https://wms316.cern.ch:9000/OB0__H13MJqrCE84Pei11g
MonitorID=marfin_crab_0_130904_141238_h2u5e3
ExeStart=cmsRun
***** End Cat jobreport *****
Parameters sent to Dashboard.
>>> cmsRun started at Wed Sep  4 12:57:45 UTC 2013
>>> cmsRun ended at Wed Sep  4 13:14:57 UTC 2013
>>> crab_fjr_*.xml  permission set to 0704
>>> info for dashboard:
***** Cat /home/grid/cms667/home_cream_794938442/CREAM794938442/jobreport.txt *****
MonitorJobID=2_https://wms316.cern.ch:9000/OB0__H13MJqrCE84Pei11g
MonitorID=marfin_crab_0_130904_141238_h2u5e3
ExeEnd=cmsRun
***** End Cat jobreport *****
Parameters sent to Dashboard.
TIME_EXE = 1032 sec
>>> cmsRun wrote 56 lines of stdout+stderr
>>> START OF printout of 56 lines from stdout+stderr
04-Sep-2013 14:58:03 CEST  Initiating request to open file root://eoscms//eos/cms/store/relval/CMSSW_5_3_11_patch3/RelValTTbar/GEN-SIM-DIGI-RAW-HLTDEBUG/PU_START53_LV2_09Jul2013-v1/00000/7894401D-0EE9-E211-BBFA-002618943886.root?svcClass=default
130904 14:58:03 6454 Xrd: GoToAnotherServer: Going to: lxfsra22a04.cern.ch:1095
04-Sep-2013 14:58:07 CEST  Successfully opened file root://eoscms//eos/cms/store/relval/CMSSW_5_3_11_patch3/RelValTTbar/GEN-SIM-DIGI-RAW-HLTDEBUG/PU_START53_LV2_09Jul2013-v1/00000/7894401D-0EE9-E211-BBFA-002618943886.root?svcClass=default
%MSG-w SiStripQuality:  EventSetupRecordDataGetter:hltGetConditions@beginRun  04-Sep-2013 14:59:12 CEST Run: 1
The cabling should always include the active feds in runInfo and possibly have some morethere are instead 59 feds only active in runInfo
%MSG
Begin processing the 1st record. Run 1, Event 8824, LumiSection 177 at 04-Sep-2013 14:59:32.613 CEST
%MSG-w BasicTrajectoryState:  TrackProducer:hltCtfActivityWithMaterialTracks  04-Sep-2013 15:03:25 CEST Run: 1 Event: 8961
curv error not pos-def
[  5.77719e+07     255.542-1.27973e+06    -20.1021    -4.21378
       255.542  0.00199599    -5.66064-0.000195886  0.00333767
  -1.27973e+06    -5.66064     28347.8    0.445168   0.0932163
      -20.1021-0.000195886    0.445168-0.000403636-0.000413017
      -4.21378  0.00333767   0.0932163-0.000413017   0.0130145 ]
%MSG
%MSG-w BasicTrajectoryState:  TrackProducer:hltCtfActivityWithMaterialTracks  04-Sep-2013 15:03:25 CEST Run: 1 Event: 8961
local error not pos-def
[  5.77719e+07 1.28576e+06     48273.4     20.1493      5.5751
   1.28576e+06     28615.8     1074.37    0.448319    0.123937
       48273.4     1074.37      40.338   0.0166916  0.00966216
       20.1493    0.448319   0.0166916-0.000405535-0.000488266
        5.5751    0.123937  0.00966216-0.000488266   0.0169454 ]
%MSG
04-Sep-2013 15:07:07 CEST  Closed file root://eoscms//eos/cms/store/relval/CMSSW_5_3_11_patch3/RelValTTbar/GEN-SIM-DIGI-RAW-HLTDEBUG/PU_START53_LV2_09Jul2013-v1/00000/7894401D-0EE9-E211-BBFA-002618943886.root?svcClass=default
04-Sep-2013 15:07:07 CEST  Initiating request to open file root://eoscms//eos/cms/store/relval/CMSSW_5_3_11_patch3/RelValTTbar/GEN-SIM-DIGI-RAW-HLTDEBUG/PU_START53_LV2_09Jul2013-v1/00000/C4520B75-31E9-E211-ACB4-00259059649C.root?svcClass=default
130904 15:07:07 6454 Xrd: GoToAnotherServer: Going to: lxfsrd60c01.cern.ch:1095
04-Sep-2013 15:07:07 CEST  Successfully opened file root://eoscms//eos/cms/store/relval/CMSSW_5_3_11_patch3/RelValTTbar/GEN-SIM-DIGI-RAW-HLTDEBUG/PU_START53_LV2_09Jul2013-v1/00000/C4520B75-31E9-E211-ACB4-00259059649C.root?svcClass=default
Begin processing the 101st record. Run 1, Event 8574, LumiSection 172 at 04-Sep-2013 15:09:32.053 CEST
DTTSPhi::addTracoT: preview not present in TRACO trigger or its code=0  trigger not added!
130904 15:12:34 6454 Xrd: XrdClientMessage::ReadRaw: Failed to read header (8 bytes).
DTTSPhi::addTracoT: preview not present in TRACO trigger or its code=0  trigger not added!
Begin processing the 201st record. Run 1, Event 8874, LumiSection 178 at 04-Sep-2013 15:13:43.942 CEST
04-Sep-2013 15:14:49 CEST  Closed file root://eoscms//eos/cms/store/relval/CMSSW_5_3_11_patch3/RelValTTbar/GEN-SIM-DIGI-RAW-HLTDEBUG/PU_START53_LV2_09Jul2013-v1/00000/C4520B75-31E9-E211-ACB4-00259059649C.root?svcClass=default

=============================================

MessageLogger Summary

 type     category        sev    module        subroutine        count    total
 ---- -------------------- -- ---------------- ----------------  -----    -----
    1 BasicTrajectoryState -w TrackProducer:hl                       2        2
    2 SiStripQuality       -w EventSetupRecord                       1        1
    3 fileAction           -s file_close                             2        2
    4 fileAction           -s file_open                              4        4

 type    category    Examples: run/evt        run/evt          run/evt
 ---- -------------------- ---------------- ---------------- ----------------
    1 BasicTrajectoryState 1/8961           1/8961           
    2 SiStripQuality       Run: 1                            
    3 fileAction           PostProcessEvent PostEndRun       
    4 fileAction           pre-events       pre-events       PostProcessEvent

Severity    # Occurrences   Total Occurrences
--------    -------------   -----------------
Warning                 3                   3
System                  6                   6
>>> END OF printout of 56 lines from stdout+stderr
>>> Parse FrameworkJobReport crab_fjr.xml
Result of parsing the FrameworkJobReport crab_fjr.xml: Popularity start
lumisRange : 1::177,180::1;1::172,174,178::2;
lumisParentRange : 
Basename : /store/relval/CMSSW_5_3_11_patch3/RelValTTbar/GEN-SIM-DIGI-RAW-HLTDEBUG/PU_START53_LV2_09Jul2013-v1/00000/
BasenameParent : 
parentFiles : 
inputBlocks : /RelValTTbar/CMSSW_5_3_11_patch3-PU_START53_LV2_09Jul2013-v1/GEN-SIM-DIGI-RAW-HLTDEBUG#178900fa-e90f-11e2-95e5-00221959e7c0
inputFiles : 7894401D-0EE9-E211-BBFA-002618943886.root::1::EDM::Local::1;C4520B75-31E9-E211-ACB4-00259059649C.root::1::EDM::Local::2;
Popularity stop
Extracted ExitStatus from FrameworkJobReport parsing output: 0
>>> Executable succeded  0
ExeExitCode=0
EXECUTABLE_EXIT_STATUS = 0
>>> current directory /home/grid/cms667/home_cream_794938442/CREAM794938442/CMSSW_5_3_11_patch6
>>>  (SOFTWARE_DIR): /home/grid/cms667/home_cream_794938442/CREAM794938442/CMSSW_5_3_11_patch6
>>> (WORKING_DIR): 
>>> current directory content:
total 1860184
drwxr-xr-x 3 cms667 zh       4096 Sep  4 14:57 .SCRAM
-rw------- 1 cms667 zh    3842683 Sep  4 14:57 CMSSW.py.pkl
drwxr-xr-x 3 cms667 zh       4096 Sep  4 14:57 bin
drwxr-xr-x 3 cms667 zh       4096 Sep  4 14:57 cfipython
drwxr-xr-x 4 cms667 zh       4096 Sep  4 14:57 config
-rw------- 1 cms667 zh         17 Sep  4 15:14 cpu_timing.txt
drwxr-xr-x 2 cms667 zh       4096 Sep  4 14:57 doc
-rw------- 1 cms667 zh       4497 Sep  4 15:14 executable.out
drwxr-xr-x 2 cms667 zh       4096 Sep  4 14:57 include
drwx------ 3 cms667 zh       4096 Aug 26 18:31 lib
drwxr-xr-x 3 cms667 zh       4096 Sep  4 14:57 logs
drwxr-xr-x 3 cms667 zh       4096 Sep  4 14:57 objs
-rw------- 1 cms667 zh 1895105044 Sep  4 15:14 output.root
-rw------- 1 cms667 zh        104 Sep  4 14:57 pset.py
-rw------- 1 cms667 zh    3843520 Sep  4 14:57 pset.py.pkl
-rw------- 1 cms667 zh        289 Sep  4 14:57 pset.pyc
drwxr-xr-x 2 cms667 zh       4096 Sep  4 14:57 python
-rw------- 1 cms667 zh        437 Sep  4 15:14 report.log
drwx------ 5 cms667 zh       4096 Sep  4 14:57 src
drwxr-xr-x 3 cms667 zh       4096 Sep  4 14:57 test
drwxr-xr-x 3 cms667 zh       4096 Sep  4 14:57 tmp
>>> current directory /home/grid/cms667/home_cream_794938442/CREAM794938442/CMSSW_5_3_11_patch6
>>> (SOFTWARE_DIR): /home/grid/cms667/home_cream_794938442/CREAM794938442/CMSSW_5_3_11_patch6
>>> (WORKING_DIR): 
>>> current directory content:
total 1860184
drwxr-xr-x 3 cms667 zh       4096 Sep  4 14:57 .SCRAM
-rw------- 1 cms667 zh    3842683 Sep  4 14:57 CMSSW.py.pkl
drwxr-xr-x 3 cms667 zh       4096 Sep  4 14:57 bin
drwxr-xr-x 3 cms667 zh       4096 Sep  4 14:57 cfipython
drwxr-xr-x 4 cms667 zh       4096 Sep  4 14:57 config
-rw------- 1 cms667 zh         17 Sep  4 15:14 cpu_timing.txt
drwxr-xr-x 2 cms667 zh       4096 Sep  4 14:57 doc
-rw------- 1 cms667 zh       4497 Sep  4 15:14 executable.out
drwxr-xr-x 2 cms667 zh       4096 Sep  4 14:57 include
drwx------ 3 cms667 zh       4096 Aug 26 18:31 lib
drwxr-xr-x 3 cms667 zh       4096 Sep  4 14:57 logs
drwxr-xr-x 3 cms667 zh       4096 Sep  4 14:57 objs
-rw------- 1 cms667 zh 1895105044 Sep  4 15:14 output_2_1_cCI.root
-rw------- 1 cms667 zh        104 Sep  4 14:57 pset.py
-rw------- 1 cms667 zh    3843520 Sep  4 14:57 pset.py.pkl
-rw------- 1 cms667 zh        289 Sep  4 14:57 pset.pyc
drwxr-xr-x 2 cms667 zh       4096 Sep  4 14:57 python
-rw------- 1 cms667 zh        437 Sep  4 15:14 report.log
drwx------ 5 cms667 zh       4096 Sep  4 14:57 src
drwxr-xr-x 3 cms667 zh       4096 Sep  4 14:57 test
drwxr-xr-x 3 cms667 zh       4096 Sep  4 14:57 tmp
>>> current directory (RUNTIME_AREA):  /home/grid/cms667/home_cream_794938442/CREAM794938442
SE = dcache-se-cms.desy.de
SE_PATH = /srm/managerv2?SFN=/pnfs/desy.de/cms/tier2/store/user/marfin/RelValTTbar/53xRelVal2011Redigi/844a175eacc74cc51be2e7d71ca2539e/
LFNBaseName = /store/user/marfin/RelValTTbar/53xRelVal2011Redigi/844a175eacc74cc51be2e7d71ca2539e/
USER = marfin
endpoint = srm://dcache-se-cms.desy.de:8443/srm/managerv2?SFN=/pnfs/desy.de/cms/tier2/store/user/marfin/RelValTTbar/53xRelVal2011Redigi/844a175eacc74cc51be2e7d71ca2539e/
>>> Copy output files from WN = lxbsq2012.cern.ch to /srm/managerv2?SFN=/pnfs/desy.de/cms/tier2/store/user/marfin/RelValTTbar/53xRelVal2011Redigi/844a175eacc74cc51be2e7d71ca2539e/ :
python cmscp.py  --destination srm://dcache-se-cms.desy.de:8443/srm/managerv2?SFN=/pnfs/desy.de/cms/tier2/store/user/marfin/RelValTTbar/53xRelVal2011Redigi/844a175eacc74cc51be2e7d71ca2539e/ --inputFileList /home/grid/cms667/home_cream_794938442/CREAM794938442/CMSSW_5_3_11_patch6/output_2_1_cCI.root --middleware LCG --se_name dcache-se-cms.desy.de --for_lfn /store/user/marfin/RelValTTbar/53xRelVal2011Redigi/844a175eacc74cc51be2e7d71ca2539e/    
******************************************************
localSeName  =  srm-eoscms.cern.ch
remoteSeName =  dcache-se-cms.desy.de
******************************************************
{"/home/grid/cms667/home_cream_794938442/CREAM794938442/CMSSW_5_3_11_patch6/output_2_1_cCI.root": {"endpoint": "srm://dcache-se-cms.desy.de:8443/srm/managerv2?SFN=/pnfs/desy.de/cms/tier2/store/user/marfin/RelValTTbar/53xRelVal2011Redigi/844a175eacc74cc51be2e7d71ca2539e/", "surl_for_grid": "", "reason": "Copy succedeed with srm-lcg utils", "erCode": "0", "se_name": "dcache-se-cms.desy.de", "for_lfn": "/store/user/marfin/RelValTTbar/53xRelVal2011Redigi/844a175eacc74cc51be2e7d71ca2539e/"}}/home/grid/cms667/home_cream_794938442/CREAM794938442
-------- cat /home/grid/cms667/home_cream_794938442/CREAM794938442/cmscpReport.sh 
#!/bin/bash
echo "Report for File: /home/grid/cms667/home_cream_794938442/CREAM794938442/CMSSW_5_3_11_patch6/output_2_1_cCI.root"
echo "LFN: /store/user/marfin/RelValTTbar/53xRelVal2011Redigi/844a175eacc74cc51be2e7d71ca2539e/output_2_1_cCI.root"
echo "StorageElement: dcache-se-cms.desy.de"
echo "StageOutExitStatusReason = 'Copy succedeed with srm-lcg utils'" | tee -a $RUNTIME_AREA/$repo
echo "StageOutSE = dcache-se-cms.desy.de" >> $RUNTIME_AREA/$repo

export StageOutExitStatus=0
echo "StageOutExitStatus = 0" | tee -a $RUNTIME_AREA/$repo
-------- end of /home/grid/cms667/home_cream_794938442/CREAM794938442/cmscpReport.sh 
Report for File: /home/grid/cms667/home_cream_794938442/CREAM794938442/CMSSW_5_3_11_patch6/output_2_1_cCI.root
LFN: /store/user/marfin/RelValTTbar/53xRelVal2011Redigi/844a175eacc74cc51be2e7d71ca2539e/output_2_1_cCI.root
StorageElement: dcache-se-cms.desy.de
StageOutExitStatusReason = 'Copy succedeed with srm-lcg utils'
StageOutExitStatus = 0
>>> current dir: /home/grid/cms667/home_cream_794938442/CREAM794938442
>>> current dir content:
total 6244
-rwx------  1 cms667 zh   13669 Sep  4 14:57 .BrokerInfo
-rw-------  1 cms667 zh    4197 Sep  4 15:15 .SEinteraction.log
-rwx------  1 cms667 zh       0 Sep  4 14:57 .tmp_file
-rw-------  1 cms667 zh     105 Sep  4 14:12 CMSSW.py
-rw-------  1 cms667 zh 3842683 Sep  4 14:12 CMSSW.py.pkl
-rwx------  1 cms667 zh   27979 Sep  4 14:57 CMSSW.sh
-rwx------  1 cms667 zh       0 Sep  4 14:57 CMSSW_2.stderr
-rwx---r--  1 cms667 zh   19061 Sep  4 15:15 CMSSW_2.stdout
drwxr-xr-x 15 cms667 zh    4096 Sep  4 15:15 CMSSW_5_3_11_patch6
-rw-------  1 cms667 zh     484 Sep  4 14:57 CacheEnv.sh
-rw-------  1 cms667 zh    7291 Jun  9  2010 DashboardAPI.py
-rw-------  1 cms667 zh    6493 Sep  4 14:57 DashboardAPI.pyc
drwx------  3 cms667 zh    4096 Aug 20 17:36 IMProv
-rw-------  1 cms667 zh    2748 Mar  8  2006 Logger.py
-rw-------  1 cms667 zh    3223 Sep  4 14:57 Logger.pyc
-rw-------  1 cms667 zh   24524 Mar 28  2008 ProcInfo.py
-rw-------  1 cms667 zh   22846 Sep  4 14:57 ProcInfo.pyc
drwx------  7 cms667 zh    4096 Sep  4 14:57 ProdCommon
drwx------  3 cms667 zh    4096 Sep  4 14:57 WMCore
-rw-------  1 cms667 zh    3235 Sep  4 15:15 Watchdog_2.log
-rw-------  1 cms667 zh   32895 Mar 28  2008 apmon.py
-rw-------  1 cms667 zh   28120 Sep  4 14:57 apmon.pyc
-rwx------  1 cms667 zh   10416 Sep  4 14:57 arguments.xml
-rwx------  1 cms667 zh   38507 Aug  6 23:12 cmscp.py
-rw-------  1 cms667 zh     543 Sep  4 15:15 cmscpReport.sh
-rw-------  1 cms667 zh     506 Sep  4 14:12 crab.cfg
-rwx------  1 cms667 zh    8610 Apr  2 15:44 crabWatchdog.sh
-rwx---r--  1 cms667 zh  781581 Sep  4 15:14 crab_fjr_2.xml
-rwx------  1 cms667 zh 1216398 Sep  4 14:57 default.tgz
-rwx------  1 cms667 zh    4488 May 12  2012 fillCrabFjr.py
-rw-------  1 cms667 zh     468 Sep  4 14:57 inputsReport.txt
-rw-------  1 cms667 zh     259 Sep  4 15:15 jobreport.txt
lrwxrwxrwx  1 cms667 zh      93 Sep  4 15:15 output.root -> /home/grid/cms667/home_cream_794938442/CREAM794938442/CMSSW_5_3_11_patch6/output_2_1_cCI.root
-rw-------  1 cms667 zh   17352 Jan 20  2012 parseCrabFjr.py
-rw-------  1 cms667 zh     264 Sep  4 14:57 report.log
-rwx--x--x  1 cms667 zh    1497 May 27  2009 report.py
-rw-------  1 cms667 zh     491 Sep  4 15:15 resultCopyFile
-rwx------  1 cms667 zh    8387 Mar 23  2011 writeCfg.py
>>> Modify Job Report:
CMSSW_VERSION = CMSSW_5_3_11_patch6
ProcessedDataset = 53xRelVal2011Redigi
/home/grid/cms667/home_cream_794938442/CREAM794938442/ProdCommon/FwkJobRep/ModifyJobReport.py fjr /home/grid/cms667/home_cream_794938442/CREAM794938442/crab_fjr_2.xml json /home/grid/cms667/home_cream_794938442/CREAM794938442/resultCopyFile n_job 2_1_cCI PrimaryDataset RelValTTbar  ApplicationFamily cmsRun ApplicationName cmsRun cmssw_version CMSSW_5_3_11_patch6 psethash 844a175eacc74cc51be2e7d71ca2539e UserProcessedDataset marfin-53xRelVal2011Redigi-844a175eacc74cc51be2e7d71ca2539e
inputDict =  {u'/home/grid/cms667/home_cream_794938442/CREAM794938442/CMSSW_5_3_11_patch6/output_2_1_cCI.root': {u'endpoint': u'srm://dcache-se-cms.desy.de:8443/srm/managerv2?SFN=/pnfs/desy.de/cms/tier2/store/user/marfin/RelValTTbar/53xRelVal2011Redigi/844a175eacc74cc51be2e7d71ca2539e/', u'surl_for_grid': u'', u'reason': u'Copy succedeed with srm-lcg utils', u'erCode': u'0', u'se_name': u'dcache-se-cms.desy.de', u'for_lfn': u'/store/user/marfin/RelValTTbar/53xRelVal2011Redigi/844a175eacc74cc51be2e7d71ca2539e/'}}
diz_filter =  {u'output.root': u''}
UserProcessedDataset =  marfin-53xRelVal2011Redigi-844a175eacc74cc51be2e7d71ca2539e
file_name in inputDict =  /home/grid/cms667/home_cream_794938442/CREAM794938442/CMSSW_5_3_11_patch6/output_2_1_cCI.root
(size) os.stat(filename)[6] =  1895105044
checksum =  646811761
filter =  
    file =  output_2_1_cCI.root
    newPfn =  srm://dcache-se-cms.desy.de:8443/srm/managerv2?SFN=/pnfs/desy.de/cms/tier2/store/user/marfin/RelValTTbar/53xRelVal2011Redigi/844a175eacc74cc51be2e7d71ca2539e/output_2_1_cCI.root
    newLfn =  /store/user/marfin/RelValTTbar/53xRelVal2011Redigi/844a175eacc74cc51be2e7d71ca2539e/output_2_1_cCI.root
>>> crab_fjr_*.xml  permission set to 0704
Checking output files:  
will tar file crab_fjr_2.xml in  out_files_2
will tar file CMSSW_2.stdout in  out_files_2
will tar file CMSSW_2.stderr in  out_files_2
WARNING: output file Watchdog_2.log.gz not found!
>>> padding time: Wrapper lasting more than 600 seconds. No sleep required.
STOPPING WATCHDOG. CrabWatchdog PID is 6171
********** LAST 50 LINES OF WATCHDOG LOG
# RESOURCE USAGE SUMMARY FOR PROCESS ID  5998
USER       PID %CPU %MEM    VSZ   RSS TTY      STAT START   TIME COMMAND
cms667    5998  1.2  0.0  64088  1504 ?        SN   14:57   0:00 /bin/sh ./CMSSW.sh 2 1
 
# LIMITS USED BY CRAB WATCHDOG:
# RSS  (KBytes)   : 2300000
# VSZ  (KBytes)   : 100000000
# DISK (MBytes)   : 19000
# CPU TIME        : 720h:0m:0s
# WALL CLOCK TIME : 21h:50m:0s
 
# FOLLOWING PRINTOUT TRACKS MAXIMUM VALUES OF RESOURCES USE
# ONE LINE IS PRINTED EACH TIME A MAXIMUM CHANGES
# IF CHANGE WAS IN RSS OR VSZ ALSO PROCID AND COMMAND ARE PRINTED
# THERE IS NO PRINTOUT FOR CPU/WALL TIME INCREASE
 
# TIME			PID	RSS(KB)	VSZ(KB)	Dsk(MB)	tCPU(s)	tWALL(s)	COMMAND
 Sep 04 14:57:27 CEST	5995	1140	63836	0	0	0	sh -c "./CMSSW.sh" 2 1$* > "CMSSW_2.stdout" 2> "CMSSW_2.stderr"  
 Sep 04 14:57:27 CEST	5998	1504	64088	0	0	0	/bin/sh ./CMSSW.sh 2 1       
 Sep 04 14:57:27 CEST	6183	27884	93100	0	0	0	edmConfigHash pset.py         
 Sep 04 14:57:27 CEST	---	27884	93100	18	----	----	----
 Sep 04 14:58:27 CEST	6454	576992	807760	18	29	61	cmsRun -j /home/grid/cms667/home_cream_794938442/CREAM794938442/crab_fjr_2.xml -p pset.py      
 Sep 04 14:58:27 CEST	---	576992	807760	22	----	----	----
 Sep 04 14:59:28 CEST	6454	1201272	1510952	22	66	121	cmsRun -j /home/grid/cms667/home_cream_794938442/CREAM794938442/crab_fjr_2.xml -p pset.py      
 Sep 04 15:00:28 CEST	6454	1826660	2329360	22	122	182	cmsRun -j /home/grid/cms667/home_cream_794938442/CREAM794938442/crab_fjr_2.xml -p pset.py      
 Sep 04 15:00:28 CEST	---	1826660	2329360	96	----	----	----
 Sep 04 15:01:29 CEST	6454	1839952	2334224	96	180	242	cmsRun -j /home/grid/cms667/home_cream_794938442/CREAM794938442/crab_fjr_2.xml -p pset.py      
 Sep 04 15:01:29 CEST	---	1839952	2334224	186	----	----	----
 Sep 04 15:02:29 CEST	6454	1854876	2334224	186	237	303	cmsRun -j /home/grid/cms667/home_cream_794938442/CREAM794938442/crab_fjr_2.xml -p pset.py      
 Sep 04 15:02:29 CEST	---	1854876	2334224	272	----	----	----
 Sep 04 15:03:30 CEST	6454	1863120	2334224	272	295	363	cmsRun -j /home/grid/cms667/home_cream_794938442/CREAM794938442/crab_fjr_2.xml -p pset.py      
 Sep 04 15:03:30 CEST	---	1863120	2334224	358	----	----	----
 Sep 04 15:04:30 CEST	6454	1869208	2334736	358	353	424	cmsRun -j /home/grid/cms667/home_cream_794938442/CREAM794938442/crab_fjr_2.xml -p pset.py      
 Sep 04 15:04:30 CEST	---	1869208	2334736	450	----	----	----
 Sep 04 15:05:31 CEST	---	1869208	2334736	546	----	----	----
 Sep 04 15:06:31 CEST	6454	1875208	2341648	546	468	545	cmsRun -j /home/grid/cms667/home_cream_794938442/CREAM794938442/crab_fjr_2.xml -p pset.py      
 Sep 04 15:06:31 CEST	---	1875208	2341648	625	----	----	----
 Sep 04 15:07:32 CEST	---	1875208	2341648	953	----	----	----
 Sep 04 15:08:32 CEST	---	1875208	2341648	1653	----	----	----
 Sep 04 15:09:33 CEST	---	1875208	2341648	1677	----	----	----
 Sep 04 15:10:33 CEST	---	1875208	2341648	1706	----	----	----
 Sep 04 15:11:34 CEST	---	1875208	2341648	1735	----	----	----
 Sep 04 15:12:34 CEST	---	1875208	2341648	1763	----	----	----
 Sep 04 15:13:35 CEST	---	1875208	2341648	1790	----	----	----
 Sep 04 15:14:35 CEST	---	1875208	2341648	1818	----	----	----
 Sep 04 15:15:36 CEST	---	1875208	2341648	1832	----	----	----
********** WATCHDOG LOG ENDED
ZIPPING WATCHDOG LOG
Disk space used:
du -sh /home/grid/cms667/home_cream_794938442/CREAM794938442
1.8G	/home/grid/cms667/home_cream_794938442/CREAM794938442
Found unusual stderr, rename for OSB
