This script was generated by crab (version 2.9.0).
Running ./CMSSW.sh with 2 positional parameters: 6 1
Today is Wed Sep  4 14:58:36 CEST 2013
Job submitted on host lxbsq2021.cern.ch
Linux lxbsq2021.cern.ch 2.6.18-308.16.1.el5 #1 SMP Thu Oct 4 14:02:28 CEST 2012 x86_64 x86_64 x86_64 GNU/Linux
>>> current directory (RUNTIME_AREA): /home/grid/cms667/home_cream_475265882/CREAM475265882
>>> current user: uid=52545(cms667) gid=1399(zh) groups=1399(zh),1107259756 context=system_u:system_r:initrc_t
>>> directory permission set to 0700
>>> umask set to:  u=rwx,g=,o=
>>> stdout stderr permission set to 0704
>>> voms proxy information:
subject   : /C=DE/O=GermanGrid/OU=DESY/CN=Ihar Marfin/CN=proxy/CN=proxy/CN=proxy/CN=limited proxy
issuer    : /C=DE/O=GermanGrid/OU=DESY/CN=Ihar Marfin/CN=proxy/CN=proxy/CN=proxy
identity  : /C=DE/O=GermanGrid/OU=DESY/CN=Ihar Marfin/CN=proxy/CN=proxy/CN=proxy
type      : limited proxy
strength  : 1024 bits
path      : /home/grid/cms667/home_cream_475265882/cream_475265882.proxy
timeleft  : 185:00:41
key usage : 
=== VO cms extension information ===
VO        : cms
subject   : /C=DE/O=GermanGrid/OU=DESY/CN=Ihar Marfin
issuer    : /DC=ch/DC=cern/OU=computers/CN=lcg-voms.cern.ch
attribute : /cms/Role=NULL/Capability=NULL
attribute : /cms/dcms/Role=NULL/Capability=NULL
timeleft  : 185:02:52
uri       : lcg-voms.cern.ch:15002
>>> tar --no-same-permissions -xf /home/grid/cms667/home_cream_475265882/CREAM475265882/default.tgz :
Successful untar
>>> Include /home/grid/cms667/home_cream_475265882/CREAM475265882 in PYTHONPATH:
strip arguments
env var CRAB_UNIQUE_JOB_ID set to: marfin_crab_0_130904_141238_h2u5e3_6_1_30R
out_files_6
>>> list of expected files on output sandbox
output files: crab_fjr_6.xml CMSSW_6.stdout CMSSW_6.stderr Watchdog_6.log.gz
>>> GridFlavour discovery: 
GridFlavour=LCG
>>> SyncSite discovery: 
not reporting SyncSite
>>> SyncCE discovery: 
getting SyncCE from CE_ID
SyncCE=ce207.cern.ch:8443/cream-lsf-grid_cms
>>> info for dashboard:
***** Cat /home/grid/cms667/home_cream_475265882/CREAM475265882/jobreport.txt *****
MonitorJobID=6_https://wms316.cern.ch:9000/sV3HINtUAMzepivd6eVmJA
SyncGridJobId=https://wms316.cern.ch:9000/sV3HINtUAMzepivd6eVmJA
MonitorID=marfin_crab_0_130904_141238_h2u5e3
GridFlavour=LCG
SyncCE=ce207.cern.ch:8443/cream-lsf-grid_cms
***** End Cat jobreport *****
Parameters sent to Dashboard.
>>> setup environment
set SCRAM ARCH to slc5_amd64_gcc462
SCRAM_ARCH = slc5_amd64_gcc462
>>> setup CMS LCG environment:
set SCRAM ARCH and BUILD_ARCH to slc5_amd64_gcc462 ###
Sourcing environment... 
sourcing /afs/cern.ch/project/gd/apps/cms/cmsset_default.sh
==> setup cms environment ok
>>> specific cmssw setup environment:
CMSSW_VERSION =  CMSSW_5_3_11_patch6
>>> current directory (SOFTWARE_DIR): /home/grid/cms667/home_cream_475265882/CREAM475265882/CMSSW_5_3_11_patch6
PreserveSeeds: <>
IncrementSeeds:<>
{"output.root": ""}
WNHostName=lxbsq2021.cern.ch
>>> info for dashboard:
***** Cat /home/grid/cms667/home_cream_475265882/CREAM475265882/jobreport.txt *****
MonitorJobID=6_https://wms316.cern.ch:9000/sV3HINtUAMzepivd6eVmJA
MonitorID=marfin_crab_0_130904_141238_h2u5e3
WNHostName=lxbsq2021.cern.ch
***** End Cat jobreport *****
Parameters sent to Dashboard.
crabWatchdog started as process 18152
>>> moving CMSSW software directories in /home/grid/cms667/home_cream_475265882/CREAM475265882/CMSSW_5_3_11_patch6
mv: cannot stat `/home/grid/cms667/home_cream_475265882/CREAM475265882/module/': No such file or directory
>>> Include /home/grid/cms667/home_cream_475265882/CREAM475265882 in PYTHONPATH:
PYTHONPATH=/home/grid/cms667/home_cream_475265882/CREAM475265882/:/pool/grid/cms667/home_cream_475265882/CREAM475265882/CMSSW_5_3_11_patch6/python:/pool/grid/cms667/home_cream_475265882/CREAM475265882/CMSSW_5_3_11_patch6/lib/slc5_amd64_gcc462:/afs/cern.ch/cms/slc5_amd64_gcc462/cms/cmssw-patch/CMSSW_5_3_11_patch6/python:/afs/cern.ch/cms/slc5_amd64_gcc462/cms/cmssw-patch/CMSSW_5_3_11_patch6/lib/slc5_amd64_gcc462:/afs/cern.ch/cms/slc5_amd64_gcc462/cms/cmssw/CMSSW_5_3_11/bin/slc5_amd64_gcc462:/afs/cern.ch/cms/slc5_amd64_gcc462/cms/cmssw/CMSSW_5_3_11/lib/slc5_amd64_gcc462:/afs/cern.ch/cms/slc5_amd64_gcc462/cms/coral/CORAL_2_3_21-cms35/slc5_amd64_gcc462/python:/afs/cern.ch/cms/slc5_amd64_gcc462/cms/coral/CORAL_2_3_21-cms35/slc5_amd64_gcc462/lib:/afs/cern.ch/cms/slc5_amd64_gcc462/external/pyqt/4.8.1/lib/python2.6/site-packages:/afs/cern.ch/cms/slc5_amd64_gcc462/external/py2-scipy/0.8.0/lib/python2.6/site-packages:/afs/cern.ch/cms/slc5_amd64_gcc462/external/py2-matplotlib/1.0.1/lib/python2.6/site-packages:/afs/cern.ch/cms/slc5_amd64_gcc462/external/python-ldap/2.3.5/lib/python2.6/site-packages:/afs/cern.ch/cms/slc5_amd64_gcc462/external/sip/4.11.2/lib/python2.6/site-packages:/afs/cern.ch/cms/slc5_amd64_gcc462/external/py2-pycurl/7.19.0/lib/python2.6/site-packages:/afs/cern.ch/cms/slc5_amd64_gcc462/external/py2-numpy/1.6.1/lib/python2.6/site-packages:/afs/cern.ch/cms/slc5_amd64_gcc462/external/py2-ipython/0.10/lib/python2.6/site-packages:/afs/cern.ch/cms/slc5_amd64_gcc462/external/py2-cx-oracle/5.1-cms11/lib/python2.6/site-packages:/afs/cern.ch/cms/slc5_amd64_gcc462/external/py2-cjson/1.0.5/lib/python2.6/site-packages:/afs/cern.ch/cms/slc5_amd64_gcc462/cms/das-client/1.9.5/bin:/afs/cern.ch/cms/slc5_amd64_gcc462/external/elementtree/1.2.6/share/lib/python2.6/site-packages:/afs/cern.ch/cms/slc5_amd64_gcc462/external/rivet/1.8.2/lib/python2.6/site-packages:/afs/cern.ch/cms/slc5_amd64_gcc462/external/pyminuit2/0.0.1-cms39/lib/python2.6/site-packages:/afs/cern.ch/cms/slc5_amd64_gcc462/external/professor/1.0.0-cms40/lib/python2.6/site-packages:/afs/cern.ch/cms/slc5_amd64_gcc462/lcg/root/5.32.00-cms21/lib:/afs/cern.ch/cms/slc5_amd64_gcc462/cms/dbs-client/DBS_2_1_9-cms3/lib:/afs/cern.ch/cms/slc5_amd64_gcc462/cms/dbs-client/DBS_2_1_9-cms3/lib/DBSAPI:/afs/cern.ch/cms/slc5_amd64_gcc462/external/cvs2git/5419/lib:/home/grid/cms667/home_cream_475265882/CREAM475265882/
 
# LIMITS USED BY CRAB WATCHDOG:
# RSS  (KBytes)   : 2300000
# VSZ  (KBytes)   : 100000000
# DISK (MBytes)   : 19000
# CPU TIME        : 720h:0m:0s
# WALL CLOCK TIME : 21h:50m:0s
 
844a175eacc74cc51be2e7d71ca2539e
PSETHASH = 844a175eacc74cc51be2e7d71ca2539e
/home/grid/cms667/home_cream_475265882/CREAM475265882/writeCfg.py pset.py pset.py
Importing .py file
Setting parameters
RandomNumberGeneratorService found, will attempt to change seeds
inputBlocks=/RelValTTbar/CMSSW_5_3_11_patch3-PU_START53_LV2_09Jul2013-v1/GEN-SIM-DIGI-RAW-HLTDEBUG#bc03e9fc-e90e-11e2-95e5-00221959e7c0
inputFiles=/store/relval/CMSSW_5_3_11_patch3/RelValTTbar/GEN-SIM-DIGI-RAW-HLTDEBUG/PU_START53_LV2_09Jul2013-v1/00000/F236B393-08E9-E211-A5E6-003048679214.root;/store/relval/CMSSW_5_3_11_patch3/RelValTTbar/GEN-SIM-DIGI-RAW-HLTDEBUG/PU_START53_LV2_09Jul2013-v1/00000/DCFB8219-09E9-E211-B7A9-003048FFCB74.root
parentFiles=
lumisRange=
>>> Executable cmsRun
/afs/cern.ch/cms/slc5_amd64_gcc462/cms/cmssw-patch/CMSSW_5_3_11_patch6/bin/slc5_amd64_gcc462/cmsRun
ok executable found
>>> info for dashboard:
***** Cat /home/grid/cms667/home_cream_475265882/CREAM475265882/jobreport.txt *****
MonitorJobID=6_https://wms316.cern.ch:9000/sV3HINtUAMzepivd6eVmJA
MonitorID=marfin_crab_0_130904_141238_h2u5e3
ExeStart=cmsRun
***** End Cat jobreport *****
Parameters sent to Dashboard.
>>> cmsRun started at Wed Sep  4 12:59:02 UTC 2013
>>> cmsRun ended at Wed Sep  4 13:42:41 UTC 2013
>>> crab_fjr_*.xml  permission set to 0704
>>> info for dashboard:
***** Cat /home/grid/cms667/home_cream_475265882/CREAM475265882/jobreport.txt *****
MonitorJobID=6_https://wms316.cern.ch:9000/sV3HINtUAMzepivd6eVmJA
MonitorID=marfin_crab_0_130904_141238_h2u5e3
ExeEnd=cmsRun
***** End Cat jobreport *****
Parameters sent to Dashboard.
TIME_EXE = 2618 sec
>>> cmsRun wrote 138 lines of stdout+stderr
>>> START OF printout of 138 lines from stdout+stderr
04-Sep-2013 14:59:23 CEST  Initiating request to open file root://eoscms//eos/cms/store/relval/CMSSW_5_3_11_patch3/RelValTTbar/GEN-SIM-DIGI-RAW-HLTDEBUG/PU_START53_LV2_09Jul2013-v1/00000/F236B393-08E9-E211-A5E6-003048679214.root?svcClass=default
130904 14:59:23 18450 Xrd: GoToAnotherServer: Going to: lxfsrg29a08.cern.ch:1095
04-Sep-2013 14:59:26 CEST  Successfully opened file root://eoscms//eos/cms/store/relval/CMSSW_5_3_11_patch3/RelValTTbar/GEN-SIM-DIGI-RAW-HLTDEBUG/PU_START53_LV2_09Jul2013-v1/00000/F236B393-08E9-E211-A5E6-003048679214.root?svcClass=default
%MSG-w SiStripQuality:  EventSetupRecordDataGetter:hltGetConditions@beginRun  04-Sep-2013 15:00:11 CEST Run: 1
The cabling should always include the active feds in runInfo and possibly have some morethere are instead 59 feds only active in runInfo
%MSG
Begin processing the 1st record. Run 1, Event 2420, LumiSection 49 at 04-Sep-2013 15:00:34.828 CEST
DTTSPhi::addTracoT: preview not present in TRACO trigger or its code=0  trigger not added!
DTTSPhi::addTracoT: preview not present in TRACO trigger or its code=0  trigger not added!
DTTSPhi::addTracoT: preview not present in TRACO trigger or its code=0  trigger not added!
Begin processing the 101st record. Run 1, Event 2670, LumiSection 54 at 04-Sep-2013 15:10:32.524 CEST
DTTSPhi::addTracoT: preview not present in TRACO trigger or its code=0  trigger not added!
DTTSPhi::addTracoT: preview not present in TRACO trigger or its code=0  trigger not added!
DTTSPhi::addTracoT: preview not present in TRACO trigger or its code=0  trigger not added!
DTTSPhi::addTracoT: preview not present in TRACO trigger or its code=0  trigger not added!
DTTSPhi::addTracoT: preview not present in TRACO trigger or its code=0  trigger not added!
DTTSPhi::addTracoT: preview not present in TRACO trigger or its code=0  trigger not added!
DTTSPhi::addTracoT: preview not present in TRACO trigger or its code=0  trigger not added!
04-Sep-2013 15:17:10 CEST  Closed file root://eoscms//eos/cms/store/relval/CMSSW_5_3_11_patch3/RelValTTbar/GEN-SIM-DIGI-RAW-HLTDEBUG/PU_START53_LV2_09Jul2013-v1/00000/F236B393-08E9-E211-A5E6-003048679214.root?svcClass=default
04-Sep-2013 15:17:10 CEST  Initiating request to open file root://eoscms//eos/cms/store/relval/CMSSW_5_3_11_patch3/RelValTTbar/GEN-SIM-DIGI-RAW-HLTDEBUG/PU_START53_LV2_09Jul2013-v1/00000/DCFB8219-09E9-E211-B7A9-003048FFCB74.root?svcClass=default
130904 15:17:10 18450 Xrd: GoToAnotherServer: Going to: lxfsrk56c02.cern.ch:1095
04-Sep-2013 15:17:10 CEST  Successfully opened file root://eoscms//eos/cms/store/relval/CMSSW_5_3_11_patch3/RelValTTbar/GEN-SIM-DIGI-RAW-HLTDEBUG/PU_START53_LV2_09Jul2013-v1/00000/DCFB8219-09E9-E211-B7A9-003048FFCB74.root?svcClass=default
Begin processing the 201st record. Run 1, Event 7920, LumiSection 159 at 04-Sep-2013 15:18:42.592 CEST
DTTSPhi::addTracoT: preview not present in TRACO trigger or its code=0  trigger not added!
DTTSPhi::addTracoT: preview not present in TRACO trigger or its code=0  trigger not added!
DTTSPhi::addTracoT: preview not present in TRACO trigger or its code=0  trigger not added!
DTTSPhi::addTracoT: preview not present in TRACO trigger or its code=0  trigger not added!
DTTSPhi::addTracoT: preview not present in TRACO trigger or its code=0  trigger not added!
DTTSPhi::addTracoT: preview not present in TRACO trigger or its code=0  trigger not added!
DTTSPhi::addTracoT: preview not present in TRACO trigger or its code=0  trigger not added!
DTTSPhi::addTracoT: preview not present in TRACO trigger or its code=0  trigger not added!
%MSG-w BasicTrajectoryState:   TrackProducer:hltBLifetimeRegionalCtfWithMaterialTracksbbPhi  04-Sep-2013 15:22:17 CEST Run: 1 Event: 8016
curv error not pos-def
[  3.02174e+07    -210.254-1.14746e+06    -307.654    0.859878
      -210.254  0.00167919     7.98407  0.00215875  0.00143131
  -1.14746e+06     7.98407     43573.1      11.674  -0.0326375
      -307.654  0.00215875      11.674  -0.0510868 7.98907e-05
      0.859878  0.00143131  -0.0326375 7.98907e-05  0.00955465 ]
%MSG
%MSG-w BasicTrajectoryState:   TrackProducer:hltBLifetimeRegionalCtfWithMaterialTracksbbPhi  04-Sep-2013 15:22:17 CEST Run: 1 Event: 8016
local error not pos-def
[  3.02174e+07 1.14819e+06    -10380.3     307.752    -3.76213
   1.14819e+06     43628.7    -394.429     11.6852   -0.142858
      -10380.3    -394.429     3.56615   -0.105618  0.00302888
       307.752     11.6852   -0.105618  -0.0511193 0.000557917
      -3.76213   -0.142858  0.00302888 0.000557917   0.0108347 ]
%MSG
%MSG-w BasicTrajectoryState:   TrackProducer:hltBLifetimeRegionalCtfWithMaterialTracksRAzr  04-Sep-2013 15:22:18 CEST Run: 1 Event: 8016
curv error not pos-def
[  3.01557e+07    -200.699-1.14512e+06    -304.747    0.836551
      -200.699  0.00154575     7.62122  0.00189979  0.00139025
  -1.14512e+06     7.62122     43484.1     11.5614  -0.0319088
      -304.747  0.00189979     11.5614  -0.0652038-0.000900259
      0.836551  0.00139025  -0.0319088-0.000900259  0.00927836 ]
%MSG
%MSG-w BasicTrajectoryState:   TrackProducer:hltBLifetimeRegionalCtfWithMaterialTracksRAzr  04-Sep-2013 15:22:18 CEST Run: 1 Event: 8016
local error not pos-def
[  3.01557e+07 1.14584e+06    -10338.3     304.843    -3.70211
   1.14584e+06     43539.3    -392.831     11.5724   -0.140723
      -10338.3    -392.831     3.54458   -0.104555  0.00295845
       304.843     11.5724   -0.104555   -0.065245-0.000357573
      -3.70211   -0.140723  0.00295845-0.000357573   0.0105393 ]
%MSG
130904 15:22:23 18450 Xrd: XrdClientMessage::ReadRaw: Failed to read header (8 bytes).
DTTSPhi::addTracoT: preview not present in TRACO trigger or its code=0  trigger not added!
Begin processing the 301st record. Run 1, Event 8070, LumiSection 162 at 04-Sep-2013 15:26:57.478 CEST
DTTSPhi::addTracoT: preview not present in TRACO trigger or its code=0  trigger not added!
DTTSPhi::addTracoT: preview not present in TRACO trigger or its code=0  trigger not added!
DTTSPhi::addTracoT: preview not present in TRACO trigger or its code=0  trigger not added!
DTTSPhi::addTracoT: preview not present in TRACO trigger or its code=0  trigger not added!
%MSG-w BasicTrajectoryState:  TrackProducer:hltCtf3HitL1IsoWithMaterialTracks  04-Sep-2013 15:35:10 CEST Run: 1 Event: 8263
curv error not pos-def
[  1.76916e+07    -196.625     -813244    -36.6451    -40.0776
      -196.625  0.00282318     9.03836 0.000138366  0.00557744
       -813244     9.03836       37383      1.6733     1.84187
      -36.6451 0.000138366      1.6733   -0.059759 -0.00214418
      -40.0776  0.00557744     1.84187 -0.00214418   0.0413819 ]
%MSG
%MSG-w BasicTrajectoryState:  TrackProducer:hltCtf3HitL1IsoWithMaterialTracks  04-Sep-2013 15:35:10 CEST Run: 1 Event: 8263
local error not pos-def
[  1.76916e+07      824391      107391    -36.8954     55.5036
        824391     38414.9      5004.2    -1.70782      2.5872
        107391      5004.2     651.887   -0.223084    0.319321
      -36.8954    -1.70782   -0.223084  -0.0605778 -0.00467462
       55.5036      2.5872    0.319321 -0.00467462   0.0935853 ]
%MSG
Begin processing the 401st record. Run 1, Event 8270, LumiSection 166 at 04-Sep-2013 15:35:50.816 CEST
130904 15:37:23 18450 Xrd: XrdClientMessage::ReadRaw: Failed to read header (8 bytes).
DTTSPhi::addTracoT: preview not present in TRACO trigger or its code=0  trigger not added!
DTTSPhi::addTracoT: preview not present in TRACO trigger or its code=0  trigger not added!
DTTSPhi::addTracoT: preview not present in TRACO trigger or its code=0  trigger not added!
DTTSPhi::addTracoT: preview not present in TRACO trigger or its code=0  trigger not added!
%MSG-w BasicTrajectoryState:   ElectronSeedProducer:hltActivityStartUpElectronPixelSeeds  04-Sep-2013 15:40:17 CEST Run: 1 Event: 8318
local error not pos-def
[            1           0           0           0           0
             0-6.42661e-18 1.86549e-16 1.31053e-10 5.62619e-09
             0 1.86549e-16 3.12155e-14 5.62684e-09 9.36265e-07
             0 1.31053e-10 5.62684e-09  0.00595517    0.168969
             0 5.62619e-09 9.36265e-07    0.168969     28.1219 ]
%MSG
%MSG-w BasicTrajectoryState:   ElectronSeedProducer:hltActivityStartUpElectronPixelSeeds  04-Sep-2013 15:40:17 CEST Run: 1 Event: 8318
curv error not pos-def
[            1           0           0           0           0
             0 3.12166e-14 3.10972e-12 2.85189e-10 9.36298e-07
             0 3.10972e-12-1.03467e-06 3.60551e-05 0.000105413
             0 2.85189e-10 3.60551e-05  0.00494234  0.00853699
             0 9.36298e-07 0.000105413  0.00853699     28.1229 ]
%MSG
04-Sep-2013 15:42:28 CEST  Closed file root://eoscms//eos/cms/store/relval/CMSSW_5_3_11_patch3/RelValTTbar/GEN-SIM-DIGI-RAW-HLTDEBUG/PU_START53_LV2_09Jul2013-v1/00000/DCFB8219-09E9-E211-B7A9-003048FFCB74.root?svcClass=default

=============================================

MessageLogger Summary

 type     category        sev    module        subroutine        count    total
 ---- -------------------- -- ---------------- ----------------  -----    -----
    1 BasicTrajectoryState -w ElectronSeedProd                       2        2
    2 BasicTrajectoryState -w TrackProducer:hl                       2        2
    3 BasicTrajectoryState -w TrackProducer:hl                       2        2
    4 BasicTrajectoryState -w TrackProducer:hl                       2        2
    5 SiStripQuality       -w EventSetupRecord                       1        1
    6 fileAction           -s file_close                             2        2
    7 fileAction           -s file_open                              4        4

 type    category    Examples: run/evt        run/evt          run/evt
 ---- -------------------- ---------------- ---------------- ----------------
    1 BasicTrajectoryState 1/8318           1/8318           
    2 BasicTrajectoryState 1/8016           1/8016           
    3 BasicTrajectoryState 1/8016           1/8016           
    4 BasicTrajectoryState 1/8263           1/8263           
    5 SiStripQuality       Run: 1                            
    6 fileAction           PostProcessEvent PostEndRun       
    7 fileAction           pre-events       pre-events       PostProcessEvent

Severity    # Occurrences   Total Occurrences
--------    -------------   -----------------
Warning                 9                   9
System                  6                   6
>>> END OF printout of 138 lines from stdout+stderr
>>> Parse FrameworkJobReport crab_fjr.xml
Result of parsing the FrameworkJobReport crab_fjr.xml: Popularity start
lumisRange : 1::49,53-54,56::1;1::159,161-162,165-167::2;
lumisParentRange : 
Basename : /store/relval/CMSSW_5_3_11_patch3/RelValTTbar/GEN-SIM-DIGI-RAW-HLTDEBUG/PU_START53_LV2_09Jul2013-v1/00000/
BasenameParent : 
parentFiles : 
inputBlocks : /RelValTTbar/CMSSW_5_3_11_patch3-PU_START53_LV2_09Jul2013-v1/GEN-SIM-DIGI-RAW-HLTDEBUG#bc03e9fc-e90e-11e2-95e5-00221959e7c0
inputFiles : F236B393-08E9-E211-A5E6-003048679214.root::1::EDM::Local::1;DCFB8219-09E9-E211-B7A9-003048FFCB74.root::1::EDM::Local::2;
Popularity stop
Extracted ExitStatus from FrameworkJobReport parsing output: 0
>>> Executable succeded  0
ExeExitCode=0
EXECUTABLE_EXIT_STATUS = 0
>>> current directory /home/grid/cms667/home_cream_475265882/CREAM475265882/CMSSW_5_3_11_patch6
>>>  (SOFTWARE_DIR): /home/grid/cms667/home_cream_475265882/CREAM475265882/CMSSW_5_3_11_patch6
>>> (WORKING_DIR): 
>>> current directory content:
total 4157836
drwxr-xr-x 3 cms667 zh       4096 Sep  4 14:58 .SCRAM
-rw------- 1 cms667 zh    3842683 Sep  4 14:58 CMSSW.py.pkl
drwxr-xr-x 3 cms667 zh       4096 Sep  4 14:58 bin
drwxr-xr-x 3 cms667 zh       4096 Sep  4 14:58 cfipython
drwxr-xr-x 4 cms667 zh       4096 Sep  4 14:58 config
-rw------- 1 cms667 zh         18 Sep  4 15:42 cpu_timing.txt
drwxr-xr-x 2 cms667 zh       4096 Sep  4 14:58 doc
-rw------- 1 cms667 zh      10387 Sep  4 15:42 executable.out
drwxr-xr-x 2 cms667 zh       4096 Sep  4 14:58 include
drwx------ 3 cms667 zh       4096 Aug 26 18:31 lib
drwxr-xr-x 3 cms667 zh       4096 Sep  4 14:58 logs
drwxr-xr-x 3 cms667 zh       4096 Sep  4 14:58 objs
-rw------- 1 cms667 zh 4245603910 Sep  4 15:42 output.root
-rw------- 1 cms667 zh        104 Sep  4 14:58 pset.py
-rw------- 1 cms667 zh    3840607 Sep  4 14:59 pset.py.pkl
-rw------- 1 cms667 zh        289 Sep  4 14:58 pset.pyc
drwxr-xr-x 2 cms667 zh       4096 Sep  4 14:58 python
-rw------- 1 cms667 zh        437 Sep  4 15:42 report.log
drwx------ 5 cms667 zh       4096 Sep  4 14:58 src
drwxr-xr-x 3 cms667 zh       4096 Sep  4 14:58 test
drwxr-xr-x 3 cms667 zh       4096 Sep  4 14:58 tmp
>>> current directory /home/grid/cms667/home_cream_475265882/CREAM475265882/CMSSW_5_3_11_patch6
>>> (SOFTWARE_DIR): /home/grid/cms667/home_cream_475265882/CREAM475265882/CMSSW_5_3_11_patch6
>>> (WORKING_DIR): 
>>> current directory content:
total 4157836
drwxr-xr-x 3 cms667 zh       4096 Sep  4 14:58 .SCRAM
-rw------- 1 cms667 zh    3842683 Sep  4 14:58 CMSSW.py.pkl
drwxr-xr-x 3 cms667 zh       4096 Sep  4 14:58 bin
drwxr-xr-x 3 cms667 zh       4096 Sep  4 14:58 cfipython
drwxr-xr-x 4 cms667 zh       4096 Sep  4 14:58 config
-rw------- 1 cms667 zh         18 Sep  4 15:42 cpu_timing.txt
drwxr-xr-x 2 cms667 zh       4096 Sep  4 14:58 doc
-rw------- 1 cms667 zh      10387 Sep  4 15:42 executable.out
drwxr-xr-x 2 cms667 zh       4096 Sep  4 14:58 include
drwx------ 3 cms667 zh       4096 Aug 26 18:31 lib
drwxr-xr-x 3 cms667 zh       4096 Sep  4 14:58 logs
drwxr-xr-x 3 cms667 zh       4096 Sep  4 14:58 objs
-rw------- 1 cms667 zh 4245603910 Sep  4 15:42 output_6_1_30R.root
-rw------- 1 cms667 zh        104 Sep  4 14:58 pset.py
-rw------- 1 cms667 zh    3840607 Sep  4 14:59 pset.py.pkl
-rw------- 1 cms667 zh        289 Sep  4 14:58 pset.pyc
drwxr-xr-x 2 cms667 zh       4096 Sep  4 14:58 python
-rw------- 1 cms667 zh        437 Sep  4 15:42 report.log
drwx------ 5 cms667 zh       4096 Sep  4 14:58 src
drwxr-xr-x 3 cms667 zh       4096 Sep  4 14:58 test
drwxr-xr-x 3 cms667 zh       4096 Sep  4 14:58 tmp
>>> current directory (RUNTIME_AREA):  /home/grid/cms667/home_cream_475265882/CREAM475265882
SE = dcache-se-cms.desy.de
SE_PATH = /srm/managerv2?SFN=/pnfs/desy.de/cms/tier2/store/user/marfin/RelValTTbar/53xRelVal2011Redigi/844a175eacc74cc51be2e7d71ca2539e/
LFNBaseName = /store/user/marfin/RelValTTbar/53xRelVal2011Redigi/844a175eacc74cc51be2e7d71ca2539e/
USER = marfin
endpoint = srm://dcache-se-cms.desy.de:8443/srm/managerv2?SFN=/pnfs/desy.de/cms/tier2/store/user/marfin/RelValTTbar/53xRelVal2011Redigi/844a175eacc74cc51be2e7d71ca2539e/
>>> Copy output files from WN = lxbsq2021.cern.ch to /srm/managerv2?SFN=/pnfs/desy.de/cms/tier2/store/user/marfin/RelValTTbar/53xRelVal2011Redigi/844a175eacc74cc51be2e7d71ca2539e/ :
python cmscp.py  --destination srm://dcache-se-cms.desy.de:8443/srm/managerv2?SFN=/pnfs/desy.de/cms/tier2/store/user/marfin/RelValTTbar/53xRelVal2011Redigi/844a175eacc74cc51be2e7d71ca2539e/ --inputFileList /home/grid/cms667/home_cream_475265882/CREAM475265882/CMSSW_5_3_11_patch6/output_6_1_30R.root --middleware LCG --se_name dcache-se-cms.desy.de --for_lfn /store/user/marfin/RelValTTbar/53xRelVal2011Redigi/844a175eacc74cc51be2e7d71ca2539e/    
******************************************************
localSeName  =  srm-eoscms.cern.ch
remoteSeName =  dcache-se-cms.desy.de
******************************************************
{"/home/grid/cms667/home_cream_475265882/CREAM475265882/CMSSW_5_3_11_patch6/output_6_1_30R.root": {"endpoint": "srm://dcache-se-cms.desy.de:8443/srm/managerv2?SFN=/pnfs/desy.de/cms/tier2/store/user/marfin/RelValTTbar/53xRelVal2011Redigi/844a175eacc74cc51be2e7d71ca2539e/", "surl_for_grid": "", "reason": "Copy succedeed with srm-lcg utils", "erCode": "0", "se_name": "dcache-se-cms.desy.de", "for_lfn": "/store/user/marfin/RelValTTbar/53xRelVal2011Redigi/844a175eacc74cc51be2e7d71ca2539e/"}}/home/grid/cms667/home_cream_475265882/CREAM475265882
-------- cat /home/grid/cms667/home_cream_475265882/CREAM475265882/cmscpReport.sh 
#!/bin/bash
echo "Report for File: /home/grid/cms667/home_cream_475265882/CREAM475265882/CMSSW_5_3_11_patch6/output_6_1_30R.root"
echo "LFN: /store/user/marfin/RelValTTbar/53xRelVal2011Redigi/844a175eacc74cc51be2e7d71ca2539e/output_6_1_30R.root"
echo "StorageElement: dcache-se-cms.desy.de"
echo "StageOutExitStatusReason = 'Copy succedeed with srm-lcg utils'" | tee -a $RUNTIME_AREA/$repo
echo "StageOutSE = dcache-se-cms.desy.de" >> $RUNTIME_AREA/$repo

export StageOutExitStatus=0
echo "StageOutExitStatus = 0" | tee -a $RUNTIME_AREA/$repo
-------- end of /home/grid/cms667/home_cream_475265882/CREAM475265882/cmscpReport.sh 
Report for File: /home/grid/cms667/home_cream_475265882/CREAM475265882/CMSSW_5_3_11_patch6/output_6_1_30R.root
LFN: /store/user/marfin/RelValTTbar/53xRelVal2011Redigi/844a175eacc74cc51be2e7d71ca2539e/output_6_1_30R.root
StorageElement: dcache-se-cms.desy.de
StageOutExitStatusReason = 'Copy succedeed with srm-lcg utils'
StageOutExitStatus = 0
>>> current dir: /home/grid/cms667/home_cream_475265882/CREAM475265882
>>> current dir content:
total 6260
-rwx------  1 cms667 zh   13669 Sep  4 14:58 .BrokerInfo
-rw-------  1 cms667 zh    9490 Sep  4 15:45 .SEinteraction.log
-rwx------  1 cms667 zh       0 Sep  4 14:58 .tmp_file
-rw-------  1 cms667 zh     105 Sep  4 14:12 CMSSW.py
-rw-------  1 cms667 zh 3842683 Sep  4 14:12 CMSSW.py.pkl
-rwx------  1 cms667 zh   27979 Sep  4 14:58 CMSSW.sh
drwxr-xr-x 15 cms667 zh    4096 Sep  4 15:42 CMSSW_5_3_11_patch6
-rwx------  1 cms667 zh       0 Sep  4 14:58 CMSSW_6.stderr
-rwx---r--  1 cms667 zh   24967 Sep  4 15:45 CMSSW_6.stdout
-rw-------  1 cms667 zh     484 Sep  4 14:58 CacheEnv.sh
-rw-------  1 cms667 zh    7291 Jun  9  2010 DashboardAPI.py
-rw-------  1 cms667 zh    6493 Sep  4 14:58 DashboardAPI.pyc
drwx------  3 cms667 zh    4096 Aug 20 17:36 IMProv
-rw-------  1 cms667 zh    2748 Mar  8  2006 Logger.py
-rw-------  1 cms667 zh    3223 Sep  4 14:58 Logger.pyc
-rw-------  1 cms667 zh   24524 Mar 28  2008 ProcInfo.py
-rw-------  1 cms667 zh   22846 Sep  4 14:58 ProcInfo.pyc
drwx------  7 cms667 zh    4096 Sep  4 14:58 ProdCommon
drwx------  3 cms667 zh    4096 Sep  4 14:58 WMCore
-rw-------  1 cms667 zh    6744 Sep  4 15:43 Watchdog_6.log
-rw-------  1 cms667 zh   32895 Mar 28  2008 apmon.py
-rw-------  1 cms667 zh   28120 Sep  4 14:58 apmon.pyc
-rwx------  1 cms667 zh   10416 Sep  4 14:58 arguments.xml
-rwx------  1 cms667 zh   38507 Aug  6 23:12 cmscp.py
-rw-------  1 cms667 zh     543 Sep  4 15:45 cmscpReport.sh
-rw-------  1 cms667 zh     506 Sep  4 14:12 crab.cfg
-rwx------  1 cms667 zh    8610 Apr  2 15:44 crabWatchdog.sh
-rwx---r--  1 cms667 zh  781867 Sep  4 15:42 crab_fjr_6.xml
-rwx------  1 cms667 zh 1216398 Sep  4 14:58 default.tgz
-rwx------  1 cms667 zh    4488 May 12  2012 fillCrabFjr.py
-rw-------  1 cms667 zh     468 Sep  4 14:58 inputsReport.txt
-rw-------  1 cms667 zh     259 Sep  4 15:45 jobreport.txt
lrwxrwxrwx  1 cms667 zh      93 Sep  4 15:42 output.root -> /home/grid/cms667/home_cream_475265882/CREAM475265882/CMSSW_5_3_11_patch6/output_6_1_30R.root
-rw-------  1 cms667 zh   17352 Jan 20  2012 parseCrabFjr.py
-rw-------  1 cms667 zh     264 Sep  4 14:58 report.log
-rwx--x--x  1 cms667 zh    1497 May 27  2009 report.py
-rw-------  1 cms667 zh     491 Sep  4 15:45 resultCopyFile
-rwx------  1 cms667 zh    8387 Mar 23  2011 writeCfg.py
>>> Modify Job Report:
CMSSW_VERSION = CMSSW_5_3_11_patch6
ProcessedDataset = 53xRelVal2011Redigi
/home/grid/cms667/home_cream_475265882/CREAM475265882/ProdCommon/FwkJobRep/ModifyJobReport.py fjr /home/grid/cms667/home_cream_475265882/CREAM475265882/crab_fjr_6.xml json /home/grid/cms667/home_cream_475265882/CREAM475265882/resultCopyFile n_job 6_1_30R PrimaryDataset RelValTTbar  ApplicationFamily cmsRun ApplicationName cmsRun cmssw_version CMSSW_5_3_11_patch6 psethash 844a175eacc74cc51be2e7d71ca2539e UserProcessedDataset marfin-53xRelVal2011Redigi-844a175eacc74cc51be2e7d71ca2539e
inputDict =  {u'/home/grid/cms667/home_cream_475265882/CREAM475265882/CMSSW_5_3_11_patch6/output_6_1_30R.root': {u'endpoint': u'srm://dcache-se-cms.desy.de:8443/srm/managerv2?SFN=/pnfs/desy.de/cms/tier2/store/user/marfin/RelValTTbar/53xRelVal2011Redigi/844a175eacc74cc51be2e7d71ca2539e/', u'surl_for_grid': u'', u'reason': u'Copy succedeed with srm-lcg utils', u'erCode': u'0', u'se_name': u'dcache-se-cms.desy.de', u'for_lfn': u'/store/user/marfin/RelValTTbar/53xRelVal2011Redigi/844a175eacc74cc51be2e7d71ca2539e/'}}
diz_filter =  {u'output.root': u''}
UserProcessedDataset =  marfin-53xRelVal2011Redigi-844a175eacc74cc51be2e7d71ca2539e
file_name in inputDict =  /home/grid/cms667/home_cream_475265882/CREAM475265882/CMSSW_5_3_11_patch6/output_6_1_30R.root
(size) os.stat(filename)[6] =  4245603910
checksum =  443061741
filter =  
    file =  output_6_1_30R.root
    newPfn =  srm://dcache-se-cms.desy.de:8443/srm/managerv2?SFN=/pnfs/desy.de/cms/tier2/store/user/marfin/RelValTTbar/53xRelVal2011Redigi/844a175eacc74cc51be2e7d71ca2539e/output_6_1_30R.root
    newLfn =  /store/user/marfin/RelValTTbar/53xRelVal2011Redigi/844a175eacc74cc51be2e7d71ca2539e/output_6_1_30R.root
>>> crab_fjr_*.xml  permission set to 0704
Checking output files:  
will tar file crab_fjr_6.xml in  out_files_6
will tar file CMSSW_6.stdout in  out_files_6
will tar file CMSSW_6.stderr in  out_files_6
WARNING: output file Watchdog_6.log.gz not found!
>>> padding time: Wrapper lasting more than 600 seconds. No sleep required.
STOPPING WATCHDOG. CrabWatchdog PID is 18152
********** LAST 50 LINES OF WATCHDOG LOG
 Sep 04 15:09:52 CEST	---	1867992	2301384	790	----	----	----
 Sep 04 15:10:53 CEST	18450	1872888	2301640	790	644	733	cmsRun -j /home/grid/cms667/home_cream_475265882/CREAM475265882/crab_fjr_6.xml -p pset.py      
 Sep 04 15:10:53 CEST	---	1872888	2301640	883	----	----	----
 Sep 04 15:11:53 CEST	18450	1879940	2308296	883	702	793	cmsRun -j /home/grid/cms667/home_cream_475265882/CREAM475265882/crab_fjr_6.xml -p pset.py      
 Sep 04 15:11:53 CEST	---	1879940	2308296	982	----	----	----
 Sep 04 15:12:53 CEST	18450	1884196	2314440	982	759	854	cmsRun -j /home/grid/cms667/home_cream_475265882/CREAM475265882/crab_fjr_6.xml -p pset.py      
 Sep 04 15:12:53 CEST	---	1884196	2314440	1082	----	----	----
 Sep 04 15:13:54 CEST	---	1884196	2314440	1185	----	----	----
 Sep 04 15:14:54 CEST	---	1884196	2314440	1291	----	----	----
 Sep 04 15:15:55 CEST	18450	1912384	2363080	1291	935	1035	cmsRun -j /home/grid/cms667/home_cream_475265882/CREAM475265882/crab_fjr_6.xml -p pset.py      
 Sep 04 15:15:55 CEST	---	1912384	2363080	1403	----	----	----
# TIME			PID	RSS(KB)	VSZ(KB)	Dsk(MB)	tCPU(s)	tWALL(s)	COMMAND
 Sep 04 15:16:55 CEST	18450	1912384	2363336	1403	993	1096	cmsRun -j /home/grid/cms667/home_cream_475265882/CREAM475265882/crab_fjr_6.xml -p pset.py      
 Sep 04 15:16:55 CEST	---	1912384	2363336	1516	----	----	----
 Sep 04 15:17:56 CEST	---	1912384	2363336	1612	----	----	----
 Sep 04 15:18:56 CEST	---	1912384	2363336	1721	----	----	----
 Sep 04 15:19:56 CEST	---	1912384	2363336	1838	----	----	----
 Sep 04 15:20:57 CEST	---	1912384	2363336	1948	----	----	----
 Sep 04 15:21:57 CEST	18450	1924924	2374604	1948	1282	1398	cmsRun -j /home/grid/cms667/home_cream_475265882/CREAM475265882/crab_fjr_6.xml -p pset.py      
 Sep 04 15:21:57 CEST	---	1924924	2374604	2056	----	----	----
 Sep 04 15:22:59 CEST	18450	1928052	2389964	2056	1340	1459	cmsRun -j /home/grid/cms667/home_cream_475265882/CREAM475265882/crab_fjr_6.xml -p pset.py      
 Sep 04 15:22:59 CEST	---	1928052	2389964	2162	----	----	----
 Sep 04 15:23:59 CEST	---	1928052	2389964	2261	----	----	----
 Sep 04 15:25:00 CEST	18450	1928052	2390476	2261	1454	1580	cmsRun -j /home/grid/cms667/home_cream_475265882/CREAM475265882/crab_fjr_6.xml -p pset.py      
 Sep 04 15:25:00 CEST	---	1928052	2390476	2362	----	----	----
 Sep 04 15:26:00 CEST	---	1928052	2390476	2469	----	----	----
 Sep 04 15:27:00 CEST	---	1928052	2390476	2566	----	----	----
 Sep 04 15:28:01 CEST	---	1928052	2390476	2657	----	----	----
 Sep 04 15:29:02 CEST	---	1928052	2390476	2762	----	----	----
 Sep 04 15:30:02 CEST	---	1928052	2390476	2867	----	----	----
 Sep 04 15:31:03 CEST	18450	1928532	2390476	2867	1802	1943	cmsRun -j /home/grid/cms667/home_cream_475265882/CREAM475265882/crab_fjr_6.xml -p pset.py      
 Sep 04 15:31:03 CEST	---	1928532	2390476	2968	----	----	----
 Sep 04 15:32:03 CEST	---	1928532	2390476	3072	----	----	----
 Sep 04 15:33:04 CEST	18450	2022752	2465228	3072	1918	2064	cmsRun -j /home/grid/cms667/home_cream_475265882/CREAM475265882/crab_fjr_6.xml -p pset.py      
 Sep 04 15:33:04 CEST	---	2022752	2465228	3162	----	----	----
 Sep 04 15:34:04 CEST	18450	2028916	2470860	3162	1977	2125	cmsRun -j /home/grid/cms667/home_cream_475265882/CREAM475265882/crab_fjr_6.xml -p pset.py      
 Sep 04 15:34:04 CEST	---	2028916	2470860	3260	----	----	----
 Sep 04 15:35:05 CEST	---	2028916	2470860	3348	----	----	----
 Sep 04 15:36:05 CEST	18450	2028916	2471372	3348	2095	2246	cmsRun -j /home/grid/cms667/home_cream_475265882/CREAM475265882/crab_fjr_6.xml -p pset.py      
 Sep 04 15:36:05 CEST	---	2028916	2471372	3432	----	----	----
 Sep 04 15:37:06 CEST	18450	2038128	2481868	3432	2154	2306	cmsRun -j /home/grid/cms667/home_cream_475265882/CREAM475265882/crab_fjr_6.xml -p pset.py      
 Sep 04 15:37:06 CEST	---	2038128	2481868	3525	----	----	----
# TIME			PID	RSS(KB)	VSZ(KB)	Dsk(MB)	tCPU(s)	tWALL(s)	COMMAND
 Sep 04 15:38:06 CEST	18450	2043892	2488012	3525	2213	2367	cmsRun -j /home/grid/cms667/home_cream_475265882/CREAM475265882/crab_fjr_6.xml -p pset.py      
 Sep 04 15:38:06 CEST	---	2043892	2488012	3623	----	----	----
 Sep 04 15:39:07 CEST	---	2043892	2488012	3714	----	----	----
 Sep 04 15:40:07 CEST	---	2043892	2488012	3809	----	----	----
 Sep 04 15:41:08 CEST	---	2043892	2488012	3913	----	----	----
 Sep 04 15:42:08 CEST	---	2043892	2488012	4020	----	----	----
 Sep 04 15:43:09 CEST	---	2043892	2488012	4076	----	----	----
********** WATCHDOG LOG ENDED
ZIPPING WATCHDOG LOG
Disk space used:
du -sh /home/grid/cms667/home_cream_475265882/CREAM475265882
4.0G	/home/grid/cms667/home_cream_475265882/CREAM475265882
Found unusual stderr, rename for OSB
`/pool/grid/cms667/home_cream_475265882/CREAM475265882/CMSSW_6.stdout' -> `CMSSW_6.stderr'
crab_fjr_6.xml
CMSSW_6.stdout
CMSSW_6.stderr
Watchdog_6.log.gz
Total Output dimension: 79612
WARNING: output files size limit is set to: 55000000
Total Output dimension 79612 is fine.
JOB_EXIT_STATUS = 0
>>> info for dashboard:
***** Cat /home/grid/cms667/home_cream_475265882/CREAM475265882/jobreport.txt *****
MonitorJobID=6_https://wms316.cern.ch:9000/sV3HINtUAMzepivd6eVmJA
MonitorID=marfin_crab_0_130904_141238_h2u5e3
ExeTime=2618
ExeExitCode=0
StageOutExitStatusReason = 'Copy succedeed with srm-lcg utils'
StageOutSE = dcache-se-cms.desy.de
StageOutExitStatus = 0
CrabUserCpuTime=2421.23
CrabSysCpuTime=58.25
CrabCpuPercentage=94%
CrabWrapperTime=2832
CrabStageoutTime=157
JobExitCode=0
***** End Cat jobreport *****
Parameters sent to Dashboard.
crab_fjr_6.xml
