This script was generated by crab (version 2.9.0).
Running ./CMSSW.sh with 2 positional parameters: 18 1
Today is Wed Sep  4 14:15:51 CEST 2013
Job submitted on host lxbsq2025.cern.ch
Linux lxbsq2025.cern.ch 2.6.18-308.24.1.el5 #1 SMP Wed Dec 5 09:45:59 CET 2012 x86_64 x86_64 x86_64 GNU/Linux
>>> current directory (RUNTIME_AREA): /home/grid/cms667/home_cream_093864822/CREAM093864822
>>> current user: uid=52545(cms667) gid=1399(zh) groups=1399(zh),1106173124 context=system_u:system_r:initrc_t
>>> directory permission set to 0700
>>> umask set to:  u=rwx,g=,o=
>>> stdout stderr permission set to 0704
>>> voms proxy information:
subject   : /C=DE/O=GermanGrid/OU=DESY/CN=Ihar Marfin/CN=proxy/CN=proxy/CN=proxy/CN=limited proxy
issuer    : /C=DE/O=GermanGrid/OU=DESY/CN=Ihar Marfin/CN=proxy/CN=proxy/CN=proxy
identity  : /C=DE/O=GermanGrid/OU=DESY/CN=Ihar Marfin/CN=proxy/CN=proxy/CN=proxy
type      : limited proxy
strength  : 1024 bits
path      : /home/grid/cms667/home_cream_093864822/cream_093864822.proxy
timeleft  : 185:43:19
key usage : 
=== VO cms extension information ===
VO        : cms
subject   : /C=DE/O=GermanGrid/OU=DESY/CN=Ihar Marfin
issuer    : /DC=ch/DC=cern/OU=computers/CN=lcg-voms.cern.ch
attribute : /cms/Role=NULL/Capability=NULL
attribute : /cms/dcms/Role=NULL/Capability=NULL
timeleft  : 185:45:37
uri       : lcg-voms.cern.ch:15002
>>> tar --no-same-permissions -xf /home/grid/cms667/home_cream_093864822/CREAM093864822/default.tgz :
Successful untar
>>> Include /home/grid/cms667/home_cream_093864822/CREAM093864822 in PYTHONPATH:
strip arguments
env var CRAB_UNIQUE_JOB_ID set to: marfin_crab_0_130904_141238_h2u5e3_18_1_FFE
out_files_18
>>> list of expected files on output sandbox
output files: crab_fjr_18.xml CMSSW_18.stdout CMSSW_18.stderr Watchdog_18.log.gz
>>> GridFlavour discovery: 
GridFlavour=LCG
>>> SyncSite discovery: 
not reporting SyncSite
>>> SyncCE discovery: 
getting SyncCE from CE_ID
SyncCE=ce203.cern.ch:8443/cream-lsf-grid_cms
>>> info for dashboard:
***** Cat /home/grid/cms667/home_cream_093864822/CREAM093864822/jobreport.txt *****
MonitorJobID=18_https://wms316.cern.ch:9000/97VbKVuRz0A3voRm1iEp_A
SyncGridJobId=https://wms316.cern.ch:9000/97VbKVuRz0A3voRm1iEp_A
MonitorID=marfin_crab_0_130904_141238_h2u5e3
GridFlavour=LCG
SyncCE=ce203.cern.ch:8443/cream-lsf-grid_cms
***** End Cat jobreport *****
Parameters sent to Dashboard.
>>> setup environment
set SCRAM ARCH to slc5_amd64_gcc462
SCRAM_ARCH = slc5_amd64_gcc462
>>> setup CMS LCG environment:
set SCRAM ARCH and BUILD_ARCH to slc5_amd64_gcc462 ###
Sourcing environment... 
sourcing /afs/cern.ch/project/gd/apps/cms/cmsset_default.sh
==> setup cms environment ok
>>> specific cmssw setup environment:
CMSSW_VERSION =  CMSSW_5_3_11_patch6
>>> current directory (SOFTWARE_DIR): /home/grid/cms667/home_cream_093864822/CREAM093864822/CMSSW_5_3_11_patch6
PreserveSeeds: <>
IncrementSeeds:<>
{"output.root": ""}
WNHostName=lxbsq2025.cern.ch
>>> info for dashboard:
***** Cat /home/grid/cms667/home_cream_093864822/CREAM093864822/jobreport.txt *****
MonitorJobID=18_https://wms316.cern.ch:9000/97VbKVuRz0A3voRm1iEp_A
MonitorID=marfin_crab_0_130904_141238_h2u5e3
WNHostName=lxbsq2025.cern.ch
***** End Cat jobreport *****
Parameters sent to Dashboard.
crabWatchdog started as process 21192
>>> moving CMSSW software directories in /home/grid/cms667/home_cream_093864822/CREAM093864822/CMSSW_5_3_11_patch6
mv: cannot stat `/home/grid/cms667/home_cream_093864822/CREAM093864822/module/': No such file or directory
>>> Include /home/grid/cms667/home_cream_093864822/CREAM093864822 in PYTHONPATH:
PYTHONPATH=/home/grid/cms667/home_cream_093864822/CREAM093864822/:/pool/grid/cms667/home_cream_093864822/CREAM093864822/CMSSW_5_3_11_patch6/python:/pool/grid/cms667/home_cream_093864822/CREAM093864822/CMSSW_5_3_11_patch6/lib/slc5_amd64_gcc462:/afs/cern.ch/cms/slc5_amd64_gcc462/cms/cmssw-patch/CMSSW_5_3_11_patch6/python:/afs/cern.ch/cms/slc5_amd64_gcc462/cms/cmssw-patch/CMSSW_5_3_11_patch6/lib/slc5_amd64_gcc462:/afs/cern.ch/cms/slc5_amd64_gcc462/cms/cmssw/CMSSW_5_3_11/bin/slc5_amd64_gcc462:/afs/cern.ch/cms/slc5_amd64_gcc462/cms/cmssw/CMSSW_5_3_11/lib/slc5_amd64_gcc462:/afs/cern.ch/cms/slc5_amd64_gcc462/cms/coral/CORAL_2_3_21-cms35/slc5_amd64_gcc462/python:/afs/cern.ch/cms/slc5_amd64_gcc462/cms/coral/CORAL_2_3_21-cms35/slc5_amd64_gcc462/lib:/afs/cern.ch/cms/slc5_amd64_gcc462/external/pyqt/4.8.1/lib/python2.6/site-packages:/afs/cern.ch/cms/slc5_amd64_gcc462/external/py2-scipy/0.8.0/lib/python2.6/site-packages:/afs/cern.ch/cms/slc5_amd64_gcc462/external/py2-matplotlib/1.0.1/lib/python2.6/site-packages:/afs/cern.ch/cms/slc5_amd64_gcc462/external/python-ldap/2.3.5/lib/python2.6/site-packages:/afs/cern.ch/cms/slc5_amd64_gcc462/external/sip/4.11.2/lib/python2.6/site-packages:/afs/cern.ch/cms/slc5_amd64_gcc462/external/py2-pycurl/7.19.0/lib/python2.6/site-packages:/afs/cern.ch/cms/slc5_amd64_gcc462/external/py2-numpy/1.6.1/lib/python2.6/site-packages:/afs/cern.ch/cms/slc5_amd64_gcc462/external/py2-ipython/0.10/lib/python2.6/site-packages:/afs/cern.ch/cms/slc5_amd64_gcc462/external/py2-cx-oracle/5.1-cms11/lib/python2.6/site-packages:/afs/cern.ch/cms/slc5_amd64_gcc462/external/py2-cjson/1.0.5/lib/python2.6/site-packages:/afs/cern.ch/cms/slc5_amd64_gcc462/cms/das-client/1.9.5/bin:/afs/cern.ch/cms/slc5_amd64_gcc462/external/elementtree/1.2.6/share/lib/python2.6/site-packages:/afs/cern.ch/cms/slc5_amd64_gcc462/external/rivet/1.8.2/lib/python2.6/site-packages:/afs/cern.ch/cms/slc5_amd64_gcc462/external/pyminuit2/0.0.1-cms39/lib/python2.6/site-packages:/afs/cern.ch/cms/slc5_amd64_gcc462/external/professor/1.0.0-cms40/lib/python2.6/site-packages:/afs/cern.ch/cms/slc5_amd64_gcc462/lcg/root/5.32.00-cms21/lib:/afs/cern.ch/cms/slc5_amd64_gcc462/cms/dbs-client/DBS_2_1_9-cms3/lib:/afs/cern.ch/cms/slc5_amd64_gcc462/cms/dbs-client/DBS_2_1_9-cms3/lib/DBSAPI:/afs/cern.ch/cms/slc5_amd64_gcc462/external/cvs2git/5419/lib:/home/grid/cms667/home_cream_093864822/CREAM093864822/
 
# LIMITS USED BY CRAB WATCHDOG:
# RSS  (KBytes)   : 2300000
# VSZ  (KBytes)   : 100000000
# DISK (MBytes)   : 19000
# CPU TIME        : 720h:0m:0s
# WALL CLOCK TIME : 21h:50m:0s
 
844a175eacc74cc51be2e7d71ca2539e
PSETHASH = 844a175eacc74cc51be2e7d71ca2539e
/home/grid/cms667/home_cream_093864822/CREAM093864822/writeCfg.py pset.py pset.py
Importing .py file
Setting parameters
RandomNumberGeneratorService found, will attempt to change seeds
inputBlocks=/RelValTTbar/CMSSW_5_3_11_patch3-PU_START53_LV2_09Jul2013-v1/GEN-SIM-DIGI-RAW-HLTDEBUG#bc03e9fc-e90e-11e2-95e5-00221959e7c0
inputFiles=/store/relval/CMSSW_5_3_11_patch3/RelValTTbar/GEN-SIM-DIGI-RAW-HLTDEBUG/PU_START53_LV2_09Jul2013-v1/00000/EEFEBFCC-08E9-E211-9987-00261894393B.root;/store/relval/CMSSW_5_3_11_patch3/RelValTTbar/GEN-SIM-DIGI-RAW-HLTDEBUG/PU_START53_LV2_09Jul2013-v1/00000/7E4AC3A7-08E9-E211-B239-00261894380A.root;/store/relval/CMSSW_5_3_11_patch3/RelValTTbar/GEN-SIM-DIGI-RAW-HLTDEBUG/PU_START53_LV2_09Jul2013-v1/00000/305BFBC0-08E9-E211-9196-00261894389C.root
parentFiles=
lumisRange=
>>> Executable cmsRun
/afs/cern.ch/cms/slc5_amd64_gcc462/cms/cmssw-patch/CMSSW_5_3_11_patch6/bin/slc5_amd64_gcc462/cmsRun
ok executable found
>>> info for dashboard:
***** Cat /home/grid/cms667/home_cream_093864822/CREAM093864822/jobreport.txt *****
MonitorJobID=18_https://wms316.cern.ch:9000/97VbKVuRz0A3voRm1iEp_A
MonitorID=marfin_crab_0_130904_141238_h2u5e3
ExeStart=cmsRun
***** End Cat jobreport *****
Parameters sent to Dashboard.
>>> cmsRun started at Wed Sep  4 12:16:38 UTC 2013
>>> cmsRun ended at Wed Sep  4 12:48:09 UTC 2013
>>> crab_fjr_*.xml  permission set to 0704
>>> info for dashboard:
***** Cat /home/grid/cms667/home_cream_093864822/CREAM093864822/jobreport.txt *****
MonitorJobID=18_https://wms316.cern.ch:9000/97VbKVuRz0A3voRm1iEp_A
MonitorID=marfin_crab_0_130904_141238_h2u5e3
ExeEnd=cmsRun
***** End Cat jobreport *****
Parameters sent to Dashboard.
TIME_EXE = 1891 sec
>>> cmsRun wrote 109 lines of stdout+stderr
>>> START OF printout of 109 lines from stdout+stderr
04-Sep-2013 14:18:07 CEST  Initiating request to open file root://eoscms//eos/cms/store/relval/CMSSW_5_3_11_patch3/RelValTTbar/GEN-SIM-DIGI-RAW-HLTDEBUG/PU_START53_LV2_09Jul2013-v1/00000/EEFEBFCC-08E9-E211-9987-00261894393B.root?svcClass=default
130904 14:18:07 21609 Xrd: GoToAnotherServer: Going to: lxfsrd16c02.cern.ch:1095
04-Sep-2013 14:18:14 CEST  Successfully opened file root://eoscms//eos/cms/store/relval/CMSSW_5_3_11_patch3/RelValTTbar/GEN-SIM-DIGI-RAW-HLTDEBUG/PU_START53_LV2_09Jul2013-v1/00000/EEFEBFCC-08E9-E211-9987-00261894393B.root?svcClass=default
%MSG-w SiStripQuality:  EventSetupRecordDataGetter:hltGetConditions@beginRun  04-Sep-2013 14:19:42 CEST Run: 1
The cabling should always include the active feds in runInfo and possibly have some morethere are instead 59 feds only active in runInfo
%MSG
Begin processing the 1st record. Run 1, Event 6996, LumiSection 140 at 04-Sep-2013 14:20:01.106 CEST
%MSG-w BasicTrajectoryState:   TrackProducer:hltBLifetimeRegionalCtfWithMaterialTracksbbPhi  04-Sep-2013 14:20:10 CEST Run: 1 Event: 6996
curv error not pos-def
[  2.67514e+07    -942.792-1.43806e+06     1024.65    -6.79197
      -942.792   0.0337804     50.6811   -0.035313  0.00545436
  -1.43806e+06     50.6811     77304.6    -55.0892    0.366322
       1024.65   -0.035313    -55.0892 -0.00873729  0.00711224
      -6.79197  0.00545436    0.366322  0.00711224   0.0491041 ]
%MSG
%MSG-w BasicTrajectoryState:   TrackProducer:hltBLifetimeRegionalCtfWithMaterialTracksbbPhi  04-Sep-2013 14:20:10 CEST Run: 1 Event: 6996
local error not pos-def
[  2.67514e+07 1.44039e+06    -64262.8    -1025.49     57.5972
   1.44039e+06     77555.3    -3460.13    -55.2237     3.10336
      -64262.8    -3460.13     154.376     2.46565   -0.120341
      -1025.49    -55.2237     2.46565 -0.00875169   0.0111979
       57.5972     3.10336   -0.120341   0.0111979    0.111915 ]
%MSG
%MSG-w BasicTrajectoryState:   TrackProducer:hltBLifetimeRegionalCtfWithMaterialTracksRAzr  04-Sep-2013 14:20:11 CEST Run: 1 Event: 6996
local error not pos-def
[  5.37982e-07-2.53203e-08-3.58466e-06-3.25963e-07 2.24113e-05
  -2.53203e-08-6.40284e-09 4.14485e-06 7.48783e-07-2.51532e-05
  -3.58466e-06 4.14485e-06 2.84472e-06 1.43051e-06  3.8445e-06
  -3.25963e-07 7.48783e-07 1.43051e-06 3.37958e-05 -0.00053978
   2.24113e-05-2.51532e-05  3.8445e-06 -0.00053978 0.000431061 ]
%MSG
%MSG-w BasicTrajectoryState:   TrackProducer:hltBLifetimeRegionalCtfWithMaterialTracksRAzr  04-Sep-2013 14:20:11 CEST Run: 1 Event: 6996
curv error not pos-def
[  5.37982e-07-1.38645e-06-5.97502e-09-2.90412e-07 1.48936e-05
  -1.38645e-06-2.14532e-07 1.28602e-06 3.62087e-07  4.1616e-06
  -5.97502e-09 1.28602e-06-2.92318e-08 2.31351e-07-1.32034e-05
  -2.90412e-07 3.62087e-07 2.31351e-07 2.68832e-05-0.000327885
   1.48936e-05  4.1616e-06-1.32034e-05-0.000327885 0.000433209 ]
%MSG
%MSG-w BasicTrajectoryState:   TrackProducer:hltBLifetimeRegionalCtfWithMaterialTracksRAzr  04-Sep-2013 14:20:11 CEST Run: 1 Event: 6996
local error not pos-def
[   7.1451e-07-1.07138e-07 1.68802e-08 1.28685e-06-2.65986e-05
  -1.07138e-07-6.48433e-08  2.5786e-08 1.51526e-06-1.76877e-05
   1.68802e-08  2.5786e-08 4.12139e-07 9.99134e-07 5.65499e-06
   1.28685e-06 1.51526e-06 9.99134e-07 4.70467e-05-0.000305414
  -2.65986e-05-1.76877e-05 5.65499e-06-0.000305414   0.0002774 ]
%MSG
%MSG-w BasicTrajectoryState:   TrackProducer:hltBLifetimeRegionalCtfWithMaterialTracksRAzr  04-Sep-2013 14:20:11 CEST Run: 1 Event: 6996
curv error not pos-def
[   7.1451e-07-1.87523e-08 1.18773e-07-1.25422e-06 1.77587e-05
  -1.87523e-08 7.09301e-08 1.98649e-08 2.52916e-07 2.79983e-06
   1.18773e-07 1.98649e-08-7.97619e-08 1.21638e-06-1.11977e-05
  -1.25422e-06 2.52916e-07 1.21638e-06 4.46872e-05-0.000204025
   1.77587e-05 2.79983e-06-1.11977e-05-0.000204025 0.000189828 ]
%MSG
04-Sep-2013 14:20:43 CEST  Closed file root://eoscms//eos/cms/store/relval/CMSSW_5_3_11_patch3/RelValTTbar/GEN-SIM-DIGI-RAW-HLTDEBUG/PU_START53_LV2_09Jul2013-v1/00000/EEFEBFCC-08E9-E211-9987-00261894393B.root?svcClass=default
04-Sep-2013 14:20:43 CEST  Initiating request to open file root://eoscms//eos/cms/store/relval/CMSSW_5_3_11_patch3/RelValTTbar/GEN-SIM-DIGI-RAW-HLTDEBUG/PU_START53_LV2_09Jul2013-v1/00000/7E4AC3A7-08E9-E211-B239-00261894380A.root?svcClass=default
130904 14:20:43 21609 Xrd: GoToAnotherServer: Going to: lxfsrk50c03.cern.ch:1095
04-Sep-2013 14:20:43 CEST  Successfully opened file root://eoscms//eos/cms/store/relval/CMSSW_5_3_11_patch3/RelValTTbar/GEN-SIM-DIGI-RAW-HLTDEBUG/PU_START53_LV2_09Jul2013-v1/00000/7E4AC3A7-08E9-E211-B239-00261894380A.root?svcClass=default
130904 14:26:07 21609 Xrd: XrdClientMessage::ReadRaw: Failed to read header (8 bytes).
Begin processing the 101st record. Run 1, Event 2096, LumiSection 42 at 04-Sep-2013 14:31:01.896 CEST
DTTSPhi::addTracoT: preview not present in TRACO trigger or its code=0  trigger not added!
DTTSPhi::addTracoT: preview not present in TRACO trigger or its code=0  trigger not added!
DTTSPhi::addTracoT: preview not present in TRACO trigger or its code=0  trigger not added!
DTTSPhi::addTracoT: preview not present in TRACO trigger or its code=0  trigger not added!
DTTSPhi::addTracoT: preview not present in TRACO trigger or its code=0  trigger not added!
DTTSPhi::addTracoT: preview not present in TRACO trigger or its code=0  trigger not added!
Begin processing the 201st record. Run 1, Event 2746, LumiSection 55 at 04-Sep-2013 14:34:45.296 CEST
DTTSPhi::addTracoT: preview not present in TRACO trigger or its code=0  trigger not added!
DTTSPhi::addTracoT: preview not present in TRACO trigger or its code=0  trigger not added!
DTTSPhi::addTracoT: preview not present in TRACO trigger or its code=0  trigger not added!
Begin processing the 301st record. Run 1, Event 3496, LumiSection 70 at 04-Sep-2013 14:38:36.066 CEST
130904 14:41:07 21609 Xrd: XrdClientMessage::ReadRaw: Failed to read header (8 bytes).
DTTSPhi::addTracoT: preview not present in TRACO trigger or its code=0  trigger not added!
Begin processing the 401st record. Run 1, Event 3646, LumiSection 73 at 04-Sep-2013 14:42:20.476 CEST
04-Sep-2013 14:42:31 CEST  Closed file root://eoscms//eos/cms/store/relval/CMSSW_5_3_11_patch3/RelValTTbar/GEN-SIM-DIGI-RAW-HLTDEBUG/PU_START53_LV2_09Jul2013-v1/00000/7E4AC3A7-08E9-E211-B239-00261894380A.root?svcClass=default
04-Sep-2013 14:42:31 CEST  Initiating request to open file root://eoscms//eos/cms/store/relval/CMSSW_5_3_11_patch3/RelValTTbar/GEN-SIM-DIGI-RAW-HLTDEBUG/PU_START53_LV2_09Jul2013-v1/00000/305BFBC0-08E9-E211-9196-00261894389C.root?svcClass=default
130904 14:42:31 001 Xrd: CheckErrorStatus: Server [eoscms] declared: session not found(error code: 3011)
130904 14:42:31 21609 Xrd: GoToAnotherServer: Going to: lxfssl4205.cern.ch:1095
04-Sep-2013 14:42:31 CEST  Successfully opened file root://eoscms//eos/cms/store/relval/CMSSW_5_3_11_patch3/RelValTTbar/GEN-SIM-DIGI-RAW-HLTDEBUG/PU_START53_LV2_09Jul2013-v1/00000/305BFBC0-08E9-E211-9196-00261894389C.root?svcClass=default
DTTSPhi::addTracoT: preview not present in TRACO trigger or its code=0  trigger not added!
DTTSPhi::addTracoT: preview not present in TRACO trigger or its code=0  trigger not added!
130904 14:47:37 21609 Xrd: XrdClientMessage::ReadRaw: Failed to read header (8 bytes).
04-Sep-2013 14:47:59 CEST  Closed file root://eoscms//eos/cms/store/relval/CMSSW_5_3_11_patch3/RelValTTbar/GEN-SIM-DIGI-RAW-HLTDEBUG/PU_START53_LV2_09Jul2013-v1/00000/305BFBC0-08E9-E211-9196-00261894389C.root?svcClass=default

=============================================

MessageLogger Summary

 type     category        sev    module        subroutine        count    total
 ---- -------------------- -- ---------------- ----------------  -----    -----
    1 BasicTrajectoryState -w TrackProducer:hl                       4        4
    2 BasicTrajectoryState -w TrackProducer:hl                       2        2
    3 SiStripQuality       -w EventSetupRecord                       1        1
    4 fileAction           -s file_close                             3        3
    5 fileAction           -s file_open                              6        6

 type    category    Examples: run/evt        run/evt          run/evt
 ---- -------------------- ---------------- ---------------- ----------------
    1 BasicTrajectoryState 1/6996           1/6996           1/6996
    2 BasicTrajectoryState 1/6996           1/6996           
    3 SiStripQuality       Run: 1                            
    4 fileAction           PostProcessEvent PostProcessEvent PostEndRun
    5 fileAction           pre-events       pre-events       PostProcessEvent

Severity    # Occurrences   Total Occurrences
--------    -------------   -----------------
Warning                 7                   7
System                  9                   9
>>> END OF printout of 109 lines from stdout+stderr
>>> Parse FrameworkJobReport crab_fjr.xml
Result of parsing the FrameworkJobReport crab_fjr.xml: Popularity start
lumisRange : 1::::1;1::143-144::2;1::38,42,52,55,62,70-71,73::3;
lumisParentRange : 
Basename : /store/relval/CMSSW_5_3_11_patch3/RelValTTbar/GEN-SIM-DIGI-RAW-HLTDEBUG/PU_START53_LV2_09Jul2013-v1/00000/
BasenameParent : 
parentFiles : 
inputBlocks : /RelValTTbar/CMSSW_5_3_11_patch3-PU_START53_LV2_09Jul2013-v1/GEN-SIM-DIGI-RAW-HLTDEBUG#bc03e9fc-e90e-11e2-95e5-00221959e7c0
inputFiles : EEFEBFCC-08E9-E211-9987-00261894393B.root::1::EDM::Local::1;305BFBC0-08E9-E211-9196-00261894389C.root::1::EDM::Local::2;7E4AC3A7-08E9-E211-B239-00261894380A.root::1::EDM::Local::3;
Popularity stop
Extracted ExitStatus from FrameworkJobReport parsing output: 0
>>> Executable succeded  0
ExeExitCode=0
EXECUTABLE_EXIT_STATUS = 0
>>> current directory /home/grid/cms667/home_cream_093864822/CREAM093864822/CMSSW_5_3_11_patch6
>>>  (SOFTWARE_DIR): /home/grid/cms667/home_cream_093864822/CREAM093864822/CMSSW_5_3_11_patch6
>>> (WORKING_DIR): 
>>> current directory content:
total 4051512
drwxr-xr-x 3 cms667 zh       4096 Sep  4 14:16 .SCRAM
-rw------- 1 cms667 zh    3842683 Sep  4 14:16 CMSSW.py.pkl
drwxr-xr-x 3 cms667 zh       4096 Sep  4 14:16 bin
drwxr-xr-x 3 cms667 zh       4096 Sep  4 14:16 cfipython
drwxr-xr-x 4 cms667 zh       4096 Sep  4 14:16 config
-rw------- 1 cms667 zh         18 Sep  4 14:48 cpu_timing.txt
drwxr-xr-x 2 cms667 zh       4096 Sep  4 14:16 doc
-rw------- 1 cms667 zh       8800 Sep  4 14:48 executable.out
drwxr-xr-x 2 cms667 zh       4096 Sep  4 14:16 include
drwx------ 3 cms667 zh       4096 Aug 26 18:31 lib
drwxr-xr-x 3 cms667 zh       4096 Sep  4 14:16 logs
drwxr-xr-x 3 cms667 zh       4096 Sep  4 14:16 objs
-rw------- 1 cms667 zh 4136830338 Sep  4 14:48 output.root
-rw------- 1 cms667 zh        104 Sep  4 14:16 pset.py
-rw------- 1 cms667 zh    3843682 Sep  4 14:16 pset.py.pkl
-rw------- 1 cms667 zh        289 Sep  4 14:16 pset.pyc
drwxr-xr-x 2 cms667 zh       4096 Sep  4 14:16 python
-rw------- 1 cms667 zh        440 Sep  4 14:48 report.log
drwx------ 5 cms667 zh       4096 Sep  4 14:15 src
drwxr-xr-x 3 cms667 zh       4096 Sep  4 14:16 test
drwxr-xr-x 3 cms667 zh       4096 Sep  4 14:16 tmp
>>> current directory /home/grid/cms667/home_cream_093864822/CREAM093864822/CMSSW_5_3_11_patch6
>>> (SOFTWARE_DIR): /home/grid/cms667/home_cream_093864822/CREAM093864822/CMSSW_5_3_11_patch6
>>> (WORKING_DIR): 
>>> current directory content:
total 4051512
drwxr-xr-x 3 cms667 zh       4096 Sep  4 14:16 .SCRAM
-rw------- 1 cms667 zh    3842683 Sep  4 14:16 CMSSW.py.pkl
drwxr-xr-x 3 cms667 zh       4096 Sep  4 14:16 bin
drwxr-xr-x 3 cms667 zh       4096 Sep  4 14:16 cfipython
drwxr-xr-x 4 cms667 zh       4096 Sep  4 14:16 config
-rw------- 1 cms667 zh         18 Sep  4 14:48 cpu_timing.txt
drwxr-xr-x 2 cms667 zh       4096 Sep  4 14:16 doc
-rw------- 1 cms667 zh       8800 Sep  4 14:48 executable.out
drwxr-xr-x 2 cms667 zh       4096 Sep  4 14:16 include
drwx------ 3 cms667 zh       4096 Aug 26 18:31 lib
drwxr-xr-x 3 cms667 zh       4096 Sep  4 14:16 logs
drwxr-xr-x 3 cms667 zh       4096 Sep  4 14:16 objs
-rw------- 1 cms667 zh 4136830338 Sep  4 14:48 output_18_1_FFE.root
-rw------- 1 cms667 zh        104 Sep  4 14:16 pset.py
-rw------- 1 cms667 zh    3843682 Sep  4 14:16 pset.py.pkl
-rw------- 1 cms667 zh        289 Sep  4 14:16 pset.pyc
drwxr-xr-x 2 cms667 zh       4096 Sep  4 14:16 python
-rw------- 1 cms667 zh        440 Sep  4 14:48 report.log
drwx------ 5 cms667 zh       4096 Sep  4 14:15 src
drwxr-xr-x 3 cms667 zh       4096 Sep  4 14:16 test
drwxr-xr-x 3 cms667 zh       4096 Sep  4 14:16 tmp
>>> current directory (RUNTIME_AREA):  /home/grid/cms667/home_cream_093864822/CREAM093864822
SE = dcache-se-cms.desy.de
SE_PATH = /srm/managerv2?SFN=/pnfs/desy.de/cms/tier2/store/user/marfin/RelValTTbar/53xRelVal2011Redigi/844a175eacc74cc51be2e7d71ca2539e/
LFNBaseName = /store/user/marfin/RelValTTbar/53xRelVal2011Redigi/844a175eacc74cc51be2e7d71ca2539e/
USER = marfin
endpoint = srm://dcache-se-cms.desy.de:8443/srm/managerv2?SFN=/pnfs/desy.de/cms/tier2/store/user/marfin/RelValTTbar/53xRelVal2011Redigi/844a175eacc74cc51be2e7d71ca2539e/
>>> Copy output files from WN = lxbsq2025.cern.ch to /srm/managerv2?SFN=/pnfs/desy.de/cms/tier2/store/user/marfin/RelValTTbar/53xRelVal2011Redigi/844a175eacc74cc51be2e7d71ca2539e/ :
python cmscp.py  --destination srm://dcache-se-cms.desy.de:8443/srm/managerv2?SFN=/pnfs/desy.de/cms/tier2/store/user/marfin/RelValTTbar/53xRelVal2011Redigi/844a175eacc74cc51be2e7d71ca2539e/ --inputFileList /home/grid/cms667/home_cream_093864822/CREAM093864822/CMSSW_5_3_11_patch6/output_18_1_FFE.root --middleware LCG --se_name dcache-se-cms.desy.de --for_lfn /store/user/marfin/RelValTTbar/53xRelVal2011Redigi/844a175eacc74cc51be2e7d71ca2539e/    
******************************************************
localSeName  =  srm-eoscms.cern.ch
remoteSeName =  dcache-se-cms.desy.de
******************************************************
{"/home/grid/cms667/home_cream_093864822/CREAM093864822/CMSSW_5_3_11_patch6/output_18_1_FFE.root": {"endpoint": "srm://dcache-se-cms.desy.de:8443/srm/managerv2?SFN=/pnfs/desy.de/cms/tier2/store/user/marfin/RelValTTbar/53xRelVal2011Redigi/844a175eacc74cc51be2e7d71ca2539e/", "surl_for_grid": "", "reason": "Copy succedeed with srm-lcg utils", "erCode": "0", "se_name": "dcache-se-cms.desy.de", "for_lfn": "/store/user/marfin/RelValTTbar/53xRelVal2011Redigi/844a175eacc74cc51be2e7d71ca2539e/"}}/home/grid/cms667/home_cream_093864822/CREAM093864822
-------- cat /home/grid/cms667/home_cream_093864822/CREAM093864822/cmscpReport.sh 
#!/bin/bash
echo "Report for File: /home/grid/cms667/home_cream_093864822/CREAM093864822/CMSSW_5_3_11_patch6/output_18_1_FFE.root"
echo "LFN: /store/user/marfin/RelValTTbar/53xRelVal2011Redigi/844a175eacc74cc51be2e7d71ca2539e/output_18_1_FFE.root"
echo "StorageElement: dcache-se-cms.desy.de"
echo "StageOutExitStatusReason = 'Copy succedeed with srm-lcg utils'" | tee -a $RUNTIME_AREA/$repo
echo "StageOutSE = dcache-se-cms.desy.de" >> $RUNTIME_AREA/$repo

export StageOutExitStatus=0
echo "StageOutExitStatus = 0" | tee -a $RUNTIME_AREA/$repo
-------- end of /home/grid/cms667/home_cream_093864822/CREAM093864822/cmscpReport.sh 
Report for File: /home/grid/cms667/home_cream_093864822/CREAM093864822/CMSSW_5_3_11_patch6/output_18_1_FFE.root
LFN: /store/user/marfin/RelValTTbar/53xRelVal2011Redigi/844a175eacc74cc51be2e7d71ca2539e/output_18_1_FFE.root
StorageElement: dcache-se-cms.desy.de
StageOutExitStatusReason = 'Copy succedeed with srm-lcg utils'
StageOutExitStatus = 0
>>> current dir: /home/grid/cms667/home_cream_093864822/CREAM093864822
>>> current dir content:
total 6400
-rwx------  1 cms667 zh   13669 Sep  4 14:15 .BrokerInfo
-rw-------  1 cms667 zh    6158 Sep  4 14:49 .SEinteraction.log
-rwx------  1 cms667 zh       0 Sep  4 14:15 .tmp_file
-rw-------  1 cms667 zh     105 Sep  4 14:12 CMSSW.py
-rw-------  1 cms667 zh 3842683 Sep  4 14:12 CMSSW.py.pkl
-rwx------  1 cms667 zh   27979 Sep  4 14:15 CMSSW.sh
-rwx------  1 cms667 zh       0 Sep  4 14:15 CMSSW_18.stderr
-rwx---r--  1 cms667 zh   23612 Sep  4 14:49 CMSSW_18.stdout
drwxr-xr-x 15 cms667 zh    4096 Sep  4 14:48 CMSSW_5_3_11_patch6
-rw-------  1 cms667 zh     484 Sep  4 14:15 CacheEnv.sh
-rw-------  1 cms667 zh    7291 Jun  9  2010 DashboardAPI.py
-rw-------  1 cms667 zh    6493 Sep  4 14:16 DashboardAPI.pyc
drwx------  3 cms667 zh    4096 Aug 20 17:36 IMProv
-rw-------  1 cms667 zh    2748 Mar  8  2006 Logger.py
-rw-------  1 cms667 zh    3223 Sep  4 14:16 Logger.pyc
-rw-------  1 cms667 zh   24524 Mar 28  2008 ProcInfo.py
-rw-------  1 cms667 zh   22846 Sep  4 14:16 ProcInfo.pyc
drwx------  7 cms667 zh    4096 Sep  4 14:16 ProdCommon
drwx------  3 cms667 zh    4096 Sep  4 14:15 WMCore
-rw-------  1 cms667 zh    6605 Sep  4 14:48 Watchdog_18.log
-rw-------  1 cms667 zh   32895 Mar 28  2008 apmon.py
-rw-------  1 cms667 zh   28120 Sep  4 14:16 apmon.pyc
-rwx------  1 cms667 zh   10416 Sep  4 14:15 arguments.xml
-rwx------  1 cms667 zh   38507 Aug  6 23:12 cmscp.py
-rw-------  1 cms667 zh     545 Sep  4 14:49 cmscpReport.sh
-rw-------  1 cms667 zh     506 Sep  4 14:12 crab.cfg
-rwx------  1 cms667 zh    8610 Apr  2 15:44 crabWatchdog.sh
-rwx---r--  1 cms667 zh  931295 Sep  4 14:48 crab_fjr_18.xml
-rwx------  1 cms667 zh 1216398 Sep  4 14:15 default.tgz
-rwx------  1 cms667 zh    4488 May 12  2012 fillCrabFjr.py
-rw-------  1 cms667 zh     616 Sep  4 14:16 inputsReport.txt
-rw-------  1 cms667 zh     260 Sep  4 14:49 jobreport.txt
lrwxrwxrwx  1 cms667 zh      94 Sep  4 14:48 output.root -> /home/grid/cms667/home_cream_093864822/CREAM093864822/CMSSW_5_3_11_patch6/output_18_1_FFE.root
-rw-------  1 cms667 zh   17352 Jan 20  2012 parseCrabFjr.py
-rw-------  1 cms667 zh     265 Sep  4 14:15 report.log
-rwx--x--x  1 cms667 zh    1497 May 27  2009 report.py
-rw-------  1 cms667 zh     492 Sep  4 14:49 resultCopyFile
-rwx------  1 cms667 zh    8387 Mar 23  2011 writeCfg.py
>>> Modify Job Report:
CMSSW_VERSION = CMSSW_5_3_11_patch6
ProcessedDataset = 53xRelVal2011Redigi
/home/grid/cms667/home_cream_093864822/CREAM093864822/ProdCommon/FwkJobRep/ModifyJobReport.py fjr /home/grid/cms667/home_cream_093864822/CREAM093864822/crab_fjr_18.xml json /home/grid/cms667/home_cream_093864822/CREAM093864822/resultCopyFile n_job 18_1_FFE PrimaryDataset RelValTTbar  ApplicationFamily cmsRun ApplicationName cmsRun cmssw_version CMSSW_5_3_11_patch6 psethash 844a175eacc74cc51be2e7d71ca2539e UserProcessedDataset marfin-53xRelVal2011Redigi-844a175eacc74cc51be2e7d71ca2539e
inputDict =  {u'/home/grid/cms667/home_cream_093864822/CREAM093864822/CMSSW_5_3_11_patch6/output_18_1_FFE.root': {u'endpoint': u'srm://dcache-se-cms.desy.de:8443/srm/managerv2?SFN=/pnfs/desy.de/cms/tier2/store/user/marfin/RelValTTbar/53xRelVal2011Redigi/844a175eacc74cc51be2e7d71ca2539e/', u'surl_for_grid': u'', u'reason': u'Copy succedeed with srm-lcg utils', u'erCode': u'0', u'se_name': u'dcache-se-cms.desy.de', u'for_lfn': u'/store/user/marfin/RelValTTbar/53xRelVal2011Redigi/844a175eacc74cc51be2e7d71ca2539e/'}}
diz_filter =  {u'output.root': u''}
UserProcessedDataset =  marfin-53xRelVal2011Redigi-844a175eacc74cc51be2e7d71ca2539e
file_name in inputDict =  /home/grid/cms667/home_cream_093864822/CREAM093864822/CMSSW_5_3_11_patch6/output_18_1_FFE.root
(size) os.stat(filename)[6] =  4136830338
checksum =  759378715
filter =  
    file =  output_18_1_FFE.root
    newPfn =  srm://dcache-se-cms.desy.de:8443/srm/managerv2?SFN=/pnfs/desy.de/cms/tier2/store/user/marfin/RelValTTbar/53xRelVal2011Redigi/844a175eacc74cc51be2e7d71ca2539e/output_18_1_FFE.root
    newLfn =  /store/user/marfin/RelValTTbar/53xRelVal2011Redigi/844a175eacc74cc51be2e7d71ca2539e/output_18_1_FFE.root
>>> crab_fjr_*.xml  permission set to 0704
Checking output files:  
will tar file crab_fjr_18.xml in  out_files_18
will tar file CMSSW_18.stdout in  out_files_18
will tar file CMSSW_18.stderr in  out_files_18
WARNING: output file Watchdog_18.log.gz not found!
>>> padding time: Wrapper lasting more than 600 seconds. No sleep required.
STOPPING WATCHDOG. CrabWatchdog PID is 21192
********** LAST 50 LINES OF WATCHDOG LOG
 Sep 04 14:20:24 CEST	---	1722256	2198500	29	----	----	----
 Sep 04 14:21:24 CEST	---	1722256	2198500	416	----	----	----
 Sep 04 14:22:25 CEST	---	1722256	2198500	876	----	----	----
 Sep 04 14:23:26 CEST	21609	1731328	2198696	876	124	425	cmsRun -j /home/grid/cms667/home_cream_093864822/CREAM093864822/crab_fjr_18.xml -p pset.py      
 Sep 04 14:23:26 CEST	---	1731328	2198696	1204	----	----	----
 Sep 04 14:24:26 CEST	21609	1732308	2198952	1204	136	485	cmsRun -j /home/grid/cms667/home_cream_093864822/CREAM093864822/crab_fjr_18.xml -p pset.py      
 Sep 04 14:24:26 CEST	---	1732308	2198952	1532	----	----	----
 Sep 04 14:25:26 CEST	21609	1743824	2223528	1532	152	546	cmsRun -j /home/grid/cms667/home_cream_093864822/CREAM093864822/crab_fjr_18.xml -p pset.py      
 Sep 04 14:25:26 CEST	---	1743824	2223528	2005	----	----	----
 Sep 04 14:26:27 CEST	21609	1744916	2223528	2005	167	606	cmsRun -j /home/grid/cms667/home_cream_093864822/CREAM093864822/crab_fjr_18.xml -p pset.py      
 Sep 04 14:26:27 CEST	---	1744916	2223528	2440	----	----	----
 Sep 04 14:27:27 CEST	21609	1803432	2264744	2440	187	666	cmsRun -j /home/grid/cms667/home_cream_093864822/CREAM093864822/crab_fjr_18.xml -p pset.py      
 Sep 04 14:27:27 CEST	---	1803432	2264744	2897	----	----	----
 Sep 04 14:28:27 CEST	21609	1814216	2264744	2897	240	727	cmsRun -j /home/grid/cms667/home_cream_093864822/CREAM093864822/crab_fjr_18.xml -p pset.py      
 Sep 04 14:28:27 CEST	---	1814216	2264744	2923	----	----	----
 Sep 04 14:29:28 CEST	21609	1816452	2264744	2923	299	787	cmsRun -j /home/grid/cms667/home_cream_093864822/CREAM093864822/crab_fjr_18.xml -p pset.py      
 Sep 04 14:29:28 CEST	---	1816452	2264744	2953	----	----	----
 Sep 04 14:30:28 CEST	21609	1821352	2264744	2953	358	848	cmsRun -j /home/grid/cms667/home_cream_093864822/CREAM093864822/crab_fjr_18.xml -p pset.py      
 Sep 04 14:30:28 CEST	---	1821352	2264744	2986	----	----	----
 Sep 04 14:31:29 CEST	21609	1822232	2264744	2986	418	909	cmsRun -j /home/grid/cms667/home_cream_093864822/CREAM093864822/crab_fjr_18.xml -p pset.py      
 Sep 04 14:31:29 CEST	---	1822232	2264744	3020	----	----	----
# TIME			PID	RSS(KB)	VSZ(KB)	Dsk(MB)	tCPU(s)	tWALL(s)	COMMAND
 Sep 04 14:32:30 CEST	21609	1828520	2271660	3020	477	969	cmsRun -j /home/grid/cms667/home_cream_093864822/CREAM093864822/crab_fjr_18.xml -p pset.py      
 Sep 04 14:32:30 CEST	---	1828520	2271660	3052	----	----	----
 Sep 04 14:33:30 CEST	---	1828520	2271660	3085	----	----	----
 Sep 04 14:34:31 CEST	21609	1835448	2273708	3085	593	1090	cmsRun -j /home/grid/cms667/home_cream_093864822/CREAM093864822/crab_fjr_18.xml -p pset.py      
 Sep 04 14:34:31 CEST	---	1835448	2273708	3117	----	----	----
 Sep 04 14:35:31 CEST	21609	1835652	2273708	3117	643	1151	cmsRun -j /home/grid/cms667/home_cream_093864822/CREAM093864822/crab_fjr_18.xml -p pset.py      
 Sep 04 14:35:31 CEST	---	1835652	2273708	3148	----	----	----
 Sep 04 14:36:32 CEST	21609	1836756	2273708	3148	702	1211	cmsRun -j /home/grid/cms667/home_cream_093864822/CREAM093864822/crab_fjr_18.xml -p pset.py      
 Sep 04 14:36:32 CEST	---	1836756	2273708	3181	----	----	----
 Sep 04 14:37:32 CEST	21609	1839608	2273708	3181	760	1271	cmsRun -j /home/grid/cms667/home_cream_093864822/CREAM093864822/crab_fjr_18.xml -p pset.py      
 Sep 04 14:37:32 CEST	---	1839608	2273708	3210	----	----	----
 Sep 04 14:38:33 CEST	21609	1839608	2278316	3210	819	1332	cmsRun -j /home/grid/cms667/home_cream_093864822/CREAM093864822/crab_fjr_18.xml -p pset.py      
 Sep 04 14:38:33 CEST	---	1839608	2278316	3243	----	----	----
 Sep 04 14:39:33 CEST	21609	1839608	2278572	3243	878	1392	cmsRun -j /home/grid/cms667/home_cream_093864822/CREAM093864822/crab_fjr_18.xml -p pset.py      
 Sep 04 14:39:33 CEST	---	1839608	2278572	3272	----	----	----
 Sep 04 14:40:33 CEST	21609	1842252	2278572	3272	936	1453	cmsRun -j /home/grid/cms667/home_cream_093864822/CREAM093864822/crab_fjr_18.xml -p pset.py      
 Sep 04 14:40:33 CEST	---	1842252	2278572	3303	----	----	----
 Sep 04 14:41:34 CEST	21609	1842252	2282412	3303	995	1513	cmsRun -j /home/grid/cms667/home_cream_093864822/CREAM093864822/crab_fjr_18.xml -p pset.py      
 Sep 04 14:41:34 CEST	---	1842252	2282412	3337	----	----	----
 Sep 04 14:42:34 CEST	---	1842252	2282412	3367	----	----	----
 Sep 04 14:43:35 CEST	21609	2048164	2452656	3367	1110	1634	cmsRun -j /home/grid/cms667/home_cream_093864822/CREAM093864822/crab_fjr_18.xml -p pset.py      
 Sep 04 14:43:35 CEST	---	2048164	2452656	3466	----	----	----
 Sep 04 14:44:35 CEST	---	2048164	2452656	3581	----	----	----
 Sep 04 14:45:35 CEST	---	2048164	2452656	3682	----	----	----
 Sep 04 14:46:36 CEST	---	2048164	2452656	3794	----	----	----
 Sep 04 14:47:36 CEST	21609	2050584	2452656	3794	1341	1876	cmsRun -j /home/grid/cms667/home_cream_093864822/CREAM093864822/crab_fjr_18.xml -p pset.py      
 Sep 04 14:47:36 CEST	---	2050584	2452656	3910	----	----	----
 Sep 04 14:48:37 CEST	---	2050584	2452656	3972	----	----	----
********** WATCHDOG LOG ENDED
ZIPPING WATCHDOG LOG
Disk space used:
du -sh /home/grid/cms667/home_cream_093864822/CREAM093864822
3.9G	/home/grid/cms667/home_cream_093864822/CREAM093864822
Found unusual stderr, rename for OSB
`/pool/grid/cms667/home_cream_093864822/CREAM093864822/CMSSW_18.stdout' -> `CMSSW_18.stderr'
crab_fjr_18.xml
CMSSW_18.stdout
CMSSW_18.stderr
Watchdog_18.log.gz
Total Output dimension: 90757
WARNING: output files size limit is set to: 55000000
Total Output dimension 90757 is fine.
JOB_EXIT_STATUS = 0
>>> info for dashboard:
***** Cat /home/grid/cms667/home_cream_093864822/CREAM093864822/jobreport.txt *****
MonitorJobID=18_https://wms316.cern.ch:9000/97VbKVuRz0A3voRm1iEp_A
MonitorID=marfin_crab_0_130904_141238_h2u5e3
ExeTime=1891
ExeExitCode=0
StageOutExitStatusReason = 'Copy succedeed with srm-lcg utils'
StageOutSE = dcache-se-cms.desy.de
StageOutExitStatus = 0
CrabUserCpuTime=1310.73
CrabSysCpuTime=61.30
CrabCpuPercentage=72%
CrabWrapperTime=2050
CrabStageoutTime=85
JobExitCode=0
***** End Cat jobreport *****
Parameters sent to Dashboard.
crab_fjr_18.xml
