This script was generated by crab (version 2.9.0).
Running ./CMSSW.sh with 2 positional parameters: 4 1
Today is Wed Sep  4 14:57:24 CEST 2013
Job submitted on host lxbsq2022.cern.ch
Linux lxbsq2022.cern.ch 2.6.18-308.24.1.el5 #1 SMP Wed Dec 5 09:45:59 CET 2012 x86_64 x86_64 x86_64 GNU/Linux
>>> current directory (RUNTIME_AREA): /home/grid/cms667/home_cream_983467062/CREAM983467062
>>> current user: uid=52545(cms667) gid=1399(zh) groups=1399(zh),1106753409 context=system_u:system_r:initrc_t
>>> directory permission set to 0700
>>> umask set to:  u=rwx,g=,o=
>>> stdout stderr permission set to 0704
>>> voms proxy information:
subject   : /C=DE/O=GermanGrid/OU=DESY/CN=Ihar Marfin/CN=proxy/CN=proxy/CN=proxy/CN=limited proxy
issuer    : /C=DE/O=GermanGrid/OU=DESY/CN=Ihar Marfin/CN=proxy/CN=proxy/CN=proxy
identity  : /C=DE/O=GermanGrid/OU=DESY/CN=Ihar Marfin/CN=proxy/CN=proxy/CN=proxy
type      : limited proxy
strength  : 1024 bits
path      : /home/grid/cms667/home_cream_983467062/cream_983467062.proxy
timeleft  : 185:01:49
key usage : 
=== VO cms extension information ===
VO        : cms
subject   : /C=DE/O=GermanGrid/OU=DESY/CN=Ihar Marfin
issuer    : /DC=ch/DC=cern/OU=computers/CN=lcg-voms.cern.ch
attribute : /cms/Role=NULL/Capability=NULL
attribute : /cms/dcms/Role=NULL/Capability=NULL
timeleft  : 185:04:04
uri       : lcg-voms.cern.ch:15002
>>> tar --no-same-permissions -xf /home/grid/cms667/home_cream_983467062/CREAM983467062/default.tgz :
Successful untar
>>> Include /home/grid/cms667/home_cream_983467062/CREAM983467062 in PYTHONPATH:
strip arguments
env var CRAB_UNIQUE_JOB_ID set to: marfin_crab_0_130904_141238_h2u5e3_4_1_ON2
out_files_4
>>> list of expected files on output sandbox
output files: crab_fjr_4.xml CMSSW_4.stdout CMSSW_4.stderr Watchdog_4.log.gz
>>> GridFlavour discovery: 
GridFlavour=LCG
>>> SyncSite discovery: 
not reporting SyncSite
>>> SyncCE discovery: 
getting SyncCE from CE_ID
SyncCE=ce204.cern.ch:8443/cream-lsf-grid_cms
>>> info for dashboard:
***** Cat /home/grid/cms667/home_cream_983467062/CREAM983467062/jobreport.txt *****
MonitorJobID=4_https://wms316.cern.ch:9000/s_FSl0xU8b9v7Es5hATdZA
SyncGridJobId=https://wms316.cern.ch:9000/s_FSl0xU8b9v7Es5hATdZA
MonitorID=marfin_crab_0_130904_141238_h2u5e3
GridFlavour=LCG
SyncCE=ce204.cern.ch:8443/cream-lsf-grid_cms
***** End Cat jobreport *****
Parameters sent to Dashboard.
>>> setup environment
set SCRAM ARCH to slc5_amd64_gcc462
SCRAM_ARCH = slc5_amd64_gcc462
>>> setup CMS LCG environment:
set SCRAM ARCH and BUILD_ARCH to slc5_amd64_gcc462 ###
Sourcing environment... 
sourcing /afs/cern.ch/project/gd/apps/cms/cmsset_default.sh
==> setup cms environment ok
>>> specific cmssw setup environment:
CMSSW_VERSION =  CMSSW_5_3_11_patch6
>>> current directory (SOFTWARE_DIR): /home/grid/cms667/home_cream_983467062/CREAM983467062/CMSSW_5_3_11_patch6
PreserveSeeds: <>
IncrementSeeds:<>
{"output.root": ""}
WNHostName=lxbsq2022.cern.ch
>>> info for dashboard:
***** Cat /home/grid/cms667/home_cream_983467062/CREAM983467062/jobreport.txt *****
MonitorJobID=4_https://wms316.cern.ch:9000/s_FSl0xU8b9v7Es5hATdZA
MonitorID=marfin_crab_0_130904_141238_h2u5e3
WNHostName=lxbsq2022.cern.ch
***** End Cat jobreport *****
Parameters sent to Dashboard.
crabWatchdog started as process 28069
>>> moving CMSSW software directories in /home/grid/cms667/home_cream_983467062/CREAM983467062/CMSSW_5_3_11_patch6
mv: cannot stat `/home/grid/cms667/home_cream_983467062/CREAM983467062/module/': No such file or directory
>>> Include /home/grid/cms667/home_cream_983467062/CREAM983467062 in PYTHONPATH:
PYTHONPATH=/home/grid/cms667/home_cream_983467062/CREAM983467062/:/pool/grid/cms667/home_cream_983467062/CREAM983467062/CMSSW_5_3_11_patch6/python:/pool/grid/cms667/home_cream_983467062/CREAM983467062/CMSSW_5_3_11_patch6/lib/slc5_amd64_gcc462:/afs/cern.ch/cms/slc5_amd64_gcc462/cms/cmssw-patch/CMSSW_5_3_11_patch6/python:/afs/cern.ch/cms/slc5_amd64_gcc462/cms/cmssw-patch/CMSSW_5_3_11_patch6/lib/slc5_amd64_gcc462:/afs/cern.ch/cms/slc5_amd64_gcc462/cms/cmssw/CMSSW_5_3_11/bin/slc5_amd64_gcc462:/afs/cern.ch/cms/slc5_amd64_gcc462/cms/cmssw/CMSSW_5_3_11/lib/slc5_amd64_gcc462:/afs/cern.ch/cms/slc5_amd64_gcc462/cms/coral/CORAL_2_3_21-cms35/slc5_amd64_gcc462/python:/afs/cern.ch/cms/slc5_amd64_gcc462/cms/coral/CORAL_2_3_21-cms35/slc5_amd64_gcc462/lib:/afs/cern.ch/cms/slc5_amd64_gcc462/external/pyqt/4.8.1/lib/python2.6/site-packages:/afs/cern.ch/cms/slc5_amd64_gcc462/external/py2-scipy/0.8.0/lib/python2.6/site-packages:/afs/cern.ch/cms/slc5_amd64_gcc462/external/py2-matplotlib/1.0.1/lib/python2.6/site-packages:/afs/cern.ch/cms/slc5_amd64_gcc462/external/python-ldap/2.3.5/lib/python2.6/site-packages:/afs/cern.ch/cms/slc5_amd64_gcc462/external/sip/4.11.2/lib/python2.6/site-packages:/afs/cern.ch/cms/slc5_amd64_gcc462/external/py2-pycurl/7.19.0/lib/python2.6/site-packages:/afs/cern.ch/cms/slc5_amd64_gcc462/external/py2-numpy/1.6.1/lib/python2.6/site-packages:/afs/cern.ch/cms/slc5_amd64_gcc462/external/py2-ipython/0.10/lib/python2.6/site-packages:/afs/cern.ch/cms/slc5_amd64_gcc462/external/py2-cx-oracle/5.1-cms11/lib/python2.6/site-packages:/afs/cern.ch/cms/slc5_amd64_gcc462/external/py2-cjson/1.0.5/lib/python2.6/site-packages:/afs/cern.ch/cms/slc5_amd64_gcc462/cms/das-client/1.9.5/bin:/afs/cern.ch/cms/slc5_amd64_gcc462/external/elementtree/1.2.6/share/lib/python2.6/site-packages:/afs/cern.ch/cms/slc5_amd64_gcc462/external/rivet/1.8.2/lib/python2.6/site-packages:/afs/cern.ch/cms/slc5_amd64_gcc462/external/pyminuit2/0.0.1-cms39/lib/python2.6/site-packages:/afs/cern.ch/cms/slc5_amd64_gcc462/external/professor/1.0.0-cms40/lib/python2.6/site-packages:/afs/cern.ch/cms/slc5_amd64_gcc462/lcg/root/5.32.00-cms21/lib:/afs/cern.ch/cms/slc5_amd64_gcc462/cms/dbs-client/DBS_2_1_9-cms3/lib:/afs/cern.ch/cms/slc5_amd64_gcc462/cms/dbs-client/DBS_2_1_9-cms3/lib/DBSAPI:/afs/cern.ch/cms/slc5_amd64_gcc462/external/cvs2git/5419/lib:/home/grid/cms667/home_cream_983467062/CREAM983467062/
 
# LIMITS USED BY CRAB WATCHDOG:
# RSS  (KBytes)   : 2300000
# VSZ  (KBytes)   : 100000000
# DISK (MBytes)   : 19000
# CPU TIME        : 720h:0m:0s
# WALL CLOCK TIME : 21h:50m:0s
 
844a175eacc74cc51be2e7d71ca2539e
PSETHASH = 844a175eacc74cc51be2e7d71ca2539e
/home/grid/cms667/home_cream_983467062/CREAM983467062/writeCfg.py pset.py pset.py
Importing .py file
Setting parameters
RandomNumberGeneratorService found, will attempt to change seeds
inputBlocks=/RelValTTbar/CMSSW_5_3_11_patch3-PU_START53_LV2_09Jul2013-v1/GEN-SIM-DIGI-RAW-HLTDEBUG#bc03e9fc-e90e-11e2-95e5-00221959e7c0
inputFiles=/store/relval/CMSSW_5_3_11_patch3/RelValTTbar/GEN-SIM-DIGI-RAW-HLTDEBUG/PU_START53_LV2_09Jul2013-v1/00000/9650F4D0-08E9-E211-9421-00261894388B.root;/store/relval/CMSSW_5_3_11_patch3/RelValTTbar/GEN-SIM-DIGI-RAW-HLTDEBUG/PU_START53_LV2_09Jul2013-v1/00000/EA64FDAF-08E9-E211-BC4B-003048678C62.root
parentFiles=
lumisRange=
>>> Executable cmsRun
/afs/cern.ch/cms/slc5_amd64_gcc462/cms/cmssw-patch/CMSSW_5_3_11_patch6/bin/slc5_amd64_gcc462/cmsRun
ok executable found
>>> info for dashboard:
***** Cat /home/grid/cms667/home_cream_983467062/CREAM983467062/jobreport.txt *****
MonitorJobID=4_https://wms316.cern.ch:9000/s_FSl0xU8b9v7Es5hATdZA
MonitorID=marfin_crab_0_130904_141238_h2u5e3
ExeStart=cmsRun
***** End Cat jobreport *****
Parameters sent to Dashboard.
>>> cmsRun started at Wed Sep  4 12:57:56 UTC 2013
>>> cmsRun ended at Wed Sep  4 13:45:09 UTC 2013
>>> crab_fjr_*.xml  permission set to 0704
>>> info for dashboard:
***** Cat /home/grid/cms667/home_cream_983467062/CREAM983467062/jobreport.txt *****
MonitorJobID=4_https://wms316.cern.ch:9000/s_FSl0xU8b9v7Es5hATdZA
MonitorID=marfin_crab_0_130904_141238_h2u5e3
ExeEnd=cmsRun
***** End Cat jobreport *****
Parameters sent to Dashboard.
TIME_EXE = 2833 sec
>>> cmsRun wrote 164 lines of stdout+stderr
>>> START OF printout of 164 lines from stdout+stderr
04-Sep-2013 14:58:35 CEST  Initiating request to open file root://eoscms//eos/cms/store/relval/CMSSW_5_3_11_patch3/RelValTTbar/GEN-SIM-DIGI-RAW-HLTDEBUG/PU_START53_LV2_09Jul2013-v1/00000/9650F4D0-08E9-E211-9421-00261894388B.root?svcClass=default
130904 14:58:35 28751 Xrd: GoToAnotherServer: Going to: lxfsrg19a05.cern.ch:1095
04-Sep-2013 14:58:41 CEST  Successfully opened file root://eoscms//eos/cms/store/relval/CMSSW_5_3_11_patch3/RelValTTbar/GEN-SIM-DIGI-RAW-HLTDEBUG/PU_START53_LV2_09Jul2013-v1/00000/9650F4D0-08E9-E211-9421-00261894388B.root?svcClass=default
%MSG-w SiStripQuality:  EventSetupRecordDataGetter:hltGetConditions@beginRun  04-Sep-2013 14:59:59 CEST Run: 1
The cabling should always include the active feds in runInfo and possibly have some morethere are instead 59 feds only active in runInfo
%MSG
Begin processing the 1st record. Run 1, Event 74, LumiSection 2 at 04-Sep-2013 15:00:21.694 CEST
DTTSPhi::addTracoT: preview not present in TRACO trigger or its code=0  trigger not added!
DTTSPhi::addTracoT: preview not present in TRACO trigger or its code=0  trigger not added!
DTTSPhi::addTracoT: preview not present in TRACO trigger or its code=0  trigger not added!
%MSG-w Muon:  L3MuonProducer:hltL3MuonsOIState 04-Sep-2013 15:07:06 CEST  Run: 1 Event: 146
     Failed to load tracker track trajectory
%MSG
%MSG-w RecoMuon:  L3MuonProducer:hltL3MuonsOIState 04-Sep-2013 15:07:06 CEST  Run: 1 Event: 146
     Failed to load tracker track trajectory
%MSG
%MSG-w GlobalMuon:  L3MuonProducer:hltL3MuonsOIState 04-Sep-2013 15:07:06 CEST  Run: 1 Event: 146
     Failed to load tracker track trajectory
%MSG
%MSG-w GlobalTrajectoryBuilderBase:  L3MuonProducer:hltL3MuonsOIState  04-Sep-2013 15:07:06 CEST Run: 1 Event: 146
     Failed to load tracker track trajectory
%MSG
DTTSPhi::addTracoT: preview not present in TRACO trigger or its code=0  trigger not added!
Begin processing the 101st record. Run 1, Event 374, LumiSection 8 at 04-Sep-2013 15:09:46.241 CEST
DTTSPhi::addTracoT: preview not present in TRACO trigger or its code=0  trigger not added!
%MSG-w BasicTrajectoryState:  TrackProducer:hltL3TkTracksFromL2IOHit  04-Sep-2013 15:10:57 CEST Run: 1 Event: 386
curv error not pos-def
[  2.31693e+07     952.955-1.09587e+06    -1097.26     41.6518
       952.955   0.0403959    -45.0733   -0.045744   0.0116561
  -1.09587e+06    -45.0733     51832.8     51.8777      -1.971
      -1097.26   -0.045744     51.8777  -0.0585544 -0.00660478
       41.6518   0.0116561      -1.971 -0.00660478   0.0824093 ]
%MSG
%MSG-w BasicTrajectoryState:  TrackProducer:hltL3TkTracksFromL2IOHit  04-Sep-2013 15:10:57 CEST Run: 1 Event: 386
local error not pos-def
[  2.31693e+07 1.09593e+06     12413.4    -1097.29    -75.1367
   1.09593e+06     51838.5     587.165     -51.882    -3.55511
       12413.4     587.165     6.65784   -0.589199   -0.078128
      -1097.29     -51.882   -0.589199  -0.0585577  0.00977512
      -75.1367    -3.55511   -0.078128  0.00977512     0.20109 ]
%MSG
DTTSPhi::addTracoT: preview not present in TRACO trigger or its code=0  trigger not added!
DTTSPhi::addTracoT: preview not present in TRACO trigger or its code=0  trigger not added!
130904 15:19:05 28751 Xrd: XrdClientMessage::ReadRaw: Failed to read header (8 bytes).
Begin processing the 201st record. Run 1, Event 524, LumiSection 11 at 04-Sep-2013 15:19:17.308 CEST
DTTSPhi::addTracoT: preview not present in TRACO trigger or its code=0  trigger not added!
DTTSPhi::addTracoT: preview not present in TRACO trigger or its code=0  trigger not added!
DTTSPhi::addTracoT: preview not present in TRACO trigger or its code=0  trigger not added!
DTTSPhi::addTracoT: preview not present in TRACO trigger or its code=0  trigger not added!
DTTSPhi::addTracoT: preview not present in TRACO trigger or its code=0  trigger not added!
DTTSPhi::addTracoT: preview not present in TRACO trigger or its code=0  trigger not added!
DTTSPhi::addTracoT: preview not present in TRACO trigger or its code=0  trigger not added!
DTTSPhi::addTracoT: preview not present in TRACO trigger or its code=0  trigger not added!
DTTSPhi::addTracoT: preview not present in TRACO trigger or its code=0  trigger not added!
Begin processing the 301st record. Run 1, Event 674, LumiSection 14 at 04-Sep-2013 15:28:08.005 CEST
04-Sep-2013 15:30:32 CEST  Closed file root://eoscms//eos/cms/store/relval/CMSSW_5_3_11_patch3/RelValTTbar/GEN-SIM-DIGI-RAW-HLTDEBUG/PU_START53_LV2_09Jul2013-v1/00000/9650F4D0-08E9-E211-9421-00261894388B.root?svcClass=default
04-Sep-2013 15:30:32 CEST  Initiating request to open file root://eoscms//eos/cms/store/relval/CMSSW_5_3_11_patch3/RelValTTbar/GEN-SIM-DIGI-RAW-HLTDEBUG/PU_START53_LV2_09Jul2013-v1/00000/EA64FDAF-08E9-E211-BC4B-003048678C62.root?svcClass=default
130904 15:30:32 001 Xrd: CheckErrorStatus: Server [eoscms] declared: session not found(error code: 3011)
130904 15:30:32 28751 Xrd: GoToAnotherServer: Going to: lxfsrg21a04.cern.ch:1095
04-Sep-2013 15:30:32 CEST  Successfully opened file root://eoscms//eos/cms/store/relval/CMSSW_5_3_11_patch3/RelValTTbar/GEN-SIM-DIGI-RAW-HLTDEBUG/PU_START53_LV2_09Jul2013-v1/00000/EA64FDAF-08E9-E211-BC4B-003048678C62.root?svcClass=default
DTTSPhi::addTracoT: preview not present in TRACO trigger or its code=0  trigger not added!
130904 15:35:35 28751 Xrd: XrdClientMessage::ReadRaw: Failed to read header (8 bytes).
DTTSPhi::addTracoT: preview not present in TRACO trigger or its code=0  trigger not added!
%MSG-w BasicTrajectoryState:   ElectronSeedProducer:hltActivityStartUpElectronPixelSeeds  04-Sep-2013 15:37:32 CEST Run: 1 Event: 7473
curv error not pos-def
[            1           0           0         nan         nan
             0           1           0         nan         nan
             0           0           1         nan         nan
           nan         nan         nan         nan         nan
           nan         nan         nan         nan         nan ]
%MSG
%MSG-w BasicTrajectoryState:   ElectronSeedProducer:hltActivityStartUpElectronPixelSeeds  04-Sep-2013 15:37:32 CEST Run: 1 Event: 7473
local error not pos-def
[          nan         nan         nan         nan         nan
           nan         nan         nan         nan         nan
           nan         nan         nan         nan         nan
           nan         nan         nan         nan         nan
           nan         nan         nan         nan         nan ]
%MSG
%MSG-w BasicTrajectoryState:   ElectronSeedProducer:hltActivityStartUpElectronPixelSeeds  04-Sep-2013 15:37:32 CEST Run: 1 Event: 7473
local error not pos-def
[          nan         nan         nan         nan         nan
           nan         nan         nan         nan         nan
           nan         nan         nan         nan         nan
           nan         nan         nan         nan         nan
           nan         nan         nan         nan         nan ]
%MSG
%MSG-w BasicTrajectoryState:   ElectronSeedProducer:hltActivityStartUpElectronPixelSeeds  04-Sep-2013 15:37:32 CEST Run: 1 Event: 7473
curv error not pos-def
[          nan         nan         nan         nan         nan
           nan         nan         nan         nan         nan
           nan         nan         nan         nan         nan
           nan         nan         nan         nan         nan
           nan         nan         nan         nan         nan ]
%MSG
%MSG-w BasicTrajectoryState:   ElectronSeedProducer:hltActivityStartUpElectronPixelSeeds  04-Sep-2013 15:37:32 CEST Run: 1 Event: 7473
curv error not pos-def
[          nan         nan         nan         nan         nan
           nan         nan         nan         nan         nan
           nan         nan         nan         nan         nan
           nan         nan         nan         nan         nan
           nan         nan         nan         nan         nan ]
%MSG
%MSG-w BasicTrajectoryState:   ElectronSeedProducer:hltActivityStartUpElectronPixelSeeds  04-Sep-2013 15:37:32 CEST Run: 1 Event: 7473
local error not pos-def
[          nan         nan         nan         nan         nan
           nan         nan         nan         nan         nan
           nan         nan         nan         nan         nan
           nan         nan         nan         nan         nan
           nan         nan         nan         nan         nan ]
%MSG
Begin processing the 401st record. Run 1, Event 7474, LumiSection 150 at 04-Sep-2013 15:37:37.251 CEST
%MSG-w BasicTrajectoryState:   TrackProducer:hltCtf3HitL1NonIsoWithMaterialTracks 04-Sep-2013 15:41:21 CEST  Run: 1 Event: 7508
curv error not pos-def
[  3.81129e+07    -13.7902-1.25976e+06     174.168    0.909513
      -13.7902  0.00522879    0.455817-2.80696e-05   0.0302117
  -1.25976e+06    0.455817     41639.3    -5.77232   -0.030027
       174.168-2.80696e-05    -5.77232   -0.088819  0.00020339
      0.909513   0.0302117   -0.030027  0.00020339    0.174803 ]
%MSG
%MSG-w BasicTrajectoryState:   TrackProducer:hltCtf3HitL1NonIsoWithMaterialTracks 04-Sep-2013 15:41:21 CEST  Run: 1 Event: 7508
local error not pos-def
[  3.81129e+07  1.2601e+06     313.007    -174.192   -0.950967
    1.2601e+06       41662     10.3488    -5.77469  -0.0314115
       313.007     10.3488  0.00779797 -0.00139932   0.0302176
      -174.192    -5.77469 -0.00139932  -0.0888433 0.000182147
     -0.950967  -0.0314115   0.0302176 0.000182147    0.174839 ]
%MSG
04-Sep-2013 15:44:55 CEST  Closed file root://eoscms//eos/cms/store/relval/CMSSW_5_3_11_patch3/RelValTTbar/GEN-SIM-DIGI-RAW-HLTDEBUG/PU_START53_LV2_09Jul2013-v1/00000/EA64FDAF-08E9-E211-BC4B-003048678C62.root?svcClass=default

=============================================

MessageLogger Summary

 type     category        sev    module        subroutine        count    total
 ---- -------------------- -- ---------------- ----------------  -----    -----
    1 BasicTrajectoryState -w ElectronSeedProd                       6        6
    2 BasicTrajectoryState -w TrackProducer:hl                       2        2
    3 BasicTrajectoryState -w TrackProducer:hl                       2        2
    4 GlobalMuon           -w L3MuonProducer:h                       1        1
    5 GlobalTrajectoryBuil -w L3MuonProducer:h                       1        1
    6 Muon                 -w L3MuonProducer:h                       1        1
    7 RecoMuon             -w L3MuonProducer:h                       1        1
    8 SiStripQuality       -w EventSetupRecord                       1        1
    9 fileAction           -s file_close                             2        2
   10 fileAction           -s file_open                              4        4

 type    category    Examples: run/evt        run/evt          run/evt
 ---- -------------------- ---------------- ---------------- ----------------
    1 BasicTrajectoryState 1/7473           1/7473           1/7473
    2 BasicTrajectoryState 1/7508           1/7508           
    3 BasicTrajectoryState 1/386            1/386            
    4 GlobalMuon           1/146                             
    5 GlobalTrajectoryBuilderBase 1/146                             
    6 Muon                 1/146                             
    7 RecoMuon             1/146                             
    8 SiStripQuality       Run: 1                            
    9 fileAction           PostProcessEvent PostEndRun       
   10 fileAction           pre-events       pre-events       PostProcessEvent

Severity    # Occurrences   Total Occurrences
--------    -------------   -----------------
Warning                15                  15
System                  6                   6
>>> END OF printout of 164 lines from stdout+stderr
>>> Parse FrameworkJobReport crab_fjr.xml
Result of parsing the FrameworkJobReport crab_fjr.xml: Popularity start
lumisRange : 1::2-3,8-9,11,13-14::1;1::145,150-151::2;
lumisParentRange : 
Basename : /store/relval/CMSSW_5_3_11_patch3/RelValTTbar/GEN-SIM-DIGI-RAW-HLTDEBUG/PU_START53_LV2_09Jul2013-v1/00000/
BasenameParent : 
parentFiles : 
inputBlocks : /RelValTTbar/CMSSW_5_3_11_patch3-PU_START53_LV2_09Jul2013-v1/GEN-SIM-DIGI-RAW-HLTDEBUG#bc03e9fc-e90e-11e2-95e5-00221959e7c0
inputFiles : 9650F4D0-08E9-E211-9421-00261894388B.root::1::EDM::Local::1;EA64FDAF-08E9-E211-BC4B-003048678C62.root::1::EDM::Local::2;
Popularity stop
Extracted ExitStatus from FrameworkJobReport parsing output: 0
>>> Executable succeded  0
ExeExitCode=0
EXECUTABLE_EXIT_STATUS = 0
>>> current directory /home/grid/cms667/home_cream_983467062/CREAM983467062/CMSSW_5_3_11_patch6
>>>  (SOFTWARE_DIR): /home/grid/cms667/home_cream_983467062/CREAM983467062/CMSSW_5_3_11_patch6
>>> (WORKING_DIR): 
>>> current directory content:
total 4213920
drwxr-xr-x 3 cms667 zh       4096 Sep  4 14:57 .SCRAM
-rw------- 1 cms667 zh    3842683 Sep  4 14:57 CMSSW.py.pkl
drwxr-xr-x 3 cms667 zh       4096 Sep  4 14:57 bin
drwxr-xr-x 3 cms667 zh       4096 Sep  4 14:57 cfipython
drwxr-xr-x 4 cms667 zh       4096 Sep  4 14:57 config
-rw------- 1 cms667 zh         18 Sep  4 15:45 cpu_timing.txt
drwxr-xr-x 2 cms667 zh       4096 Sep  4 14:57 doc
-rw------- 1 cms667 zh      11621 Sep  4 15:45 executable.out
drwxr-xr-x 2 cms667 zh       4096 Sep  4 14:57 include
drwx------ 3 cms667 zh       4096 Aug 26 18:31 lib
drwxr-xr-x 3 cms667 zh       4096 Sep  4 14:57 logs
drwxr-xr-x 3 cms667 zh       4096 Sep  4 14:57 objs
-rw------- 1 cms667 zh 4302966862 Sep  4 15:45 output.root
-rw------- 1 cms667 zh        104 Sep  4 14:57 pset.py
-rw------- 1 cms667 zh    3843522 Sep  4 14:57 pset.py.pkl
-rw------- 1 cms667 zh        289 Sep  4 14:57 pset.pyc
drwxr-xr-x 2 cms667 zh       4096 Sep  4 14:57 python
-rw------- 1 cms667 zh        437 Sep  4 15:45 report.log
drwx------ 5 cms667 zh       4096 Sep  4 14:57 src
drwxr-xr-x 3 cms667 zh       4096 Sep  4 14:57 test
drwxr-xr-x 3 cms667 zh       4096 Sep  4 14:57 tmp
>>> current directory /home/grid/cms667/home_cream_983467062/CREAM983467062/CMSSW_5_3_11_patch6
>>> (SOFTWARE_DIR): /home/grid/cms667/home_cream_983467062/CREAM983467062/CMSSW_5_3_11_patch6
>>> (WORKING_DIR): 
>>> current directory content:
total 4213920
drwxr-xr-x 3 cms667 zh       4096 Sep  4 14:57 .SCRAM
-rw------- 1 cms667 zh    3842683 Sep  4 14:57 CMSSW.py.pkl
drwxr-xr-x 3 cms667 zh       4096 Sep  4 14:57 bin
drwxr-xr-x 3 cms667 zh       4096 Sep  4 14:57 cfipython
drwxr-xr-x 4 cms667 zh       4096 Sep  4 14:57 config
-rw------- 1 cms667 zh         18 Sep  4 15:45 cpu_timing.txt
drwxr-xr-x 2 cms667 zh       4096 Sep  4 14:57 doc
-rw------- 1 cms667 zh      11621 Sep  4 15:45 executable.out
drwxr-xr-x 2 cms667 zh       4096 Sep  4 14:57 include
drwx------ 3 cms667 zh       4096 Aug 26 18:31 lib
drwxr-xr-x 3 cms667 zh       4096 Sep  4 14:57 logs
drwxr-xr-x 3 cms667 zh       4096 Sep  4 14:57 objs
-rw------- 1 cms667 zh 4302966862 Sep  4 15:45 output_4_1_ON2.root
-rw------- 1 cms667 zh        104 Sep  4 14:57 pset.py
-rw------- 1 cms667 zh    3843522 Sep  4 14:57 pset.py.pkl
-rw------- 1 cms667 zh        289 Sep  4 14:57 pset.pyc
drwxr-xr-x 2 cms667 zh       4096 Sep  4 14:57 python
-rw------- 1 cms667 zh        437 Sep  4 15:45 report.log
drwx------ 5 cms667 zh       4096 Sep  4 14:57 src
drwxr-xr-x 3 cms667 zh       4096 Sep  4 14:57 test
drwxr-xr-x 3 cms667 zh       4096 Sep  4 14:57 tmp
>>> current directory (RUNTIME_AREA):  /home/grid/cms667/home_cream_983467062/CREAM983467062
SE = dcache-se-cms.desy.de
SE_PATH = /srm/managerv2?SFN=/pnfs/desy.de/cms/tier2/store/user/marfin/RelValTTbar/53xRelVal2011Redigi/844a175eacc74cc51be2e7d71ca2539e/
LFNBaseName = /store/user/marfin/RelValTTbar/53xRelVal2011Redigi/844a175eacc74cc51be2e7d71ca2539e/
USER = marfin
endpoint = srm://dcache-se-cms.desy.de:8443/srm/managerv2?SFN=/pnfs/desy.de/cms/tier2/store/user/marfin/RelValTTbar/53xRelVal2011Redigi/844a175eacc74cc51be2e7d71ca2539e/
>>> Copy output files from WN = lxbsq2022.cern.ch to /srm/managerv2?SFN=/pnfs/desy.de/cms/tier2/store/user/marfin/RelValTTbar/53xRelVal2011Redigi/844a175eacc74cc51be2e7d71ca2539e/ :
python cmscp.py  --destination srm://dcache-se-cms.desy.de:8443/srm/managerv2?SFN=/pnfs/desy.de/cms/tier2/store/user/marfin/RelValTTbar/53xRelVal2011Redigi/844a175eacc74cc51be2e7d71ca2539e/ --inputFileList /home/grid/cms667/home_cream_983467062/CREAM983467062/CMSSW_5_3_11_patch6/output_4_1_ON2.root --middleware LCG --se_name dcache-se-cms.desy.de --for_lfn /store/user/marfin/RelValTTbar/53xRelVal2011Redigi/844a175eacc74cc51be2e7d71ca2539e/    
******************************************************
localSeName  =  srm-eoscms.cern.ch
remoteSeName =  dcache-se-cms.desy.de
******************************************************
{"/home/grid/cms667/home_cream_983467062/CREAM983467062/CMSSW_5_3_11_patch6/output_4_1_ON2.root": {"endpoint": "srm://dcache-se-cms.desy.de:8443/srm/managerv2?SFN=/pnfs/desy.de/cms/tier2/store/user/marfin/RelValTTbar/53xRelVal2011Redigi/844a175eacc74cc51be2e7d71ca2539e/", "surl_for_grid": "", "reason": "Copy succedeed with srm-lcg utils", "erCode": "0", "se_name": "dcache-se-cms.desy.de", "for_lfn": "/store/user/marfin/RelValTTbar/53xRelVal2011Redigi/844a175eacc74cc51be2e7d71ca2539e/"}}/home/grid/cms667/home_cream_983467062/CREAM983467062
-------- cat /home/grid/cms667/home_cream_983467062/CREAM983467062/cmscpReport.sh 
#!/bin/bash
echo "Report for File: /home/grid/cms667/home_cream_983467062/CREAM983467062/CMSSW_5_3_11_patch6/output_4_1_ON2.root"
echo "LFN: /store/user/marfin/RelValTTbar/53xRelVal2011Redigi/844a175eacc74cc51be2e7d71ca2539e/output_4_1_ON2.root"
echo "StorageElement: dcache-se-cms.desy.de"
echo "StageOutExitStatusReason = 'Copy succedeed with srm-lcg utils'" | tee -a $RUNTIME_AREA/$repo
echo "StageOutSE = dcache-se-cms.desy.de" >> $RUNTIME_AREA/$repo

export StageOutExitStatus=0
echo "StageOutExitStatus = 0" | tee -a $RUNTIME_AREA/$repo
-------- end of /home/grid/cms667/home_cream_983467062/CREAM983467062/cmscpReport.sh 
Report for File: /home/grid/cms667/home_cream_983467062/CREAM983467062/CMSSW_5_3_11_patch6/output_4_1_ON2.root
LFN: /store/user/marfin/RelValTTbar/53xRelVal2011Redigi/844a175eacc74cc51be2e7d71ca2539e/output_4_1_ON2.root
StorageElement: dcache-se-cms.desy.de
StageOutExitStatusReason = 'Copy succedeed with srm-lcg utils'
StageOutExitStatus = 0
>>> current dir: /home/grid/cms667/home_cream_983467062/CREAM983467062
>>> current dir content:
total 6256
-rwx------  1 cms667 zh   13669 Sep  4 14:57 .BrokerInfo
-rw-------  1 cms667 zh    6717 Sep  4 15:47 .SEinteraction.log
-rwx------  1 cms667 zh       0 Sep  4 14:57 .tmp_file
-rw-------  1 cms667 zh     105 Sep  4 14:12 CMSSW.py
-rw-------  1 cms667 zh 3842683 Sep  4 14:12 CMSSW.py.pkl
-rwx------  1 cms667 zh   27979 Sep  4 14:57 CMSSW.sh
-rwx------  1 cms667 zh       0 Sep  4 14:57 CMSSW_4.stderr
-rwx---r--  1 cms667 zh   26197 Sep  4 15:47 CMSSW_4.stdout
drwxr-xr-x 15 cms667 zh    4096 Sep  4 15:45 CMSSW_5_3_11_patch6
-rw-------  1 cms667 zh     484 Sep  4 14:57 CacheEnv.sh
-rw-------  1 cms667 zh    7291 Jun  9  2010 DashboardAPI.py
-rw-------  1 cms667 zh    6493 Sep  4 14:57 DashboardAPI.pyc
drwx------  3 cms667 zh    4096 Aug 20 17:36 IMProv
-rw-------  1 cms667 zh    2748 Mar  8  2006 Logger.py
-rw-------  1 cms667 zh    3223 Sep  4 14:57 Logger.pyc
-rw-------  1 cms667 zh   24524 Mar 28  2008 ProcInfo.py
-rw-------  1 cms667 zh   22846 Sep  4 14:57 ProcInfo.pyc
drwx------  7 cms667 zh    4096 Sep  4 14:57 ProdCommon
drwx------  3 cms667 zh    4096 Sep  4 14:57 WMCore
-rw-------  1 cms667 zh    7230 Sep  4 15:46 Watchdog_4.log
-rw-------  1 cms667 zh   32895 Mar 28  2008 apmon.py
-rw-------  1 cms667 zh   28120 Sep  4 14:57 apmon.pyc
-rwx------  1 cms667 zh   10416 Sep  4 14:57 arguments.xml
-rwx------  1 cms667 zh   38507 Aug  6 23:12 cmscp.py
-rw-------  1 cms667 zh     543 Sep  4 15:47 cmscpReport.sh
-rw-------  1 cms667 zh     506 Sep  4 14:12 crab.cfg
-rwx------  1 cms667 zh    8610 Apr  2 15:44 crabWatchdog.sh
-rwx---r--  1 cms667 zh  781842 Sep  4 15:45 crab_fjr_4.xml
-rwx------  1 cms667 zh 1216398 Sep  4 14:57 default.tgz
-rwx------  1 cms667 zh    4488 May 12  2012 fillCrabFjr.py
-rw-------  1 cms667 zh     468 Sep  4 14:57 inputsReport.txt
-rw-------  1 cms667 zh     259 Sep  4 15:47 jobreport.txt
lrwxrwxrwx  1 cms667 zh      93 Sep  4 15:45 output.root -> /home/grid/cms667/home_cream_983467062/CREAM983467062/CMSSW_5_3_11_patch6/output_4_1_ON2.root
-rw-------  1 cms667 zh   17352 Jan 20  2012 parseCrabFjr.py
-rw-------  1 cms667 zh     264 Sep  4 14:57 report.log
-rwx--x--x  1 cms667 zh    1497 May 27  2009 report.py
-rw-------  1 cms667 zh     491 Sep  4 15:47 resultCopyFile
-rwx------  1 cms667 zh    8387 Mar 23  2011 writeCfg.py
>>> Modify Job Report:
CMSSW_VERSION = CMSSW_5_3_11_patch6
ProcessedDataset = 53xRelVal2011Redigi
/home/grid/cms667/home_cream_983467062/CREAM983467062/ProdCommon/FwkJobRep/ModifyJobReport.py fjr /home/grid/cms667/home_cream_983467062/CREAM983467062/crab_fjr_4.xml json /home/grid/cms667/home_cream_983467062/CREAM983467062/resultCopyFile n_job 4_1_ON2 PrimaryDataset RelValTTbar  ApplicationFamily cmsRun ApplicationName cmsRun cmssw_version CMSSW_5_3_11_patch6 psethash 844a175eacc74cc51be2e7d71ca2539e UserProcessedDataset marfin-53xRelVal2011Redigi-844a175eacc74cc51be2e7d71ca2539e
inputDict =  {u'/home/grid/cms667/home_cream_983467062/CREAM983467062/CMSSW_5_3_11_patch6/output_4_1_ON2.root': {u'endpoint': u'srm://dcache-se-cms.desy.de:8443/srm/managerv2?SFN=/pnfs/desy.de/cms/tier2/store/user/marfin/RelValTTbar/53xRelVal2011Redigi/844a175eacc74cc51be2e7d71ca2539e/', u'surl_for_grid': u'', u'reason': u'Copy succedeed with srm-lcg utils', u'erCode': u'0', u'se_name': u'dcache-se-cms.desy.de', u'for_lfn': u'/store/user/marfin/RelValTTbar/53xRelVal2011Redigi/844a175eacc74cc51be2e7d71ca2539e/'}}
diz_filter =  {u'output.root': u''}
UserProcessedDataset =  marfin-53xRelVal2011Redigi-844a175eacc74cc51be2e7d71ca2539e
file_name in inputDict =  /home/grid/cms667/home_cream_983467062/CREAM983467062/CMSSW_5_3_11_patch6/output_4_1_ON2.root
(size) os.stat(filename)[6] =  4302966862
checksum =  3919989758
filter =  
    file =  output_4_1_ON2.root
    newPfn =  srm://dcache-se-cms.desy.de:8443/srm/managerv2?SFN=/pnfs/desy.de/cms/tier2/store/user/marfin/RelValTTbar/53xRelVal2011Redigi/844a175eacc74cc51be2e7d71ca2539e/output_4_1_ON2.root
    newLfn =  /store/user/marfin/RelValTTbar/53xRelVal2011Redigi/844a175eacc74cc51be2e7d71ca2539e/output_4_1_ON2.root
>>> crab_fjr_*.xml  permission set to 0704
Checking output files:  
will tar file crab_fjr_4.xml in  out_files_4
will tar file CMSSW_4.stdout in  out_files_4
will tar file CMSSW_4.stderr in  out_files_4
WARNING: output file Watchdog_4.log.gz not found!
>>> padding time: Wrapper lasting more than 600 seconds. No sleep required.
STOPPING WATCHDOG. CrabWatchdog PID is 28069
********** LAST 50 LINES OF WATCHDOG LOG
 Sep 04 15:10:42 CEST	28751	1878088	2302124	882	647	788	cmsRun -j /home/grid/cms667/home_cream_983467062/CREAM983467062/crab_fjr_4.xml -p pset.py      
 Sep 04 15:10:42 CEST	---	1878088	2302124	967	----	----	----
 Sep 04 15:11:43 CEST	28751	1888120	2313644	967	706	848	cmsRun -j /home/grid/cms667/home_cream_983467062/CREAM983467062/crab_fjr_4.xml -p pset.py      
 Sep 04 15:11:43 CEST	---	1888120	2313644	1063	----	----	----
 Sep 04 15:12:44 CEST	---	1888120	2313644	1152	----	----	----
 Sep 04 15:13:44 CEST	---	1888120	2313644	1249	----	----	----
# TIME			PID	RSS(KB)	VSZ(KB)	Dsk(MB)	tCPU(s)	tWALL(s)	COMMAND
 Sep 04 15:14:45 CEST	---	1888120	2313644	1336	----	----	----
 Sep 04 15:15:45 CEST	---	1888120	2313644	1422	----	----	----
 Sep 04 15:16:46 CEST	28751	1902660	2336172	1422	996	1151	cmsRun -j /home/grid/cms667/home_cream_983467062/CREAM983467062/crab_fjr_4.xml -p pset.py      
 Sep 04 15:16:46 CEST	---	1902660	2336172	1512	----	----	----
 Sep 04 15:17:46 CEST	28751	1907124	2352812	1512	1054	1212	cmsRun -j /home/grid/cms667/home_cream_983467062/CREAM983467062/crab_fjr_4.xml -p pset.py      
 Sep 04 15:17:46 CEST	---	1907124	2352812	1606	----	----	----
 Sep 04 15:18:47 CEST	---	1907124	2352812	1696	----	----	----
 Sep 04 15:19:47 CEST	28751	1911480	2357932	1696	1172	1333	cmsRun -j /home/grid/cms667/home_cream_983467062/CREAM983467062/crab_fjr_4.xml -p pset.py      
 Sep 04 15:19:47 CEST	---	1911480	2357932	1793	----	----	----
 Sep 04 15:20:48 CEST	---	1911480	2357932	1884	----	----	----
 Sep 04 15:21:49 CEST	28751	1917452	2364076	1884	1287	1454	cmsRun -j /home/grid/cms667/home_cream_983467062/CREAM983467062/crab_fjr_4.xml -p pset.py      
 Sep 04 15:21:49 CEST	---	1917452	2364076	1984	----	----	----
 Sep 04 15:22:49 CEST	---	1917452	2364076	2074	----	----	----
 Sep 04 15:23:50 CEST	28751	1931344	2394284	2074	1401	1575	cmsRun -j /home/grid/cms667/home_cream_983467062/CREAM983467062/crab_fjr_4.xml -p pset.py      
 Sep 04 15:23:50 CEST	---	1931344	2394284	2172	----	----	----
 Sep 04 15:24:50 CEST	28751	1945524	2408364	2172	1457	1636	cmsRun -j /home/grid/cms667/home_cream_983467062/CREAM983467062/crab_fjr_4.xml -p pset.py      
 Sep 04 15:24:50 CEST	---	1945524	2408364	2277	----	----	----
 Sep 04 15:25:51 CEST	---	1945524	2408364	2383	----	----	----
 Sep 04 15:26:51 CEST	---	1945524	2408364	2478	----	----	----
 Sep 04 15:27:52 CEST	---	1945524	2408364	2582	----	----	----
 Sep 04 15:28:52 CEST	---	1945524	2408364	2673	----	----	----
 Sep 04 15:29:53 CEST	---	1945524	2408364	2769	----	----	----
 Sep 04 15:30:53 CEST	---	1945524	2408364	2856	----	----	----
 Sep 04 15:31:54 CEST	---	1945524	2408364	2954	----	----	----
 Sep 04 15:32:54 CEST	---	1945524	2408364	3038	----	----	----
 Sep 04 15:33:55 CEST	---	1945524	2408364	3126	----	----	----
 Sep 04 15:34:56 CEST	28751	2009668	2460852	3126	2032	2241	cmsRun -j /home/grid/cms667/home_cream_983467062/CREAM983467062/crab_fjr_4.xml -p pset.py      
 Sep 04 15:34:56 CEST	---	2009668	2460852	3221	----	----	----
 Sep 04 15:35:56 CEST	28751	2034576	2482100	3221	2090	2302	cmsRun -j /home/grid/cms667/home_cream_983467062/CREAM983467062/crab_fjr_4.xml -p pset.py      
 Sep 04 15:35:56 CEST	---	2034576	2482100	3312	----	----	----
# TIME			PID	RSS(KB)	VSZ(KB)	Dsk(MB)	tCPU(s)	tWALL(s)	COMMAND
 Sep 04 15:36:57 CEST	---	2034576	2482100	3400	----	----	----
 Sep 04 15:37:58 CEST	---	2034576	2482100	3490	----	----	----
 Sep 04 15:38:59 CEST	---	2034576	2482100	3570	----	----	----
 Sep 04 15:40:00 CEST	28751	2053688	2494388	3570	2325	2545	cmsRun -j /home/grid/cms667/home_cream_983467062/CREAM983467062/crab_fjr_4.xml -p pset.py      
 Sep 04 15:40:00 CEST	---	2053688	2494388	3653	----	----	----
 Sep 04 15:41:00 CEST	---	2053688	2494388	3735	----	----	----
 Sep 04 15:42:01 CEST	---	2053688	2494388	3826	----	----	----
 Sep 04 15:43:02 CEST	---	2053688	2494388	3926	----	----	----
 Sep 04 15:44:02 CEST	---	2053688	2494388	4022	----	----	----
 Sep 04 15:45:03 CEST	28751	2053688	2565044	4022	2617	2848	cmsRun -j /home/grid/cms667/home_cream_983467062/CREAM983467062/crab_fjr_4.xml -p pset.py      
 Sep 04 15:45:03 CEST	---	2053688	2565044	4113	----	----	----
 Sep 04 15:46:03 CEST	---	2053688	2565044	4131	----	----	----
********** WATCHDOG LOG ENDED
ZIPPING WATCHDOG LOG
Disk space used:
du -sh /home/grid/cms667/home_cream_983467062/CREAM983467062
4.1G	/home/grid/cms667/home_cream_983467062/CREAM983467062
Found unusual stderr, rename for OSB
