This script was generated by crab (version 2.9.0).
Running ./CMSSW.sh with 2 positional parameters: 13 1
Today is Wed Sep  4 14:15:45 CEST 2013
Job submitted on host lxbsq2031.cern.ch
Linux lxbsq2031.cern.ch 2.6.18-308.24.1.el5 #1 SMP Wed Dec 5 09:45:59 CET 2012 x86_64 x86_64 x86_64 GNU/Linux
>>> current directory (RUNTIME_AREA): /home/grid/cms667/home_cream_843035372/CREAM843035372
>>> current user: uid=52545(cms667) gid=1399(zh) groups=1399(zh),1092422365 context=system_u:system_r:initrc_t
>>> directory permission set to 0700
>>> umask set to:  u=rwx,g=,o=
>>> stdout stderr permission set to 0704
>>> voms proxy information:
subject   : /C=DE/O=GermanGrid/OU=DESY/CN=Ihar Marfin/CN=proxy/CN=proxy/CN=proxy/CN=limited proxy
issuer    : /C=DE/O=GermanGrid/OU=DESY/CN=Ihar Marfin/CN=proxy/CN=proxy/CN=proxy
identity  : /C=DE/O=GermanGrid/OU=DESY/CN=Ihar Marfin/CN=proxy/CN=proxy/CN=proxy
type      : limited proxy
strength  : 1024 bits
path      : /home/grid/cms667/home_cream_843035372/cream_843035372.proxy
timeleft  : 185:43:32
key usage : 
=== VO cms extension information ===
VO        : cms
subject   : /C=DE/O=GermanGrid/OU=DESY/CN=Ihar Marfin
issuer    : /DC=ch/DC=cern/OU=computers/CN=lcg-voms.cern.ch
attribute : /cms/Role=NULL/Capability=NULL
attribute : /cms/dcms/Role=NULL/Capability=NULL
timeleft  : 185:45:43
uri       : lcg-voms.cern.ch:15002
>>> tar --no-same-permissions -xf /home/grid/cms667/home_cream_843035372/CREAM843035372/default.tgz :
Successful untar
>>> Include /home/grid/cms667/home_cream_843035372/CREAM843035372 in PYTHONPATH:
strip arguments
env var CRAB_UNIQUE_JOB_ID set to: marfin_crab_0_130904_141238_h2u5e3_13_1_i9l
out_files_13
>>> list of expected files on output sandbox
output files: crab_fjr_13.xml CMSSW_13.stdout CMSSW_13.stderr Watchdog_13.log.gz
>>> GridFlavour discovery: 
GridFlavour=LCG
>>> SyncSite discovery: 
not reporting SyncSite
>>> SyncCE discovery: 
getting SyncCE from CE_ID
SyncCE=ce207.cern.ch:8443/cream-lsf-grid_cms
>>> info for dashboard:
***** Cat /home/grid/cms667/home_cream_843035372/CREAM843035372/jobreport.txt *****
MonitorJobID=13_https://wms316.cern.ch:9000/C9pS44QbwAkXWuHB2GJddg
SyncGridJobId=https://wms316.cern.ch:9000/C9pS44QbwAkXWuHB2GJddg
MonitorID=marfin_crab_0_130904_141238_h2u5e3
GridFlavour=LCG
SyncCE=ce207.cern.ch:8443/cream-lsf-grid_cms
***** End Cat jobreport *****
Parameters sent to Dashboard.
>>> setup environment
set SCRAM ARCH to slc5_amd64_gcc462
SCRAM_ARCH = slc5_amd64_gcc462
>>> setup CMS LCG environment:
set SCRAM ARCH and BUILD_ARCH to slc5_amd64_gcc462 ###
Sourcing environment... 
sourcing /afs/cern.ch/project/gd/apps/cms/cmsset_default.sh
==> setup cms environment ok
>>> specific cmssw setup environment:
CMSSW_VERSION =  CMSSW_5_3_11_patch6
>>> current directory (SOFTWARE_DIR): /home/grid/cms667/home_cream_843035372/CREAM843035372/CMSSW_5_3_11_patch6
PreserveSeeds: <>
IncrementSeeds:<>
{"output.root": ""}
WNHostName=lxbsq2031.cern.ch
>>> info for dashboard:
***** Cat /home/grid/cms667/home_cream_843035372/CREAM843035372/jobreport.txt *****
MonitorJobID=13_https://wms316.cern.ch:9000/C9pS44QbwAkXWuHB2GJddg
MonitorID=marfin_crab_0_130904_141238_h2u5e3
WNHostName=lxbsq2031.cern.ch
***** End Cat jobreport *****
Parameters sent to Dashboard.
crabWatchdog started as process 18170
>>> moving CMSSW software directories in /home/grid/cms667/home_cream_843035372/CREAM843035372/CMSSW_5_3_11_patch6
mv: cannot stat `/home/grid/cms667/home_cream_843035372/CREAM843035372/module/': No such file or directory
>>> Include /home/grid/cms667/home_cream_843035372/CREAM843035372 in PYTHONPATH:
PYTHONPATH=/home/grid/cms667/home_cream_843035372/CREAM843035372/:/pool/grid/cms667/home_cream_843035372/CREAM843035372/CMSSW_5_3_11_patch6/python:/pool/grid/cms667/home_cream_843035372/CREAM843035372/CMSSW_5_3_11_patch6/lib/slc5_amd64_gcc462:/afs/cern.ch/cms/slc5_amd64_gcc462/cms/cmssw-patch/CMSSW_5_3_11_patch6/python:/afs/cern.ch/cms/slc5_amd64_gcc462/cms/cmssw-patch/CMSSW_5_3_11_patch6/lib/slc5_amd64_gcc462:/afs/cern.ch/cms/slc5_amd64_gcc462/cms/cmssw/CMSSW_5_3_11/bin/slc5_amd64_gcc462:/afs/cern.ch/cms/slc5_amd64_gcc462/cms/cmssw/CMSSW_5_3_11/lib/slc5_amd64_gcc462:/afs/cern.ch/cms/slc5_amd64_gcc462/cms/coral/CORAL_2_3_21-cms35/slc5_amd64_gcc462/python:/afs/cern.ch/cms/slc5_amd64_gcc462/cms/coral/CORAL_2_3_21-cms35/slc5_amd64_gcc462/lib:/afs/cern.ch/cms/slc5_amd64_gcc462/external/pyqt/4.8.1/lib/python2.6/site-packages:/afs/cern.ch/cms/slc5_amd64_gcc462/external/py2-scipy/0.8.0/lib/python2.6/site-packages:/afs/cern.ch/cms/slc5_amd64_gcc462/external/py2-matplotlib/1.0.1/lib/python2.6/site-packages:/afs/cern.ch/cms/slc5_amd64_gcc462/external/python-ldap/2.3.5/lib/python2.6/site-packages:/afs/cern.ch/cms/slc5_amd64_gcc462/external/sip/4.11.2/lib/python2.6/site-packages:/afs/cern.ch/cms/slc5_amd64_gcc462/external/py2-pycurl/7.19.0/lib/python2.6/site-packages:/afs/cern.ch/cms/slc5_amd64_gcc462/external/py2-numpy/1.6.1/lib/python2.6/site-packages:/afs/cern.ch/cms/slc5_amd64_gcc462/external/py2-ipython/0.10/lib/python2.6/site-packages:/afs/cern.ch/cms/slc5_amd64_gcc462/external/py2-cx-oracle/5.1-cms11/lib/python2.6/site-packages:/afs/cern.ch/cms/slc5_amd64_gcc462/external/py2-cjson/1.0.5/lib/python2.6/site-packages:/afs/cern.ch/cms/slc5_amd64_gcc462/cms/das-client/1.9.5/bin:/afs/cern.ch/cms/slc5_amd64_gcc462/external/elementtree/1.2.6/share/lib/python2.6/site-packages:/afs/cern.ch/cms/slc5_amd64_gcc462/external/rivet/1.8.2/lib/python2.6/site-packages:/afs/cern.ch/cms/slc5_amd64_gcc462/external/pyminuit2/0.0.1-cms39/lib/python2.6/site-packages:/afs/cern.ch/cms/slc5_amd64_gcc462/external/professor/1.0.0-cms40/lib/python2.6/site-packages:/afs/cern.ch/cms/slc5_amd64_gcc462/lcg/root/5.32.00-cms21/lib:/afs/cern.ch/cms/slc5_amd64_gcc462/cms/dbs-client/DBS_2_1_9-cms3/lib:/afs/cern.ch/cms/slc5_amd64_gcc462/cms/dbs-client/DBS_2_1_9-cms3/lib/DBSAPI:/afs/cern.ch/cms/slc5_amd64_gcc462/external/cvs2git/5419/lib:/home/grid/cms667/home_cream_843035372/CREAM843035372/
 
# LIMITS USED BY CRAB WATCHDOG:
# RSS  (KBytes)   : 2300000
# VSZ  (KBytes)   : 100000000
# DISK (MBytes)   : 19000
# CPU TIME        : 720h:0m:0s
# WALL CLOCK TIME : 21h:50m:0s
 
844a175eacc74cc51be2e7d71ca2539e
PSETHASH = 844a175eacc74cc51be2e7d71ca2539e
/home/grid/cms667/home_cream_843035372/CREAM843035372/writeCfg.py pset.py pset.py
Importing .py file
Setting parameters
RandomNumberGeneratorService found, will attempt to change seeds
inputBlocks=/RelValTTbar/CMSSW_5_3_11_patch3-PU_START53_LV2_09Jul2013-v1/GEN-SIM-DIGI-RAW-HLTDEBUG#bc03e9fc-e90e-11e2-95e5-00221959e7c0
inputFiles=/store/relval/CMSSW_5_3_11_patch3/RelValTTbar/GEN-SIM-DIGI-RAW-HLTDEBUG/PU_START53_LV2_09Jul2013-v1/00000/94FA73BD-08E9-E211-9D2C-00248C55CC40.root;/store/relval/CMSSW_5_3_11_patch3/RelValTTbar/GEN-SIM-DIGI-RAW-HLTDEBUG/PU_START53_LV2_09Jul2013-v1/00000/B0A6D1A6-08E9-E211-9389-0030486790B0.root;/store/relval/CMSSW_5_3_11_patch3/RelValTTbar/GEN-SIM-DIGI-RAW-HLTDEBUG/PU_START53_LV2_09Jul2013-v1/00000/485AB0AE-08E9-E211-9B9A-0026189438AC.root
parentFiles=
lumisRange=
>>> Executable cmsRun
/afs/cern.ch/cms/slc5_amd64_gcc462/cms/cmssw-patch/CMSSW_5_3_11_patch6/bin/slc5_amd64_gcc462/cmsRun
ok executable found
>>> info for dashboard:
***** Cat /home/grid/cms667/home_cream_843035372/CREAM843035372/jobreport.txt *****
MonitorJobID=13_https://wms316.cern.ch:9000/C9pS44QbwAkXWuHB2GJddg
MonitorID=marfin_crab_0_130904_141238_h2u5e3
ExeStart=cmsRun
***** End Cat jobreport *****
Parameters sent to Dashboard.
>>> cmsRun started at Wed Sep  4 12:16:17 UTC 2013
>>> cmsRun ended at Wed Sep  4 12:53:24 UTC 2013
>>> crab_fjr_*.xml  permission set to 0704
>>> info for dashboard:
***** Cat /home/grid/cms667/home_cream_843035372/CREAM843035372/jobreport.txt *****
MonitorJobID=13_https://wms316.cern.ch:9000/C9pS44QbwAkXWuHB2GJddg
MonitorID=marfin_crab_0_130904_141238_h2u5e3
ExeEnd=cmsRun
***** End Cat jobreport *****
Parameters sent to Dashboard.
TIME_EXE = 2227 sec
>>> cmsRun wrote 96 lines of stdout+stderr
>>> START OF printout of 96 lines from stdout+stderr
04-Sep-2013 14:17:14 CEST  Initiating request to open file root://eoscms//eos/cms/store/relval/CMSSW_5_3_11_patch3/RelValTTbar/GEN-SIM-DIGI-RAW-HLTDEBUG/PU_START53_LV2_09Jul2013-v1/00000/94FA73BD-08E9-E211-9D2C-00248C55CC40.root?svcClass=default
130904 14:17:14 18492 Xrd: GoToAnotherServer: Going to: lxfsre46c01.cern.ch:1095
04-Sep-2013 14:17:23 CEST  Successfully opened file root://eoscms//eos/cms/store/relval/CMSSW_5_3_11_patch3/RelValTTbar/GEN-SIM-DIGI-RAW-HLTDEBUG/PU_START53_LV2_09Jul2013-v1/00000/94FA73BD-08E9-E211-9D2C-00248C55CC40.root?svcClass=default
%MSG-w SiStripQuality:  EventSetupRecordDataGetter:hltGetConditions@beginRun  04-Sep-2013 14:19:03 CEST Run: 1
The cabling should always include the active feds in runInfo and possibly have some morethere are instead 59 feds only active in runInfo
%MSG
Begin processing the 1st record. Run 1, Event 781, LumiSection 16 at 04-Sep-2013 14:19:25.867 CEST
DTTSPhi::addTracoT: preview not present in TRACO trigger or its code=0  trigger not added!
DTTSPhi::addTracoT: preview not present in TRACO trigger or its code=0  trigger not added!
DTTSPhi::addTracoT: preview not present in TRACO trigger or its code=0  trigger not added!
DTTSPhi::addTracoT: preview not present in TRACO trigger or its code=0  trigger not added!
DTTSPhi::addTracoT: preview not present in TRACO trigger or its code=0  trigger not added!
DTTSPhi::addTracoT: preview not present in TRACO trigger or its code=0  trigger not added!
04-Sep-2013 14:26:03 CEST  Closed file root://eoscms//eos/cms/store/relval/CMSSW_5_3_11_patch3/RelValTTbar/GEN-SIM-DIGI-RAW-HLTDEBUG/PU_START53_LV2_09Jul2013-v1/00000/94FA73BD-08E9-E211-9D2C-00248C55CC40.root?svcClass=default
04-Sep-2013 14:26:03 CEST  Initiating request to open file root://eoscms//eos/cms/store/relval/CMSSW_5_3_11_patch3/RelValTTbar/GEN-SIM-DIGI-RAW-HLTDEBUG/PU_START53_LV2_09Jul2013-v1/00000/B0A6D1A6-08E9-E211-9389-0030486790B0.root?svcClass=default
130904 14:26:03 18492 Xrd: GoToAnotherServer: Going to: lxfsrb4405.cern.ch:1095
04-Sep-2013 14:26:03 CEST  Successfully opened file root://eoscms//eos/cms/store/relval/CMSSW_5_3_11_patch3/RelValTTbar/GEN-SIM-DIGI-RAW-HLTDEBUG/PU_START53_LV2_09Jul2013-v1/00000/B0A6D1A6-08E9-E211-9389-0030486790B0.root?svcClass=default
130904 14:31:13 18492 Xrd: XrdClientMessage::ReadRaw: Failed to read header (8 bytes).
DTTSPhi::addTracoT: preview not present in TRACO trigger or its code=0  trigger not added!
DTTSPhi::addTracoT: preview not present in TRACO trigger or its code=0  trigger not added!
Begin processing the 101st record. Run 1, Event 4981, LumiSection 100 at 04-Sep-2013 14:32:29.816 CEST
DTTSPhi::addTracoT: preview not present in TRACO trigger or its code=0  trigger not added!
%MSG-w BasicTrajectoryState:   ElectronSeedProducer:hltActivityStartUpElectronPixelSeeds  04-Sep-2013 14:34:03 CEST Run: 1 Event: 5115
local error not pos-def
[            1           0           0           0           0
             0-6.69203e-17  2.6101e-16-2.88472e-10-1.30388e-08
             0  2.6101e-16 1.12377e-14-1.30381e-08-5.61761e-07
             0-2.88472e-10-1.30381e-08   0.0179695    0.652694
             0-1.30388e-08-5.61761e-07    0.652694     28.1219 ]
%MSG
%MSG-w BasicTrajectoryState:   ElectronSeedProducer:hltActivityStartUpElectronPixelSeeds  04-Sep-2013 14:34:03 CEST Run: 1 Event: 5115
curv error not pos-def
[            1           0           0           0           0
             0 1.12436e-14-1.48523e-11-1.28215e-09 5.62061e-07
             0-1.48523e-11-2.71897e-05-6.85106e-06-0.000783481
             0-1.28215e-09-6.85106e-06  0.00296604  -0.0642606
             0 5.62061e-07-0.000783481  -0.0642606     28.1369 ]
%MSG
%MSG-w BasicTrajectoryState:  TrackProducer:hltL3TkTracksFromL2IOHit  04-Sep-2013 14:34:09 CEST Run: 1 Event: 5117
local error not pos-def
[  4.98895e-07-1.15234e-07-4.72929e-08 1.03421e-07-1.99183e-06
  -1.15234e-07 1.20293e-07-1.51153e-09   1.154e-06-6.35182e-07
  -4.72929e-08-1.51153e-09 1.53587e-07  -1.206e-05 1.29051e-05
   1.03421e-07   1.154e-06  -1.206e-05-1.81054e-05 -6.1636e-05
  -1.99183e-06-6.35182e-07 1.29051e-05 -6.1636e-05 0.000879963 ]
%MSG
%MSG-w BasicTrajectoryState:  TrackProducer:hltL3TkTracksFromL2IOHit  04-Sep-2013 14:34:09 CEST Run: 1 Event: 5117
curv error not pos-def
[  4.98895e-07-3.24294e-08-2.00263e-07 3.58276e-08-1.72464e-06
  -3.24294e-08 8.59534e-08-4.88722e-09-8.71133e-06 8.61695e-06
  -2.00263e-07-4.88722e-09  3.5725e-07 1.28379e-06-6.68406e-07
   3.58276e-08-8.71133e-06 1.28379e-06-2.12502e-05-2.68638e-05
  -1.72464e-06 8.61695e-06-6.68406e-07-2.68638e-05 0.000660503 ]
%MSG
DTTSPhi::addTracoT: preview not present in TRACO trigger or its code=0  trigger not added!
DTTSPhi::addTracoT: preview not present in TRACO trigger or its code=0  trigger not added!
DTTSPhi::addTracoT: preview not present in TRACO trigger or its code=0  trigger not added!
Begin processing the 201st record. Run 1, Event 5681, LumiSection 114 at 04-Sep-2013 14:37:00.830 CEST
DTTSPhi::addTracoT: preview not present in TRACO trigger or its code=0  trigger not added!
DTTSPhi::addTracoT: preview not present in TRACO trigger or its code=0  trigger not added!
DTTSPhi::addTracoT: preview not present in TRACO trigger or its code=0  trigger not added!
DTTSPhi::addTracoT: preview not present in TRACO trigger or its code=0  trigger not added!
Begin processing the 301st record. Run 1, Event 6481, LumiSection 130 at 04-Sep-2013 14:41:19.082 CEST
DTTSPhi::addTracoT: preview not present in TRACO trigger or its code=0  trigger not added!
04-Sep-2013 14:44:25 CEST  Closed file root://eoscms//eos/cms/store/relval/CMSSW_5_3_11_patch3/RelValTTbar/GEN-SIM-DIGI-RAW-HLTDEBUG/PU_START53_LV2_09Jul2013-v1/00000/B0A6D1A6-08E9-E211-9389-0030486790B0.root?svcClass=default
04-Sep-2013 14:44:26 CEST  Initiating request to open file root://eoscms//eos/cms/store/relval/CMSSW_5_3_11_patch3/RelValTTbar/GEN-SIM-DIGI-RAW-HLTDEBUG/PU_START53_LV2_09Jul2013-v1/00000/485AB0AE-08E9-E211-9B9A-0026189438AC.root?svcClass=default
130904 14:44:26 18492 Xrd: GoToAnotherServer: Going to: lxfsre14c04.cern.ch:1095
04-Sep-2013 14:44:26 CEST  Successfully opened file root://eoscms//eos/cms/store/relval/CMSSW_5_3_11_patch3/RelValTTbar/GEN-SIM-DIGI-RAW-HLTDEBUG/PU_START53_LV2_09Jul2013-v1/00000/485AB0AE-08E9-E211-9B9A-0026189438AC.root?svcClass=default
Begin processing the 401st record. Run 1, Event 3781, LumiSection 76 at 04-Sep-2013 14:47:05.718 CEST
130904 14:49:43 18492 Xrd: XrdClientMessage::ReadRaw: Failed to read header (8 bytes).
04-Sep-2013 14:53:11 CEST  Closed file root://eoscms//eos/cms/store/relval/CMSSW_5_3_11_patch3/RelValTTbar/GEN-SIM-DIGI-RAW-HLTDEBUG/PU_START53_LV2_09Jul2013-v1/00000/485AB0AE-08E9-E211-9B9A-0026189438AC.root?svcClass=default

=============================================

MessageLogger Summary

 type     category        sev    module        subroutine        count    total
 ---- -------------------- -- ---------------- ----------------  -----    -----
    1 BasicTrajectoryState -w ElectronSeedProd                       2        2
    2 BasicTrajectoryState -w TrackProducer:hl                       2        2
    3 SiStripQuality       -w EventSetupRecord                       1        1
    4 fileAction           -s file_close                             3        3
    5 fileAction           -s file_open                              6        6

 type    category    Examples: run/evt        run/evt          run/evt
 ---- -------------------- ---------------- ---------------- ----------------
    1 BasicTrajectoryState 1/5115           1/5115           
    2 BasicTrajectoryState 1/5117           1/5117           
    3 SiStripQuality       Run: 1                            
    4 fileAction           PostProcessEvent PostProcessEvent PostEndRun
    5 fileAction           pre-events       pre-events       PostProcessEvent

Severity    # Occurrences   Total Occurrences
--------    -------------   -----------------
Warning                 5                   5
System                  9                   9
>>> END OF printout of 96 lines from stdout+stderr
>>> Parse FrameworkJobReport crab_fjr.xml
Result of parsing the FrameworkJobReport crab_fjr.xml: Popularity start
lumisRange : 1::16,20::1;1::76,79,84::2;1::100,103,114,128,130-131::3;
lumisParentRange : 
Basename : /store/relval/CMSSW_5_3_11_patch3/RelValTTbar/GEN-SIM-DIGI-RAW-HLTDEBUG/PU_START53_LV2_09Jul2013-v1/00000/
BasenameParent : 
parentFiles : 
inputBlocks : /RelValTTbar/CMSSW_5_3_11_patch3-PU_START53_LV2_09Jul2013-v1/GEN-SIM-DIGI-RAW-HLTDEBUG#bc03e9fc-e90e-11e2-95e5-00221959e7c0
inputFiles : 94FA73BD-08E9-E211-9D2C-00248C55CC40.root::1::EDM::Local::1;485AB0AE-08E9-E211-9B9A-0026189438AC.root::1::EDM::Local::2;B0A6D1A6-08E9-E211-9389-0030486790B0.root::1::EDM::Local::3;
Popularity stop
Extracted ExitStatus from FrameworkJobReport parsing output: 0
>>> Executable succeded  0
ExeExitCode=0
EXECUTABLE_EXIT_STATUS = 0
>>> current directory /home/grid/cms667/home_cream_843035372/CREAM843035372/CMSSW_5_3_11_patch6
>>>  (SOFTWARE_DIR): /home/grid/cms667/home_cream_843035372/CREAM843035372/CMSSW_5_3_11_patch6
>>> (WORKING_DIR): 
>>> current directory content:
total 4090212
drwxr-xr-x 3 cms667 zh       4096 Sep  4 14:15 .SCRAM
-rw------- 1 cms667 zh    3842683 Sep  4 14:15 CMSSW.py.pkl
drwxr-xr-x 3 cms667 zh       4096 Sep  4 14:15 bin
drwxr-xr-x 3 cms667 zh       4096 Sep  4 14:15 cfipython
drwxr-xr-x 4 cms667 zh       4096 Sep  4 14:15 config
-rw------- 1 cms667 zh         18 Sep  4 14:53 cpu_timing.txt
drwxr-xr-x 2 cms667 zh       4096 Sep  4 14:15 doc
-rw------- 1 cms667 zh       8043 Sep  4 14:53 executable.out
drwxr-xr-x 2 cms667 zh       4096 Sep  4 14:15 include
drwx------ 3 cms667 zh       4096 Aug 26 18:31 lib
drwxr-xr-x 3 cms667 zh       4096 Sep  4 14:15 logs
drwxr-xr-x 3 cms667 zh       4096 Sep  4 14:15 objs
-rw------- 1 cms667 zh 4176425138 Sep  4 14:53 output.root
-rw------- 1 cms667 zh        104 Sep  4 14:16 pset.py
-rw------- 1 cms667 zh    3843683 Sep  4 14:16 pset.py.pkl
-rw------- 1 cms667 zh        289 Sep  4 14:16 pset.pyc
drwxr-xr-x 2 cms667 zh       4096 Sep  4 14:15 python
-rw------- 1 cms667 zh        440 Sep  4 14:53 report.log
drwx------ 5 cms667 zh       4096 Sep  4 14:15 src
drwxr-xr-x 3 cms667 zh       4096 Sep  4 14:15 test
drwxr-xr-x 3 cms667 zh       4096 Sep  4 14:15 tmp
>>> current directory /home/grid/cms667/home_cream_843035372/CREAM843035372/CMSSW_5_3_11_patch6
>>> (SOFTWARE_DIR): /home/grid/cms667/home_cream_843035372/CREAM843035372/CMSSW_5_3_11_patch6
>>> (WORKING_DIR): 
>>> current directory content:
total 4090212
drwxr-xr-x 3 cms667 zh       4096 Sep  4 14:15 .SCRAM
-rw------- 1 cms667 zh    3842683 Sep  4 14:15 CMSSW.py.pkl
drwxr-xr-x 3 cms667 zh       4096 Sep  4 14:15 bin
drwxr-xr-x 3 cms667 zh       4096 Sep  4 14:15 cfipython
drwxr-xr-x 4 cms667 zh       4096 Sep  4 14:15 config
-rw------- 1 cms667 zh         18 Sep  4 14:53 cpu_timing.txt
drwxr-xr-x 2 cms667 zh       4096 Sep  4 14:15 doc
-rw------- 1 cms667 zh       8043 Sep  4 14:53 executable.out
drwxr-xr-x 2 cms667 zh       4096 Sep  4 14:15 include
drwx------ 3 cms667 zh       4096 Aug 26 18:31 lib
drwxr-xr-x 3 cms667 zh       4096 Sep  4 14:15 logs
drwxr-xr-x 3 cms667 zh       4096 Sep  4 14:15 objs
-rw------- 1 cms667 zh 4176425138 Sep  4 14:53 output_13_1_i9l.root
-rw------- 1 cms667 zh        104 Sep  4 14:16 pset.py
-rw------- 1 cms667 zh    3843683 Sep  4 14:16 pset.py.pkl
-rw------- 1 cms667 zh        289 Sep  4 14:16 pset.pyc
drwxr-xr-x 2 cms667 zh       4096 Sep  4 14:15 python
-rw------- 1 cms667 zh        440 Sep  4 14:53 report.log
drwx------ 5 cms667 zh       4096 Sep  4 14:15 src
drwxr-xr-x 3 cms667 zh       4096 Sep  4 14:15 test
drwxr-xr-x 3 cms667 zh       4096 Sep  4 14:15 tmp
>>> current directory (RUNTIME_AREA):  /home/grid/cms667/home_cream_843035372/CREAM843035372
SE = dcache-se-cms.desy.de
SE_PATH = /srm/managerv2?SFN=/pnfs/desy.de/cms/tier2/store/user/marfin/RelValTTbar/53xRelVal2011Redigi/844a175eacc74cc51be2e7d71ca2539e/
LFNBaseName = /store/user/marfin/RelValTTbar/53xRelVal2011Redigi/844a175eacc74cc51be2e7d71ca2539e/
USER = marfin
endpoint = srm://dcache-se-cms.desy.de:8443/srm/managerv2?SFN=/pnfs/desy.de/cms/tier2/store/user/marfin/RelValTTbar/53xRelVal2011Redigi/844a175eacc74cc51be2e7d71ca2539e/
>>> Copy output files from WN = lxbsq2031.cern.ch to /srm/managerv2?SFN=/pnfs/desy.de/cms/tier2/store/user/marfin/RelValTTbar/53xRelVal2011Redigi/844a175eacc74cc51be2e7d71ca2539e/ :
python cmscp.py  --destination srm://dcache-se-cms.desy.de:8443/srm/managerv2?SFN=/pnfs/desy.de/cms/tier2/store/user/marfin/RelValTTbar/53xRelVal2011Redigi/844a175eacc74cc51be2e7d71ca2539e/ --inputFileList /home/grid/cms667/home_cream_843035372/CREAM843035372/CMSSW_5_3_11_patch6/output_13_1_i9l.root --middleware LCG --se_name dcache-se-cms.desy.de --for_lfn /store/user/marfin/RelValTTbar/53xRelVal2011Redigi/844a175eacc74cc51be2e7d71ca2539e/    
******************************************************
localSeName  =  srm-eoscms.cern.ch
remoteSeName =  dcache-se-cms.desy.de
******************************************************
{"/home/grid/cms667/home_cream_843035372/CREAM843035372/CMSSW_5_3_11_patch6/output_13_1_i9l.root": {"endpoint": "srm://dcache-se-cms.desy.de:8443/srm/managerv2?SFN=/pnfs/desy.de/cms/tier2/store/user/marfin/RelValTTbar/53xRelVal2011Redigi/844a175eacc74cc51be2e7d71ca2539e/", "surl_for_grid": "", "reason": "Copy succedeed with srm-lcg utils", "erCode": "0", "se_name": "dcache-se-cms.desy.de", "for_lfn": "/store/user/marfin/RelValTTbar/53xRelVal2011Redigi/844a175eacc74cc51be2e7d71ca2539e/"}}/home/grid/cms667/home_cream_843035372/CREAM843035372
-------- cat /home/grid/cms667/home_cream_843035372/CREAM843035372/cmscpReport.sh 
#!/bin/bash
echo "Report for File: /home/grid/cms667/home_cream_843035372/CREAM843035372/CMSSW_5_3_11_patch6/output_13_1_i9l.root"
echo "LFN: /store/user/marfin/RelValTTbar/53xRelVal2011Redigi/844a175eacc74cc51be2e7d71ca2539e/output_13_1_i9l.root"
echo "StorageElement: dcache-se-cms.desy.de"
echo "StageOutExitStatusReason = 'Copy succedeed with srm-lcg utils'" | tee -a $RUNTIME_AREA/$repo
echo "StageOutSE = dcache-se-cms.desy.de" >> $RUNTIME_AREA/$repo

export StageOutExitStatus=0
echo "StageOutExitStatus = 0" | tee -a $RUNTIME_AREA/$repo
-------- end of /home/grid/cms667/home_cream_843035372/CREAM843035372/cmscpReport.sh 
Report for File: /home/grid/cms667/home_cream_843035372/CREAM843035372/CMSSW_5_3_11_patch6/output_13_1_i9l.root
LFN: /store/user/marfin/RelValTTbar/53xRelVal2011Redigi/844a175eacc74cc51be2e7d71ca2539e/output_13_1_i9l.root
StorageElement: dcache-se-cms.desy.de
StageOutExitStatusReason = 'Copy succedeed with srm-lcg utils'
StageOutExitStatus = 0
>>> current dir: /home/grid/cms667/home_cream_843035372/CREAM843035372
>>> current dir content:
total 6400
-rwx------  1 cms667 zh   13669 Sep  4 14:15 .BrokerInfo
-rw-------  1 cms667 zh    5843 Sep  4 14:54 .SEinteraction.log
-rwx------  1 cms667 zh       0 Sep  4 14:15 .tmp_file
-rw-------  1 cms667 zh     105 Sep  4 14:12 CMSSW.py
-rw-------  1 cms667 zh 3842683 Sep  4 14:12 CMSSW.py.pkl
-rwx------  1 cms667 zh   27979 Sep  4 14:15 CMSSW.sh
-rwx------  1 cms667 zh       0 Sep  4 14:15 CMSSW_13.stderr
-rwx---r--  1 cms667 zh   22858 Sep  4 14:54 CMSSW_13.stdout
drwxr-xr-x 15 cms667 zh    4096 Sep  4 14:53 CMSSW_5_3_11_patch6
-rw-------  1 cms667 zh     484 Sep  4 14:15 CacheEnv.sh
-rw-------  1 cms667 zh    7291 Jun  9  2010 DashboardAPI.py
-rw-------  1 cms667 zh    6493 Sep  4 14:15 DashboardAPI.pyc
drwx------  3 cms667 zh    4096 Aug 20 17:36 IMProv
-rw-------  1 cms667 zh    2748 Mar  8  2006 Logger.py
-rw-------  1 cms667 zh    3223 Sep  4 14:15 Logger.pyc
-rw-------  1 cms667 zh   24524 Mar 28  2008 ProcInfo.py
-rw-------  1 cms667 zh   22846 Sep  4 14:15 ProcInfo.pyc
drwx------  7 cms667 zh    4096 Sep  4 14:16 ProdCommon
drwx------  3 cms667 zh    4096 Sep  4 14:15 WMCore
-rw-------  1 cms667 zh    6048 Sep  4 14:54 Watchdog_13.log
-rw-------  1 cms667 zh   32895 Mar 28  2008 apmon.py
-rw-------  1 cms667 zh   28120 Sep  4 14:15 apmon.pyc
-rwx------  1 cms667 zh   10416 Sep  4 14:15 arguments.xml
-rwx------  1 cms667 zh   38507 Aug  6 23:12 cmscp.py
-rw-------  1 cms667 zh     545 Sep  4 14:54 cmscpReport.sh
-rw-------  1 cms667 zh     506 Sep  4 14:12 crab.cfg
-rwx------  1 cms667 zh    8610 Apr  2 15:44 crabWatchdog.sh
-rwx---r--  1 cms667 zh  931320 Sep  4 14:53 crab_fjr_13.xml
-rwx------  1 cms667 zh 1216398 Sep  4 14:15 default.tgz
-rwx------  1 cms667 zh    4488 May 12  2012 fillCrabFjr.py
-rw-------  1 cms667 zh     616 Sep  4 14:16 inputsReport.txt
-rw-------  1 cms667 zh     260 Sep  4 14:54 jobreport.txt
lrwxrwxrwx  1 cms667 zh      94 Sep  4 14:53 output.root -> /home/grid/cms667/home_cream_843035372/CREAM843035372/CMSSW_5_3_11_patch6/output_13_1_i9l.root
-rw-------  1 cms667 zh   17352 Jan 20  2012 parseCrabFjr.py
-rw-------  1 cms667 zh     265 Sep  4 14:15 report.log
-rwx--x--x  1 cms667 zh    1497 May 27  2009 report.py
-rw-------  1 cms667 zh     492 Sep  4 14:54 resultCopyFile
-rwx------  1 cms667 zh    8387 Mar 23  2011 writeCfg.py
>>> Modify Job Report:
CMSSW_VERSION = CMSSW_5_3_11_patch6
ProcessedDataset = 53xRelVal2011Redigi
/home/grid/cms667/home_cream_843035372/CREAM843035372/ProdCommon/FwkJobRep/ModifyJobReport.py fjr /home/grid/cms667/home_cream_843035372/CREAM843035372/crab_fjr_13.xml json /home/grid/cms667/home_cream_843035372/CREAM843035372/resultCopyFile n_job 13_1_i9l PrimaryDataset RelValTTbar  ApplicationFamily cmsRun ApplicationName cmsRun cmssw_version CMSSW_5_3_11_patch6 psethash 844a175eacc74cc51be2e7d71ca2539e UserProcessedDataset marfin-53xRelVal2011Redigi-844a175eacc74cc51be2e7d71ca2539e
inputDict =  {u'/home/grid/cms667/home_cream_843035372/CREAM843035372/CMSSW_5_3_11_patch6/output_13_1_i9l.root': {u'endpoint': u'srm://dcache-se-cms.desy.de:8443/srm/managerv2?SFN=/pnfs/desy.de/cms/tier2/store/user/marfin/RelValTTbar/53xRelVal2011Redigi/844a175eacc74cc51be2e7d71ca2539e/', u'surl_for_grid': u'', u'reason': u'Copy succedeed with srm-lcg utils', u'erCode': u'0', u'se_name': u'dcache-se-cms.desy.de', u'for_lfn': u'/store/user/marfin/RelValTTbar/53xRelVal2011Redigi/844a175eacc74cc51be2e7d71ca2539e/'}}
diz_filter =  {u'output.root': u''}
UserProcessedDataset =  marfin-53xRelVal2011Redigi-844a175eacc74cc51be2e7d71ca2539e
file_name in inputDict =  /home/grid/cms667/home_cream_843035372/CREAM843035372/CMSSW_5_3_11_patch6/output_13_1_i9l.root
(size) os.stat(filename)[6] =  4176425138
checksum =  1931464436
filter =  
    file =  output_13_1_i9l.root
    newPfn =  srm://dcache-se-cms.desy.de:8443/srm/managerv2?SFN=/pnfs/desy.de/cms/tier2/store/user/marfin/RelValTTbar/53xRelVal2011Redigi/844a175eacc74cc51be2e7d71ca2539e/output_13_1_i9l.root
    newLfn =  /store/user/marfin/RelValTTbar/53xRelVal2011Redigi/844a175eacc74cc51be2e7d71ca2539e/output_13_1_i9l.root
>>> crab_fjr_*.xml  permission set to 0704
Checking output files:  
will tar file crab_fjr_13.xml in  out_files_13
will tar file CMSSW_13.stdout in  out_files_13
will tar file CMSSW_13.stderr in  out_files_13
WARNING: output file Watchdog_13.log.gz not found!
>>> padding time: Wrapper lasting more than 600 seconds. No sleep required.
STOPPING WATCHDOG. CrabWatchdog PID is 18170
********** LAST 50 LINES OF WATCHDOG LOG
 Sep 04 14:19:56 CEST	---	1759992	2239456	40	----	----	----
 Sep 04 14:20:57 CEST	18492	1799928	2263264	40	142	304	cmsRun -j /home/grid/cms667/home_cream_843035372/CREAM843035372/crab_fjr_13.xml -p pset.py      
 Sep 04 14:20:57 CEST	---	1799928	2263264	135	----	----	----
 Sep 04 14:21:58 CEST	18492	1824412	2263264	135	197	364	cmsRun -j /home/grid/cms667/home_cream_843035372/CREAM843035372/crab_fjr_13.xml -p pset.py      
 Sep 04 14:21:58 CEST	---	1824412	2263264	224	----	----	----
 Sep 04 14:22:58 CEST	---	1824412	2263264	327	----	----	----
 Sep 04 14:23:59 CEST	18492	1837000	2274788	327	308	485	cmsRun -j /home/grid/cms667/home_cream_843035372/CREAM843035372/crab_fjr_13.xml -p pset.py      
 Sep 04 14:23:59 CEST	---	1837000	2274788	426	----	----	----
 Sep 04 14:24:59 CEST	18492	1851728	2284004	426	365	546	cmsRun -j /home/grid/cms667/home_cream_843035372/CREAM843035372/crab_fjr_13.xml -p pset.py      
 Sep 04 14:24:59 CEST	---	1851728	2284004	525	----	----	----
 Sep 04 14:26:00 CEST	18492	1855904	2284772	525	421	606	cmsRun -j /home/grid/cms667/home_cream_843035372/CREAM843035372/crab_fjr_13.xml -p pset.py      
 Sep 04 14:26:00 CEST	---	1855904	2284772	623	----	----	----
 Sep 04 14:27:00 CEST	---	1855904	2284772	973	----	----	----
 Sep 04 14:28:01 CEST	---	1855904	2284772	1426	----	----	----
 Sep 04 14:29:02 CEST	---	1855904	2284772	1885	----	----	----
 Sep 04 14:30:02 CEST	---	1855904	2284772	2300	----	----	----
 Sep 04 14:31:02 CEST	---	1855904	2284772	2750	----	----	----
 Sep 04 14:32:03 CEST	---	1855904	2284772	2771	----	----	----
 Sep 04 14:33:03 CEST	---	1855904	2284772	2797	----	----	----
 Sep 04 14:34:04 CEST	18492	1855904	2284776	2797	668	1090	cmsRun -j /home/grid/cms667/home_cream_843035372/CREAM843035372/crab_fjr_13.xml -p pset.py      
 Sep 04 14:34:04 CEST	---	1855904	2284776	2820	----	----	----
# TIME			PID	RSS(KB)	VSZ(KB)	Dsk(MB)	tCPU(s)	tWALL(s)	COMMAND
 Sep 04 14:35:04 CEST	---	1855904	2284776	2846	----	----	----
 Sep 04 14:36:05 CEST	---	1855904	2284776	2872	----	----	----
 Sep 04 14:37:05 CEST	---	1855904	2284776	2900	----	----	----
 Sep 04 14:38:06 CEST	---	1855904	2284776	2924	----	----	----
 Sep 04 14:39:06 CEST	18492	1855904	2287592	2924	958	1392	cmsRun -j /home/grid/cms667/home_cream_843035372/CREAM843035372/crab_fjr_13.xml -p pset.py      
 Sep 04 14:39:06 CEST	---	1855904	2287592	2951	----	----	----
 Sep 04 14:40:06 CEST	---	1855904	2287592	2978	----	----	----
 Sep 04 14:41:07 CEST	18492	1855904	2293736	2978	1070	1514	cmsRun -j /home/grid/cms667/home_cream_843035372/CREAM843035372/crab_fjr_13.xml -p pset.py      
 Sep 04 14:41:07 CEST	---	1855904	2293736	3006	----	----	----
 Sep 04 14:42:08 CEST	---	1855904	2293736	3033	----	----	----
 Sep 04 14:43:08 CEST	18492	1855904	2295784	3033	1188	1635	cmsRun -j /home/grid/cms667/home_cream_843035372/CREAM843035372/crab_fjr_13.xml -p pset.py      
 Sep 04 14:43:08 CEST	---	1855904	2295784	3055	----	----	----
 Sep 04 14:44:09 CEST	18492	1855904	2301416	3055	1247	1695	cmsRun -j /home/grid/cms667/home_cream_843035372/CREAM843035372/crab_fjr_13.xml -p pset.py      
 Sep 04 14:44:09 CEST	---	1855904	2301416	3083	----	----	----
 Sep 04 14:45:09 CEST	18492	2025280	2448872	3083	1304	1756	cmsRun -j /home/grid/cms667/home_cream_843035372/CREAM843035372/crab_fjr_13.xml -p pset.py      
 Sep 04 14:45:09 CEST	---	2025280	2448872	3157	----	----	----
 Sep 04 14:46:10 CEST	---	2025280	2448872	3257	----	----	----
 Sep 04 14:47:10 CEST	18492	2028604	2448872	3257	1418	1877	cmsRun -j /home/grid/cms667/home_cream_843035372/CREAM843035372/crab_fjr_13.xml -p pset.py      
 Sep 04 14:47:10 CEST	---	2028604	2448872	3360	----	----	----
 Sep 04 14:48:11 CEST	---	2028604	2448872	3454	----	----	----
 Sep 04 14:49:11 CEST	18492	2047592	2448872	3454	1534	1998	cmsRun -j /home/grid/cms667/home_cream_843035372/CREAM843035372/crab_fjr_13.xml -p pset.py      
 Sep 04 14:49:11 CEST	---	2047592	2448872	3554	----	----	----
 Sep 04 14:50:12 CEST	---	2047592	2448872	3675	----	----	----
 Sep 04 14:51:12 CEST	18492	2053564	2448872	3675	1650	2119	cmsRun -j /home/grid/cms667/home_cream_843035372/CREAM843035372/crab_fjr_13.xml -p pset.py      
 Sep 04 14:51:12 CEST	---	2053564	2448872	3784	----	----	----
 Sep 04 14:52:13 CEST	---	2053564	2448872	3890	----	----	----
 Sep 04 14:53:13 CEST	---	2053564	2448872	3996	----	----	----
 Sep 04 14:54:14 CEST	---	2053564	2448872	4010	----	----	----
********** WATCHDOG LOG ENDED
ZIPPING WATCHDOG LOG
Disk space used:
du -sh /home/grid/cms667/home_cream_843035372/CREAM843035372
4.0G	/home/grid/cms667/home_cream_843035372/CREAM843035372
Found unusual stderr, rename for OSB
`/pool/grid/cms667/home_cream_843035372/CREAM843035372/CMSSW_13.stdout' -> `CMSSW_13.stderr'
crab_fjr_13.xml
CMSSW_13.stdout
CMSSW_13.stderr
Watchdog_13.log.gz
Total Output dimension: 89433
WARNING: output files size limit is set to: 55000000
Total Output dimension 89433 is fine.
JOB_EXIT_STATUS = 0
>>> info for dashboard:
***** Cat /home/grid/cms667/home_cream_843035372/CREAM843035372/jobreport.txt *****
MonitorJobID=13_https://wms316.cern.ch:9000/C9pS44QbwAkXWuHB2GJddg
MonitorID=marfin_crab_0_130904_141238_h2u5e3
ExeTime=2227
ExeExitCode=0
StageOutExitStatusReason = 'Copy succedeed with srm-lcg utils'
StageOutSE = dcache-se-cms.desy.de
StageOutExitStatus = 0
CrabUserCpuTime=1710.19
CrabSysCpuTime=64.61
CrabCpuPercentage=79%
CrabWrapperTime=2375
CrabStageoutTime=85
JobExitCode=0
***** End Cat jobreport *****
Parameters sent to Dashboard.
crab_fjr_13.xml
