This script was generated by crab (version 2.9.0).
Running ./CMSSW.sh with 2 positional parameters: 11 1
Today is Wed Sep  4 14:15:44 CEST 2013
Job submitted on host lxbsq2019.cern.ch
Linux lxbsq2019.cern.ch 2.6.18-308.16.1.el5 #1 SMP Thu Oct 4 14:02:28 CEST 2012 x86_64 x86_64 x86_64 GNU/Linux
>>> current directory (RUNTIME_AREA): /home/grid/cms667/home_cream_824848788/CREAM824848788
>>> current user: uid=52545(cms667) gid=1399(zh) groups=1399(zh),1105807248 context=system_u:system_r:initrc_t
>>> directory permission set to 0700
>>> umask set to:  u=rwx,g=,o=
>>> stdout stderr permission set to 0704
>>> voms proxy information:
subject   : /C=DE/O=GermanGrid/OU=DESY/CN=Ihar Marfin/CN=proxy/CN=proxy/CN=proxy/CN=limited proxy
issuer    : /C=DE/O=GermanGrid/OU=DESY/CN=Ihar Marfin/CN=proxy/CN=proxy/CN=proxy
identity  : /C=DE/O=GermanGrid/OU=DESY/CN=Ihar Marfin/CN=proxy/CN=proxy/CN=proxy
type      : limited proxy
strength  : 1024 bits
path      : /home/grid/cms667/home_cream_824848788/cream_824848788.proxy
timeleft  : 185:43:29
key usage : 
=== VO cms extension information ===
VO        : cms
subject   : /C=DE/O=GermanGrid/OU=DESY/CN=Ihar Marfin
issuer    : /DC=ch/DC=cern/OU=computers/CN=lcg-voms.cern.ch
attribute : /cms/Role=NULL/Capability=NULL
attribute : /cms/dcms/Role=NULL/Capability=NULL
timeleft  : 185:45:44
uri       : lcg-voms.cern.ch:15002
>>> tar --no-same-permissions -xf /home/grid/cms667/home_cream_824848788/CREAM824848788/default.tgz :
Successful untar
>>> Include /home/grid/cms667/home_cream_824848788/CREAM824848788 in PYTHONPATH:
strip arguments
env var CRAB_UNIQUE_JOB_ID set to: marfin_crab_0_130904_141238_h2u5e3_11_1_w7Q
out_files_11
>>> list of expected files on output sandbox
output files: crab_fjr_11.xml CMSSW_11.stdout CMSSW_11.stderr Watchdog_11.log.gz
>>> GridFlavour discovery: 
GridFlavour=LCG
>>> SyncSite discovery: 
not reporting SyncSite
>>> SyncCE discovery: 
getting SyncCE from CE_ID
SyncCE=ce204.cern.ch:8443/cream-lsf-grid_cms
>>> info for dashboard:
***** Cat /home/grid/cms667/home_cream_824848788/CREAM824848788/jobreport.txt *****
MonitorJobID=11_https://wms316.cern.ch:9000/CHuVTvgCCtUlcIbhFiaplQ
SyncGridJobId=https://wms316.cern.ch:9000/CHuVTvgCCtUlcIbhFiaplQ
MonitorID=marfin_crab_0_130904_141238_h2u5e3
GridFlavour=LCG
SyncCE=ce204.cern.ch:8443/cream-lsf-grid_cms
***** End Cat jobreport *****
Parameters sent to Dashboard.
>>> setup environment
set SCRAM ARCH to slc5_amd64_gcc462
SCRAM_ARCH = slc5_amd64_gcc462
>>> setup CMS LCG environment:
set SCRAM ARCH and BUILD_ARCH to slc5_amd64_gcc462 ###
Sourcing environment... 
sourcing /afs/cern.ch/project/gd/apps/cms/cmsset_default.sh
==> setup cms environment ok
>>> specific cmssw setup environment:
CMSSW_VERSION =  CMSSW_5_3_11_patch6
>>> current directory (SOFTWARE_DIR): /home/grid/cms667/home_cream_824848788/CREAM824848788/CMSSW_5_3_11_patch6
PreserveSeeds: <>
IncrementSeeds:<>
{"output.root": ""}
WNHostName=lxbsq2019.cern.ch
>>> info for dashboard:
***** Cat /home/grid/cms667/home_cream_824848788/CREAM824848788/jobreport.txt *****
MonitorJobID=11_https://wms316.cern.ch:9000/CHuVTvgCCtUlcIbhFiaplQ
MonitorID=marfin_crab_0_130904_141238_h2u5e3
WNHostName=lxbsq2019.cern.ch
***** End Cat jobreport *****
Parameters sent to Dashboard.
crabWatchdog started as process 27133
>>> moving CMSSW software directories in /home/grid/cms667/home_cream_824848788/CREAM824848788/CMSSW_5_3_11_patch6
mv: cannot stat `/home/grid/cms667/home_cream_824848788/CREAM824848788/module/': No such file or directory
>>> Include /home/grid/cms667/home_cream_824848788/CREAM824848788 in PYTHONPATH:
PYTHONPATH=/home/grid/cms667/home_cream_824848788/CREAM824848788/:/pool/grid/cms667/home_cream_824848788/CREAM824848788/CMSSW_5_3_11_patch6/python:/pool/grid/cms667/home_cream_824848788/CREAM824848788/CMSSW_5_3_11_patch6/lib/slc5_amd64_gcc462:/afs/cern.ch/cms/slc5_amd64_gcc462/cms/cmssw-patch/CMSSW_5_3_11_patch6/python:/afs/cern.ch/cms/slc5_amd64_gcc462/cms/cmssw-patch/CMSSW_5_3_11_patch6/lib/slc5_amd64_gcc462:/afs/cern.ch/cms/slc5_amd64_gcc462/cms/cmssw/CMSSW_5_3_11/bin/slc5_amd64_gcc462:/afs/cern.ch/cms/slc5_amd64_gcc462/cms/cmssw/CMSSW_5_3_11/lib/slc5_amd64_gcc462:/afs/cern.ch/cms/slc5_amd64_gcc462/cms/coral/CORAL_2_3_21-cms35/slc5_amd64_gcc462/python:/afs/cern.ch/cms/slc5_amd64_gcc462/cms/coral/CORAL_2_3_21-cms35/slc5_amd64_gcc462/lib:/afs/cern.ch/cms/slc5_amd64_gcc462/external/pyqt/4.8.1/lib/python2.6/site-packages:/afs/cern.ch/cms/slc5_amd64_gcc462/external/py2-scipy/0.8.0/lib/python2.6/site-packages:/afs/cern.ch/cms/slc5_amd64_gcc462/external/py2-matplotlib/1.0.1/lib/python2.6/site-packages:/afs/cern.ch/cms/slc5_amd64_gcc462/external/python-ldap/2.3.5/lib/python2.6/site-packages:/afs/cern.ch/cms/slc5_amd64_gcc462/external/sip/4.11.2/lib/python2.6/site-packages:/afs/cern.ch/cms/slc5_amd64_gcc462/external/py2-pycurl/7.19.0/lib/python2.6/site-packages:/afs/cern.ch/cms/slc5_amd64_gcc462/external/py2-numpy/1.6.1/lib/python2.6/site-packages:/afs/cern.ch/cms/slc5_amd64_gcc462/external/py2-ipython/0.10/lib/python2.6/site-packages:/afs/cern.ch/cms/slc5_amd64_gcc462/external/py2-cx-oracle/5.1-cms11/lib/python2.6/site-packages:/afs/cern.ch/cms/slc5_amd64_gcc462/external/py2-cjson/1.0.5/lib/python2.6/site-packages:/afs/cern.ch/cms/slc5_amd64_gcc462/cms/das-client/1.9.5/bin:/afs/cern.ch/cms/slc5_amd64_gcc462/external/elementtree/1.2.6/share/lib/python2.6/site-packages:/afs/cern.ch/cms/slc5_amd64_gcc462/external/rivet/1.8.2/lib/python2.6/site-packages:/afs/cern.ch/cms/slc5_amd64_gcc462/external/pyminuit2/0.0.1-cms39/lib/python2.6/site-packages:/afs/cern.ch/cms/slc5_amd64_gcc462/external/professor/1.0.0-cms40/lib/python2.6/site-packages:/afs/cern.ch/cms/slc5_amd64_gcc462/lcg/root/5.32.00-cms21/lib:/afs/cern.ch/cms/slc5_amd64_gcc462/cms/dbs-client/DBS_2_1_9-cms3/lib:/afs/cern.ch/cms/slc5_amd64_gcc462/cms/dbs-client/DBS_2_1_9-cms3/lib/DBSAPI:/afs/cern.ch/cms/slc5_amd64_gcc462/external/cvs2git/5419/lib:/home/grid/cms667/home_cream_824848788/CREAM824848788/
 
# LIMITS USED BY CRAB WATCHDOG:
# RSS  (KBytes)   : 2300000
# VSZ  (KBytes)   : 100000000
# DISK (MBytes)   : 19000
# CPU TIME        : 720h:0m:0s
# WALL CLOCK TIME : 21h:50m:0s
 
844a175eacc74cc51be2e7d71ca2539e
PSETHASH = 844a175eacc74cc51be2e7d71ca2539e
/home/grid/cms667/home_cream_824848788/CREAM824848788/writeCfg.py pset.py pset.py
Importing .py file
Setting parameters
RandomNumberGeneratorService found, will attempt to change seeds
inputBlocks=/RelValTTbar/CMSSW_5_3_11_patch3-PU_START53_LV2_09Jul2013-v1/GEN-SIM-DIGI-RAW-HLTDEBUG#bc03e9fc-e90e-11e2-95e5-00221959e7c0
inputFiles=/store/relval/CMSSW_5_3_11_patch3/RelValTTbar/GEN-SIM-DIGI-RAW-HLTDEBUG/PU_START53_LV2_09Jul2013-v1/00000/00CD06D8-08E9-E211-AC4B-0025905938A8.root;/store/relval/CMSSW_5_3_11_patch3/RelValTTbar/GEN-SIM-DIGI-RAW-HLTDEBUG/PU_START53_LV2_09Jul2013-v1/00000/5EBDAED2-08E9-E211-9594-002590596498.root
parentFiles=
lumisRange=
>>> Executable cmsRun
/afs/cern.ch/cms/slc5_amd64_gcc462/cms/cmssw-patch/CMSSW_5_3_11_patch6/bin/slc5_amd64_gcc462/cmsRun
ok executable found
>>> info for dashboard:
***** Cat /home/grid/cms667/home_cream_824848788/CREAM824848788/jobreport.txt *****
MonitorJobID=11_https://wms316.cern.ch:9000/CHuVTvgCCtUlcIbhFiaplQ
MonitorID=marfin_crab_0_130904_141238_h2u5e3
ExeStart=cmsRun
***** End Cat jobreport *****
Parameters sent to Dashboard.
>>> cmsRun started at Wed Sep  4 12:16:29 UTC 2013
>>> cmsRun ended at Wed Sep  4 13:06:55 UTC 2013
>>> crab_fjr_*.xml  permission set to 0704
>>> info for dashboard:
***** Cat /home/grid/cms667/home_cream_824848788/CREAM824848788/jobreport.txt *****
MonitorJobID=11_https://wms316.cern.ch:9000/CHuVTvgCCtUlcIbhFiaplQ
MonitorID=marfin_crab_0_130904_141238_h2u5e3
ExeEnd=cmsRun
***** End Cat jobreport *****
Parameters sent to Dashboard.
TIME_EXE = 3026 sec
>>> cmsRun wrote 148 lines of stdout+stderr
>>> START OF printout of 148 lines from stdout+stderr
04-Sep-2013 14:17:56 CEST  Initiating request to open file root://eoscms//eos/cms/store/relval/CMSSW_5_3_11_patch3/RelValTTbar/GEN-SIM-DIGI-RAW-HLTDEBUG/PU_START53_LV2_09Jul2013-v1/00000/00CD06D8-08E9-E211-AC4B-0025905938A8.root?svcClass=default
130904 14:17:56 27396 Xrd: GoToAnotherServer: Going to: lxfsrd56c02.cern.ch:1095
04-Sep-2013 14:18:03 CEST  Successfully opened file root://eoscms//eos/cms/store/relval/CMSSW_5_3_11_patch3/RelValTTbar/GEN-SIM-DIGI-RAW-HLTDEBUG/PU_START53_LV2_09Jul2013-v1/00000/00CD06D8-08E9-E211-AC4B-0025905938A8.root?svcClass=default
%MSG-w SiStripQuality:  EventSetupRecordDataGetter:hltGetConditions@beginRun  04-Sep-2013 14:19:16 CEST Run: 1
The cabling should always include the active feds in runInfo and possibly have some morethere are instead 59 feds only active in runInfo
%MSG
Begin processing the 1st record. Run 1, Event 4285, LumiSection 86 at 04-Sep-2013 14:19:38.977 CEST
%MSG-w BasicTrajectoryState:  PixelTrackProducer:hltHITPixelTracksHE  04-Sep-2013 14:23:18 CEST Run: 1 Event: 4321
curv error not pos-def
[          nan         nan         nan         nan         nan
           nan         nan         nan         nan         nan
           nan         nan         nan         nan         nan
           nan         nan         nan         nan         nan
           nan         nan         nan         nan         nan ]
%MSG
DTTSPhi::addTracoT: preview not present in TRACO trigger or its code=0  trigger not added!
DTTSPhi::addTracoT: preview not present in TRACO trigger or its code=0  trigger not added!
DTTSPhi::addTracoT: preview not present in TRACO trigger or its code=0  trigger not added!
Begin processing the 101st record. Run 1, Event 4585, LumiSection 92 at 04-Sep-2013 14:28:54.565 CEST
130904 14:38:25 27396 Xrd: XrdClientMessage::ReadRaw: Failed to read header (8 bytes).
Begin processing the 201st record. Run 1, Event 5035, LumiSection 101 at 04-Sep-2013 14:38:55.828 CEST
04-Sep-2013 14:40:27 CEST  Closed file root://eoscms//eos/cms/store/relval/CMSSW_5_3_11_patch3/RelValTTbar/GEN-SIM-DIGI-RAW-HLTDEBUG/PU_START53_LV2_09Jul2013-v1/00000/00CD06D8-08E9-E211-AC4B-0025905938A8.root?svcClass=default
04-Sep-2013 14:40:27 CEST  Initiating request to open file root://eoscms//eos/cms/store/relval/CMSSW_5_3_11_patch3/RelValTTbar/GEN-SIM-DIGI-RAW-HLTDEBUG/PU_START53_LV2_09Jul2013-v1/00000/5EBDAED2-08E9-E211-9594-002590596498.root?svcClass=default
130904 14:40:27 001 Xrd: CheckErrorStatus: Server [eoscms] declared: session not found(error code: 3011)
130904 14:40:27 27396 Xrd: GoToAnotherServer: Going to: lxfsrd66c03.cern.ch:1095
04-Sep-2013 14:40:28 CEST  Successfully opened file root://eoscms//eos/cms/store/relval/CMSSW_5_3_11_patch3/RelValTTbar/GEN-SIM-DIGI-RAW-HLTDEBUG/PU_START53_LV2_09Jul2013-v1/00000/5EBDAED2-08E9-E211-9594-002590596498.root?svcClass=default
%MSG-w BasicTrajectoryState:  TrackProducer:hltCtfL1IsoWithMaterialTracks  04-Sep-2013 14:44:48 CEST Run: 1 Event: 5089
curv error not pos-def
[  5.72053e+07     36.8876-1.18684e+06     119.789    -8.80251
       36.8876 0.000549452   -0.765322 2.52621e-05  0.00190231
  -1.18684e+06   -0.765322     24623.4    -2.48569     0.18257
       119.789 2.52621e-05    -2.48569 -0.00121606 -0.00020707
      -8.80251  0.00190231     0.18257 -0.00020707  0.00693104 ]
%MSG
%MSG-w BasicTrajectoryState:  TrackProducer:hltCtfL1IsoWithMaterialTracks  04-Sep-2013 14:44:48 CEST Run: 1 Event: 5089
local error not pos-def
[  5.72053e+07 1.19109e+06     27225.2    -120.003      6.6795
   1.19109e+06     24800.2     566.866    -2.49906    0.139007
       27225.2     566.866     12.9578  -0.0571818  0.00552349
      -120.003    -2.49906  -0.0571818 -0.00122042-0.000250133
        6.6795    0.139007  0.00552349-0.000250133  0.00793807 ]
%MSG
%MSG-w BasicTrajectoryState:  TrackProducer:hltCtf3HitL1IsoWithMaterialTracks  04-Sep-2013 14:44:48 CEST Run: 1 Event: 5089
curv error not pos-def
[  5.72053e+07     36.8876-1.18684e+06     119.789    -8.80251
       36.8876 0.000549452   -0.765322 2.52621e-05  0.00190231
  -1.18684e+06   -0.765322     24623.4    -2.48569     0.18257
       119.789 2.52621e-05    -2.48569 -0.00121606 -0.00020707
      -8.80251  0.00190231     0.18257 -0.00020707  0.00693104 ]
%MSG
%MSG-w BasicTrajectoryState:  TrackProducer:hltCtf3HitL1IsoWithMaterialTracks  04-Sep-2013 14:44:48 CEST Run: 1 Event: 5089
local error not pos-def
[  5.72053e+07 1.19109e+06     27225.2    -120.003      6.6795
   1.19109e+06     24800.2     566.866    -2.49906    0.139007
       27225.2     566.866     12.9578  -0.0571818  0.00552349
      -120.003    -2.49906  -0.0571818 -0.00122042-0.000250133
        6.6795    0.139007  0.00552349-0.000250133  0.00793807 ]
%MSG
%MSG-w BasicTrajectoryState:  TrackProducer:hltCtfActivityWithMaterialTracks  04-Sep-2013 14:44:48 CEST Run: 1 Event: 5089
curv error not pos-def
[  5.72053e+07     36.8876-1.18684e+06     119.789    -8.80251
       36.8876 0.000549452   -0.765322 2.52621e-05  0.00190231
  -1.18684e+06   -0.765322     24623.4    -2.48569     0.18257
       119.789 2.52621e-05    -2.48569 -0.00121606 -0.00020707
      -8.80251  0.00190231     0.18257 -0.00020707  0.00693104 ]
%MSG
%MSG-w BasicTrajectoryState:  TrackProducer:hltCtfActivityWithMaterialTracks  04-Sep-2013 14:44:48 CEST Run: 1 Event: 5089
local error not pos-def
[  5.72053e+07 1.19109e+06     27225.2    -120.003      6.6795
   1.19109e+06     24800.2     566.866    -2.49906    0.139007
       27225.2     566.866     12.9578  -0.0571818  0.00552349
      -120.003    -2.49906  -0.0571818 -0.00122042-0.000250133
        6.6795    0.139007  0.00552349-0.000250133  0.00793807 ]
%MSG
130904 14:45:55 27396 Xrd: XrdClientMessage::ReadRaw: Failed to read header (8 bytes).
DTTSPhi::addTracoT: preview not present in TRACO trigger or its code=0  trigger not added!
Begin processing the 301st record. Run 1, Event 5235, LumiSection 105 at 04-Sep-2013 14:49:23.942 CEST
DTTSPhi::addTracoT: preview not present in TRACO trigger or its code=0  trigger not added!
Begin processing the 401st record. Run 1, Event 5335, LumiSection 107 at 04-Sep-2013 14:59:19.705 CEST
130904 15:00:55 27396 Xrd: XrdClientMessage::ReadRaw: Failed to read header (8 bytes).
DTTSPhi::addTracoT: preview not present in TRACO trigger or its code=0  trigger not added!
DTTSPhi::addTracoT: preview not present in TRACO trigger or its code=0  trigger not added!
%MSG-w BasicTrajectoryState:   ElectronSeedProducer:hltL1IsoStartUpElectronPixelSeeds  04-Sep-2013 15:05:42 CEST Run: 1 Event: 5398
local error not pos-def
[            1           0           0           0           0
             0-4.73214e-16-6.32033e-16-5.98498e-10 2.30159e-08
             0-6.32033e-16 2.63093e-14  2.2998e-08-9.56299e-07
             0-5.98498e-10  2.2998e-08   0.0208304   -0.837544
             0 2.30159e-08-9.56299e-07   -0.837544     34.8002 ]
%MSG
%MSG-w BasicTrajectoryState:   ElectronSeedProducer:hltL1IsoStartUpElectronPixelSeeds  04-Sep-2013 15:05:42 CEST Run: 1 Event: 5398
curv error not pos-def
[            1           0           0           0           0
             0 2.63236e-14-4.81229e-11-4.22907e-09 9.56833e-07
             0-4.81229e-11-6.58265e-05 2.33624e-05 -0.00154747
             0-4.22907e-09 2.33624e-05   0.0013475    -0.15329
             0 9.56833e-07 -0.00154747    -0.15329     34.8197 ]
%MSG
%MSG-w BasicTrajectoryState:   ElectronSeedProducer:hltActivityStartUpElectronPixelSeeds  04-Sep-2013 15:05:42 CEST Run: 1 Event: 5398
local error not pos-def
[            1           0           0           0           0
             0-4.73214e-16-6.32033e-16-5.98498e-10 2.30159e-08
             0-6.32033e-16 2.63093e-14  2.2998e-08-9.56299e-07
             0-5.98498e-10  2.2998e-08   0.0208304   -0.837544
             0 2.30159e-08-9.56299e-07   -0.837544     34.8002 ]
%MSG
%MSG-w BasicTrajectoryState:   ElectronSeedProducer:hltActivityStartUpElectronPixelSeeds  04-Sep-2013 15:05:42 CEST Run: 1 Event: 5398
curv error not pos-def
[            1           0           0           0           0
             0 2.63236e-14-4.81229e-11-4.22907e-09 9.56833e-07
             0-4.81229e-11-6.58265e-05 2.33624e-05 -0.00154747
             0-4.22907e-09 2.33624e-05   0.0013475    -0.15329
             0 9.56833e-07 -0.00154747    -0.15329     34.8197 ]
%MSG
04-Sep-2013 15:06:39 CEST  Closed file root://eoscms//eos/cms/store/relval/CMSSW_5_3_11_patch3/RelValTTbar/GEN-SIM-DIGI-RAW-HLTDEBUG/PU_START53_LV2_09Jul2013-v1/00000/5EBDAED2-08E9-E211-9594-002590596498.root?svcClass=default

=============================================

MessageLogger Summary

 type     category        sev    module        subroutine        count    total
 ---- -------------------- -- ---------------- ----------------  -----    -----
    1 BasicTrajectoryState -w ElectronSeedProd                       2        2
    2 BasicTrajectoryState -w ElectronSeedProd                       2        2
    3 BasicTrajectoryState -w PixelTrackProduc                       1        1
    4 BasicTrajectoryState -w TrackProducer:hl                       2        2
    5 BasicTrajectoryState -w TrackProducer:hl                       2        2
    6 BasicTrajectoryState -w TrackProducer:hl                       2        2
    7 SiStripQuality       -w EventSetupRecord                       1        1
    8 fileAction           -s file_close                             2        2
    9 fileAction           -s file_open                              4        4

 type    category    Examples: run/evt        run/evt          run/evt
 ---- -------------------- ---------------- ---------------- ----------------
    1 BasicTrajectoryState 1/5398           1/5398           
    2 BasicTrajectoryState 1/5398           1/5398           
    3 BasicTrajectoryState 1/4321                            
    4 BasicTrajectoryState 1/5089           1/5089           
    5 BasicTrajectoryState 1/5089           1/5089           
    6 BasicTrajectoryState 1/5089           1/5089           
    7 SiStripQuality       Run: 1                            
    8 fileAction           PostProcessEvent PostEndRun       
    9 fileAction           pre-events       pre-events       PostProcessEvent

Severity    # Occurrences   Total Occurrences
--------    -------------   -----------------
Warning                12                  12
System                  6                   6
>>> END OF printout of 148 lines from stdout+stderr
>>> Parse FrameworkJobReport crab_fjr.xml
Result of parsing the FrameworkJobReport crab_fjr.xml: Popularity start
lumisRange : 1::102,105-108,110::1;1::86-87,92,95,101::2;
lumisParentRange : 
Basename : /store/relval/CMSSW_5_3_11_patch3/RelValTTbar/GEN-SIM-DIGI-RAW-HLTDEBUG/PU_START53_LV2_09Jul2013-v1/00000/
BasenameParent : 
parentFiles : 
inputBlocks : /RelValTTbar/CMSSW_5_3_11_patch3-PU_START53_LV2_09Jul2013-v1/GEN-SIM-DIGI-RAW-HLTDEBUG#bc03e9fc-e90e-11e2-95e5-00221959e7c0
inputFiles : 5EBDAED2-08E9-E211-9594-002590596498.root::1::EDM::Local::1;00CD06D8-08E9-E211-AC4B-0025905938A8.root::1::EDM::Local::2;
Popularity stop
Extracted ExitStatus from FrameworkJobReport parsing output: 0
>>> Executable succeded  0
ExeExitCode=0
EXECUTABLE_EXIT_STATUS = 0
>>> current directory /home/grid/cms667/home_cream_824848788/CREAM824848788/CMSSW_5_3_11_patch6
>>>  (SOFTWARE_DIR): /home/grid/cms667/home_cream_824848788/CREAM824848788/CMSSW_5_3_11_patch6
>>> (WORKING_DIR): 
>>> current directory content:
total 4210768
drwxr-xr-x 3 cms667 zh       4096 Sep  4 14:15 .SCRAM
-rw------- 1 cms667 zh    3842683 Sep  4 14:15 CMSSW.py.pkl
drwxr-xr-x 3 cms667 zh       4096 Sep  4 14:15 bin
drwxr-xr-x 3 cms667 zh       4096 Sep  4 14:15 cfipython
drwxr-xr-x 4 cms667 zh       4096 Sep  4 14:15 config
-rw------- 1 cms667 zh         18 Sep  4 15:06 cpu_timing.txt
drwxr-xr-x 2 cms667 zh       4096 Sep  4 14:15 doc
-rw------- 1 cms667 zh      10394 Sep  4 15:06 executable.out
drwxr-xr-x 2 cms667 zh       4096 Sep  4 14:15 include
drwx------ 3 cms667 zh       4096 Aug 26 18:31 lib
drwxr-xr-x 3 cms667 zh       4096 Sep  4 14:15 logs
drwxr-xr-x 3 cms667 zh       4096 Sep  4 14:15 objs
-rw------- 1 cms667 zh 4299743189 Sep  4 15:06 output.root
-rw------- 1 cms667 zh        104 Sep  4 14:16 pset.py
-rw------- 1 cms667 zh    3843522 Sep  4 14:16 pset.py.pkl
-rw------- 1 cms667 zh        289 Sep  4 14:16 pset.pyc
drwxr-xr-x 2 cms667 zh       4096 Sep  4 14:15 python
-rw------- 1 cms667 zh        440 Sep  4 15:06 report.log
drwx------ 5 cms667 zh       4096 Sep  4 14:15 src
drwxr-xr-x 3 cms667 zh       4096 Sep  4 14:15 test
drwxr-xr-x 3 cms667 zh       4096 Sep  4 14:15 tmp
>>> current directory /home/grid/cms667/home_cream_824848788/CREAM824848788/CMSSW_5_3_11_patch6
>>> (SOFTWARE_DIR): /home/grid/cms667/home_cream_824848788/CREAM824848788/CMSSW_5_3_11_patch6
>>> (WORKING_DIR): 
>>> current directory content:
total 4210768
drwxr-xr-x 3 cms667 zh       4096 Sep  4 14:15 .SCRAM
-rw------- 1 cms667 zh    3842683 Sep  4 14:15 CMSSW.py.pkl
drwxr-xr-x 3 cms667 zh       4096 Sep  4 14:15 bin
drwxr-xr-x 3 cms667 zh       4096 Sep  4 14:15 cfipython
drwxr-xr-x 4 cms667 zh       4096 Sep  4 14:15 config
-rw------- 1 cms667 zh         18 Sep  4 15:06 cpu_timing.txt
drwxr-xr-x 2 cms667 zh       4096 Sep  4 14:15 doc
-rw------- 1 cms667 zh      10394 Sep  4 15:06 executable.out
drwxr-xr-x 2 cms667 zh       4096 Sep  4 14:15 include
drwx------ 3 cms667 zh       4096 Aug 26 18:31 lib
drwxr-xr-x 3 cms667 zh       4096 Sep  4 14:15 logs
drwxr-xr-x 3 cms667 zh       4096 Sep  4 14:15 objs
-rw------- 1 cms667 zh 4299743189 Sep  4 15:06 output_11_1_w7Q.root
-rw------- 1 cms667 zh        104 Sep  4 14:16 pset.py
-rw------- 1 cms667 zh    3843522 Sep  4 14:16 pset.py.pkl
-rw------- 1 cms667 zh        289 Sep  4 14:16 pset.pyc
drwxr-xr-x 2 cms667 zh       4096 Sep  4 14:15 python
-rw------- 1 cms667 zh        440 Sep  4 15:06 report.log
drwx------ 5 cms667 zh       4096 Sep  4 14:15 src
drwxr-xr-x 3 cms667 zh       4096 Sep  4 14:15 test
drwxr-xr-x 3 cms667 zh       4096 Sep  4 14:15 tmp
>>> current directory (RUNTIME_AREA):  /home/grid/cms667/home_cream_824848788/CREAM824848788
SE = dcache-se-cms.desy.de
SE_PATH = /srm/managerv2?SFN=/pnfs/desy.de/cms/tier2/store/user/marfin/RelValTTbar/53xRelVal2011Redigi/844a175eacc74cc51be2e7d71ca2539e/
LFNBaseName = /store/user/marfin/RelValTTbar/53xRelVal2011Redigi/844a175eacc74cc51be2e7d71ca2539e/
USER = marfin
endpoint = srm://dcache-se-cms.desy.de:8443/srm/managerv2?SFN=/pnfs/desy.de/cms/tier2/store/user/marfin/RelValTTbar/53xRelVal2011Redigi/844a175eacc74cc51be2e7d71ca2539e/
>>> Copy output files from WN = lxbsq2019.cern.ch to /srm/managerv2?SFN=/pnfs/desy.de/cms/tier2/store/user/marfin/RelValTTbar/53xRelVal2011Redigi/844a175eacc74cc51be2e7d71ca2539e/ :
python cmscp.py  --destination srm://dcache-se-cms.desy.de:8443/srm/managerv2?SFN=/pnfs/desy.de/cms/tier2/store/user/marfin/RelValTTbar/53xRelVal2011Redigi/844a175eacc74cc51be2e7d71ca2539e/ --inputFileList /home/grid/cms667/home_cream_824848788/CREAM824848788/CMSSW_5_3_11_patch6/output_11_1_w7Q.root --middleware LCG --se_name dcache-se-cms.desy.de --for_lfn /store/user/marfin/RelValTTbar/53xRelVal2011Redigi/844a175eacc74cc51be2e7d71ca2539e/    
******************************************************
localSeName  =  srm-eoscms.cern.ch
remoteSeName =  dcache-se-cms.desy.de
******************************************************
{"/home/grid/cms667/home_cream_824848788/CREAM824848788/CMSSW_5_3_11_patch6/output_11_1_w7Q.root": {"endpoint": "srm://dcache-se-cms.desy.de:8443/srm/managerv2?SFN=/pnfs/desy.de/cms/tier2/store/user/marfin/RelValTTbar/53xRelVal2011Redigi/844a175eacc74cc51be2e7d71ca2539e/", "surl_for_grid": "", "reason": "Copy succedeed with srm-lcg utils", "erCode": "0", "se_name": "dcache-se-cms.desy.de", "for_lfn": "/store/user/marfin/RelValTTbar/53xRelVal2011Redigi/844a175eacc74cc51be2e7d71ca2539e/"}}/home/grid/cms667/home_cream_824848788/CREAM824848788
-------- cat /home/grid/cms667/home_cream_824848788/CREAM824848788/cmscpReport.sh 
#!/bin/bash
echo "Report for File: /home/grid/cms667/home_cream_824848788/CREAM824848788/CMSSW_5_3_11_patch6/output_11_1_w7Q.root"
echo "LFN: /store/user/marfin/RelValTTbar/53xRelVal2011Redigi/844a175eacc74cc51be2e7d71ca2539e/output_11_1_w7Q.root"
echo "StorageElement: dcache-se-cms.desy.de"
echo "StageOutExitStatusReason = 'Copy succedeed with srm-lcg utils'" | tee -a $RUNTIME_AREA/$repo
echo "StageOutSE = dcache-se-cms.desy.de" >> $RUNTIME_AREA/$repo

export StageOutExitStatus=0
echo "StageOutExitStatus = 0" | tee -a $RUNTIME_AREA/$repo
-------- end of /home/grid/cms667/home_cream_824848788/CREAM824848788/cmscpReport.sh 
Report for File: /home/grid/cms667/home_cream_824848788/CREAM824848788/CMSSW_5_3_11_patch6/output_11_1_w7Q.root
LFN: /store/user/marfin/RelValTTbar/53xRelVal2011Redigi/844a175eacc74cc51be2e7d71ca2539e/output_11_1_w7Q.root
StorageElement: dcache-se-cms.desy.de
StageOutExitStatusReason = 'Copy succedeed with srm-lcg utils'
StageOutExitStatus = 0
>>> current dir: /home/grid/cms667/home_cream_824848788/CREAM824848788
>>> current dir content:
total 6256
-rwx------  1 cms667 zh   13669 Sep  4 14:15 .BrokerInfo
-rw-------  1 cms667 zh    6662 Sep  4 15:09 .SEinteraction.log
-rwx------  1 cms667 zh       0 Sep  4 14:15 .tmp_file
-rw-------  1 cms667 zh     105 Sep  4 14:12 CMSSW.py
-rw-------  1 cms667 zh 3842683 Sep  4 14:12 CMSSW.py.pkl
-rwx------  1 cms667 zh   27979 Sep  4 14:15 CMSSW.sh
-rwx------  1 cms667 zh       0 Sep  4 14:15 CMSSW_11.stderr
-rwx---r--  1 cms667 zh   24992 Sep  4 15:09 CMSSW_11.stdout
drwxr-xr-x 15 cms667 zh    4096 Sep  4 15:07 CMSSW_5_3_11_patch6
-rw-------  1 cms667 zh     484 Sep  4 14:15 CacheEnv.sh
-rw-------  1 cms667 zh    7291 Jun  9  2010 DashboardAPI.py
-rw-------  1 cms667 zh    6493 Sep  4 14:15 DashboardAPI.pyc
drwx------  3 cms667 zh    4096 Aug 20 17:36 IMProv
-rw-------  1 cms667 zh    2748 Mar  8  2006 Logger.py
-rw-------  1 cms667 zh    3223 Sep  4 14:15 Logger.pyc
-rw-------  1 cms667 zh   24524 Mar 28  2008 ProcInfo.py
-rw-------  1 cms667 zh   22846 Sep  4 14:15 ProcInfo.pyc
drwx------  7 cms667 zh    4096 Sep  4 14:16 ProdCommon
drwx------  3 cms667 zh    4096 Sep  4 14:15 WMCore
-rw-------  1 cms667 zh    7141 Sep  4 15:07 Watchdog_11.log
-rw-------  1 cms667 zh   32895 Mar 28  2008 apmon.py
-rw-------  1 cms667 zh   28120 Sep  4 14:15 apmon.pyc
-rwx------  1 cms667 zh   10416 Sep  4 14:15 arguments.xml
-rwx------  1 cms667 zh   38507 Aug  6 23:12 cmscp.py
-rw-------  1 cms667 zh     545 Sep  4 15:09 cmscpReport.sh
-rw-------  1 cms667 zh     506 Sep  4 14:12 crab.cfg
-rwx------  1 cms667 zh    8610 Apr  2 15:44 crabWatchdog.sh
-rwx---r--  1 cms667 zh  781918 Sep  4 15:06 crab_fjr_11.xml
-rwx------  1 cms667 zh 1216398 Sep  4 14:15 default.tgz
-rwx------  1 cms667 zh    4488 May 12  2012 fillCrabFjr.py
-rw-------  1 cms667 zh     468 Sep  4 14:16 inputsReport.txt
-rw-------  1 cms667 zh     260 Sep  4 15:09 jobreport.txt
lrwxrwxrwx  1 cms667 zh      94 Sep  4 15:07 output.root -> /home/grid/cms667/home_cream_824848788/CREAM824848788/CMSSW_5_3_11_patch6/output_11_1_w7Q.root
-rw-------  1 cms667 zh   17352 Jan 20  2012 parseCrabFjr.py
-rw-------  1 cms667 zh     265 Sep  4 14:15 report.log
-rwx--x--x  1 cms667 zh    1497 May 27  2009 report.py
-rw-------  1 cms667 zh     492 Sep  4 15:09 resultCopyFile
-rwx------  1 cms667 zh    8387 Mar 23  2011 writeCfg.py
>>> Modify Job Report:
CMSSW_VERSION = CMSSW_5_3_11_patch6
ProcessedDataset = 53xRelVal2011Redigi
/home/grid/cms667/home_cream_824848788/CREAM824848788/ProdCommon/FwkJobRep/ModifyJobReport.py fjr /home/grid/cms667/home_cream_824848788/CREAM824848788/crab_fjr_11.xml json /home/grid/cms667/home_cream_824848788/CREAM824848788/resultCopyFile n_job 11_1_w7Q PrimaryDataset RelValTTbar  ApplicationFamily cmsRun ApplicationName cmsRun cmssw_version CMSSW_5_3_11_patch6 psethash 844a175eacc74cc51be2e7d71ca2539e UserProcessedDataset marfin-53xRelVal2011Redigi-844a175eacc74cc51be2e7d71ca2539e
inputDict =  {u'/home/grid/cms667/home_cream_824848788/CREAM824848788/CMSSW_5_3_11_patch6/output_11_1_w7Q.root': {u'endpoint': u'srm://dcache-se-cms.desy.de:8443/srm/managerv2?SFN=/pnfs/desy.de/cms/tier2/store/user/marfin/RelValTTbar/53xRelVal2011Redigi/844a175eacc74cc51be2e7d71ca2539e/', u'surl_for_grid': u'', u'reason': u'Copy succedeed with srm-lcg utils', u'erCode': u'0', u'se_name': u'dcache-se-cms.desy.de', u'for_lfn': u'/store/user/marfin/RelValTTbar/53xRelVal2011Redigi/844a175eacc74cc51be2e7d71ca2539e/'}}
diz_filter =  {u'output.root': u''}
UserProcessedDataset =  marfin-53xRelVal2011Redigi-844a175eacc74cc51be2e7d71ca2539e
file_name in inputDict =  /home/grid/cms667/home_cream_824848788/CREAM824848788/CMSSW_5_3_11_patch6/output_11_1_w7Q.root
(size) os.stat(filename)[6] =  4299743189
checksum =  2850380326
filter =  
    file =  output_11_1_w7Q.root
    newPfn =  srm://dcache-se-cms.desy.de:8443/srm/managerv2?SFN=/pnfs/desy.de/cms/tier2/store/user/marfin/RelValTTbar/53xRelVal2011Redigi/844a175eacc74cc51be2e7d71ca2539e/output_11_1_w7Q.root
    newLfn =  /store/user/marfin/RelValTTbar/53xRelVal2011Redigi/844a175eacc74cc51be2e7d71ca2539e/output_11_1_w7Q.root
>>> crab_fjr_*.xml  permission set to 0704
Checking output files:  
will tar file crab_fjr_11.xml in  out_files_11
will tar file CMSSW_11.stdout in  out_files_11
will tar file CMSSW_11.stderr in  out_files_11
WARNING: output file Watchdog_11.log.gz not found!
>>> padding time: Wrapper lasting more than 600 seconds. No sleep required.
STOPPING WATCHDOG. CrabWatchdog PID is 27133
********** LAST 50 LINES OF WATCHDOG LOG
 Sep 04 14:31:08 CEST	27396	1875432	2302196	987	715	908	cmsRun -j /home/grid/cms667/home_cream_824848788/CREAM824848788/crab_fjr_11.xml -p pset.py      
 Sep 04 14:31:08 CEST	---	1875432	2302196	1077	----	----	----
 Sep 04 14:32:08 CEST	---	1875432	2302196	1169	----	----	----
 Sep 04 14:33:10 CEST	---	1875432	2302196	1260	----	----	----
 Sep 04 14:34:11 CEST	27396	1881840	2311924	1260	892	1091	cmsRun -j /home/grid/cms667/home_cream_824848788/CREAM824848788/crab_fjr_11.xml -p pset.py      
 Sep 04 14:34:11 CEST	---	1881840	2311924	1352	----	----	----
# TIME			PID	RSS(KB)	VSZ(KB)	Dsk(MB)	tCPU(s)	tWALL(s)	COMMAND
 Sep 04 14:35:11 CEST	27396	1911888	2364660	1352	951	1152	cmsRun -j /home/grid/cms667/home_cream_824848788/CREAM824848788/crab_fjr_11.xml -p pset.py      
 Sep 04 14:35:11 CEST	---	1911888	2364660	1436	----	----	----
 Sep 04 14:36:12 CEST	27396	1912924	2367220	1436	1010	1213	cmsRun -j /home/grid/cms667/home_cream_824848788/CREAM824848788/crab_fjr_11.xml -p pset.py      
 Sep 04 14:36:12 CEST	---	1912924	2367220	1526	----	----	----
 Sep 04 14:37:13 CEST	27396	1915548	2371060	1526	1068	1273	cmsRun -j /home/grid/cms667/home_cream_824848788/CREAM824848788/crab_fjr_11.xml -p pset.py      
 Sep 04 14:37:13 CEST	---	1915548	2371060	1607	----	----	----
 Sep 04 14:38:13 CEST	---	1915548	2371060	1688	----	----	----
 Sep 04 14:39:14 CEST	---	1915548	2371060	1770	----	----	----
 Sep 04 14:40:15 CEST	---	1915548	2371060	1859	----	----	----
 Sep 04 14:41:16 CEST	---	1915548	2371060	1936	----	----	----
 Sep 04 14:42:16 CEST	27396	1915548	2377724	1936	1350	1577	cmsRun -j /home/grid/cms667/home_cream_824848788/CREAM824848788/crab_fjr_11.xml -p pset.py      
 Sep 04 14:42:16 CEST	---	1915548	2377724	2030	----	----	----
 Sep 04 14:43:17 CEST	---	1915548	2377724	2123	----	----	----
 Sep 04 14:44:17 CEST	---	1915548	2377724	2194	----	----	----
 Sep 04 14:45:18 CEST	---	1915548	2377724	2276	----	----	----
 Sep 04 14:46:20 CEST	27396	1916620	2377724	2276	1570	1821	cmsRun -j /home/grid/cms667/home_cream_824848788/CREAM824848788/crab_fjr_11.xml -p pset.py      
 Sep 04 14:46:20 CEST	---	1916620	2377724	2356	----	----	----
 Sep 04 14:47:21 CEST	---	1916620	2377724	2439	----	----	----
 Sep 04 14:48:22 CEST	---	1916620	2377724	2521	----	----	----
 Sep 04 14:49:23 CEST	---	1916620	2377724	2611	----	----	----
 Sep 04 14:50:23 CEST	27396	1920080	2377724	2611	1805	2064	cmsRun -j /home/grid/cms667/home_cream_824848788/CREAM824848788/crab_fjr_11.xml -p pset.py      
 Sep 04 14:50:23 CEST	---	1920080	2377724	2696	----	----	----
 Sep 04 14:51:24 CEST	---	1920080	2377724	2792	----	----	----
 Sep 04 14:52:25 CEST	---	1920080	2377724	2880	----	----	----
 Sep 04 14:53:25 CEST	---	1920080	2377724	2983	----	----	----
 Sep 04 14:54:26 CEST	---	1920080	2377724	3071	----	----	----
 Sep 04 14:55:26 CEST	---	1920080	2377724	3151	----	----	----
 Sep 04 14:56:27 CEST	27396	2014420	2452988	3151	2156	2428	cmsRun -j /home/grid/cms667/home_cream_824848788/CREAM824848788/crab_fjr_11.xml -p pset.py      
 Sep 04 14:56:27 CEST	---	2014420	2452988	3238	----	----	----
 Sep 04 14:57:28 CEST	---	2014420	2452988	3329	----	----	----
# TIME			PID	RSS(KB)	VSZ(KB)	Dsk(MB)	tCPU(s)	tWALL(s)	COMMAND
 Sep 04 14:58:29 CEST	---	2014420	2452988	3409	----	----	----
 Sep 04 14:59:30 CEST	---	2014420	2452988	3496	----	----	----
 Sep 04 15:00:33 CEST	27396	2017556	2457084	3496	2396	2675	cmsRun -j /home/grid/cms667/home_cream_824848788/CREAM824848788/crab_fjr_11.xml -p pset.py      
 Sep 04 15:00:33 CEST	---	2017556	2457084	3587	----	----	----
 Sep 04 15:01:35 CEST	27396	2025524	2467068	3587	2455	2736	cmsRun -j /home/grid/cms667/home_cream_824848788/CREAM824848788/crab_fjr_11.xml -p pset.py      
 Sep 04 15:01:35 CEST	---	2025524	2467068	3678	----	----	----
 Sep 04 15:02:36 CEST	---	2025524	2467068	3764	----	----	----
 Sep 04 15:03:36 CEST	---	2025524	2467068	3846	----	----	----
 Sep 04 15:04:37 CEST	---	2025524	2467068	3935	----	----	----
 Sep 04 15:05:38 CEST	---	2025524	2467068	4017	----	----	----
 Sep 04 15:06:38 CEST	---	2025524	2467068	4109	----	----	----
 Sep 04 15:07:39 CEST	---	2025524	2467068	4127	----	----	----
********** WATCHDOG LOG ENDED
ZIPPING WATCHDOG LOG
Disk space used:
du -sh /home/grid/cms667/home_cream_824848788/CREAM824848788
4.1G	/home/grid/cms667/home_cream_824848788/CREAM824848788
Found unusual stderr, rename for OSB
`/pool/grid/cms667/home_cream_824848788/CREAM824848788/CMSSW_11.stdout' -> `CMSSW_11.stderr'
crab_fjr_11.xml
CMSSW_11.stdout
CMSSW_11.stderr
Watchdog_11.log.gz
Total Output dimension: 78870
WARNING: output files size limit is set to: 55000000
Total Output dimension 78870 is fine.
JOB_EXIT_STATUS = 0
>>> info for dashboard:
***** Cat /home/grid/cms667/home_cream_824848788/CREAM824848788/jobreport.txt *****
MonitorJobID=11_https://wms316.cern.ch:9000/CHuVTvgCCtUlcIbhFiaplQ
MonitorID=marfin_crab_0_130904_141238_h2u5e3
ExeTime=3026
ExeExitCode=0
StageOutExitStatusReason = 'Copy succedeed with srm-lcg utils'
StageOutSE = dcache-se-cms.desy.de
StageOutExitStatus = 0
CrabUserCpuTime=2703.58
CrabSysCpuTime=59.65
CrabCpuPercentage=91%
CrabWrapperTime=3227
CrabStageoutTime=122
JobExitCode=0
***** End Cat jobreport *****
Parameters sent to Dashboard.
crab_fjr_11.xml
