\BOOKMARK [0][-]{chapter.1}{Main Info}{}
\BOOKMARK [1][-]{section.1.1}{Total time for all modules per event}{chapter.1}
\BOOKMARK [0][-]{chapter.2}{HLT\137QuadJet75\13755\13735\13720\137BTagIP\137VBF\137v7 Info}{}
\BOOKMARK [1][-]{section.2.1}{Average module in HLT\137QuadJet75\13755\13735\13720\137BTagIP\137VBF\137v7 time}{chapter.2}
\BOOKMARK [1][-]{section.2.2}{Average module in HLT\137QuadJet75\13755\13735\13720\137BTagIP\137VBF\137v7 running time}{chapter.2}
\BOOKMARK [1][-]{section.2.3}{Per event time for HLT\137QuadJet75\13755\13735\13720\137BTagIP\137VBF\137v7}{chapter.2}
\BOOKMARK [1][-]{section.2.4}{Per event incremental time for HLT\137QuadJet75\13755\13735\13720\137BTagIP\137VBF\137v7}{chapter.2}
\BOOKMARK [1][-]{section.2.5}{Running time per event for HLT\137QuadJet75\13755\13735\13720\137BTagIP\137VBF\137v7}{chapter.2}
\BOOKMARK [2][-]{subsection.2.5.1}{hltTriggerType}{section.2.5}
\BOOKMARK [2][-]{subsection.2.5.2}{csctfDigis}{section.2.5}
\BOOKMARK [2][-]{subsection.2.5.3}{dttfDigis}{section.2.5}
\BOOKMARK [2][-]{subsection.2.5.4}{gctDigis}{section.2.5}
\BOOKMARK [2][-]{subsection.2.5.5}{gtDigis}{section.2.5}
\BOOKMARK [2][-]{subsection.2.5.6}{gtEvmDigis}{section.2.5}
\BOOKMARK [2][-]{subsection.2.5.7}{siPixelDigis}{section.2.5}
\BOOKMARK [2][-]{subsection.2.5.8}{siStripDigis}{section.2.5}
\BOOKMARK [2][-]{subsection.2.5.9}{ecalDigis}{section.2.5}
\BOOKMARK [2][-]{subsection.2.5.10}{ecalPreshowerDigis}{section.2.5}
\BOOKMARK [2][-]{subsection.2.5.11}{hcalDigis}{section.2.5}
\BOOKMARK [2][-]{subsection.2.5.12}{muonCSCDigis}{section.2.5}
\BOOKMARK [2][-]{subsection.2.5.13}{muonDTDigis}{section.2.5}
\BOOKMARK [2][-]{subsection.2.5.14}{muonRPCDigis}{section.2.5}
\BOOKMARK [2][-]{subsection.2.5.15}{castorDigis}{section.2.5}
\BOOKMARK [2][-]{subsection.2.5.16}{scalersRawToDigi}{section.2.5}
\BOOKMARK [2][-]{subsection.2.5.17}{simBscDigis}{section.2.5}
\BOOKMARK [2][-]{subsection.2.5.18}{simRpcTechTrigDigis}{section.2.5}
\BOOKMARK [2][-]{subsection.2.5.19}{simHcalTechTrigDigis}{section.2.5}
\BOOKMARK [2][-]{subsection.2.5.20}{simGtDigis}{section.2.5}
\BOOKMARK [2][-]{subsection.2.5.21}{hltL1GtObjectMap}{section.2.5}
\BOOKMARK [2][-]{subsection.2.5.22}{hltL1extraParticles}{section.2.5}
\BOOKMARK [2][-]{subsection.2.5.23}{hltScalersRawToDigi}{section.2.5}
\BOOKMARK [2][-]{subsection.2.5.24}{hltOnlineBeamSpot}{section.2.5}
\BOOKMARK [2][-]{subsection.2.5.25}{hltL1sL1TripleJet644424VBFORTripleJet644828VBFORTripleJet684832VBF}{section.2.5}
\BOOKMARK [2][-]{subsection.2.5.26}{hltPreQuadJet75553520BTagIPVBF}{section.2.5}
\BOOKMARK [2][-]{subsection.2.5.27}{hltEcalRawToRecHitFacility}{section.2.5}
\BOOKMARK [2][-]{subsection.2.5.28}{hltEcalRegionalRestFEDs}{section.2.5}
\BOOKMARK [2][-]{subsection.2.5.29}{hltEcalRecHitAll}{section.2.5}
\BOOKMARK [2][-]{subsection.2.5.30}{hltHcalDigis}{section.2.5}
\BOOKMARK [2][-]{subsection.2.5.31}{hltHbhereco}{section.2.5}
\BOOKMARK [2][-]{subsection.2.5.32}{hltHfreco}{section.2.5}
\BOOKMARK [2][-]{subsection.2.5.33}{hltHoreco}{section.2.5}
\BOOKMARK [2][-]{subsection.2.5.34}{hltTowerMakerForAll}{section.2.5}
\BOOKMARK [2][-]{subsection.2.5.35}{hltKT6CaloJets}{section.2.5}
\BOOKMARK [2][-]{subsection.2.5.36}{hltAntiKT5CaloJets}{section.2.5}
\BOOKMARK [2][-]{subsection.2.5.37}{hltCaloJetIDPassed}{section.2.5}
\BOOKMARK [2][-]{subsection.2.5.38}{hltCaloJetL1FastJetCorrected}{section.2.5}
\BOOKMARK [2][-]{subsection.2.5.39}{hltL1FastJetSingle75HbbVBF}{section.2.5}
\BOOKMARK [2][-]{subsection.2.5.40}{hltL1FastJetDouble55HbbVBF}{section.2.5}
\BOOKMARK [2][-]{subsection.2.5.41}{hltL1FastJetTriple35HbbVBF}{section.2.5}
\BOOKMARK [2][-]{subsection.2.5.42}{hltL1FastJetQuad20HbbVBF}{section.2.5}
\BOOKMARK [2][-]{subsection.2.5.43}{hltCaloL1FastJetEtaSortedVBF}{section.2.5}
\BOOKMARK [2][-]{subsection.2.5.44}{hltBJetHbbVBF}{section.2.5}
\BOOKMARK [2][-]{subsection.2.5.45}{hltSiPixelDigis}{section.2.5}
\BOOKMARK [2][-]{subsection.2.5.46}{hltSiPixelClusters}{section.2.5}
\BOOKMARK [2][-]{subsection.2.5.47}{hltSiPixelRecHits}{section.2.5}
\BOOKMARK [2][-]{subsection.2.5.48}{hltGetJetsfromBJetHbbVBF}{section.2.5}
\BOOKMARK [2][-]{subsection.2.5.49}{hltSelectorJetsHbbVBF}{section.2.5}
\BOOKMARK [2][-]{subsection.2.5.50}{hltBLifetimeL25JetsHbbVBF}{section.2.5}
\BOOKMARK [2][-]{subsection.2.5.51}{hltPixelTracks}{section.2.5}
\BOOKMARK [2][-]{subsection.2.5.52}{hltPixelVertices}{section.2.5}
\BOOKMARK [2][-]{subsection.2.5.53}{hltBLifetimeL25AssociatorHbbVBF}{section.2.5}
\BOOKMARK [2][-]{subsection.2.5.54}{hltBLifetimeL25TagInfosHbbVBF}{section.2.5}
\BOOKMARK [2][-]{subsection.2.5.55}{hltBLifetimeL25BJetTagsHbbVBF}{section.2.5}
\BOOKMARK [2][-]{subsection.2.5.56}{hltBLifetime2p5L25FilterHbbVBF}{section.2.5}
\BOOKMARK [2][-]{subsection.2.5.57}{hltSiStripExcludedFEDListProducer}{section.2.5}
\BOOKMARK [2][-]{subsection.2.5.58}{hltSiStripRawToClustersFacility}{section.2.5}
\BOOKMARK [2][-]{subsection.2.5.59}{hltSiStripClusters}{section.2.5}
\BOOKMARK [2][-]{subsection.2.5.60}{hltBLifetimeRegionalPixelSeedGeneratorHbbVBF}{section.2.5}
\BOOKMARK [2][-]{subsection.2.5.61}{hltBLifetimeRegionalCkfTrackCandidatesHbbVBF}{section.2.5}
\BOOKMARK [2][-]{subsection.2.5.62}{hltBLifetimeRegionalCtfWithMaterialTracksHbbVBF}{section.2.5}
\BOOKMARK [2][-]{subsection.2.5.63}{hltBLifetimeL3AssociatorbbHbbVBF}{section.2.5}
\BOOKMARK [2][-]{subsection.2.5.64}{hltBLifetimeL3TagInfosHbbVBF}{section.2.5}
\BOOKMARK [2][-]{subsection.2.5.65}{hltBLifetimeL3BJetTagsHbbVBF}{section.2.5}
\BOOKMARK [2][-]{subsection.2.5.66}{hltBLifetime6p8L3FilterHbbVBF}{section.2.5}
\BOOKMARK [2][-]{subsection.2.5.67}{hltCaloL1FastJetBTagSortedVBF}{section.2.5}
