This script was generated by crab (version 2.9.0).
Running ./CMSSW.sh with 2 positional parameters: 19 1
Today is Tue Sep  3 10:18:43 CEST 2013
Job submitted on host lxbsq2015.cern.ch
Linux lxbsq2015.cern.ch 2.6.18-308.16.1.el5 #1 SMP Thu Oct 4 14:02:28 CEST 2012 x86_64 x86_64 x86_64 GNU/Linux
>>> current directory (RUNTIME_AREA): /home/grid/cms667/home_cream_500426089/CREAM500426089
>>> current user: uid=52545(cms667) gid=1399(zh) groups=1399(zh),1105804110 context=system_u:system_r:initrc_t
>>> directory permission set to 0700
>>> umask set to:  u=rwx,g=,o=
>>> stdout stderr permission set to 0704
>>> voms proxy information:
subject   : /C=DE/O=GermanGrid/OU=DESY/CN=Ihar Marfin/CN=proxy/CN=proxy/CN=proxy/CN=limited proxy
issuer    : /C=DE/O=GermanGrid/OU=DESY/CN=Ihar Marfin/CN=proxy/CN=proxy/CN=proxy
identity  : /C=DE/O=GermanGrid/OU=DESY/CN=Ihar Marfin/CN=proxy/CN=proxy/CN=proxy
type      : limited proxy
strength  : 1024 bits
path      : /home/grid/cms667/home_cream_500426089/cream_500426089.proxy
timeleft  : 174:54:04
key usage : 
=== VO cms extension information ===
VO        : cms
subject   : /C=DE/O=GermanGrid/OU=DESY/CN=Ihar Marfin
issuer    : /DC=ch/DC=cern/OU=computers/CN=lcg-voms.cern.ch
attribute : /cms/Role=NULL/Capability=NULL
attribute : /cms/dcms/Role=NULL/Capability=NULL
timeleft  : 174:55:52
uri       : lcg-voms.cern.ch:15002
>>> tar --no-same-permissions -xf /home/grid/cms667/home_cream_500426089/CREAM500426089/default.tgz :
Successful untar
>>> Include /home/grid/cms667/home_cream_500426089/CREAM500426089 in PYTHONPATH:
strip arguments
env var CRAB_UNIQUE_JOB_ID set to: marfin_crab_0_130903_090551_0kdn32_19_1_hA8
out_files_19
>>> list of expected files on output sandbox
output files: crab_fjr_19.xml CMSSW_19.stdout CMSSW_19.stderr Watchdog_19.log.gz
>>> GridFlavour discovery: 
GridFlavour=LCG
>>> SyncSite discovery: 
not reporting SyncSite
>>> SyncCE discovery: 
getting SyncCE from CE_ID
SyncCE=ce207.cern.ch:8443/cream-lsf-grid_cms
>>> info for dashboard:
***** Cat /home/grid/cms667/home_cream_500426089/CREAM500426089/jobreport.txt *****
MonitorJobID=19_https://wms314.cern.ch:9000/uIbYZItBA3bd2XWFJBb9mg
SyncGridJobId=https://wms314.cern.ch:9000/uIbYZItBA3bd2XWFJBb9mg
MonitorID=marfin_crab_0_130903_090551_0kdn32
GridFlavour=LCG
SyncCE=ce207.cern.ch:8443/cream-lsf-grid_cms
***** End Cat jobreport *****
Parameters sent to Dashboard.
>>> setup environment
set SCRAM ARCH to slc5_amd64_gcc462
SCRAM_ARCH = slc5_amd64_gcc462
>>> setup CMS LCG environment:
set SCRAM ARCH and BUILD_ARCH to slc5_amd64_gcc462 ###
Sourcing environment... 
sourcing /afs/cern.ch/project/gd/apps/cms/cmsset_default.sh
==> setup cms environment ok
>>> specific cmssw setup environment:
CMSSW_VERSION =  CMSSW_5_3_11_patch6
>>> current directory (SOFTWARE_DIR): /home/grid/cms667/home_cream_500426089/CREAM500426089/CMSSW_5_3_11_patch6
PreserveSeeds: <>
IncrementSeeds:<>
{"output.root": ""}
WNHostName=lxbsq2015.cern.ch
>>> info for dashboard:
***** Cat /home/grid/cms667/home_cream_500426089/CREAM500426089/jobreport.txt *****
MonitorJobID=19_https://wms314.cern.ch:9000/uIbYZItBA3bd2XWFJBb9mg
MonitorID=marfin_crab_0_130903_090551_0kdn32
WNHostName=lxbsq2015.cern.ch
***** End Cat jobreport *****
Parameters sent to Dashboard.
crabWatchdog started as process 30304
>>> moving CMSSW software directories in /home/grid/cms667/home_cream_500426089/CREAM500426089/CMSSW_5_3_11_patch6
mv: cannot stat `/home/grid/cms667/home_cream_500426089/CREAM500426089/module/': No such file or directory
>>> Include /home/grid/cms667/home_cream_500426089/CREAM500426089 in PYTHONPATH:
PYTHONPATH=/home/grid/cms667/home_cream_500426089/CREAM500426089/:/pool/grid/cms667/home_cream_500426089/CREAM500426089/CMSSW_5_3_11_patch6/python:/pool/grid/cms667/home_cream_500426089/CREAM500426089/CMSSW_5_3_11_patch6/lib/slc5_amd64_gcc462:/afs/cern.ch/cms/slc5_amd64_gcc462/cms/cmssw-patch/CMSSW_5_3_11_patch6/python:/afs/cern.ch/cms/slc5_amd64_gcc462/cms/cmssw-patch/CMSSW_5_3_11_patch6/lib/slc5_amd64_gcc462:/afs/cern.ch/cms/slc5_amd64_gcc462/cms/cmssw/CMSSW_5_3_11/bin/slc5_amd64_gcc462:/afs/cern.ch/cms/slc5_amd64_gcc462/cms/cmssw/CMSSW_5_3_11/lib/slc5_amd64_gcc462:/afs/cern.ch/cms/slc5_amd64_gcc462/cms/coral/CORAL_2_3_21-cms35/slc5_amd64_gcc462/python:/afs/cern.ch/cms/slc5_amd64_gcc462/cms/coral/CORAL_2_3_21-cms35/slc5_amd64_gcc462/lib:/afs/cern.ch/cms/slc5_amd64_gcc462/external/pyqt/4.8.1/lib/python2.6/site-packages:/afs/cern.ch/cms/slc5_amd64_gcc462/external/py2-scipy/0.8.0/lib/python2.6/site-packages:/afs/cern.ch/cms/slc5_amd64_gcc462/external/py2-matplotlib/1.0.1/lib/python2.6/site-packages:/afs/cern.ch/cms/slc5_amd64_gcc462/external/python-ldap/2.3.5/lib/python2.6/site-packages:/afs/cern.ch/cms/slc5_amd64_gcc462/external/sip/4.11.2/lib/python2.6/site-packages:/afs/cern.ch/cms/slc5_amd64_gcc462/external/py2-pycurl/7.19.0/lib/python2.6/site-packages:/afs/cern.ch/cms/slc5_amd64_gcc462/external/py2-numpy/1.6.1/lib/python2.6/site-packages:/afs/cern.ch/cms/slc5_amd64_gcc462/external/py2-ipython/0.10/lib/python2.6/site-packages:/afs/cern.ch/cms/slc5_amd64_gcc462/external/py2-cx-oracle/5.1-cms11/lib/python2.6/site-packages:/afs/cern.ch/cms/slc5_amd64_gcc462/external/py2-cjson/1.0.5/lib/python2.6/site-packages:/afs/cern.ch/cms/slc5_amd64_gcc462/cms/das-client/1.9.5/bin:/afs/cern.ch/cms/slc5_amd64_gcc462/external/elementtree/1.2.6/share/lib/python2.6/site-packages:/afs/cern.ch/cms/slc5_amd64_gcc462/external/rivet/1.8.2/lib/python2.6/site-packages:/afs/cern.ch/cms/slc5_amd64_gcc462/external/pyminuit2/0.0.1-cms39/lib/python2.6/site-packages:/afs/cern.ch/cms/slc5_amd64_gcc462/external/professor/1.0.0-cms40/lib/python2.6/site-packages:/afs/cern.ch/cms/slc5_amd64_gcc462/lcg/root/5.32.00-cms21/lib:/afs/cern.ch/cms/slc5_amd64_gcc462/cms/dbs-client/DBS_2_1_9-cms3/lib:/afs/cern.ch/cms/slc5_amd64_gcc462/cms/dbs-client/DBS_2_1_9-cms3/lib/DBSAPI:/afs/cern.ch/cms/slc5_amd64_gcc462/external/cvs2git/5419/lib:/home/grid/cms667/home_cream_500426089/CREAM500426089/
 
# LIMITS USED BY CRAB WATCHDOG:
# RSS  (KBytes)   : 2300000
# VSZ  (KBytes)   : 100000000
# DISK (MBytes)   : 19000
# CPU TIME        : 720h:0m:0s
# WALL CLOCK TIME : 21h:50m:0s
 
844a175eacc74cc51be2e7d71ca2539e
PSETHASH = 844a175eacc74cc51be2e7d71ca2539e
/home/grid/cms667/home_cream_500426089/CREAM500426089/writeCfg.py pset.py pset.py
Importing .py file
Setting parameters
RandomNumberGeneratorService found, will attempt to change seeds
inputBlocks=/RelValTTbar/CMSSW_5_3_11_patch3-PU_START53_LV2_09Jul2013-v1/GEN-SIM-DIGI-RAW-HLTDEBUG#bc03e9fc-e90e-11e2-95e5-00221959e7c0
inputFiles=/store/relval/CMSSW_5_3_11_patch3/RelValTTbar/GEN-SIM-DIGI-RAW-HLTDEBUG/PU_START53_LV2_09Jul2013-v1/00000/305BFBC0-08E9-E211-9196-00261894389C.root;/store/relval/CMSSW_5_3_11_patch3/RelValTTbar/GEN-SIM-DIGI-RAW-HLTDEBUG/PU_START53_LV2_09Jul2013-v1/00000/5662E8DD-08E9-E211-A7AC-002618943950.root
parentFiles=
lumisRange=
>>> Executable cmsRun
/afs/cern.ch/cms/slc5_amd64_gcc462/cms/cmssw-patch/CMSSW_5_3_11_patch6/bin/slc5_amd64_gcc462/cmsRun
ok executable found
>>> info for dashboard:
***** Cat /home/grid/cms667/home_cream_500426089/CREAM500426089/jobreport.txt *****
MonitorJobID=19_https://wms314.cern.ch:9000/uIbYZItBA3bd2XWFJBb9mg
MonitorID=marfin_crab_0_130903_090551_0kdn32
ExeStart=cmsRun
***** End Cat jobreport *****
Parameters sent to Dashboard.
>>> cmsRun started at Tue Sep  3 08:19:05 UTC 2013
>>> cmsRun ended at Tue Sep  3 08:54:06 UTC 2013
>>> crab_fjr_*.xml  permission set to 0704
>>> info for dashboard:
***** Cat /home/grid/cms667/home_cream_500426089/CREAM500426089/jobreport.txt *****
MonitorJobID=19_https://wms314.cern.ch:9000/uIbYZItBA3bd2XWFJBb9mg
MonitorID=marfin_crab_0_130903_090551_0kdn32
ExeEnd=cmsRun
***** End Cat jobreport *****
Parameters sent to Dashboard.
TIME_EXE = 2101 sec
>>> cmsRun wrote 166 lines of stdout+stderr
>>> START OF printout of 166 lines from stdout+stderr
03-Sep-2013 10:19:30 CEST  Initiating request to open file root://eoscms//eos/cms/store/relval/CMSSW_5_3_11_patch3/RelValTTbar/GEN-SIM-DIGI-RAW-HLTDEBUG/PU_START53_LV2_09Jul2013-v1/00000/305BFBC0-08E9-E211-9196-00261894389C.root?svcClass=default
130903 10:19:30 30467 Xrd: GoToAnotherServer: Going to: lxfsre42c02.cern.ch:1095
03-Sep-2013 10:19:38 CEST  Successfully opened file root://eoscms//eos/cms/store/relval/CMSSW_5_3_11_patch3/RelValTTbar/GEN-SIM-DIGI-RAW-HLTDEBUG/PU_START53_LV2_09Jul2013-v1/00000/305BFBC0-08E9-E211-9196-00261894389C.root?svcClass=default
%MSG-w SiStripQuality:  EventSetupRecordDataGetter:hltGetConditions@beginRun  03-Sep-2013 10:20:42 CEST Run: 1
The cabling should always include the active feds in runInfo and possibly have some morethere are instead 59 feds only active in runInfo
%MSG
Begin processing the 1st record. Run 1, Event 7169, LumiSection 144 at 03-Sep-2013 10:20:57.149 CEST
DTTSPhi::addTracoT: preview not present in TRACO trigger or its code=0  trigger not added!
DTTSPhi::addTracoT: preview not present in TRACO trigger or its code=0  trigger not added!
DTTSPhi::addTracoT: preview not present in TRACO trigger or its code=0  trigger not added!
%MSG-w BasicTrajectoryState:  TrackProducer:hltCtfL1IsoWithMaterialTracks  03-Sep-2013 10:26:23 CEST Run: 1 Event: 7296
curv error not pos-def
[  2.56897e+07     214.198-1.10246e+06     100.211    -7.25704
       214.198  0.00216129    -9.19238-0.000340869  0.00275954
  -1.10246e+06    -9.19238     47311.3    -4.32332    0.309922
       100.211-0.000340869    -4.32332   -0.131859 -0.00876482
      -7.25704  0.00275954    0.309922 -0.00876482   0.0211928 ]
%MSG
%MSG-w BasicTrajectoryState:  TrackProducer:hltCtfL1IsoWithMaterialTracks  03-Sep-2013 10:26:23 CEST Run: 1 Event: 7296
local error not pos-def
[  2.56897e+07 1.10262e+06     10840.5    -100.219     8.38336
   1.10262e+06     47325.3     465.282    -4.32429     0.35764
       10840.5     465.282     4.57551  -0.0444967  0.00962712
      -100.219    -4.32429  -0.0444967   -0.131879  -0.0126951
       8.38336     0.35764  0.00962712  -0.0126951    0.035323 ]
%MSG
%MSG-w BasicTrajectoryState:  TrackProducer:hltCtfActivityWithMaterialTracks  03-Sep-2013 10:26:23 CEST Run: 1 Event: 7296
curv error not pos-def
[  2.56897e+07     214.198-1.10246e+06     100.211    -7.25704
       214.198  0.00216129    -9.19238-0.000340869  0.00275954
  -1.10246e+06    -9.19238     47311.3    -4.32332    0.309922
       100.211-0.000340869    -4.32332   -0.131859 -0.00876482
      -7.25704  0.00275954    0.309922 -0.00876482   0.0211928 ]
%MSG
%MSG-w BasicTrajectoryState:  TrackProducer:hltCtfActivityWithMaterialTracks  03-Sep-2013 10:26:23 CEST Run: 1 Event: 7296
local error not pos-def
[  2.56897e+07 1.10262e+06     10840.5    -100.219     8.38336
   1.10262e+06     47325.3     465.282    -4.32429     0.35764
       10840.5     465.282     4.57551  -0.0444967  0.00962712
      -100.219    -4.32429  -0.0444967   -0.131879  -0.0126951
       8.38336     0.35764  0.00962712  -0.0126951    0.035323 ]
%MSG
Begin processing the 101st record. Run 1, Event 7319, LumiSection 147 at 03-Sep-2013 10:27:52.361 CEST
DTTSPhi::addTracoT: preview not present in TRACO trigger or its code=0  trigger not added!
DTTSPhi::addTracoT: preview not present in TRACO trigger or its code=0  trigger not added!
Begin processing the 201st record. Run 1, Event 7419, LumiSection 149 at 03-Sep-2013 10:34:54.881 CEST
%MSG-w BasicTrajectoryState:   ElectronSeedProducer:hltActivityStartUpElectronPixelSeeds  03-Sep-2013 10:37:17 CEST Run: 1 Event: 7652
curv error not pos-def
[            1           0           0           0           0
             0 2.36773e-13-1.04657e-10-1.03634e-08 2.86964e-06
             0-1.04657e-10-8.79138e-07 2.71907e-05 -0.00127708
             0-1.03634e-08 2.71907e-05  0.00392084   -0.125917
             0 2.86964e-06 -0.00127708   -0.125917     34.8196 ]
%MSG
%MSG-w BasicTrajectoryState:   ElectronSeedProducer:hltL1IsoStartUpElectronPixelSeeds  03-Sep-2013 10:37:17 CEST Run: 1 Event: 7652
curv error not pos-def
[            1           0           0           0           0
             0 2.36773e-13-1.04657e-10-1.03634e-08 2.86964e-06
             0-1.04657e-10-8.79138e-07 2.71907e-05 -0.00127708
             0-1.03634e-08 2.71907e-05  0.00392084   -0.125917
             0 2.86964e-06 -0.00127708   -0.125917     34.8196 ]
%MSG
130903 10:40:00 30467 Xrd: XrdClientMessage::ReadRaw: Failed to read header (8 bytes).
%MSG-w BasicTrajectoryState:  TrackProducer:hltL3TkTracksFromL2IOHit  03-Sep-2013 10:40:14 CEST Run: 1 Event: 7696
curv error not pos-def
[  7.22706e-07-2.03686e-06-3.76267e-07 6.68711e-08 5.04564e-05
  -2.03686e-06-1.25615e-07 2.58065e-06-6.73779e-07 1.28934e-05
  -3.76267e-07 2.58065e-06 5.75535e-07-8.72924e-07-5.98746e-05
   6.68711e-08-6.73779e-07-8.72924e-07 0.000140731 -0.00119829
   5.04564e-05 1.28934e-05-5.98746e-05 -0.00119829   0.0015258 ]
%MSG
%MSG-w BasicTrajectoryState:  TrackProducer:hltL3TkTracksFromL2IOHit  03-Sep-2013 10:40:14 CEST Run: 1 Event: 7696
local error not pos-def
[  1.01367e-07 -0.00012432 3.46208e-06  0.00628747  -0.0297778
   -0.00012432-0.000106209-6.93731e-06  0.00571816  -0.0278634
   3.46208e-06-6.93731e-06 2.28321e-05 -0.00443757   0.0214981
    0.00628747  0.00571816 -0.00443757    -0.08165    0.409624
    -0.0297778  -0.0278634   0.0214981    0.409624    -0.33022 ]
%MSG
%MSG-w BasicTrajectoryState:  TrackProducer:hltL3TkTracksFromL2IOHit  03-Sep-2013 10:40:14 CEST Run: 1 Event: 7696
curv error not pos-def
[  1.01367e-07  2.6449e-05 1.01658e-05 -0.00529844   0.0161769
    2.6449e-05 -3.7004e-06-2.11177e-05-0.000185925 0.000559952
   1.01658e-05-2.11177e-05 4.59416e-05   0.0025206  -0.0104716
   -0.00529844-0.000185925   0.0025206   -0.057983    0.189225
     0.0161769 0.000559952  -0.0104716    0.189225   0.0700883 ]
%MSG
Begin processing the 301st record. Run 1, Event 7719, LumiSection 155 at 03-Sep-2013 10:41:50.415 CEST
%MSG-w BasicTrajectoryState:   TrackProducer:hltCtf3HitL1NonIsoWithMaterialTracks 03-Sep-2013 10:43:46 CEST  Run: 1 Event: 7749
curv error not pos-def
[  3.58653e+07     572.478-1.47337e+06     607.301    -119.337
       572.478  0.00957238    -23.5178  0.00915543  0.00122095
  -1.47337e+06    -23.5178     60526.7    -24.9717     4.90183
       607.301  0.00915543    -24.9717   -0.137029 -0.00568786
      -119.337  0.00122095     4.90183 -0.00568786   0.0228816 ]
%MSG
%MSG-w BasicTrajectoryState:   TrackProducer:hltCtf3HitL1NonIsoWithMaterialTracks 03-Sep-2013 10:43:46 CEST  Run: 1 Event: 7749
local error not pos-def
[  3.58653e+07 1.47382e+06     13545.7    -607.392     130.896
   1.47382e+06     60564.3     556.637    -24.9832     5.37807
       13545.7     556.637     5.11672   -0.230337   0.0541299
      -607.392    -24.9832   -0.230337    -0.13707 -0.00785029
       130.896     5.37807   0.0541299 -0.00785029   0.0299241 ]
%MSG
%MSG-w BasicTrajectoryState:   TrackProducer:hltCtf3HitActivityWithMaterialTracks 03-Sep-2013 10:43:46 CEST  Run: 1 Event: 7749
curv error not pos-def
[  3.58653e+07     572.478-1.47337e+06     607.301    -119.337
       572.478  0.00957238    -23.5178  0.00915543  0.00122095
  -1.47337e+06    -23.5178     60526.7    -24.9717     4.90183
       607.301  0.00915543    -24.9717   -0.137029 -0.00568786
      -119.337  0.00122095     4.90183 -0.00568786   0.0228816 ]
%MSG
%MSG-w BasicTrajectoryState:   TrackProducer:hltCtf3HitActivityWithMaterialTracks 03-Sep-2013 10:43:46 CEST  Run: 1 Event: 7749
local error not pos-def
[  3.58653e+07 1.47382e+06     13545.7    -607.392     130.896
   1.47382e+06     60564.3     556.637    -24.9832     5.37807
       13545.7     556.637     5.11672   -0.230337   0.0541299
      -607.392    -24.9832   -0.230337    -0.13707 -0.00785029
       130.896     5.37807   0.0541299 -0.00785029   0.0299241 ]
%MSG
03-Sep-2013 10:43:52 CEST  Closed file root://eoscms//eos/cms/store/relval/CMSSW_5_3_11_patch3/RelValTTbar/GEN-SIM-DIGI-RAW-HLTDEBUG/PU_START53_LV2_09Jul2013-v1/00000/305BFBC0-08E9-E211-9196-00261894389C.root?svcClass=default
03-Sep-2013 10:43:52 CEST  Initiating request to open file root://eoscms//eos/cms/store/relval/CMSSW_5_3_11_patch3/RelValTTbar/GEN-SIM-DIGI-RAW-HLTDEBUG/PU_START53_LV2_09Jul2013-v1/00000/5662E8DD-08E9-E211-A7AC-002618943950.root?svcClass=default
130903 10:43:52 001 Xrd: CheckErrorStatus: Server [eoscms] declared: session not found(error code: 3011)
130903 10:43:52 30467 Xrd: GoToAnotherServer: Going to: lxfsre07a08.cern.ch:1095
03-Sep-2013 10:43:52 CEST  Successfully opened file root://eoscms//eos/cms/store/relval/CMSSW_5_3_11_patch3/RelValTTbar/GEN-SIM-DIGI-RAW-HLTDEBUG/PU_START53_LV2_09Jul2013-v1/00000/5662E8DD-08E9-E211-A7AC-002618943950.root?svcClass=default
Begin processing the 401st record. Run 1, Event 5819, LumiSection 117 at 03-Sep-2013 10:48:38.594 CEST
130903 10:49:00 30467 Xrd: XrdClientMessage::ReadRaw: Failed to read header (8 bytes).
DTTSPhi::addTracoT: preview not present in TRACO trigger or its code=0  trigger not added!
DTTSPhi::addTracoT: preview not present in TRACO trigger or its code=0  trigger not added!
DTTSPhi::addTracoT: preview not present in TRACO trigger or its code=0  trigger not added!
03-Sep-2013 10:53:55 CEST  Closed file root://eoscms//eos/cms/store/relval/CMSSW_5_3_11_patch3/RelValTTbar/GEN-SIM-DIGI-RAW-HLTDEBUG/PU_START53_LV2_09Jul2013-v1/00000/5662E8DD-08E9-E211-A7AC-002618943950.root?svcClass=default

=============================================

MessageLogger Summary

 type     category        sev    module        subroutine        count    total
 ---- -------------------- -- ---------------- ----------------  -----    -----
    1 BasicTrajectoryState -w ElectronSeedProd                       1        1
    2 BasicTrajectoryState -w ElectronSeedProd                       1        1
    3 BasicTrajectoryState -w TrackProducer:hl                       2        2
    4 BasicTrajectoryState -w TrackProducer:hl                       2        2
    5 BasicTrajectoryState -w TrackProducer:hl                       2        2
    6 BasicTrajectoryState -w TrackProducer:hl                       2        2
    7 BasicTrajectoryState -w TrackProducer:hl                       3        3
    8 SiStripQuality       -w EventSetupRecord                       1        1
    9 fileAction           -s file_close                             2        2
   10 fileAction           -s file_open                              4        4

 type    category    Examples: run/evt        run/evt          run/evt
 ---- -------------------- ---------------- ---------------- ----------------
    1 BasicTrajectoryState 1/7652                            
    2 BasicTrajectoryState 1/7652                            
    3 BasicTrajectoryState 1/7749           1/7749           
    4 BasicTrajectoryState 1/7749           1/7749           
    5 BasicTrajectoryState 1/7296           1/7296           
    6 BasicTrajectoryState 1/7296           1/7296           
    7 BasicTrajectoryState 1/7696           1/7696           1/7696
    8 SiStripQuality       Run: 1                            
    9 fileAction           PostProcessEvent PostEndRun       
   10 fileAction           pre-events       pre-events       PostProcessEvent

Severity    # Occurrences   Total Occurrences
--------    -------------   -----------------
Warning                14                  14
System                  6                   6
>>> END OF printout of 166 lines from stdout+stderr
>>> Parse FrameworkJobReport crab_fjr.xml
Result of parsing the FrameworkJobReport crab_fjr.xml: Popularity start
lumisRange : 1::116-117,119::1;1::144,146-149,154-155::2;
lumisParentRange : 
Basename : /store/relval/CMSSW_5_3_11_patch3/RelValTTbar/GEN-SIM-DIGI-RAW-HLTDEBUG/PU_START53_LV2_09Jul2013-v1/00000/
BasenameParent : 
parentFiles : 
inputBlocks : /RelValTTbar/CMSSW_5_3_11_patch3-PU_START53_LV2_09Jul2013-v1/GEN-SIM-DIGI-RAW-HLTDEBUG#bc03e9fc-e90e-11e2-95e5-00221959e7c0
inputFiles : 5662E8DD-08E9-E211-A7AC-002618943950.root::1::EDM::Local::1;305BFBC0-08E9-E211-9196-00261894389C.root::1::EDM::Local::2;
Popularity stop
Extracted ExitStatus from FrameworkJobReport parsing output: 0
>>> Executable succeded  0
ExeExitCode=0
EXECUTABLE_EXIT_STATUS = 0
>>> current directory /home/grid/cms667/home_cream_500426089/CREAM500426089/CMSSW_5_3_11_patch6
>>>  (SOFTWARE_DIR): /home/grid/cms667/home_cream_500426089/CREAM500426089/CMSSW_5_3_11_patch6
>>> (WORKING_DIR): 
>>> current directory content:
total 4276596
drwxr-xr-x 3 cms667 zh       4096 Sep  3 10:18 .SCRAM
-rw------- 1 cms667 zh    3842683 Sep  3 10:18 CMSSW.py.pkl
drwxr-xr-x 3 cms667 zh       4096 Sep  3 10:18 bin
drwxr-xr-x 3 cms667 zh       4096 Sep  3 10:18 cfipython
drwxr-xr-x 4 cms667 zh       4096 Sep  3 10:18 config
-rw------- 1 cms667 zh         18 Sep  3 10:54 cpu_timing.txt
drwxr-xr-x 2 cms667 zh       4096 Sep  3 10:18 doc
-rw------- 1 cms667 zh      11465 Sep  3 10:54 executable.out
drwxr-xr-x 2 cms667 zh       4096 Sep  3 10:18 include
drwx------ 3 cms667 zh       4096 Aug 26 18:31 lib
drwxr-xr-x 3 cms667 zh       4096 Sep  3 10:18 logs
drwxr-xr-x 3 cms667 zh       4096 Sep  3 10:18 objs
-rw------- 1 cms667 zh 4367082431 Sep  3 10:54 output.root
-rw------- 1 cms667 zh        104 Sep  3 10:18 pset.py
-rw------- 1 cms667 zh    3843522 Sep  3 10:19 pset.py.pkl
-rw------- 1 cms667 zh        289 Sep  3 10:18 pset.pyc
drwxr-xr-x 2 cms667 zh       4096 Sep  3 10:18 python
-rw------- 1 cms667 zh        440 Sep  3 10:54 report.log
drwx------ 5 cms667 zh       4096 Sep  3 10:18 src
drwxr-xr-x 3 cms667 zh       4096 Sep  3 10:18 test
drwxr-xr-x 3 cms667 zh       4096 Sep  3 10:18 tmp
>>> current directory /home/grid/cms667/home_cream_500426089/CREAM500426089/CMSSW_5_3_11_patch6
>>> (SOFTWARE_DIR): /home/grid/cms667/home_cream_500426089/CREAM500426089/CMSSW_5_3_11_patch6
>>> (WORKING_DIR): 
>>> current directory content:
total 4276596
drwxr-xr-x 3 cms667 zh       4096 Sep  3 10:18 .SCRAM
-rw------- 1 cms667 zh    3842683 Sep  3 10:18 CMSSW.py.pkl
drwxr-xr-x 3 cms667 zh       4096 Sep  3 10:18 bin
drwxr-xr-x 3 cms667 zh       4096 Sep  3 10:18 cfipython
drwxr-xr-x 4 cms667 zh       4096 Sep  3 10:18 config
-rw------- 1 cms667 zh         18 Sep  3 10:54 cpu_timing.txt
drwxr-xr-x 2 cms667 zh       4096 Sep  3 10:18 doc
-rw------- 1 cms667 zh      11465 Sep  3 10:54 executable.out
drwxr-xr-x 2 cms667 zh       4096 Sep  3 10:18 include
drwx------ 3 cms667 zh       4096 Aug 26 18:31 lib
drwxr-xr-x 3 cms667 zh       4096 Sep  3 10:18 logs
drwxr-xr-x 3 cms667 zh       4096 Sep  3 10:18 objs
-rw------- 1 cms667 zh 4367082431 Sep  3 10:54 output_19_1_hA8.root
-rw------- 1 cms667 zh        104 Sep  3 10:18 pset.py
-rw------- 1 cms667 zh    3843522 Sep  3 10:19 pset.py.pkl
-rw------- 1 cms667 zh        289 Sep  3 10:18 pset.pyc
drwxr-xr-x 2 cms667 zh       4096 Sep  3 10:18 python
-rw------- 1 cms667 zh        440 Sep  3 10:54 report.log
drwx------ 5 cms667 zh       4096 Sep  3 10:18 src
drwxr-xr-x 3 cms667 zh       4096 Sep  3 10:18 test
drwxr-xr-x 3 cms667 zh       4096 Sep  3 10:18 tmp
>>> current directory (RUNTIME_AREA):  /home/grid/cms667/home_cream_500426089/CREAM500426089
SE = srm-cms.cern.ch
SE_PATH = /srm/managerv2?SFN=/castor/cern.ch/user/m/marfin//53xRelVal2011Redigi/
LFNBaseName = /53xRelVal2011Redigi/marfin/RelValTTbar/53xRelVal2011Redigi/844a175eacc74cc51be2e7d71ca2539e/
USER = marfin
endpoint = srm://srm-cms.cern.ch:8443/srm/managerv2?SFN=/castor/cern.ch/user/m/marfin//53xRelVal2011Redigi/marfin/RelValTTbar/53xRelVal2011Redigi/844a175eacc74cc51be2e7d71ca2539e/
>>> Copy output files from WN = lxbsq2015.cern.ch to /srm/managerv2?SFN=/castor/cern.ch/user/m/marfin//53xRelVal2011Redigi/ :
python cmscp.py  --destination srm://srm-cms.cern.ch:8443/srm/managerv2?SFN=/castor/cern.ch/user/m/marfin//53xRelVal2011Redigi/marfin/RelValTTbar/53xRelVal2011Redigi/844a175eacc74cc51be2e7d71ca2539e/ --inputFileList /home/grid/cms667/home_cream_500426089/CREAM500426089/CMSSW_5_3_11_patch6/output_19_1_hA8.root --middleware LCG --se_name srm-cms.cern.ch --for_lfn /53xRelVal2011Redigi/marfin/RelValTTbar/53xRelVal2011Redigi/844a175eacc74cc51be2e7d71ca2539e/    
******************************************************
localSeName  =  srm-eoscms.cern.ch
remoteSeName =  srm-cms.cern.ch
******************************************************
{"/home/grid/cms667/home_cream_500426089/CREAM500426089/CMSSW_5_3_11_patch6/output_19_1_hA8.root": {"endpoint": "srm://srm-cms.cern.ch:8443/srm/managerv2?SFN=/castor/cern.ch/user/m/marfin//53xRelVal2011Redigi/marfin/RelValTTbar/53xRelVal2011Redigi/844a175eacc74cc51be2e7d71ca2539e/", "surl_for_grid": "", "reason": "Problem copying /home/grid/cms667/home_cream_500426089/CREAM500426089/CMSSW_5_3_11_patch6/output_19_1_hA8.root file'Error copying [/home/grid/cms667/home_cream_500426089/CREAM500426089/CMSSW_5_3_11_patch6/output_19_1_hA8.root] to [output_19_1_hA8.root]'\nERROR: problems removing partially staged file output_19_1_hA8.root'Error deleting [output_19_1_hA8.root]'", "erCode": "60307", "se_name": "srm-cms.cern.ch", "for_lfn": "/copy_problem/"}}/home/grid/cms667/home_cream_500426089/CREAM500426089
-------- cat /home/grid/cms667/home_cream_500426089/CREAM500426089/cmscpReport.sh 
#!/bin/bash
echo "Report for File: /home/grid/cms667/home_cream_500426089/CREAM500426089/CMSSW_5_3_11_patch6/output_19_1_hA8.root"
echo "LFN: /copy_problem/output_19_1_hA8.root"
echo "StorageElement: srm-cms.cern.ch"
echo "StageOutExitStatusReason = 'Problem copying /home/grid/cms667/home_cream_500426089/CREAM500426089/CMSSW_5_3_11_patch6/output_19_1_hA8.root file Error copying [/home/grid/cms667/home_cream_500426089/CREAM500426089/CMSSW_5_3_11_patch6/output_19_1_hA8.root] to [output_19_1_hA8.root] 
ERROR: problems removing partially staged file output_19_1_hA8.root Error deleting [output_19_1_hA8.root] '" | tee -a $RUNTIME_AREA/$repo
echo "StageOutSE = srm-cms.cern.ch" >> $RUNTIME_AREA/$repo

export StageOutExitStatus=60307
echo "StageOutExitStatus = 60307" | tee -a $RUNTIME_AREA/$repo
-------- end of /home/grid/cms667/home_cream_500426089/CREAM500426089/cmscpReport.sh 
Report for File: /home/grid/cms667/home_cream_500426089/CREAM500426089/CMSSW_5_3_11_patch6/output_19_1_hA8.root
LFN: /copy_problem/output_19_1_hA8.root
StorageElement: srm-cms.cern.ch
StageOutExitStatusReason = 'Problem copying /home/grid/cms667/home_cream_500426089/CREAM500426089/CMSSW_5_3_11_patch6/output_19_1_hA8.root file Error copying [/home/grid/cms667/home_cream_500426089/CREAM500426089/CMSSW_5_3_11_patch6/output_19_1_hA8.root] to [output_19_1_hA8.root] 
ERROR: problems removing partially staged file output_19_1_hA8.root Error deleting [output_19_1_hA8.root] '
StageOutExitStatus = 60307
Problem copying file to srm-cms.cern.ch /srm/managerv2?SFN=/castor/cern.ch/user/m/marfin//53xRelVal2011Redigi/
########## contents of SE interaction
2013-09-03 10:54:25.017602:
Executed:	unset LD_LIBRARY_PATH; unset GLITE_ENV_SET; export PATH=/usr/bin:/bin; source /etc/profile; source /home/grid/cms667/home_cream_500426089/CREAM500426089/CacheEnv.sh ; lcg-ls -b -D srmv2 --srm-timeout 2400 --sendreceive-timeout 2400 --connect-timeout 300 --verbose srm://srm-cms.cern.ch:8443/srm/managerv2?SFN=/castor/cern.ch/user/m/marfin//53xRelVal2011Redigi/marfin/RelValTTbar/53xRelVal2011Redigi/844a175eacc74cc51be2e7d71ca2539e/output_19_1_hA8.root
Done with exit code:	1
and output:
SE type: SRMv2
/castor/cern.ch/user/m/marfin//53xRelVal2011Redigi/marfin/RelValTTbar/53xRelVal2011Redigi/844a175eacc74cc51be2e7d71ca2539e/output_19_1_hA8.root: [SE][Ls][SRM_INVALID_PATH] No such file or directory


2013-09-03 11:34:36.953871:
Executed:	unset LD_LIBRARY_PATH; unset GLITE_ENV_SET; export PATH=/usr/bin:/bin; source /etc/profile; source /home/grid/cms667/home_cream_500426089/CREAM500426089/CacheEnv.sh ;  lcg-cp  --verbose  --vo=cms  -b -D srmv2 --srm-timeout 2400 --sendreceive-timeout 2400 --connect-timeout 300 --verbose file:///home/grid/cms667/home_cream_500426089/CREAM500426089/CMSSW_5_3_11_patch6/output_19_1_hA8.root srm://srm-cms.cern.ch:8443/srm/managerv2?SFN=/castor/cern.ch/user/m/marfin//53xRelVal2011Redigi/marfin/RelValTTbar/53xRelVal2011Redigi/844a175eacc74cc51be2e7d71ca2539e/output_19_1_hA8.root
Done with exit code:	1
and output:
Using grid catalog type: UNKNOWN
Using grid catalog : (null)
VO name: cms
Checksum type: None
Destination SE type: SRMv2
Destination SRM Request Token: 151409758
Source URL: file:/home/grid/cms667/home_cream_500426089/CREAM500426089/CMSSW_5_3_11_patch6/output_19_1_hA8.root
File size: 4367082431
Source URL for copy: file:/home/grid/cms667/home_cream_500426089/CREAM500426089/CMSSW_5_3_11_patch6/output_19_1_hA8.root
Destination URL: gsiftp://lxfsrb41a07.cern.ch:20528/e335317b-d74d-30f4-e043-6ea18a8952af
# streams: 1
            0 bytes      0.00 KB/sec avg      0.00 KB/sec inst            0 bytes      0.00 KB/sec avg      0.00 KB/sec instfile:/home/grid/cms667/home_cream_500426089/CREAM500426089/CMSSW_5_3_11_patch6/output_19_1_hA8.root: zero number of replicas
lcg_cp: Invalid argument


2013-09-03 11:34:48.956736:
Executed:	unset LD_LIBRARY_PATH; unset GLITE_ENV_SET; export PATH=/usr/bin:/bin; source /etc/profile; source /home/grid/cms667/home_cream_500426089/CREAM500426089/CacheEnv.sh ; lcg-del  --verbose  --vo=cms  -b -D srmv2 --srm-timeout 2400 --sendreceive-timeout 2400 --connect-timeout 300 --verbose --nolfc srm://srm-cms.cern.ch:8443/srm/managerv2?SFN=/castor/cern.ch/user/m/marfin//53xRelVal2011Redigi/marfin/RelValTTbar/53xRelVal2011Redigi/844a175eacc74cc51be2e7d71ca2539e/output_19_1_hA8.root
Done with exit code:	1
and output:
VO name: cms
SE type: SRMv2
srm://srm-cms.cern.ch:8443/srm/managerv2?SFN=/castor/cern.ch/user/m/marfin//53xRelVal2011Redigi/marfin/RelValTTbar/53xRelVal2011Redigi/844a175eacc74cc51be2e7d71ca2539e/output_19_1_hA8.root: [SE][srmRm][SRM_INVALID_PATH] No such file or directory



#####################################
>>> current dir: /home/grid/cms667/home_cream_500426089/CREAM500426089
>>> current dir content:
total 6256
-rwx------  1 cms667 zh   13669 Sep  3 10:18 .BrokerInfo
-rw-------  1 cms667 zh    3023 Sep  3 11:34 .SEinteraction.log
-rwx------  1 cms667 zh       0 Sep  3 10:18 .tmp_file
-rw-------  1 cms667 zh     105 Sep  3 09:05 CMSSW.py
-rw-------  1 cms667 zh 3842683 Sep  3 09:05 CMSSW.py.pkl
-rwx------  1 cms667 zh   27957 Sep  3 10:18 CMSSW.sh
-rwx------  1 cms667 zh       0 Sep  3 10:18 CMSSW_19.stderr
-rwx---r--  1 cms667 zh   29955 Sep  3 11:38 CMSSW_19.stdout
drwxr-xr-x 15 cms667 zh    4096 Sep  3 10:54 CMSSW_5_3_11_patch6
-rw-------  1 cms667 zh     484 Sep  3 10:18 CacheEnv.sh
-rw-------  1 cms667 zh    7291 Jun  9  2010 DashboardAPI.py
-rw-------  1 cms667 zh    6493 Sep  3 10:18 DashboardAPI.pyc
drwx------  3 cms667 zh    4096 Aug 20 17:36 IMProv
-rw-------  1 cms667 zh    2748 Mar  8  2006 Logger.py
-rw-------  1 cms667 zh    3223 Sep  3 10:18 Logger.pyc
-rw-------  1 cms667 zh   24524 Mar 28  2008 ProcInfo.py
-rw-------  1 cms667 zh   22846 Sep  3 10:18 ProcInfo.pyc
drwx------  7 cms667 zh    4096 Sep  3 10:18 ProdCommon
drwx------  3 cms667 zh    4096 Sep  3 10:18 WMCore
-rw-------  1 cms667 zh    6702 Sep  3 10:54 Watchdog_19.log
-rw-------  1 cms667 zh   32895 Mar 28  2008 apmon.py
-rw-------  1 cms667 zh   28120 Sep  3 10:18 apmon.pyc
-rwx------  1 cms667 zh   10416 Sep  3 10:18 arguments.xml
-rwx------  1 cms667 zh   38507 Aug  6 23:12 cmscp.py
-rw-------  1 cms667 zh     798 Sep  3 11:38 cmscpReport.sh
-rw-------  1 cms667 zh     634 Sep  3 09:05 crab.cfg
-rwx------  1 cms667 zh    8610 Apr  2 15:44 crabWatchdog.sh
-rwx---r--  1 cms667 zh  781886 Sep  3 10:54 crab_fjr_19.xml
-rwx------  1 cms667 zh 1214804 Sep  3 10:18 default.tgz
-rwx------  1 cms667 zh    4488 May 12  2012 fillCrabFjr.py
-rw-------  1 cms667 zh     468 Sep  3 10:18 inputsReport.txt
-rw-------  1 cms667 zh     585 Sep  3 11:38 jobreport.txt
lrwxrwxrwx  1 cms667 zh      94 Sep  3 10:54 output.root -> /home/grid/cms667/home_cream_500426089/CREAM500426089/CMSSW_5_3_11_patch6/output_19_1_hA8.root
-rw-------  1 cms667 zh   17352 Jan 20  2012 parseCrabFjr.py
-rw-------  1 cms667 zh     265 Sep  3 10:18 report.log
-rwx--x--x  1 cms667 zh    1497 May 27  2009 report.py
-rw-------  1 cms667 zh     758 Sep  3 11:38 resultCopyFile
-rwx------  1 cms667 zh    8387 Mar 23  2011 writeCfg.py
>>> Modify Job Report:
CMSSW_VERSION = CMSSW_5_3_11_patch6
ProcessedDataset = 53xRelVal2011Redigi
/home/grid/cms667/home_cream_500426089/CREAM500426089/ProdCommon/FwkJobRep/ModifyJobReport.py fjr /home/grid/cms667/home_cream_500426089/CREAM500426089/crab_fjr_19.xml json /home/grid/cms667/home_cream_500426089/CREAM500426089/resultCopyFile n_job 19_1_hA8 PrimaryDataset RelValTTbar  ApplicationFamily cmsRun ApplicationName cmsRun cmssw_version CMSSW_5_3_11_patch6 psethash 844a175eacc74cc51be2e7d71ca2539e UserProcessedDataset marfin-53xRelVal2011Redigi-844a175eacc74cc51be2e7d71ca2539e
inputDict =  {u'/home/grid/cms667/home_cream_500426089/CREAM500426089/CMSSW_5_3_11_patch6/output_19_1_hA8.root': {u'endpoint': u'srm://srm-cms.cern.ch:8443/srm/managerv2?SFN=/castor/cern.ch/user/m/marfin//53xRelVal2011Redigi/marfin/RelValTTbar/53xRelVal2011Redigi/844a175eacc74cc51be2e7d71ca2539e/', u'surl_for_grid': u'', u'reason': u"Problem copying /home/grid/cms667/home_cream_500426089/CREAM500426089/CMSSW_5_3_11_patch6/output_19_1_hA8.root file'Error copying [/home/grid/cms667/home_cream_500426089/CREAM500426089/CMSSW_5_3_11_patch6/output_19_1_hA8.root] to [output_19_1_hA8.root]'\nERROR: problems removing partially staged file output_19_1_hA8.root'Error deleting [output_19_1_hA8.root]'", u'erCode': u'60307', u'se_name': u'srm-cms.cern.ch', u'for_lfn': u'/copy_problem/'}}
diz_filter =  {u'output.root': u''}
UserProcessedDataset =  marfin-53xRelVal2011Redigi-844a175eacc74cc51be2e7d71ca2539e
file_name in inputDict =  /home/grid/cms667/home_cream_500426089/CREAM500426089/CMSSW_5_3_11_patch6/output_19_1_hA8.root
(size) os.stat(filename)[6] =  4367082431
checksum =  2779133303
filter =  
    file =  output_19_1_hA8.root
    newPfn =  srm://srm-cms.cern.ch:8443/srm/managerv2?SFN=/castor/cern.ch/user/m/marfin//53xRelVal2011Redigi/marfin/RelValTTbar/53xRelVal2011Redigi/844a175eacc74cc51be2e7d71ca2539e/output_19_1_hA8.root
    newLfn =  /copy_problem/output_19_1_hA8.root
>>> crab_fjr_*.xml  permission set to 0704
Checking output files:  
will tar file crab_fjr_19.xml in  out_files_19
will tar file CMSSW_19.stdout in  out_files_19
will tar file CMSSW_19.stderr in  out_files_19
WARNING: output file Watchdog_19.log.gz not found!
>>> padding time: Wrapper lasting more than 600 seconds. No sleep required.
STOPPING WATCHDOG. CrabWatchdog PID is 30304
********** LAST 50 LINES OF WATCHDOG LOG
 Sep 03 10:23:51 CEST	---	1819676	2247384	366	----	----	----
 Sep 03 10:24:51 CEST	30467	1853756	2276060	366	274	363	cmsRun -j /home/grid/cms667/home_cream_500426089/CREAM500426089/crab_fjr_19.xml -p pset.py      
 Sep 03 10:24:51 CEST	---	1853756	2276060	498	----	----	----
 Sep 03 10:25:52 CEST	30467	1854416	2276572	498	333	423	cmsRun -j /home/grid/cms667/home_cream_500426089/CREAM500426089/crab_fjr_19.xml -p pset.py      
 Sep 03 10:25:52 CEST	---	1854416	2276572	631	----	----	----
 Sep 03 10:26:52 CEST	30467	1861076	2276572	631	392	484	cmsRun -j /home/grid/cms667/home_cream_500426089/CREAM500426089/crab_fjr_19.xml -p pset.py      
 Sep 03 10:26:52 CEST	---	1861076	2276572	761	----	----	----
 Sep 03 10:27:53 CEST	30467	1871476	2297820	761	452	544	cmsRun -j /home/grid/cms667/home_cream_500426089/CREAM500426089/crab_fjr_19.xml -p pset.py      
 Sep 03 10:27:53 CEST	---	1871476	2297820	898	----	----	----
 Sep 03 10:28:53 CEST	30467	1878568	2305756	898	510	605	cmsRun -j /home/grid/cms667/home_cream_500426089/CREAM500426089/crab_fjr_19.xml -p pset.py      
 Sep 03 10:28:53 CEST	---	1878568	2305756	1028	----	----	----
 Sep 03 10:29:54 CEST	---	1878568	2305756	1158	----	----	----
 Sep 03 10:30:55 CEST	30467	1882788	2310620	1158	627	726	cmsRun -j /home/grid/cms667/home_cream_500426089/CREAM500426089/crab_fjr_19.xml -p pset.py      
 Sep 03 10:30:55 CEST	---	1882788	2310620	1291	----	----	----
 Sep 03 10:31:55 CEST	---	1882788	2310620	1416	----	----	----
 Sep 03 10:32:55 CEST	30467	1905560	2355932	1416	744	847	cmsRun -j /home/grid/cms667/home_cream_500426089/CREAM500426089/crab_fjr_19.xml -p pset.py      
 Sep 03 10:32:55 CEST	---	1905560	2355932	1539	----	----	----
 Sep 03 10:33:56 CEST	30467	1907544	2359516	1539	802	907	cmsRun -j /home/grid/cms667/home_cream_500426089/CREAM500426089/crab_fjr_19.xml -p pset.py      
 Sep 03 10:33:56 CEST	---	1907544	2359516	1669	----	----	----
 Sep 03 10:34:56 CEST	30467	1919468	2370524	1669	861	968	cmsRun -j /home/grid/cms667/home_cream_500426089/CREAM500426089/crab_fjr_19.xml -p pset.py      
 Sep 03 10:34:56 CEST	---	1919468	2370524	1773	----	----	----
 Sep 03 10:35:57 CEST	30467	1920692	2370524	1773	919	1028	cmsRun -j /home/grid/cms667/home_cream_500426089/CREAM500426089/crab_fjr_19.xml -p pset.py      
 Sep 03 10:35:57 CEST	---	1920692	2370524	1903	----	----	----
 Sep 03 10:36:57 CEST	---	1920692	2370524	2035	----	----	----
 Sep 03 10:37:57 CEST	30467	1920692	2379484	2035	1037	1149	cmsRun -j /home/grid/cms667/home_cream_500426089/CREAM500426089/crab_fjr_19.xml -p pset.py      
 Sep 03 10:37:57 CEST	---	1920692	2379484	2165	----	----	----
 Sep 03 10:38:58 CEST	30467	1924124	2386396	2165	1096	1209	cmsRun -j /home/grid/cms667/home_cream_500426089/CREAM500426089/crab_fjr_19.xml -p pset.py      
 Sep 03 10:38:58 CEST	---	1924124	2386396	2295	----	----	----
 Sep 03 10:39:58 CEST	30467	1950692	2414044	2295	1154	1269	cmsRun -j /home/grid/cms667/home_cream_500426089/CREAM500426089/crab_fjr_19.xml -p pset.py      
 Sep 03 10:39:58 CEST	---	1950692	2414044	2419	----	----	----
 Sep 03 10:40:59 CEST	30467	1953088	2414300	2419	1213	1330	cmsRun -j /home/grid/cms667/home_cream_500426089/CREAM500426089/crab_fjr_19.xml -p pset.py      
 Sep 03 10:40:59 CEST	---	1953088	2414300	2549	----	----	----
 Sep 03 10:41:59 CEST	---	1953088	2414300	2679	----	----	----
 Sep 03 10:42:59 CEST	---	1953088	2414300	2807	----	----	----
 Sep 03 10:44:00 CEST	---	1953088	2414300	2925	----	----	----
 Sep 03 10:45:00 CEST	---	1953088	2414300	3052	----	----	----
 Sep 03 10:46:00 CEST	---	1953088	2414300	3185	----	----	----
 Sep 03 10:47:01 CEST	30467	2012360	2448868	3185	1561	1692	cmsRun -j /home/grid/cms667/home_cream_500426089/CREAM500426089/crab_fjr_19.xml -p pset.py      
 Sep 03 10:47:01 CEST	---	2012360	2448868	3314	----	----	----
 Sep 03 10:48:01 CEST	30467	2024128	2460388	3314	1620	1752	cmsRun -j /home/grid/cms667/home_cream_500426089/CREAM500426089/crab_fjr_19.xml -p pset.py      
 Sep 03 10:48:01 CEST	---	2024128	2460388	3448	----	----	----
 Sep 03 10:49:01 CEST	30467	2030084	2475492	3448	1677	1813	cmsRun -j /home/grid/cms667/home_cream_500426089/CREAM500426089/crab_fjr_19.xml -p pset.py      
 Sep 03 10:49:01 CEST	---	2030084	2475492	3578	----	----	----
 Sep 03 10:50:02 CEST	30467	2038700	2484964	3578	1735	1873	cmsRun -j /home/grid/cms667/home_cream_500426089/CREAM500426089/crab_fjr_19.xml -p pset.py      
 Sep 03 10:50:02 CEST	---	2038700	2484964	3702	----	----	----
 Sep 03 10:51:02 CEST	---	2038700	2484964	3823	----	----	----
 Sep 03 10:52:03 CEST	---	2038700	2484964	3948	----	----	----
 Sep 03 10:53:03 CEST	---	2038700	2484964	4073	----	----	----
# TIME			PID	RSS(KB)	VSZ(KB)	Dsk(MB)	tCPU(s)	tWALL(s)	COMMAND
 Sep 03 10:54:04 CEST	---	2038700	2484964	4192	----	----	----
********** WATCHDOG LOG ENDED
ZIPPING WATCHDOG LOG
Disk space used:
du -sh /home/grid/cms667/home_cream_500426089/CREAM500426089
4.1G	/home/grid/cms667/home_cream_500426089/CREAM500426089
Found unusual stderr, rename for OSB
